[2026-01-29T19:37:14.674+0530] {local_task_job_runner.py:123} INFO - ::group::Pre task execution logs
[2026-01-29T19:37:14.693+0530] {taskinstance.py:2631} INFO - Dependencies all met for dep_context=non-requeueable deps ti=<TaskInstance: weather_system_pipeline_final_new.upload_daily_csv_to_hdfs scheduled__2026-01-07T00:00:00+00:00 [queued]>
[2026-01-29T19:37:14.700+0530] {taskinstance.py:2631} INFO - Dependencies all met for dep_context=requeueable deps ti=<TaskInstance: weather_system_pipeline_final_new.upload_daily_csv_to_hdfs scheduled__2026-01-07T00:00:00+00:00 [queued]>
[2026-01-29T19:37:14.701+0530] {taskinstance.py:2884} INFO - Starting attempt 1 of 4
[2026-01-29T19:37:14.713+0530] {taskinstance.py:2907} INFO - Executing <Task(BashOperator): upload_daily_csv_to_hdfs> on 2026-01-07 00:00:00+00:00
[2026-01-29T19:37:14.718+0530] {standard_task_runner.py:72} INFO - Started process 89377 to run task
[2026-01-29T19:37:14.723+0530] {standard_task_runner.py:104} INFO - Running: ['airflow', 'tasks', 'run', 'weather_system_pipeline_final_new', 'upload_daily_csv_to_hdfs', 'scheduled__2026-01-07T00:00:00+00:00', '--job-id', '332', '--raw', '--subdir', 'DAGS_FOLDER/dag_flag.py', '--cfg-path', '/tmp/tmpqf6gm0eu']
[2026-01-29T19:37:14.725+0530] {standard_task_runner.py:105} INFO - Job 332: Subtask upload_daily_csv_to_hdfs
[2026-01-29T19:37:14.759+0530] {task_command.py:467} INFO - Running <TaskInstance: weather_system_pipeline_final_new.upload_daily_csv_to_hdfs scheduled__2026-01-07T00:00:00+00:00 [running]> on host Aishwarya92848DBDA
[2026-01-29T19:37:14.825+0530] {taskinstance.py:3157} INFO - Exporting env vars: AIRFLOW_CTX_DAG_OWNER='Aishwarya' AIRFLOW_CTX_DAG_ID='weather_system_pipeline_final_new' AIRFLOW_CTX_TASK_ID='upload_daily_csv_to_hdfs' AIRFLOW_CTX_EXECUTION_DATE='2026-01-07T00:00:00+00:00' AIRFLOW_CTX_TRY_NUMBER='1' AIRFLOW_CTX_DAG_RUN_ID='scheduled__2026-01-07T00:00:00+00:00'
[2026-01-29T19:37:14.826+0530] {taskinstance.py:740} INFO - ::endgroup::
[2026-01-29T19:37:14.838+0530] {subprocess.py:78} INFO - Tmp dir root location: /tmp
[2026-01-29T19:37:14.839+0530] {subprocess.py:88} INFO - Running command: ['/usr/bin/bash', '-c', '\n        hadoop fs -appendToFile         /home/hp/Desktop/Bigdata_project/BigData-Project/weather_today.csv         /weather/data/raw_data/weather_dataset.csv\n         ']
[2026-01-29T19:37:14.849+0530] {subprocess.py:99} INFO - Output:
[2026-01-29T19:37:16.890+0530] {subprocess.py:110} INFO - Command exited with return code 0
[2026-01-29T19:37:16.919+0530] {taskinstance.py:349} INFO - ::group::Post task execution logs
[2026-01-29T19:37:16.920+0530] {taskinstance.py:361} INFO - Marking task as SUCCESS. dag_id=weather_system_pipeline_final_new, task_id=upload_daily_csv_to_hdfs, run_id=scheduled__2026-01-07T00:00:00+00:00, execution_date=20260107T000000, start_date=20260129T140714, end_date=20260129T140716
[2026-01-29T19:37:16.982+0530] {local_task_job_runner.py:266} INFO - Task exited with return code 0
[2026-01-29T19:37:17.005+0530] {taskinstance.py:3924} INFO - 1 downstream tasks scheduled from follow-on schedule check
[2026-01-29T19:37:17.008+0530] {local_task_job_runner.py:245} INFO - ::endgroup::
