[2026-01-29T16:45:11.433+0530] {local_task_job_runner.py:123} INFO - ::group::Pre task execution logs
[2026-01-29T16:45:11.446+0530] {taskinstance.py:2631} INFO - Dependencies all met for dep_context=non-requeueable deps ti=<TaskInstance: weather_system_pipeline_v4.analyze_weather_data scheduled__2026-01-27T00:00:00+00:00 [queued]>
[2026-01-29T16:45:11.452+0530] {taskinstance.py:2631} INFO - Dependencies all met for dep_context=requeueable deps ti=<TaskInstance: weather_system_pipeline_v4.analyze_weather_data scheduled__2026-01-27T00:00:00+00:00 [queued]>
[2026-01-29T16:45:11.452+0530] {taskinstance.py:2884} INFO - Starting attempt 3 of 4
[2026-01-29T16:45:11.461+0530] {taskinstance.py:2907} INFO - Executing <Task(BashOperator): analyze_weather_data> on 2026-01-27 00:00:00+00:00
[2026-01-29T16:45:11.465+0530] {standard_task_runner.py:72} INFO - Started process 48642 to run task
[2026-01-29T16:45:11.468+0530] {standard_task_runner.py:104} INFO - Running: ['airflow', 'tasks', 'run', 'weather_system_pipeline_v4', 'analyze_weather_data', 'scheduled__2026-01-27T00:00:00+00:00', '--job-id', '279', '--raw', '--subdir', 'DAGS_FOLDER/dag_2.py', '--cfg-path', '/tmp/tmpp_9o2k5s']
[2026-01-29T16:45:11.469+0530] {standard_task_runner.py:105} INFO - Job 279: Subtask analyze_weather_data
[2026-01-29T16:45:11.499+0530] {task_command.py:467} INFO - Running <TaskInstance: weather_system_pipeline_v4.analyze_weather_data scheduled__2026-01-27T00:00:00+00:00 [running]> on host Aishwarya92848DBDA
[2026-01-29T16:45:11.548+0530] {taskinstance.py:3157} INFO - Exporting env vars: AIRFLOW_CTX_DAG_OWNER='Aishwarya' AIRFLOW_CTX_DAG_ID='weather_system_pipeline_v4' AIRFLOW_CTX_TASK_ID='analyze_weather_data' AIRFLOW_CTX_EXECUTION_DATE='2026-01-27T00:00:00+00:00' AIRFLOW_CTX_TRY_NUMBER='3' AIRFLOW_CTX_DAG_RUN_ID='scheduled__2026-01-27T00:00:00+00:00'
[2026-01-29T16:45:11.549+0530] {taskinstance.py:740} INFO - ::endgroup::
[2026-01-29T16:45:11.559+0530] {subprocess.py:78} INFO - Tmp dir root location: /tmp
[2026-01-29T16:45:11.559+0530] {subprocess.py:88} INFO - Running command: ['/usr/bin/bash', '-c', 'export SPARK_HOME=/home/hp/.local/lib/python3.10/site-packages/pyspark\n     export PATH=$SPARK_HOME/bin:$PATH\n     export PYSPARK_PYTHON=/home/hp/Desktop/Bigdata_project/BigData-Project/airflow-venv/bin/python\n\n     spark-submit --master local[2]      /home/hp/Desktop/Bigdata_project/BigData-Project/processing.py\n        ']
[2026-01-29T16:45:11.567+0530] {subprocess.py:99} INFO - Output:
[2026-01-29T16:45:13.829+0530] {subprocess.py:106} INFO - 26/01/29 16:45:13 INFO SparkContext: Running Spark version 3.5.1
[2026-01-29T16:45:13.831+0530] {subprocess.py:106} INFO - 26/01/29 16:45:13 INFO SparkContext: OS info Linux, 6.8.0-90-generic, amd64
[2026-01-29T16:45:13.832+0530] {subprocess.py:106} INFO - 26/01/29 16:45:13 INFO SparkContext: Java version 1.8.0_472
[2026-01-29T16:45:13.880+0530] {subprocess.py:106} INFO - 26/01/29 16:45:13 WARN NativeCodeLoader: Unable to load native-hadoop library for your platform... using builtin-java classes where applicable
[2026-01-29T16:45:13.946+0530] {subprocess.py:106} INFO - 26/01/29 16:45:13 INFO ResourceUtils: ==============================================================
[2026-01-29T16:45:13.946+0530] {subprocess.py:106} INFO - 26/01/29 16:45:13 INFO ResourceUtils: No custom resources configured for spark.driver.
[2026-01-29T16:45:13.947+0530] {subprocess.py:106} INFO - 26/01/29 16:45:13 INFO ResourceUtils: ==============================================================
[2026-01-29T16:45:13.947+0530] {subprocess.py:106} INFO - 26/01/29 16:45:13 INFO SparkContext: Submitted application: WeatherSystem
[2026-01-29T16:45:13.968+0530] {subprocess.py:106} INFO - 26/01/29 16:45:13 INFO ResourceProfile: Default ResourceProfile created, executor resources: Map(cores -> name: cores, amount: 1, script: , vendor: , memory -> name: memory, amount: 1024, script: , vendor: , offHeap -> name: offHeap, amount: 0, script: , vendor: ), task resources: Map(cpus -> name: cpus, amount: 1.0)
[2026-01-29T16:45:13.979+0530] {subprocess.py:106} INFO - 26/01/29 16:45:13 INFO ResourceProfile: Limiting resource is cpu
[2026-01-29T16:45:13.979+0530] {subprocess.py:106} INFO - 26/01/29 16:45:13 INFO ResourceProfileManager: Added ResourceProfile id: 0
[2026-01-29T16:45:14.028+0530] {subprocess.py:106} INFO - 26/01/29 16:45:14 INFO SecurityManager: Changing view acls to: hp
[2026-01-29T16:45:14.029+0530] {subprocess.py:106} INFO - 26/01/29 16:45:14 INFO SecurityManager: Changing modify acls to: hp
[2026-01-29T16:45:14.030+0530] {subprocess.py:106} INFO - 26/01/29 16:45:14 INFO SecurityManager: Changing view acls groups to:
[2026-01-29T16:45:14.030+0530] {subprocess.py:106} INFO - 26/01/29 16:45:14 INFO SecurityManager: Changing modify acls groups to:
[2026-01-29T16:45:14.031+0530] {subprocess.py:106} INFO - 26/01/29 16:45:14 INFO SecurityManager: SecurityManager: authentication disabled; ui acls disabled; users with view permissions: hp; groups with view permissions: EMPTY; users with modify permissions: hp; groups with modify permissions: EMPTY
[2026-01-29T16:45:14.235+0530] {subprocess.py:106} INFO - 26/01/29 16:45:14 INFO Utils: Successfully started service 'sparkDriver' on port 43733.
[2026-01-29T16:45:14.261+0530] {subprocess.py:106} INFO - 26/01/29 16:45:14 INFO SparkEnv: Registering MapOutputTracker
[2026-01-29T16:45:14.290+0530] {subprocess.py:106} INFO - 26/01/29 16:45:14 INFO SparkEnv: Registering BlockManagerMaster
[2026-01-29T16:45:14.303+0530] {subprocess.py:106} INFO - 26/01/29 16:45:14 INFO BlockManagerMasterEndpoint: Using org.apache.spark.storage.DefaultTopologyMapper for getting topology information
[2026-01-29T16:45:14.303+0530] {subprocess.py:106} INFO - 26/01/29 16:45:14 INFO BlockManagerMasterEndpoint: BlockManagerMasterEndpoint up
[2026-01-29T16:45:14.306+0530] {subprocess.py:106} INFO - 26/01/29 16:45:14 INFO SparkEnv: Registering BlockManagerMasterHeartbeat
[2026-01-29T16:45:14.351+0530] {subprocess.py:106} INFO - 26/01/29 16:45:14 INFO DiskBlockManager: Created local directory at /tmp/blockmgr-54d2e8bc-42d5-417e-a9b5-f200036a80ae
[2026-01-29T16:45:14.363+0530] {subprocess.py:106} INFO - 26/01/29 16:45:14 INFO MemoryStore: MemoryStore started with capacity 366.3 MiB
[2026-01-29T16:45:14.377+0530] {subprocess.py:106} INFO - 26/01/29 16:45:14 INFO SparkEnv: Registering OutputCommitCoordinator
[2026-01-29T16:45:14.496+0530] {subprocess.py:106} INFO - 26/01/29 16:45:14 INFO JettyUtils: Start Jetty 0.0.0.0:4040 for SparkUI
[2026-01-29T16:45:14.550+0530] {subprocess.py:106} INFO - 26/01/29 16:45:14 INFO Utils: Successfully started service 'SparkUI' on port 4040.
[2026-01-29T16:45:14.631+0530] {subprocess.py:106} INFO - 26/01/29 16:45:14 INFO Executor: Starting executor ID driver on host Aishwarya92848DBDA
[2026-01-29T16:45:14.632+0530] {subprocess.py:106} INFO - 26/01/29 16:45:14 INFO Executor: OS info Linux, 6.8.0-90-generic, amd64
[2026-01-29T16:45:14.632+0530] {subprocess.py:106} INFO - 26/01/29 16:45:14 INFO Executor: Java version 1.8.0_472
[2026-01-29T16:45:14.638+0530] {subprocess.py:106} INFO - 26/01/29 16:45:14 INFO Executor: Starting executor with user classpath (userClassPathFirst = false): ''
[2026-01-29T16:45:14.639+0530] {subprocess.py:106} INFO - 26/01/29 16:45:14 INFO Executor: Created or updated repl class loader org.apache.spark.util.MutableURLClassLoader@14f30c3f for default.
[2026-01-29T16:45:14.659+0530] {subprocess.py:106} INFO - 26/01/29 16:45:14 INFO Utils: Successfully started service 'org.apache.spark.network.netty.NettyBlockTransferService' on port 35247.
[2026-01-29T16:45:14.660+0530] {subprocess.py:106} INFO - 26/01/29 16:45:14 INFO NettyBlockTransferService: Server created on Aishwarya92848DBDA:35247
[2026-01-29T16:45:14.661+0530] {subprocess.py:106} INFO - 26/01/29 16:45:14 INFO BlockManager: Using org.apache.spark.storage.RandomBlockReplicationPolicy for block replication policy
[2026-01-29T16:45:14.666+0530] {subprocess.py:106} INFO - 26/01/29 16:45:14 INFO BlockManagerMaster: Registering BlockManager BlockManagerId(driver, Aishwarya92848DBDA, 35247, None)
[2026-01-29T16:45:14.669+0530] {subprocess.py:106} INFO - 26/01/29 16:45:14 INFO BlockManagerMasterEndpoint: Registering block manager Aishwarya92848DBDA:35247 with 366.3 MiB RAM, BlockManagerId(driver, Aishwarya92848DBDA, 35247, None)
[2026-01-29T16:45:14.671+0530] {subprocess.py:106} INFO - 26/01/29 16:45:14 INFO BlockManagerMaster: Registered BlockManager BlockManagerId(driver, Aishwarya92848DBDA, 35247, None)
[2026-01-29T16:45:14.672+0530] {subprocess.py:106} INFO - 26/01/29 16:45:14 INFO BlockManager: Initialized BlockManager: BlockManagerId(driver, Aishwarya92848DBDA, 35247, None)
[2026-01-29T16:45:15.074+0530] {subprocess.py:106} INFO - 26/01/29 16:45:15 INFO SharedState: Setting hive.metastore.warehouse.dir ('null') to the value of spark.sql.warehouse.dir.
[2026-01-29T16:45:15.080+0530] {subprocess.py:106} INFO - 26/01/29 16:45:15 INFO SharedState: Warehouse path is 'file:/tmp/airflowtmpmcs2z29k/spark-warehouse'.
[2026-01-29T16:45:16.223+0530] {subprocess.py:106} INFO - 26/01/29 16:45:16 INFO InMemoryFileIndex: It took 66 ms to list leaf files for 1 paths.
[2026-01-29T16:45:16.682+0530] {subprocess.py:106} INFO - 26/01/29 16:45:16 INFO SparkContext: Starting job: parquet at NativeMethodAccessorImpl.java:0
[2026-01-29T16:45:16.710+0530] {subprocess.py:106} INFO - 26/01/29 16:45:16 INFO DAGScheduler: Got job 0 (parquet at NativeMethodAccessorImpl.java:0) with 1 output partitions
[2026-01-29T16:45:16.711+0530] {subprocess.py:106} INFO - 26/01/29 16:45:16 INFO DAGScheduler: Final stage: ResultStage 0 (parquet at NativeMethodAccessorImpl.java:0)
[2026-01-29T16:45:16.712+0530] {subprocess.py:106} INFO - 26/01/29 16:45:16 INFO DAGScheduler: Parents of final stage: List()
[2026-01-29T16:45:16.715+0530] {subprocess.py:106} INFO - 26/01/29 16:45:16 INFO DAGScheduler: Missing parents: List()
[2026-01-29T16:45:16.724+0530] {subprocess.py:106} INFO - 26/01/29 16:45:16 INFO DAGScheduler: Submitting ResultStage 0 (MapPartitionsRDD[1] at parquet at NativeMethodAccessorImpl.java:0), which has no missing parents
[2026-01-29T16:45:16.806+0530] {subprocess.py:106} INFO - 26/01/29 16:45:16 INFO MemoryStore: Block broadcast_0 stored as values in memory (estimated size 103.2 KiB, free 366.2 MiB)
[2026-01-29T16:45:16.834+0530] {subprocess.py:106} INFO - 26/01/29 16:45:16 INFO MemoryStore: Block broadcast_0_piece0 stored as bytes in memory (estimated size 37.2 KiB, free 366.2 MiB)
[2026-01-29T16:45:16.836+0530] {subprocess.py:106} INFO - 26/01/29 16:45:16 INFO BlockManagerInfo: Added broadcast_0_piece0 in memory on Aishwarya92848DBDA:35247 (size: 37.2 KiB, free: 366.3 MiB)
[2026-01-29T16:45:16.840+0530] {subprocess.py:106} INFO - 26/01/29 16:45:16 INFO SparkContext: Created broadcast 0 from broadcast at DAGScheduler.scala:1585
[2026-01-29T16:45:16.857+0530] {subprocess.py:106} INFO - 26/01/29 16:45:16 INFO DAGScheduler: Submitting 1 missing tasks from ResultStage 0 (MapPartitionsRDD[1] at parquet at NativeMethodAccessorImpl.java:0) (first 15 tasks are for partitions Vector(0))
[2026-01-29T16:45:16.858+0530] {subprocess.py:106} INFO - 26/01/29 16:45:16 INFO TaskSchedulerImpl: Adding task set 0.0 with 1 tasks resource profile 0
[2026-01-29T16:45:16.919+0530] {subprocess.py:106} INFO - 26/01/29 16:45:16 INFO TaskSetManager: Starting task 0.0 in stage 0.0 (TID 0) (Aishwarya92848DBDA, executor driver, partition 0, PROCESS_LOCAL, 7848 bytes)
[2026-01-29T16:45:16.933+0530] {subprocess.py:106} INFO - 26/01/29 16:45:16 INFO Executor: Running task 0.0 in stage 0.0 (TID 0)
[2026-01-29T16:45:17.476+0530] {subprocess.py:106} INFO - 26/01/29 16:45:17 INFO Executor: Finished task 0.0 in stage 0.0 (TID 0). 5557 bytes result sent to driver
[2026-01-29T16:45:17.491+0530] {subprocess.py:106} INFO - 26/01/29 16:45:17 INFO TaskSetManager: Finished task 0.0 in stage 0.0 (TID 0) in 594 ms on Aishwarya92848DBDA (executor driver) (1/1)
[2026-01-29T16:45:17.493+0530] {subprocess.py:106} INFO - 26/01/29 16:45:17 INFO TaskSchedulerImpl: Removed TaskSet 0.0, whose tasks have all completed, from pool
[2026-01-29T16:45:17.498+0530] {subprocess.py:106} INFO - 26/01/29 16:45:17 INFO DAGScheduler: ResultStage 0 (parquet at NativeMethodAccessorImpl.java:0) finished in 0.755 s
[2026-01-29T16:45:17.501+0530] {subprocess.py:106} INFO - 26/01/29 16:45:17 INFO DAGScheduler: Job 0 is finished. Cancelling potential speculative or zombie tasks for this job
[2026-01-29T16:45:17.502+0530] {subprocess.py:106} INFO - 26/01/29 16:45:17 INFO TaskSchedulerImpl: Killing all running tasks in stage 0: Stage finished
[2026-01-29T16:45:17.504+0530] {subprocess.py:106} INFO - 26/01/29 16:45:17 INFO DAGScheduler: Job 0 finished: parquet at NativeMethodAccessorImpl.java:0, took 0.821150 s
[2026-01-29T16:45:17.828+0530] {subprocess.py:106} INFO - 26/01/29 16:45:17 INFO BlockManagerInfo: Removed broadcast_0_piece0 on Aishwarya92848DBDA:35247 in memory (size: 37.2 KiB, free: 366.3 MiB)
[2026-01-29T16:45:18.093+0530] {local_task_job_runner.py:245} INFO - ::endgroup::
[2026-01-29T16:45:18.104+0530] {process_utils.py:132} INFO - Sending 15 to group 48642. PIDs of all processes in the group: [48645, 48646, 48702, 48642]
[2026-01-29T16:45:18.105+0530] {process_utils.py:87} INFO - Sending the signal 15 to group 48642
[2026-01-29T16:45:18.105+0530] {taskinstance.py:3117} ERROR - Received SIGTERM. Terminating subprocesses.
[2026-01-29T16:45:18.107+0530] {taskinstance.py:3118} ERROR - Stacktrace: 
  File "/home/hp/Desktop/Bigdata_project/BigData-Project/airflow-venv/bin/airflow", line 8, in <module>
    sys.exit(main())
  File "/home/hp/Desktop/Bigdata_project/BigData-Project/airflow-venv/lib/python3.10/site-packages/airflow/__main__.py", line 62, in main
    args.func(args)
  File "/home/hp/Desktop/Bigdata_project/BigData-Project/airflow-venv/lib/python3.10/site-packages/airflow/cli/cli_config.py", line 49, in command
    return func(*args, **kwargs)
  File "/home/hp/Desktop/Bigdata_project/BigData-Project/airflow-venv/lib/python3.10/site-packages/airflow/utils/cli.py", line 116, in wrapper
    return f(*args, **kwargs)
  File "/home/hp/Desktop/Bigdata_project/BigData-Project/airflow-venv/lib/python3.10/site-packages/airflow/cli/commands/task_command.py", line 483, in task_run
    task_return_code = _run_task_by_selected_method(args, _dag, ti)
  File "/home/hp/Desktop/Bigdata_project/BigData-Project/airflow-venv/lib/python3.10/site-packages/airflow/cli/commands/task_command.py", line 254, in _run_task_by_selected_method
    return _run_task_by_local_task_job(args, ti)
  File "/home/hp/Desktop/Bigdata_project/BigData-Project/airflow-venv/lib/python3.10/site-packages/airflow/cli/commands/task_command.py", line 322, in _run_task_by_local_task_job
    ret = run_job(job=job_runner.job, execute_callable=job_runner._execute)
  File "/home/hp/Desktop/Bigdata_project/BigData-Project/airflow-venv/lib/python3.10/site-packages/airflow/utils/session.py", line 97, in wrapper
    return func(*args, session=session, **kwargs)
  File "/home/hp/Desktop/Bigdata_project/BigData-Project/airflow-venv/lib/python3.10/site-packages/airflow/jobs/job.py", line 421, in run_job
    return execute_job(job, execute_callable=execute_callable)
  File "/home/hp/Desktop/Bigdata_project/BigData-Project/airflow-venv/lib/python3.10/site-packages/airflow/jobs/job.py", line 450, in execute_job
    ret = execute_callable()
  File "/home/hp/Desktop/Bigdata_project/BigData-Project/airflow-venv/lib/python3.10/site-packages/airflow/jobs/local_task_job_runner.py", line 171, in _execute
    self.task_runner.start()
  File "/home/hp/Desktop/Bigdata_project/BigData-Project/airflow-venv/lib/python3.10/site-packages/airflow/task/task_runner/standard_task_runner.py", line 55, in start
    self.process = self._start_by_fork()
  File "/home/hp/Desktop/Bigdata_project/BigData-Project/airflow-venv/lib/python3.10/site-packages/airflow/task/task_runner/standard_task_runner.py", line 117, in _start_by_fork
    ret = args.func(args, dag=self.dag)
  File "/home/hp/Desktop/Bigdata_project/BigData-Project/airflow-venv/lib/python3.10/site-packages/airflow/cli/cli_config.py", line 49, in command
    return func(*args, **kwargs)
  File "/home/hp/Desktop/Bigdata_project/BigData-Project/airflow-venv/lib/python3.10/site-packages/airflow/utils/cli.py", line 116, in wrapper
    return f(*args, **kwargs)
  File "/home/hp/Desktop/Bigdata_project/BigData-Project/airflow-venv/lib/python3.10/site-packages/airflow/cli/commands/task_command.py", line 483, in task_run
    task_return_code = _run_task_by_selected_method(args, _dag, ti)
  File "/home/hp/Desktop/Bigdata_project/BigData-Project/airflow-venv/lib/python3.10/site-packages/airflow/cli/commands/task_command.py", line 256, in _run_task_by_selected_method
    return _run_raw_task(args, ti)
  File "/home/hp/Desktop/Bigdata_project/BigData-Project/airflow-venv/lib/python3.10/site-packages/airflow/cli/commands/task_command.py", line 341, in _run_raw_task
    return ti._run_raw_task(
  File "/home/hp/Desktop/Bigdata_project/BigData-Project/airflow-venv/lib/python3.10/site-packages/airflow/utils/session.py", line 97, in wrapper
    return func(*args, session=session, **kwargs)
  File "/home/hp/Desktop/Bigdata_project/BigData-Project/airflow-venv/lib/python3.10/site-packages/airflow/models/taskinstance.py", line 3029, in _run_raw_task
    return _run_raw_task(
  File "/home/hp/Desktop/Bigdata_project/BigData-Project/airflow-venv/lib/python3.10/site-packages/airflow/models/taskinstance.py", line 282, in _run_raw_task
    TaskInstance._execute_task_with_callbacks(
  File "/home/hp/Desktop/Bigdata_project/BigData-Project/airflow-venv/lib/python3.10/site-packages/airflow/models/taskinstance.py", line 3184, in _execute_task_with_callbacks
    result = self._execute_task(context, task_orig)
  File "/home/hp/Desktop/Bigdata_project/BigData-Project/airflow-venv/lib/python3.10/site-packages/airflow/models/taskinstance.py", line 3208, in _execute_task
    return _execute_task(self, context, task_orig)
  File "/home/hp/Desktop/Bigdata_project/BigData-Project/airflow-venv/lib/python3.10/site-packages/airflow/models/taskinstance.py", line 776, in _execute_task
    result = _execute_callable(context=context, **execute_callable_kwargs)
  File "/home/hp/Desktop/Bigdata_project/BigData-Project/airflow-venv/lib/python3.10/site-packages/airflow/models/taskinstance.py", line 742, in _execute_callable
    return ExecutionCallableRunner(
  File "/home/hp/Desktop/Bigdata_project/BigData-Project/airflow-venv/lib/python3.10/site-packages/airflow/utils/operator_helpers.py", line 252, in run
    return self.func(*args, **kwargs)
  File "/home/hp/Desktop/Bigdata_project/BigData-Project/airflow-venv/lib/python3.10/site-packages/airflow/models/baseoperator.py", line 424, in wrapper
    return func(self, *args, **kwargs)
  File "/home/hp/Desktop/Bigdata_project/BigData-Project/airflow-venv/lib/python3.10/site-packages/airflow/operators/bash.py", line 257, in execute
    result = self._run_inline_command(bash_path=bash_path, env=env)
  File "/home/hp/Desktop/Bigdata_project/BigData-Project/airflow-venv/lib/python3.10/site-packages/airflow/operators/bash.py", line 284, in _run_inline_command
    return self.subprocess_hook.run_command(
  File "/home/hp/Desktop/Bigdata_project/BigData-Project/airflow-venv/lib/python3.10/site-packages/airflow/hooks/subprocess.py", line 104, in run_command
    for raw_line in iter(self.sub_process.stdout.readline, b""):
  File "/home/hp/Desktop/Bigdata_project/BigData-Project/airflow-venv/lib/python3.10/site-packages/airflow/models/taskinstance.py", line 3118, in signal_handler
    self.log.error("Stacktrace: \n%s", "".join(traceback.format_stack()))

[2026-01-29T16:45:18.108+0530] {subprocess.py:117} INFO - Sending SIGTERM signal to process group
[2026-01-29T16:45:18.116+0530] {taskinstance.py:3336} ERROR - Task failed with exception
Traceback (most recent call last):
  File "/home/hp/Desktop/Bigdata_project/BigData-Project/airflow-venv/lib/python3.10/site-packages/airflow/models/taskinstance.py", line 776, in _execute_task
    result = _execute_callable(context=context, **execute_callable_kwargs)
  File "/home/hp/Desktop/Bigdata_project/BigData-Project/airflow-venv/lib/python3.10/site-packages/airflow/models/taskinstance.py", line 742, in _execute_callable
    return ExecutionCallableRunner(
  File "/home/hp/Desktop/Bigdata_project/BigData-Project/airflow-venv/lib/python3.10/site-packages/airflow/utils/operator_helpers.py", line 252, in run
    return self.func(*args, **kwargs)
  File "/home/hp/Desktop/Bigdata_project/BigData-Project/airflow-venv/lib/python3.10/site-packages/airflow/models/baseoperator.py", line 424, in wrapper
    return func(self, *args, **kwargs)
  File "/home/hp/Desktop/Bigdata_project/BigData-Project/airflow-venv/lib/python3.10/site-packages/airflow/operators/bash.py", line 257, in execute
    result = self._run_inline_command(bash_path=bash_path, env=env)
  File "/home/hp/Desktop/Bigdata_project/BigData-Project/airflow-venv/lib/python3.10/site-packages/airflow/operators/bash.py", line 284, in _run_inline_command
    return self.subprocess_hook.run_command(
  File "/home/hp/Desktop/Bigdata_project/BigData-Project/airflow-venv/lib/python3.10/site-packages/airflow/hooks/subprocess.py", line 104, in run_command
    for raw_line in iter(self.sub_process.stdout.readline, b""):
  File "/home/hp/Desktop/Bigdata_project/BigData-Project/airflow-venv/lib/python3.10/site-packages/airflow/models/taskinstance.py", line 3120, in signal_handler
    raise AirflowTaskTerminated("Task received SIGTERM signal")
airflow.exceptions.AirflowTaskTerminated: Task received SIGTERM signal
[2026-01-29T16:45:18.122+0530] {taskinstance.py:1242} INFO - Marking task as UP_FOR_RETRY. dag_id=weather_system_pipeline_v4, task_id=analyze_weather_data, run_id=scheduled__2026-01-27T00:00:00+00:00, execution_date=20260127T000000, start_date=20260129T111511, end_date=20260129T111518
[2026-01-29T16:45:18.151+0530] {taskinstance.py:349} INFO - ::group::Post task execution logs
[2026-01-29T16:45:18.197+0530] {process_utils.py:80} INFO - Process psutil.Process(pid=48642, status='terminated', exitcode=2, started='16:45:11') (48642) terminated with exit code 2
[2026-01-29T16:45:18.198+0530] {process_utils.py:80} INFO - Process psutil.Process(pid=48645, status='terminated', started='16:45:11') (48645) terminated with exit code None
[2026-01-29T16:45:18.198+0530] {process_utils.py:80} INFO - Process psutil.Process(pid=48702, status='terminated', started='16:45:12') (48702) terminated with exit code None
[2026-01-29T16:45:18.251+0530] {process_utils.py:80} INFO - Process psutil.Process(pid=48646, status='terminated', started='16:45:11') (48646) terminated with exit code None
