[2026-01-29T19:42:23.809+0530] {local_task_job_runner.py:123} INFO - ::group::Pre task execution logs
[2026-01-29T19:42:23.822+0530] {taskinstance.py:2631} INFO - Dependencies all met for dep_context=non-requeueable deps ti=<TaskInstance: weather_system_pipeline_final_new.analyze_weather_data scheduled__2026-01-08T00:00:00+00:00 [queued]>
[2026-01-29T19:42:23.827+0530] {taskinstance.py:2631} INFO - Dependencies all met for dep_context=requeueable deps ti=<TaskInstance: weather_system_pipeline_final_new.analyze_weather_data scheduled__2026-01-08T00:00:00+00:00 [queued]>
[2026-01-29T19:42:23.828+0530] {taskinstance.py:2884} INFO - Starting attempt 1 of 4
[2026-01-29T19:42:23.837+0530] {taskinstance.py:2907} INFO - Executing <Task(BashOperator): analyze_weather_data> on 2026-01-08 00:00:00+00:00
[2026-01-29T19:42:23.841+0530] {standard_task_runner.py:72} INFO - Started process 95829 to run task
[2026-01-29T19:42:23.845+0530] {standard_task_runner.py:104} INFO - Running: ['airflow', 'tasks', 'run', 'weather_system_pipeline_final_new', 'analyze_weather_data', 'scheduled__2026-01-08T00:00:00+00:00', '--job-id', '353', '--raw', '--subdir', 'DAGS_FOLDER/dag_flag.py', '--cfg-path', '/tmp/tmpat067qae']
[2026-01-29T19:42:23.847+0530] {standard_task_runner.py:105} INFO - Job 353: Subtask analyze_weather_data
[2026-01-29T19:42:23.874+0530] {task_command.py:467} INFO - Running <TaskInstance: weather_system_pipeline_final_new.analyze_weather_data scheduled__2026-01-08T00:00:00+00:00 [running]> on host Aishwarya92848DBDA
[2026-01-29T19:42:23.925+0530] {taskinstance.py:3157} INFO - Exporting env vars: AIRFLOW_CTX_DAG_OWNER='Aishwarya' AIRFLOW_CTX_DAG_ID='weather_system_pipeline_final_new' AIRFLOW_CTX_TASK_ID='analyze_weather_data' AIRFLOW_CTX_EXECUTION_DATE='2026-01-08T00:00:00+00:00' AIRFLOW_CTX_TRY_NUMBER='1' AIRFLOW_CTX_DAG_RUN_ID='scheduled__2026-01-08T00:00:00+00:00'
[2026-01-29T19:42:23.926+0530] {taskinstance.py:740} INFO - ::endgroup::
[2026-01-29T19:42:23.935+0530] {subprocess.py:78} INFO - Tmp dir root location: /tmp
[2026-01-29T19:42:23.935+0530] {subprocess.py:88} INFO - Running command: ['/usr/bin/bash', '-c', 'export SPARK_HOME=/home/hp/.local/lib/python3.10/site-packages/pyspark\n     export PATH=$SPARK_HOME/bin:$PATH\n     export PYSPARK_PYTHON=/home/hp/Desktop/Bigdata_project/BigData-Project/airflow-venv/bin/python\n\n     spark-submit --master local[2]      /home/hp/Desktop/Bigdata_project/BigData-Project/processing.py\n        ']
[2026-01-29T19:42:23.945+0530] {subprocess.py:99} INFO - Output:
[2026-01-29T19:42:26.561+0530] {subprocess.py:106} INFO - 26/01/29 19:42:26 INFO SparkContext: Running Spark version 3.5.1
[2026-01-29T19:42:26.563+0530] {subprocess.py:106} INFO - 26/01/29 19:42:26 INFO SparkContext: OS info Linux, 6.8.0-90-generic, amd64
[2026-01-29T19:42:26.564+0530] {subprocess.py:106} INFO - 26/01/29 19:42:26 INFO SparkContext: Java version 1.8.0_472
[2026-01-29T19:42:26.624+0530] {subprocess.py:106} INFO - 26/01/29 19:42:26 WARN NativeCodeLoader: Unable to load native-hadoop library for your platform... using builtin-java classes where applicable
[2026-01-29T19:42:26.701+0530] {subprocess.py:106} INFO - 26/01/29 19:42:26 INFO ResourceUtils: ==============================================================
[2026-01-29T19:42:26.701+0530] {subprocess.py:106} INFO - 26/01/29 19:42:26 INFO ResourceUtils: No custom resources configured for spark.driver.
[2026-01-29T19:42:26.702+0530] {subprocess.py:106} INFO - 26/01/29 19:42:26 INFO ResourceUtils: ==============================================================
[2026-01-29T19:42:26.702+0530] {subprocess.py:106} INFO - 26/01/29 19:42:26 INFO SparkContext: Submitted application: WeatherSystem
[2026-01-29T19:42:26.728+0530] {subprocess.py:106} INFO - 26/01/29 19:42:26 INFO ResourceProfile: Default ResourceProfile created, executor resources: Map(cores -> name: cores, amount: 1, script: , vendor: , memory -> name: memory, amount: 1024, script: , vendor: , offHeap -> name: offHeap, amount: 0, script: , vendor: ), task resources: Map(cpus -> name: cpus, amount: 1.0)
[2026-01-29T19:42:26.742+0530] {subprocess.py:106} INFO - 26/01/29 19:42:26 INFO ResourceProfile: Limiting resource is cpu
[2026-01-29T19:42:26.743+0530] {subprocess.py:106} INFO - 26/01/29 19:42:26 INFO ResourceProfileManager: Added ResourceProfile id: 0
[2026-01-29T19:42:26.805+0530] {subprocess.py:106} INFO - 26/01/29 19:42:26 INFO SecurityManager: Changing view acls to: hp
[2026-01-29T19:42:26.806+0530] {subprocess.py:106} INFO - 26/01/29 19:42:26 INFO SecurityManager: Changing modify acls to: hp
[2026-01-29T19:42:26.807+0530] {subprocess.py:106} INFO - 26/01/29 19:42:26 INFO SecurityManager: Changing view acls groups to:
[2026-01-29T19:42:26.807+0530] {subprocess.py:106} INFO - 26/01/29 19:42:26 INFO SecurityManager: Changing modify acls groups to:
[2026-01-29T19:42:26.808+0530] {subprocess.py:106} INFO - 26/01/29 19:42:26 INFO SecurityManager: SecurityManager: authentication disabled; ui acls disabled; users with view permissions: hp; groups with view permissions: EMPTY; users with modify permissions: hp; groups with modify permissions: EMPTY
[2026-01-29T19:42:27.075+0530] {subprocess.py:106} INFO - 26/01/29 19:42:27 INFO Utils: Successfully started service 'sparkDriver' on port 41857.
[2026-01-29T19:42:27.113+0530] {subprocess.py:106} INFO - 26/01/29 19:42:27 INFO SparkEnv: Registering MapOutputTracker
[2026-01-29T19:42:27.161+0530] {subprocess.py:106} INFO - 26/01/29 19:42:27 INFO SparkEnv: Registering BlockManagerMaster
[2026-01-29T19:42:27.181+0530] {subprocess.py:106} INFO - 26/01/29 19:42:27 INFO BlockManagerMasterEndpoint: Using org.apache.spark.storage.DefaultTopologyMapper for getting topology information
[2026-01-29T19:42:27.181+0530] {subprocess.py:106} INFO - 26/01/29 19:42:27 INFO BlockManagerMasterEndpoint: BlockManagerMasterEndpoint up
[2026-01-29T19:42:27.186+0530] {subprocess.py:106} INFO - 26/01/29 19:42:27 INFO SparkEnv: Registering BlockManagerMasterHeartbeat
[2026-01-29T19:42:27.253+0530] {subprocess.py:106} INFO - 26/01/29 19:42:27 INFO DiskBlockManager: Created local directory at /tmp/blockmgr-b3ed6560-4cff-4e9c-b8eb-8dc4a7dcf073
[2026-01-29T19:42:27.272+0530] {subprocess.py:106} INFO - 26/01/29 19:42:27 INFO MemoryStore: MemoryStore started with capacity 366.3 MiB
[2026-01-29T19:42:27.289+0530] {subprocess.py:106} INFO - 26/01/29 19:42:27 INFO SparkEnv: Registering OutputCommitCoordinator
[2026-01-29T19:42:27.462+0530] {subprocess.py:106} INFO - 26/01/29 19:42:27 INFO JettyUtils: Start Jetty 0.0.0.0:4040 for SparkUI
[2026-01-29T19:42:27.536+0530] {subprocess.py:106} INFO - 26/01/29 19:42:27 INFO Utils: Successfully started service 'SparkUI' on port 4040.
[2026-01-29T19:42:27.646+0530] {subprocess.py:106} INFO - 26/01/29 19:42:27 INFO Executor: Starting executor ID driver on host Aishwarya92848DBDA
[2026-01-29T19:42:27.646+0530] {subprocess.py:106} INFO - 26/01/29 19:42:27 INFO Executor: OS info Linux, 6.8.0-90-generic, amd64
[2026-01-29T19:42:27.647+0530] {subprocess.py:106} INFO - 26/01/29 19:42:27 INFO Executor: Java version 1.8.0_472
[2026-01-29T19:42:27.656+0530] {subprocess.py:106} INFO - 26/01/29 19:42:27 INFO Executor: Starting executor with user classpath (userClassPathFirst = false): ''
[2026-01-29T19:42:27.657+0530] {subprocess.py:106} INFO - 26/01/29 19:42:27 INFO Executor: Created or updated repl class loader org.apache.spark.util.MutableURLClassLoader@73018132 for default.
[2026-01-29T19:42:27.682+0530] {subprocess.py:106} INFO - 26/01/29 19:42:27 INFO Utils: Successfully started service 'org.apache.spark.network.netty.NettyBlockTransferService' on port 35977.
[2026-01-29T19:42:27.683+0530] {subprocess.py:106} INFO - 26/01/29 19:42:27 INFO NettyBlockTransferService: Server created on Aishwarya92848DBDA:35977
[2026-01-29T19:42:27.685+0530] {subprocess.py:106} INFO - 26/01/29 19:42:27 INFO BlockManager: Using org.apache.spark.storage.RandomBlockReplicationPolicy for block replication policy
[2026-01-29T19:42:27.691+0530] {subprocess.py:106} INFO - 26/01/29 19:42:27 INFO BlockManagerMaster: Registering BlockManager BlockManagerId(driver, Aishwarya92848DBDA, 35977, None)
[2026-01-29T19:42:27.696+0530] {subprocess.py:106} INFO - 26/01/29 19:42:27 INFO BlockManagerMasterEndpoint: Registering block manager Aishwarya92848DBDA:35977 with 366.3 MiB RAM, BlockManagerId(driver, Aishwarya92848DBDA, 35977, None)
[2026-01-29T19:42:27.698+0530] {subprocess.py:106} INFO - 26/01/29 19:42:27 INFO BlockManagerMaster: Registered BlockManager BlockManagerId(driver, Aishwarya92848DBDA, 35977, None)
[2026-01-29T19:42:27.700+0530] {subprocess.py:106} INFO - 26/01/29 19:42:27 INFO BlockManager: Initialized BlockManager: BlockManagerId(driver, Aishwarya92848DBDA, 35977, None)
[2026-01-29T19:42:28.247+0530] {subprocess.py:106} INFO - 26/01/29 19:42:28 INFO SharedState: Setting hive.metastore.warehouse.dir ('null') to the value of spark.sql.warehouse.dir.
[2026-01-29T19:42:28.257+0530] {subprocess.py:106} INFO - 26/01/29 19:42:28 INFO SharedState: Warehouse path is 'file:/tmp/airflowtmpyd8omg7s/spark-warehouse'.
[2026-01-29T19:42:29.619+0530] {subprocess.py:106} INFO - 26/01/29 19:42:29 INFO InMemoryFileIndex: It took 57 ms to list leaf files for 1 paths.
[2026-01-29T19:42:30.184+0530] {subprocess.py:106} INFO - 26/01/29 19:42:30 INFO SparkContext: Starting job: parquet at NativeMethodAccessorImpl.java:0
[2026-01-29T19:42:30.211+0530] {subprocess.py:106} INFO - 26/01/29 19:42:30 INFO DAGScheduler: Got job 0 (parquet at NativeMethodAccessorImpl.java:0) with 1 output partitions
[2026-01-29T19:42:30.213+0530] {subprocess.py:106} INFO - 26/01/29 19:42:30 INFO DAGScheduler: Final stage: ResultStage 0 (parquet at NativeMethodAccessorImpl.java:0)
[2026-01-29T19:42:30.214+0530] {subprocess.py:106} INFO - 26/01/29 19:42:30 INFO DAGScheduler: Parents of final stage: List()
[2026-01-29T19:42:30.216+0530] {subprocess.py:106} INFO - 26/01/29 19:42:30 INFO DAGScheduler: Missing parents: List()
[2026-01-29T19:42:30.222+0530] {subprocess.py:106} INFO - 26/01/29 19:42:30 INFO DAGScheduler: Submitting ResultStage 0 (MapPartitionsRDD[1] at parquet at NativeMethodAccessorImpl.java:0), which has no missing parents
[2026-01-29T19:42:30.327+0530] {subprocess.py:106} INFO - 26/01/29 19:42:30 INFO MemoryStore: Block broadcast_0 stored as values in memory (estimated size 103.2 KiB, free 366.2 MiB)
[2026-01-29T19:42:30.365+0530] {subprocess.py:106} INFO - 26/01/29 19:42:30 INFO MemoryStore: Block broadcast_0_piece0 stored as bytes in memory (estimated size 37.2 KiB, free 366.2 MiB)
[2026-01-29T19:42:30.368+0530] {subprocess.py:106} INFO - 26/01/29 19:42:30 INFO BlockManagerInfo: Added broadcast_0_piece0 in memory on Aishwarya92848DBDA:35977 (size: 37.2 KiB, free: 366.3 MiB)
[2026-01-29T19:42:30.375+0530] {subprocess.py:106} INFO - 26/01/29 19:42:30 INFO SparkContext: Created broadcast 0 from broadcast at DAGScheduler.scala:1585
[2026-01-29T19:42:30.395+0530] {subprocess.py:106} INFO - 26/01/29 19:42:30 INFO DAGScheduler: Submitting 1 missing tasks from ResultStage 0 (MapPartitionsRDD[1] at parquet at NativeMethodAccessorImpl.java:0) (first 15 tasks are for partitions Vector(0))
[2026-01-29T19:42:30.397+0530] {subprocess.py:106} INFO - 26/01/29 19:42:30 INFO TaskSchedulerImpl: Adding task set 0.0 with 1 tasks resource profile 0
[2026-01-29T19:42:30.509+0530] {subprocess.py:106} INFO - 26/01/29 19:42:30 INFO TaskSetManager: Starting task 0.0 in stage 0.0 (TID 0) (Aishwarya92848DBDA, executor driver, partition 0, PROCESS_LOCAL, 7848 bytes)
[2026-01-29T19:42:30.529+0530] {subprocess.py:106} INFO - 26/01/29 19:42:30 INFO Executor: Running task 0.0 in stage 0.0 (TID 0)
[2026-01-29T19:42:31.228+0530] {subprocess.py:106} INFO - 26/01/29 19:42:31 INFO Executor: Finished task 0.0 in stage 0.0 (TID 0). 5514 bytes result sent to driver
[2026-01-29T19:42:31.241+0530] {subprocess.py:106} INFO - 26/01/29 19:42:31 INFO TaskSetManager: Finished task 0.0 in stage 0.0 (TID 0) in 770 ms on Aishwarya92848DBDA (executor driver) (1/1)
[2026-01-29T19:42:31.243+0530] {subprocess.py:106} INFO - 26/01/29 19:42:31 INFO TaskSchedulerImpl: Removed TaskSet 0.0, whose tasks have all completed, from pool
[2026-01-29T19:42:31.247+0530] {subprocess.py:106} INFO - 26/01/29 19:42:31 INFO DAGScheduler: ResultStage 0 (parquet at NativeMethodAccessorImpl.java:0) finished in 1.003 s
[2026-01-29T19:42:31.250+0530] {subprocess.py:106} INFO - 26/01/29 19:42:31 INFO DAGScheduler: Job 0 is finished. Cancelling potential speculative or zombie tasks for this job
[2026-01-29T19:42:31.251+0530] {subprocess.py:106} INFO - 26/01/29 19:42:31 INFO TaskSchedulerImpl: Killing all running tasks in stage 0: Stage finished
[2026-01-29T19:42:31.253+0530] {subprocess.py:106} INFO - 26/01/29 19:42:31 INFO DAGScheduler: Job 0 finished: parquet at NativeMethodAccessorImpl.java:0, took 1.068369 s
[2026-01-29T19:42:31.592+0530] {subprocess.py:106} INFO - 26/01/29 19:42:31 INFO BlockManagerInfo: Removed broadcast_0_piece0 on Aishwarya92848DBDA:35977 in memory (size: 37.2 KiB, free: 366.3 MiB)
[2026-01-29T19:42:33.246+0530] {subprocess.py:106} INFO - 26/01/29 19:42:33 INFO FileSourceStrategy: Pushed Filters:
[2026-01-29T19:42:33.247+0530] {subprocess.py:106} INFO - 26/01/29 19:42:33 INFO FileSourceStrategy: Post-Scan Filters:
[2026-01-29T19:42:33.930+0530] {subprocess.py:106} INFO - 26/01/29 19:42:33 INFO CodeGenerator: Code generated in 343.145771 ms
[2026-01-29T19:42:33.955+0530] {subprocess.py:106} INFO - 26/01/29 19:42:33 INFO MemoryStore: Block broadcast_1 stored as values in memory (estimated size 358.0 KiB, free 366.0 MiB)
[2026-01-29T19:42:33.966+0530] {subprocess.py:106} INFO - 26/01/29 19:42:33 INFO MemoryStore: Block broadcast_1_piece0 stored as bytes in memory (estimated size 35.3 KiB, free 365.9 MiB)
[2026-01-29T19:42:33.966+0530] {subprocess.py:106} INFO - 26/01/29 19:42:33 INFO BlockManagerInfo: Added broadcast_1_piece0 in memory on Aishwarya92848DBDA:35977 (size: 35.3 KiB, free: 366.3 MiB)
[2026-01-29T19:42:33.968+0530] {subprocess.py:106} INFO - 26/01/29 19:42:33 INFO SparkContext: Created broadcast 1 from parquet at NativeMethodAccessorImpl.java:0
[2026-01-29T19:42:33.980+0530] {subprocess.py:106} INFO - 26/01/29 19:42:33 INFO FileSourceScanExec: Planning scan with bin packing, max size: 4194304 bytes, open cost is considered as scanning 4194304 bytes.
[2026-01-29T19:42:34.082+0530] {subprocess.py:106} INFO - 26/01/29 19:42:34 INFO DAGScheduler: Registering RDD 5 (parquet at NativeMethodAccessorImpl.java:0) as input to shuffle 0
[2026-01-29T19:42:34.088+0530] {subprocess.py:106} INFO - 26/01/29 19:42:34 INFO DAGScheduler: Got map stage job 1 (parquet at NativeMethodAccessorImpl.java:0) with 1 output partitions
[2026-01-29T19:42:34.088+0530] {subprocess.py:106} INFO - 26/01/29 19:42:34 INFO DAGScheduler: Final stage: ShuffleMapStage 1 (parquet at NativeMethodAccessorImpl.java:0)
[2026-01-29T19:42:34.089+0530] {subprocess.py:106} INFO - 26/01/29 19:42:34 INFO DAGScheduler: Parents of final stage: List()
[2026-01-29T19:42:34.090+0530] {subprocess.py:106} INFO - 26/01/29 19:42:34 INFO DAGScheduler: Missing parents: List()
[2026-01-29T19:42:34.092+0530] {subprocess.py:106} INFO - 26/01/29 19:42:34 INFO DAGScheduler: Submitting ShuffleMapStage 1 (MapPartitionsRDD[5] at parquet at NativeMethodAccessorImpl.java:0), which has no missing parents
[2026-01-29T19:42:34.109+0530] {subprocess.py:106} INFO - 26/01/29 19:42:34 INFO MemoryStore: Block broadcast_2 stored as values in memory (estimated size 68.7 KiB, free 365.8 MiB)
[2026-01-29T19:42:34.111+0530] {subprocess.py:106} INFO - 26/01/29 19:42:34 INFO MemoryStore: Block broadcast_2_piece0 stored as bytes in memory (estimated size 25.7 KiB, free 365.8 MiB)
[2026-01-29T19:42:34.111+0530] {subprocess.py:106} INFO - 26/01/29 19:42:34 INFO BlockManagerInfo: Added broadcast_2_piece0 in memory on Aishwarya92848DBDA:35977 (size: 25.7 KiB, free: 366.2 MiB)
[2026-01-29T19:42:34.112+0530] {subprocess.py:106} INFO - 26/01/29 19:42:34 INFO SparkContext: Created broadcast 2 from broadcast at DAGScheduler.scala:1585
[2026-01-29T19:42:34.114+0530] {subprocess.py:106} INFO - 26/01/29 19:42:34 INFO DAGScheduler: Submitting 1 missing tasks from ShuffleMapStage 1 (MapPartitionsRDD[5] at parquet at NativeMethodAccessorImpl.java:0) (first 15 tasks are for partitions Vector(0))
[2026-01-29T19:42:34.114+0530] {subprocess.py:106} INFO - 26/01/29 19:42:34 INFO TaskSchedulerImpl: Adding task set 1.0 with 1 tasks resource profile 0
[2026-01-29T19:42:34.123+0530] {subprocess.py:106} INFO - 26/01/29 19:42:34 INFO TaskSetManager: Starting task 0.0 in stage 1.0 (TID 1) (Aishwarya92848DBDA, executor driver, partition 0, NODE_LOCAL, 8305 bytes)
[2026-01-29T19:42:34.124+0530] {subprocess.py:106} INFO - 26/01/29 19:42:34 INFO Executor: Running task 0.0 in stage 1.0 (TID 1)
[2026-01-29T19:42:34.245+0530] {subprocess.py:106} INFO - 26/01/29 19:42:34 INFO CodeGenerator: Code generated in 68.679274 ms
[2026-01-29T19:42:34.271+0530] {subprocess.py:106} INFO - 26/01/29 19:42:34 INFO CodeGenerator: Code generated in 12.484453 ms
[2026-01-29T19:42:34.295+0530] {subprocess.py:106} INFO - 26/01/29 19:42:34 INFO CodeGenerator: Code generated in 8.927614 ms
[2026-01-29T19:42:34.324+0530] {subprocess.py:106} INFO - 26/01/29 19:42:34 INFO CodeGenerator: Code generated in 14.758273 ms
[2026-01-29T19:42:34.343+0530] {subprocess.py:106} INFO - 26/01/29 19:42:34 INFO CodeGenerator: Code generated in 9.129899 ms
[2026-01-29T19:42:34.353+0530] {subprocess.py:106} INFO - 26/01/29 19:42:34 INFO FileScanRDD: Reading File path: hdfs://localhost:9000/weather/data/processed/weather_processed.parquet/part-00000-e53713bd-f8ee-4803-b7d8-a5dc0a157d25-c000.snappy.parquet, range: 0-14395, partition values: [empty row]
[2026-01-29T19:42:34.503+0530] {subprocess.py:106} INFO - 26/01/29 19:42:34 ERROR Executor: Exception in task 0.0 in stage 1.0 (TID 1)
[2026-01-29T19:42:34.504+0530] {subprocess.py:106} INFO - org.apache.spark.SparkFileNotFoundException: File does not exist: hdfs://localhost:9000/weather/data/processed/weather_processed.parquet/part-00000-e53713bd-f8ee-4803-b7d8-a5dc0a157d25-c000.snappy.parquet
[2026-01-29T19:42:34.504+0530] {subprocess.py:106} INFO - It is possible the underlying files have been updated. You can explicitly invalidate the cache in Spark by running 'REFRESH TABLE tableName' command in SQL or by recreating the Dataset/DataFrame involved.
[2026-01-29T19:42:34.504+0530] {subprocess.py:106} INFO - 	at org.apache.spark.sql.errors.QueryExecutionErrors$.readCurrentFileNotFoundError(QueryExecutionErrors.scala:780)
[2026-01-29T19:42:34.504+0530] {subprocess.py:106} INFO - 	at org.apache.spark.sql.execution.datasources.FileScanRDD$$anon$1.org$apache$spark$sql$execution$datasources$FileScanRDD$$anon$$readCurrentFile(FileScanRDD.scala:220)
[2026-01-29T19:42:34.504+0530] {subprocess.py:106} INFO - 	at org.apache.spark.sql.execution.datasources.FileScanRDD$$anon$1.nextIterator(FileScanRDD.scala:279)
[2026-01-29T19:42:34.504+0530] {subprocess.py:106} INFO - 	at org.apache.spark.sql.execution.datasources.FileScanRDD$$anon$1.hasNext(FileScanRDD.scala:129)
[2026-01-29T19:42:34.504+0530] {subprocess.py:106} INFO - 	at org.apache.spark.sql.execution.FileSourceScanExec$$anon$1.hasNext(DataSourceScanExec.scala:593)
[2026-01-29T19:42:34.504+0530] {subprocess.py:106} INFO - 	at org.apache.spark.sql.catalyst.expressions.GeneratedClass$GeneratedIteratorForCodegenStage1.columnartorow_nextBatch_0$(Unknown Source)
[2026-01-29T19:42:34.504+0530] {subprocess.py:106} INFO - 	at org.apache.spark.sql.catalyst.expressions.GeneratedClass$GeneratedIteratorForCodegenStage1.hashAgg_doAggregateWithKeys_0$(Unknown Source)
[2026-01-29T19:42:34.505+0530] {subprocess.py:106} INFO - 	at org.apache.spark.sql.catalyst.expressions.GeneratedClass$GeneratedIteratorForCodegenStage1.processNext(Unknown Source)
[2026-01-29T19:42:34.505+0530] {subprocess.py:106} INFO - 	at org.apache.spark.sql.execution.BufferedRowIterator.hasNext(BufferedRowIterator.java:43)
[2026-01-29T19:42:34.505+0530] {subprocess.py:106} INFO - 	at org.apache.spark.sql.execution.WholeStageCodegenEvaluatorFactory$WholeStageCodegenPartitionEvaluator$$anon$1.hasNext(WholeStageCodegenEvaluatorFactory.scala:43)
[2026-01-29T19:42:34.505+0530] {subprocess.py:106} INFO - 	at scala.collection.Iterator$$anon$10.hasNext(Iterator.scala:460)
[2026-01-29T19:42:34.505+0530] {subprocess.py:106} INFO - 	at org.apache.spark.shuffle.sort.BypassMergeSortShuffleWriter.write(BypassMergeSortShuffleWriter.java:140)
[2026-01-29T19:42:34.505+0530] {subprocess.py:106} INFO - 	at org.apache.spark.shuffle.ShuffleWriteProcessor.write(ShuffleWriteProcessor.scala:59)
[2026-01-29T19:42:34.505+0530] {subprocess.py:106} INFO - 	at org.apache.spark.scheduler.ShuffleMapTask.runTask(ShuffleMapTask.scala:104)
[2026-01-29T19:42:34.505+0530] {subprocess.py:106} INFO - 	at org.apache.spark.scheduler.ShuffleMapTask.runTask(ShuffleMapTask.scala:54)
[2026-01-29T19:42:34.506+0530] {subprocess.py:106} INFO - 	at org.apache.spark.TaskContext.runTaskWithListeners(TaskContext.scala:166)
[2026-01-29T19:42:34.506+0530] {subprocess.py:106} INFO - 	at org.apache.spark.scheduler.Task.run(Task.scala:141)
[2026-01-29T19:42:34.506+0530] {subprocess.py:106} INFO - 	at org.apache.spark.executor.Executor$TaskRunner.$anonfun$run$4(Executor.scala:620)
[2026-01-29T19:42:34.506+0530] {subprocess.py:106} INFO - 	at org.apache.spark.util.SparkErrorUtils.tryWithSafeFinally(SparkErrorUtils.scala:64)
[2026-01-29T19:42:34.506+0530] {subprocess.py:106} INFO - 	at org.apache.spark.util.SparkErrorUtils.tryWithSafeFinally$(SparkErrorUtils.scala:61)
[2026-01-29T19:42:34.506+0530] {subprocess.py:106} INFO - 	at org.apache.spark.util.Utils$.tryWithSafeFinally(Utils.scala:94)
[2026-01-29T19:42:34.506+0530] {subprocess.py:106} INFO - 	at org.apache.spark.executor.Executor$TaskRunner.run(Executor.scala:623)
[2026-01-29T19:42:34.507+0530] {subprocess.py:106} INFO - 	at java.util.concurrent.ThreadPoolExecutor.runWorker(ThreadPoolExecutor.java:1149)
[2026-01-29T19:42:34.507+0530] {subprocess.py:106} INFO - 	at java.util.concurrent.ThreadPoolExecutor$Worker.run(ThreadPoolExecutor.java:624)
[2026-01-29T19:42:34.507+0530] {subprocess.py:106} INFO - 	at java.lang.Thread.run(Thread.java:750)
[2026-01-29T19:42:34.521+0530] {subprocess.py:106} INFO - 26/01/29 19:42:34 WARN TaskSetManager: Lost task 0.0 in stage 1.0 (TID 1) (Aishwarya92848DBDA executor driver): org.apache.spark.SparkFileNotFoundException: File does not exist: hdfs://localhost:9000/weather/data/processed/weather_processed.parquet/part-00000-e53713bd-f8ee-4803-b7d8-a5dc0a157d25-c000.snappy.parquet
[2026-01-29T19:42:34.522+0530] {subprocess.py:106} INFO - It is possible the underlying files have been updated. You can explicitly invalidate the cache in Spark by running 'REFRESH TABLE tableName' command in SQL or by recreating the Dataset/DataFrame involved.
[2026-01-29T19:42:34.522+0530] {subprocess.py:106} INFO - 	at org.apache.spark.sql.errors.QueryExecutionErrors$.readCurrentFileNotFoundError(QueryExecutionErrors.scala:780)
[2026-01-29T19:42:34.522+0530] {subprocess.py:106} INFO - 	at org.apache.spark.sql.execution.datasources.FileScanRDD$$anon$1.org$apache$spark$sql$execution$datasources$FileScanRDD$$anon$$readCurrentFile(FileScanRDD.scala:220)
[2026-01-29T19:42:34.522+0530] {subprocess.py:106} INFO - 	at org.apache.spark.sql.execution.datasources.FileScanRDD$$anon$1.nextIterator(FileScanRDD.scala:279)
[2026-01-29T19:42:34.523+0530] {subprocess.py:106} INFO - 	at org.apache.spark.sql.execution.datasources.FileScanRDD$$anon$1.hasNext(FileScanRDD.scala:129)
[2026-01-29T19:42:34.523+0530] {subprocess.py:106} INFO - 	at org.apache.spark.sql.execution.FileSourceScanExec$$anon$1.hasNext(DataSourceScanExec.scala:593)
[2026-01-29T19:42:34.523+0530] {subprocess.py:106} INFO - 	at org.apache.spark.sql.catalyst.expressions.GeneratedClass$GeneratedIteratorForCodegenStage1.columnartorow_nextBatch_0$(Unknown Source)
[2026-01-29T19:42:34.523+0530] {subprocess.py:106} INFO - 	at org.apache.spark.sql.catalyst.expressions.GeneratedClass$GeneratedIteratorForCodegenStage1.hashAgg_doAggregateWithKeys_0$(Unknown Source)
[2026-01-29T19:42:34.524+0530] {subprocess.py:106} INFO - 	at org.apache.spark.sql.catalyst.expressions.GeneratedClass$GeneratedIteratorForCodegenStage1.processNext(Unknown Source)
[2026-01-29T19:42:34.524+0530] {subprocess.py:106} INFO - 	at org.apache.spark.sql.execution.BufferedRowIterator.hasNext(BufferedRowIterator.java:43)
[2026-01-29T19:42:34.524+0530] {subprocess.py:106} INFO - 	at org.apache.spark.sql.execution.WholeStageCodegenEvaluatorFactory$WholeStageCodegenPartitionEvaluator$$anon$1.hasNext(WholeStageCodegenEvaluatorFactory.scala:43)
[2026-01-29T19:42:34.524+0530] {subprocess.py:106} INFO - 	at scala.collection.Iterator$$anon$10.hasNext(Iterator.scala:460)
[2026-01-29T19:42:34.524+0530] {subprocess.py:106} INFO - 	at org.apache.spark.shuffle.sort.BypassMergeSortShuffleWriter.write(BypassMergeSortShuffleWriter.java:140)
[2026-01-29T19:42:34.525+0530] {subprocess.py:106} INFO - 	at org.apache.spark.shuffle.ShuffleWriteProcessor.write(ShuffleWriteProcessor.scala:59)
[2026-01-29T19:42:34.525+0530] {subprocess.py:106} INFO - 	at org.apache.spark.scheduler.ShuffleMapTask.runTask(ShuffleMapTask.scala:104)
[2026-01-29T19:42:34.525+0530] {subprocess.py:106} INFO - 	at org.apache.spark.scheduler.ShuffleMapTask.runTask(ShuffleMapTask.scala:54)
[2026-01-29T19:42:34.525+0530] {subprocess.py:106} INFO - 	at org.apache.spark.TaskContext.runTaskWithListeners(TaskContext.scala:166)
[2026-01-29T19:42:34.525+0530] {subprocess.py:106} INFO - 	at org.apache.spark.scheduler.Task.run(Task.scala:141)
[2026-01-29T19:42:34.526+0530] {subprocess.py:106} INFO - 	at org.apache.spark.executor.Executor$TaskRunner.$anonfun$run$4(Executor.scala:620)
[2026-01-29T19:42:34.526+0530] {subprocess.py:106} INFO - 	at org.apache.spark.util.SparkErrorUtils.tryWithSafeFinally(SparkErrorUtils.scala:64)
[2026-01-29T19:42:34.526+0530] {subprocess.py:106} INFO - 	at org.apache.spark.util.SparkErrorUtils.tryWithSafeFinally$(SparkErrorUtils.scala:61)
[2026-01-29T19:42:34.526+0530] {subprocess.py:106} INFO - 	at org.apache.spark.util.Utils$.tryWithSafeFinally(Utils.scala:94)
[2026-01-29T19:42:34.526+0530] {subprocess.py:106} INFO - 	at org.apache.spark.executor.Executor$TaskRunner.run(Executor.scala:623)
[2026-01-29T19:42:34.526+0530] {subprocess.py:106} INFO - 	at java.util.concurrent.ThreadPoolExecutor.runWorker(ThreadPoolExecutor.java:1149)
[2026-01-29T19:42:34.527+0530] {subprocess.py:106} INFO - 	at java.util.concurrent.ThreadPoolExecutor$Worker.run(ThreadPoolExecutor.java:624)
[2026-01-29T19:42:34.527+0530] {subprocess.py:106} INFO - 	at java.lang.Thread.run(Thread.java:750)
[2026-01-29T19:42:34.527+0530] {subprocess.py:106} INFO - 
[2026-01-29T19:42:34.527+0530] {subprocess.py:106} INFO - 26/01/29 19:42:34 ERROR TaskSetManager: Task 0 in stage 1.0 failed 1 times; aborting job
[2026-01-29T19:42:34.528+0530] {subprocess.py:106} INFO - 26/01/29 19:42:34 INFO TaskSchedulerImpl: Removed TaskSet 1.0, whose tasks have all completed, from pool
[2026-01-29T19:42:34.528+0530] {subprocess.py:106} INFO - 26/01/29 19:42:34 INFO TaskSchedulerImpl: Cancelling stage 1
[2026-01-29T19:42:34.529+0530] {subprocess.py:106} INFO - 26/01/29 19:42:34 INFO TaskSchedulerImpl: Killing all running tasks in stage 1: Stage cancelled: Job aborted due to stage failure: Task 0 in stage 1.0 failed 1 times, most recent failure: Lost task 0.0 in stage 1.0 (TID 1) (Aishwarya92848DBDA executor driver): org.apache.spark.SparkFileNotFoundException: File does not exist: hdfs://localhost:9000/weather/data/processed/weather_processed.parquet/part-00000-e53713bd-f8ee-4803-b7d8-a5dc0a157d25-c000.snappy.parquet
[2026-01-29T19:42:34.529+0530] {subprocess.py:106} INFO - It is possible the underlying files have been updated. You can explicitly invalidate the cache in Spark by running 'REFRESH TABLE tableName' command in SQL or by recreating the Dataset/DataFrame involved.
[2026-01-29T19:42:34.529+0530] {subprocess.py:106} INFO - 	at org.apache.spark.sql.errors.QueryExecutionErrors$.readCurrentFileNotFoundError(QueryExecutionErrors.scala:780)
[2026-01-29T19:42:34.529+0530] {subprocess.py:106} INFO - 	at org.apache.spark.sql.execution.datasources.FileScanRDD$$anon$1.org$apache$spark$sql$execution$datasources$FileScanRDD$$anon$$readCurrentFile(FileScanRDD.scala:220)
[2026-01-29T19:42:34.529+0530] {subprocess.py:106} INFO - 	at org.apache.spark.sql.execution.datasources.FileScanRDD$$anon$1.nextIterator(FileScanRDD.scala:279)
[2026-01-29T19:42:34.529+0530] {subprocess.py:106} INFO - 	at org.apache.spark.sql.execution.datasources.FileScanRDD$$anon$1.hasNext(FileScanRDD.scala:129)
[2026-01-29T19:42:34.529+0530] {subprocess.py:106} INFO - 	at org.apache.spark.sql.execution.FileSourceScanExec$$anon$1.hasNext(DataSourceScanExec.scala:593)
[2026-01-29T19:42:34.529+0530] {subprocess.py:106} INFO - 	at org.apache.spark.sql.catalyst.expressions.GeneratedClass$GeneratedIteratorForCodegenStage1.columnartorow_nextBatch_0$(Unknown Source)
[2026-01-29T19:42:34.530+0530] {subprocess.py:106} INFO - 	at org.apache.spark.sql.catalyst.expressions.GeneratedClass$GeneratedIteratorForCodegenStage1.hashAgg_doAggregateWithKeys_0$(Unknown Source)
[2026-01-29T19:42:34.530+0530] {subprocess.py:106} INFO - 	at org.apache.spark.sql.catalyst.expressions.GeneratedClass$GeneratedIteratorForCodegenStage1.processNext(Unknown Source)
[2026-01-29T19:42:34.530+0530] {subprocess.py:106} INFO - 	at org.apache.spark.sql.execution.BufferedRowIterator.hasNext(BufferedRowIterator.java:43)
[2026-01-29T19:42:34.530+0530] {subprocess.py:106} INFO - 	at org.apache.spark.sql.execution.WholeStageCodegenEvaluatorFactory$WholeStageCodegenPartitionEvaluator$$anon$1.hasNext(WholeStageCodegenEvaluatorFactory.scala:43)
[2026-01-29T19:42:34.530+0530] {subprocess.py:106} INFO - 	at scala.collection.Iterator$$anon$10.hasNext(Iterator.scala:460)
[2026-01-29T19:42:34.530+0530] {subprocess.py:106} INFO - 	at org.apache.spark.shuffle.sort.BypassMergeSortShuffleWriter.write(BypassMergeSortShuffleWriter.java:140)
[2026-01-29T19:42:34.530+0530] {subprocess.py:106} INFO - 	at org.apache.spark.shuffle.ShuffleWriteProcessor.write(ShuffleWriteProcessor.scala:59)
[2026-01-29T19:42:34.531+0530] {subprocess.py:106} INFO - 	at org.apache.spark.scheduler.ShuffleMapTask.runTask(ShuffleMapTask.scala:104)
[2026-01-29T19:42:34.531+0530] {subprocess.py:106} INFO - 	at org.apache.spark.scheduler.ShuffleMapTask.runTask(ShuffleMapTask.scala:54)
[2026-01-29T19:42:34.531+0530] {subprocess.py:106} INFO - 	at org.apache.spark.TaskContext.runTaskWithListeners(TaskContext.scala:166)
[2026-01-29T19:42:34.531+0530] {subprocess.py:106} INFO - 	at org.apache.spark.scheduler.Task.run(Task.scala:141)
[2026-01-29T19:42:34.531+0530] {subprocess.py:106} INFO - 	at org.apache.spark.executor.Executor$TaskRunner.$anonfun$run$4(Executor.scala:620)
[2026-01-29T19:42:34.531+0530] {subprocess.py:106} INFO - 	at org.apache.spark.util.SparkErrorUtils.tryWithSafeFinally(SparkErrorUtils.scala:64)
[2026-01-29T19:42:34.531+0530] {subprocess.py:106} INFO - 	at org.apache.spark.util.SparkErrorUtils.tryWithSafeFinally$(SparkErrorUtils.scala:61)
[2026-01-29T19:42:34.531+0530] {subprocess.py:106} INFO - 	at org.apache.spark.util.Utils$.tryWithSafeFinally(Utils.scala:94)
[2026-01-29T19:42:34.532+0530] {subprocess.py:106} INFO - 	at org.apache.spark.executor.Executor$TaskRunner.run(Executor.scala:623)
[2026-01-29T19:42:34.532+0530] {subprocess.py:106} INFO - 	at java.util.concurrent.ThreadPoolExecutor.runWorker(ThreadPoolExecutor.java:1149)
[2026-01-29T19:42:34.532+0530] {subprocess.py:106} INFO - 	at java.util.concurrent.ThreadPoolExecutor$Worker.run(ThreadPoolExecutor.java:624)
[2026-01-29T19:42:34.532+0530] {subprocess.py:106} INFO - 	at java.lang.Thread.run(Thread.java:750)
[2026-01-29T19:42:34.532+0530] {subprocess.py:106} INFO - 
[2026-01-29T19:42:34.532+0530] {subprocess.py:106} INFO - Driver stacktrace:
[2026-01-29T19:42:34.532+0530] {subprocess.py:106} INFO - 26/01/29 19:42:34 INFO DAGScheduler: ShuffleMapStage 1 (parquet at NativeMethodAccessorImpl.java:0) failed in 0.433 s due to Job aborted due to stage failure: Task 0 in stage 1.0 failed 1 times, most recent failure: Lost task 0.0 in stage 1.0 (TID 1) (Aishwarya92848DBDA executor driver): org.apache.spark.SparkFileNotFoundException: File does not exist: hdfs://localhost:9000/weather/data/processed/weather_processed.parquet/part-00000-e53713bd-f8ee-4803-b7d8-a5dc0a157d25-c000.snappy.parquet
[2026-01-29T19:42:34.532+0530] {subprocess.py:106} INFO - It is possible the underlying files have been updated. You can explicitly invalidate the cache in Spark by running 'REFRESH TABLE tableName' command in SQL or by recreating the Dataset/DataFrame involved.
[2026-01-29T19:42:34.533+0530] {subprocess.py:106} INFO - 	at org.apache.spark.sql.errors.QueryExecutionErrors$.readCurrentFileNotFoundError(QueryExecutionErrors.scala:780)
[2026-01-29T19:42:34.533+0530] {subprocess.py:106} INFO - 	at org.apache.spark.sql.execution.datasources.FileScanRDD$$anon$1.org$apache$spark$sql$execution$datasources$FileScanRDD$$anon$$readCurrentFile(FileScanRDD.scala:220)
[2026-01-29T19:42:34.533+0530] {subprocess.py:106} INFO - 	at org.apache.spark.sql.execution.datasources.FileScanRDD$$anon$1.nextIterator(FileScanRDD.scala:279)
[2026-01-29T19:42:34.533+0530] {subprocess.py:106} INFO - 	at org.apache.spark.sql.execution.datasources.FileScanRDD$$anon$1.hasNext(FileScanRDD.scala:129)
[2026-01-29T19:42:34.533+0530] {subprocess.py:106} INFO - 	at org.apache.spark.sql.execution.FileSourceScanExec$$anon$1.hasNext(DataSourceScanExec.scala:593)
[2026-01-29T19:42:34.533+0530] {subprocess.py:106} INFO - 	at org.apache.spark.sql.catalyst.expressions.GeneratedClass$GeneratedIteratorForCodegenStage1.columnartorow_nextBatch_0$(Unknown Source)
[2026-01-29T19:42:34.533+0530] {subprocess.py:106} INFO - 	at org.apache.spark.sql.catalyst.expressions.GeneratedClass$GeneratedIteratorForCodegenStage1.hashAgg_doAggregateWithKeys_0$(Unknown Source)
[2026-01-29T19:42:34.534+0530] {subprocess.py:106} INFO - 	at org.apache.spark.sql.catalyst.expressions.GeneratedClass$GeneratedIteratorForCodegenStage1.processNext(Unknown Source)
[2026-01-29T19:42:34.534+0530] {subprocess.py:106} INFO - 	at org.apache.spark.sql.execution.BufferedRowIterator.hasNext(BufferedRowIterator.java:43)
[2026-01-29T19:42:34.534+0530] {subprocess.py:106} INFO - 	at org.apache.spark.sql.execution.WholeStageCodegenEvaluatorFactory$WholeStageCodegenPartitionEvaluator$$anon$1.hasNext(WholeStageCodegenEvaluatorFactory.scala:43)
[2026-01-29T19:42:34.534+0530] {subprocess.py:106} INFO - 	at scala.collection.Iterator$$anon$10.hasNext(Iterator.scala:460)
[2026-01-29T19:42:34.534+0530] {subprocess.py:106} INFO - 	at org.apache.spark.shuffle.sort.BypassMergeSortShuffleWriter.write(BypassMergeSortShuffleWriter.java:140)
[2026-01-29T19:42:34.534+0530] {subprocess.py:106} INFO - 	at org.apache.spark.shuffle.ShuffleWriteProcessor.write(ShuffleWriteProcessor.scala:59)
[2026-01-29T19:42:34.534+0530] {subprocess.py:106} INFO - 	at org.apache.spark.scheduler.ShuffleMapTask.runTask(ShuffleMapTask.scala:104)
[2026-01-29T19:42:34.534+0530] {subprocess.py:106} INFO - 	at org.apache.spark.scheduler.ShuffleMapTask.runTask(ShuffleMapTask.scala:54)
[2026-01-29T19:42:34.534+0530] {subprocess.py:106} INFO - 	at org.apache.spark.TaskContext.runTaskWithListeners(TaskContext.scala:166)
[2026-01-29T19:42:34.535+0530] {subprocess.py:106} INFO - 	at org.apache.spark.scheduler.Task.run(Task.scala:141)
[2026-01-29T19:42:34.535+0530] {subprocess.py:106} INFO - 	at org.apache.spark.executor.Executor$TaskRunner.$anonfun$run$4(Executor.scala:620)
[2026-01-29T19:42:34.535+0530] {subprocess.py:106} INFO - 	at org.apache.spark.util.SparkErrorUtils.tryWithSafeFinally(SparkErrorUtils.scala:64)
[2026-01-29T19:42:34.535+0530] {subprocess.py:106} INFO - 	at org.apache.spark.util.SparkErrorUtils.tryWithSafeFinally$(SparkErrorUtils.scala:61)
[2026-01-29T19:42:34.535+0530] {subprocess.py:106} INFO - 	at org.apache.spark.util.Utils$.tryWithSafeFinally(Utils.scala:94)
[2026-01-29T19:42:34.535+0530] {subprocess.py:106} INFO - 	at org.apache.spark.executor.Executor$TaskRunner.run(Executor.scala:623)
[2026-01-29T19:42:34.535+0530] {subprocess.py:106} INFO - 	at java.util.concurrent.ThreadPoolExecutor.runWorker(ThreadPoolExecutor.java:1149)
[2026-01-29T19:42:34.535+0530] {subprocess.py:106} INFO - 	at java.util.concurrent.ThreadPoolExecutor$Worker.run(ThreadPoolExecutor.java:624)
[2026-01-29T19:42:34.536+0530] {subprocess.py:106} INFO - 	at java.lang.Thread.run(Thread.java:750)
[2026-01-29T19:42:34.536+0530] {subprocess.py:106} INFO - 
[2026-01-29T19:42:34.536+0530] {subprocess.py:106} INFO - Driver stacktrace:
[2026-01-29T19:42:34.588+0530] {subprocess.py:106} INFO - Traceback (most recent call last):
[2026-01-29T19:42:34.589+0530] {subprocess.py:106} INFO -   File "/home/hp/Desktop/Bigdata_project/BigData-Project/processing.py", line 182, in <module>
[2026-01-29T19:42:34.589+0530] {subprocess.py:106} INFO -     .parquet("hdfs://localhost:9000/weather/analytics/city_summary_yearly")
[2026-01-29T19:42:34.589+0530] {subprocess.py:106} INFO -   File "/home/hp/.local/lib/python3.10/site-packages/pyspark/python/lib/pyspark.zip/pyspark/sql/readwriter.py", line 1721, in parquet
[2026-01-29T19:42:34.589+0530] {subprocess.py:106} INFO -   File "/home/hp/.local/lib/python3.10/site-packages/pyspark/python/lib/py4j-0.10.9.7-src.zip/py4j/java_gateway.py", line 1322, in __call__
[2026-01-29T19:42:34.589+0530] {subprocess.py:106} INFO -   File "/home/hp/.local/lib/python3.10/site-packages/pyspark/python/lib/pyspark.zip/pyspark/errors/exceptions/captured.py", line 179, in deco
[2026-01-29T19:42:34.589+0530] {subprocess.py:106} INFO -   File "/home/hp/.local/lib/python3.10/site-packages/pyspark/python/lib/py4j-0.10.9.7-src.zip/py4j/protocol.py", line 326, in get_return_value
[2026-01-29T19:42:34.589+0530] {subprocess.py:106} INFO - py4j.protocol.Py4JJavaError: An error occurred while calling o51.parquet.
[2026-01-29T19:42:34.589+0530] {subprocess.py:106} INFO - : org.apache.spark.SparkException: Job aborted due to stage failure: Task 0 in stage 1.0 failed 1 times, most recent failure: Lost task 0.0 in stage 1.0 (TID 1) (Aishwarya92848DBDA executor driver): org.apache.spark.SparkFileNotFoundException: File does not exist: hdfs://localhost:9000/weather/data/processed/weather_processed.parquet/part-00000-e53713bd-f8ee-4803-b7d8-a5dc0a157d25-c000.snappy.parquet
[2026-01-29T19:42:34.589+0530] {subprocess.py:106} INFO - It is possible the underlying files have been updated. You can explicitly invalidate the cache in Spark by running 'REFRESH TABLE tableName' command in SQL or by recreating the Dataset/DataFrame involved.
[2026-01-29T19:42:34.589+0530] {subprocess.py:106} INFO - 	at org.apache.spark.sql.errors.QueryExecutionErrors$.readCurrentFileNotFoundError(QueryExecutionErrors.scala:780)
[2026-01-29T19:42:34.590+0530] {subprocess.py:106} INFO - 	at org.apache.spark.sql.execution.datasources.FileScanRDD$$anon$1.org$apache$spark$sql$execution$datasources$FileScanRDD$$anon$$readCurrentFile(FileScanRDD.scala:220)
[2026-01-29T19:42:34.590+0530] {subprocess.py:106} INFO - 	at org.apache.spark.sql.execution.datasources.FileScanRDD$$anon$1.nextIterator(FileScanRDD.scala:279)
[2026-01-29T19:42:34.590+0530] {subprocess.py:106} INFO - 	at org.apache.spark.sql.execution.datasources.FileScanRDD$$anon$1.hasNext(FileScanRDD.scala:129)
[2026-01-29T19:42:34.590+0530] {subprocess.py:106} INFO - 	at org.apache.spark.sql.execution.FileSourceScanExec$$anon$1.hasNext(DataSourceScanExec.scala:593)
[2026-01-29T19:42:34.590+0530] {subprocess.py:106} INFO - 	at org.apache.spark.sql.catalyst.expressions.GeneratedClass$GeneratedIteratorForCodegenStage1.columnartorow_nextBatch_0$(Unknown Source)
[2026-01-29T19:42:34.590+0530] {subprocess.py:106} INFO - 	at org.apache.spark.sql.catalyst.expressions.GeneratedClass$GeneratedIteratorForCodegenStage1.hashAgg_doAggregateWithKeys_0$(Unknown Source)
[2026-01-29T19:42:34.590+0530] {subprocess.py:106} INFO - 	at org.apache.spark.sql.catalyst.expressions.GeneratedClass$GeneratedIteratorForCodegenStage1.processNext(Unknown Source)
[2026-01-29T19:42:34.590+0530] {subprocess.py:106} INFO - 	at org.apache.spark.sql.execution.BufferedRowIterator.hasNext(BufferedRowIterator.java:43)
[2026-01-29T19:42:34.590+0530] {subprocess.py:106} INFO - 	at org.apache.spark.sql.execution.WholeStageCodegenEvaluatorFactory$WholeStageCodegenPartitionEvaluator$$anon$1.hasNext(WholeStageCodegenEvaluatorFactory.scala:43)
[2026-01-29T19:42:34.590+0530] {subprocess.py:106} INFO - 	at scala.collection.Iterator$$anon$10.hasNext(Iterator.scala:460)
[2026-01-29T19:42:34.590+0530] {subprocess.py:106} INFO - 	at org.apache.spark.shuffle.sort.BypassMergeSortShuffleWriter.write(BypassMergeSortShuffleWriter.java:140)
[2026-01-29T19:42:34.590+0530] {subprocess.py:106} INFO - 	at org.apache.spark.shuffle.ShuffleWriteProcessor.write(ShuffleWriteProcessor.scala:59)
[2026-01-29T19:42:34.591+0530] {subprocess.py:106} INFO - 	at org.apache.spark.scheduler.ShuffleMapTask.runTask(ShuffleMapTask.scala:104)
[2026-01-29T19:42:34.591+0530] {subprocess.py:106} INFO - 	at org.apache.spark.scheduler.ShuffleMapTask.runTask(ShuffleMapTask.scala:54)
[2026-01-29T19:42:34.591+0530] {subprocess.py:106} INFO - 	at org.apache.spark.TaskContext.runTaskWithListeners(TaskContext.scala:166)
[2026-01-29T19:42:34.591+0530] {subprocess.py:106} INFO - 	at org.apache.spark.scheduler.Task.run(Task.scala:141)
[2026-01-29T19:42:34.591+0530] {subprocess.py:106} INFO - 	at org.apache.spark.executor.Executor$TaskRunner.$anonfun$run$4(Executor.scala:620)
[2026-01-29T19:42:34.591+0530] {subprocess.py:106} INFO - 	at org.apache.spark.util.SparkErrorUtils.tryWithSafeFinally(SparkErrorUtils.scala:64)
[2026-01-29T19:42:34.591+0530] {subprocess.py:106} INFO - 	at org.apache.spark.util.SparkErrorUtils.tryWithSafeFinally$(SparkErrorUtils.scala:61)
[2026-01-29T19:42:34.591+0530] {subprocess.py:106} INFO - 	at org.apache.spark.util.Utils$.tryWithSafeFinally(Utils.scala:94)
[2026-01-29T19:42:34.591+0530] {subprocess.py:106} INFO - 	at org.apache.spark.executor.Executor$TaskRunner.run(Executor.scala:623)
[2026-01-29T19:42:34.591+0530] {subprocess.py:106} INFO - 	at java.util.concurrent.ThreadPoolExecutor.runWorker(ThreadPoolExecutor.java:1149)
[2026-01-29T19:42:34.591+0530] {subprocess.py:106} INFO - 	at java.util.concurrent.ThreadPoolExecutor$Worker.run(ThreadPoolExecutor.java:624)
[2026-01-29T19:42:34.592+0530] {subprocess.py:106} INFO - 	at java.lang.Thread.run(Thread.java:750)
[2026-01-29T19:42:34.592+0530] {subprocess.py:106} INFO - 
[2026-01-29T19:42:34.592+0530] {subprocess.py:106} INFO - Driver stacktrace:
[2026-01-29T19:42:34.592+0530] {subprocess.py:106} INFO - 	at org.apache.spark.scheduler.DAGScheduler.failJobAndIndependentStages(DAGScheduler.scala:2856)
[2026-01-29T19:42:34.592+0530] {subprocess.py:106} INFO - 	at org.apache.spark.scheduler.DAGScheduler.$anonfun$abortStage$2(DAGScheduler.scala:2792)
[2026-01-29T19:42:34.592+0530] {subprocess.py:106} INFO - 	at org.apache.spark.scheduler.DAGScheduler.$anonfun$abortStage$2$adapted(DAGScheduler.scala:2791)
[2026-01-29T19:42:34.592+0530] {subprocess.py:106} INFO - 	at scala.collection.mutable.ResizableArray.foreach(ResizableArray.scala:62)
[2026-01-29T19:42:34.592+0530] {subprocess.py:106} INFO - 	at scala.collection.mutable.ResizableArray.foreach$(ResizableArray.scala:55)
[2026-01-29T19:42:34.592+0530] {subprocess.py:106} INFO - 	at scala.collection.mutable.ArrayBuffer.foreach(ArrayBuffer.scala:49)
[2026-01-29T19:42:34.592+0530] {subprocess.py:106} INFO - 	at org.apache.spark.scheduler.DAGScheduler.abortStage(DAGScheduler.scala:2791)
[2026-01-29T19:42:34.592+0530] {subprocess.py:106} INFO - 	at org.apache.spark.scheduler.DAGScheduler.$anonfun$handleTaskSetFailed$1(DAGScheduler.scala:1247)
[2026-01-29T19:42:34.593+0530] {subprocess.py:106} INFO - 	at org.apache.spark.scheduler.DAGScheduler.$anonfun$handleTaskSetFailed$1$adapted(DAGScheduler.scala:1247)
[2026-01-29T19:42:34.593+0530] {subprocess.py:106} INFO - 	at scala.Option.foreach(Option.scala:407)
[2026-01-29T19:42:34.593+0530] {subprocess.py:106} INFO - 	at org.apache.spark.scheduler.DAGScheduler.handleTaskSetFailed(DAGScheduler.scala:1247)
[2026-01-29T19:42:34.593+0530] {subprocess.py:106} INFO - 	at org.apache.spark.scheduler.DAGSchedulerEventProcessLoop.doOnReceive(DAGScheduler.scala:3060)
[2026-01-29T19:42:34.593+0530] {subprocess.py:106} INFO - 	at org.apache.spark.scheduler.DAGSchedulerEventProcessLoop.onReceive(DAGScheduler.scala:2994)
[2026-01-29T19:42:34.593+0530] {subprocess.py:106} INFO - 	at org.apache.spark.scheduler.DAGSchedulerEventProcessLoop.onReceive(DAGScheduler.scala:2983)
[2026-01-29T19:42:34.593+0530] {subprocess.py:106} INFO - 	at org.apache.spark.util.EventLoop$$anon$1.run(EventLoop.scala:49)
[2026-01-29T19:42:34.593+0530] {subprocess.py:106} INFO - Caused by: org.apache.spark.SparkFileNotFoundException: File does not exist: hdfs://localhost:9000/weather/data/processed/weather_processed.parquet/part-00000-e53713bd-f8ee-4803-b7d8-a5dc0a157d25-c000.snappy.parquet
[2026-01-29T19:42:34.593+0530] {subprocess.py:106} INFO - It is possible the underlying files have been updated. You can explicitly invalidate the cache in Spark by running 'REFRESH TABLE tableName' command in SQL or by recreating the Dataset/DataFrame involved.
[2026-01-29T19:42:34.593+0530] {subprocess.py:106} INFO - 	at org.apache.spark.sql.errors.QueryExecutionErrors$.readCurrentFileNotFoundError(QueryExecutionErrors.scala:780)
[2026-01-29T19:42:34.594+0530] {subprocess.py:106} INFO - 	at org.apache.spark.sql.execution.datasources.FileScanRDD$$anon$1.org$apache$spark$sql$execution$datasources$FileScanRDD$$anon$$readCurrentFile(FileScanRDD.scala:220)
[2026-01-29T19:42:34.594+0530] {subprocess.py:106} INFO - 	at org.apache.spark.sql.execution.datasources.FileScanRDD$$anon$1.nextIterator(FileScanRDD.scala:279)
[2026-01-29T19:42:34.594+0530] {subprocess.py:106} INFO - 	at org.apache.spark.sql.execution.datasources.FileScanRDD$$anon$1.hasNext(FileScanRDD.scala:129)
[2026-01-29T19:42:34.594+0530] {subprocess.py:106} INFO - 	at org.apache.spark.sql.execution.FileSourceScanExec$$anon$1.hasNext(DataSourceScanExec.scala:593)
[2026-01-29T19:42:34.594+0530] {subprocess.py:106} INFO - 	at org.apache.spark.sql.catalyst.expressions.GeneratedClass$GeneratedIteratorForCodegenStage1.columnartorow_nextBatch_0$(Unknown Source)
[2026-01-29T19:42:34.594+0530] {subprocess.py:106} INFO - 	at org.apache.spark.sql.catalyst.expressions.GeneratedClass$GeneratedIteratorForCodegenStage1.hashAgg_doAggregateWithKeys_0$(Unknown Source)
[2026-01-29T19:42:34.594+0530] {subprocess.py:106} INFO - 	at org.apache.spark.sql.catalyst.expressions.GeneratedClass$GeneratedIteratorForCodegenStage1.processNext(Unknown Source)
[2026-01-29T19:42:34.594+0530] {subprocess.py:106} INFO - 	at org.apache.spark.sql.execution.BufferedRowIterator.hasNext(BufferedRowIterator.java:43)
[2026-01-29T19:42:34.594+0530] {subprocess.py:106} INFO - 	at org.apache.spark.sql.execution.WholeStageCodegenEvaluatorFactory$WholeStageCodegenPartitionEvaluator$$anon$1.hasNext(WholeStageCodegenEvaluatorFactory.scala:43)
[2026-01-29T19:42:34.594+0530] {subprocess.py:106} INFO - 	at scala.collection.Iterator$$anon$10.hasNext(Iterator.scala:460)
[2026-01-29T19:42:34.595+0530] {subprocess.py:106} INFO - 	at org.apache.spark.shuffle.sort.BypassMergeSortShuffleWriter.write(BypassMergeSortShuffleWriter.java:140)
[2026-01-29T19:42:34.595+0530] {subprocess.py:106} INFO - 	at org.apache.spark.shuffle.ShuffleWriteProcessor.write(ShuffleWriteProcessor.scala:59)
[2026-01-29T19:42:34.595+0530] {subprocess.py:106} INFO - 	at org.apache.spark.scheduler.ShuffleMapTask.runTask(ShuffleMapTask.scala:104)
[2026-01-29T19:42:34.595+0530] {subprocess.py:106} INFO - 	at org.apache.spark.scheduler.ShuffleMapTask.runTask(ShuffleMapTask.scala:54)
[2026-01-29T19:42:34.595+0530] {subprocess.py:106} INFO - 	at org.apache.spark.TaskContext.runTaskWithListeners(TaskContext.scala:166)
[2026-01-29T19:42:34.595+0530] {subprocess.py:106} INFO - 	at org.apache.spark.scheduler.Task.run(Task.scala:141)
[2026-01-29T19:42:34.595+0530] {subprocess.py:106} INFO - 	at org.apache.spark.executor.Executor$TaskRunner.$anonfun$run$4(Executor.scala:620)
[2026-01-29T19:42:34.595+0530] {subprocess.py:106} INFO - 	at org.apache.spark.util.SparkErrorUtils.tryWithSafeFinally(SparkErrorUtils.scala:64)
[2026-01-29T19:42:34.595+0530] {subprocess.py:106} INFO - 	at org.apache.spark.util.SparkErrorUtils.tryWithSafeFinally$(SparkErrorUtils.scala:61)
[2026-01-29T19:42:34.595+0530] {subprocess.py:106} INFO - 	at org.apache.spark.util.Utils$.tryWithSafeFinally(Utils.scala:94)
[2026-01-29T19:42:34.595+0530] {subprocess.py:106} INFO - 	at org.apache.spark.executor.Executor$TaskRunner.run(Executor.scala:623)
[2026-01-29T19:42:34.596+0530] {subprocess.py:106} INFO - 	at java.util.concurrent.ThreadPoolExecutor.runWorker(ThreadPoolExecutor.java:1149)
[2026-01-29T19:42:34.596+0530] {subprocess.py:106} INFO - 	at java.util.concurrent.ThreadPoolExecutor$Worker.run(ThreadPoolExecutor.java:624)
[2026-01-29T19:42:34.596+0530] {subprocess.py:106} INFO - 	at java.lang.Thread.run(Thread.java:750)
[2026-01-29T19:42:34.596+0530] {subprocess.py:106} INFO - 
[2026-01-29T19:42:34.641+0530] {subprocess.py:106} INFO - 26/01/29 19:42:34 INFO SparkContext: Invoking stop() from shutdown hook
[2026-01-29T19:42:34.641+0530] {subprocess.py:106} INFO - 26/01/29 19:42:34 INFO SparkContext: SparkContext is stopping with exitCode 0.
[2026-01-29T19:42:34.652+0530] {subprocess.py:106} INFO - 26/01/29 19:42:34 INFO SparkUI: Stopped Spark web UI at http://Aishwarya92848DBDA:4040
[2026-01-29T19:42:34.665+0530] {subprocess.py:106} INFO - 26/01/29 19:42:34 INFO MapOutputTrackerMasterEndpoint: MapOutputTrackerMasterEndpoint stopped!
[2026-01-29T19:42:34.676+0530] {subprocess.py:106} INFO - 26/01/29 19:42:34 INFO MemoryStore: MemoryStore cleared
[2026-01-29T19:42:34.676+0530] {subprocess.py:106} INFO - 26/01/29 19:42:34 INFO BlockManager: BlockManager stopped
[2026-01-29T19:42:34.680+0530] {subprocess.py:106} INFO - 26/01/29 19:42:34 INFO BlockManagerMaster: BlockManagerMaster stopped
[2026-01-29T19:42:34.683+0530] {subprocess.py:106} INFO - 26/01/29 19:42:34 INFO OutputCommitCoordinator$OutputCommitCoordinatorEndpoint: OutputCommitCoordinator stopped!
[2026-01-29T19:42:34.688+0530] {subprocess.py:106} INFO - 26/01/29 19:42:34 INFO SparkContext: Successfully stopped SparkContext
[2026-01-29T19:42:34.688+0530] {subprocess.py:106} INFO - 26/01/29 19:42:34 INFO ShutdownHookManager: Shutdown hook called
[2026-01-29T19:42:34.689+0530] {subprocess.py:106} INFO - 26/01/29 19:42:34 INFO ShutdownHookManager: Deleting directory /tmp/spark-68c99e99-6408-4109-8ba4-7a48f741d886
[2026-01-29T19:42:34.692+0530] {subprocess.py:106} INFO - 26/01/29 19:42:34 INFO ShutdownHookManager: Deleting directory /tmp/spark-323d4920-20c2-4a9e-b916-96c83ff3ab81
[2026-01-29T19:42:34.695+0530] {subprocess.py:106} INFO - 26/01/29 19:42:34 INFO ShutdownHookManager: Deleting directory /tmp/spark-323d4920-20c2-4a9e-b916-96c83ff3ab81/pyspark-a4a7f1b8-0b2b-426a-9f56-09e848e27b6a
[2026-01-29T19:42:34.780+0530] {subprocess.py:110} INFO - Command exited with return code 1
[2026-01-29T19:42:34.788+0530] {taskinstance.py:3336} ERROR - Task failed with exception
Traceback (most recent call last):
  File "/home/hp/Desktop/Bigdata_project/BigData-Project/airflow-venv/lib/python3.10/site-packages/airflow/models/taskinstance.py", line 776, in _execute_task
    result = _execute_callable(context=context, **execute_callable_kwargs)
  File "/home/hp/Desktop/Bigdata_project/BigData-Project/airflow-venv/lib/python3.10/site-packages/airflow/models/taskinstance.py", line 742, in _execute_callable
    return ExecutionCallableRunner(
  File "/home/hp/Desktop/Bigdata_project/BigData-Project/airflow-venv/lib/python3.10/site-packages/airflow/utils/operator_helpers.py", line 252, in run
    return self.func(*args, **kwargs)
  File "/home/hp/Desktop/Bigdata_project/BigData-Project/airflow-venv/lib/python3.10/site-packages/airflow/models/baseoperator.py", line 424, in wrapper
    return func(self, *args, **kwargs)
  File "/home/hp/Desktop/Bigdata_project/BigData-Project/airflow-venv/lib/python3.10/site-packages/airflow/operators/bash.py", line 276, in execute
    raise AirflowException(
airflow.exceptions.AirflowException: Bash command failed. The command returned a non-zero exit code 1.
[2026-01-29T19:42:34.793+0530] {taskinstance.py:1242} INFO - Marking task as UP_FOR_RETRY. dag_id=weather_system_pipeline_final_new, task_id=analyze_weather_data, run_id=scheduled__2026-01-08T00:00:00+00:00, execution_date=20260108T000000, start_date=20260129T141223, end_date=20260129T141234
[2026-01-29T19:42:34.813+0530] {taskinstance.py:349} INFO - ::group::Post task execution logs
[2026-01-29T19:42:34.814+0530] {standard_task_runner.py:124} ERROR - Failed to execute job 353 for task analyze_weather_data (Bash command failed. The command returned a non-zero exit code 1.; 95829)
Traceback (most recent call last):
  File "/home/hp/Desktop/Bigdata_project/BigData-Project/airflow-venv/lib/python3.10/site-packages/airflow/task/task_runner/standard_task_runner.py", line 117, in _start_by_fork
    ret = args.func(args, dag=self.dag)
  File "/home/hp/Desktop/Bigdata_project/BigData-Project/airflow-venv/lib/python3.10/site-packages/airflow/cli/cli_config.py", line 49, in command
    return func(*args, **kwargs)
  File "/home/hp/Desktop/Bigdata_project/BigData-Project/airflow-venv/lib/python3.10/site-packages/airflow/utils/cli.py", line 116, in wrapper
    return f(*args, **kwargs)
  File "/home/hp/Desktop/Bigdata_project/BigData-Project/airflow-venv/lib/python3.10/site-packages/airflow/cli/commands/task_command.py", line 483, in task_run
    task_return_code = _run_task_by_selected_method(args, _dag, ti)
  File "/home/hp/Desktop/Bigdata_project/BigData-Project/airflow-venv/lib/python3.10/site-packages/airflow/cli/commands/task_command.py", line 256, in _run_task_by_selected_method
    return _run_raw_task(args, ti)
  File "/home/hp/Desktop/Bigdata_project/BigData-Project/airflow-venv/lib/python3.10/site-packages/airflow/cli/commands/task_command.py", line 341, in _run_raw_task
    return ti._run_raw_task(
  File "/home/hp/Desktop/Bigdata_project/BigData-Project/airflow-venv/lib/python3.10/site-packages/airflow/utils/session.py", line 97, in wrapper
    return func(*args, session=session, **kwargs)
  File "/home/hp/Desktop/Bigdata_project/BigData-Project/airflow-venv/lib/python3.10/site-packages/airflow/models/taskinstance.py", line 3029, in _run_raw_task
    return _run_raw_task(
  File "/home/hp/Desktop/Bigdata_project/BigData-Project/airflow-venv/lib/python3.10/site-packages/airflow/models/taskinstance.py", line 282, in _run_raw_task
    TaskInstance._execute_task_with_callbacks(
  File "/home/hp/Desktop/Bigdata_project/BigData-Project/airflow-venv/lib/python3.10/site-packages/airflow/models/taskinstance.py", line 3184, in _execute_task_with_callbacks
    result = self._execute_task(context, task_orig)
  File "/home/hp/Desktop/Bigdata_project/BigData-Project/airflow-venv/lib/python3.10/site-packages/airflow/models/taskinstance.py", line 3208, in _execute_task
    return _execute_task(self, context, task_orig)
  File "/home/hp/Desktop/Bigdata_project/BigData-Project/airflow-venv/lib/python3.10/site-packages/airflow/models/taskinstance.py", line 776, in _execute_task
    result = _execute_callable(context=context, **execute_callable_kwargs)
  File "/home/hp/Desktop/Bigdata_project/BigData-Project/airflow-venv/lib/python3.10/site-packages/airflow/models/taskinstance.py", line 742, in _execute_callable
    return ExecutionCallableRunner(
  File "/home/hp/Desktop/Bigdata_project/BigData-Project/airflow-venv/lib/python3.10/site-packages/airflow/utils/operator_helpers.py", line 252, in run
    return self.func(*args, **kwargs)
  File "/home/hp/Desktop/Bigdata_project/BigData-Project/airflow-venv/lib/python3.10/site-packages/airflow/models/baseoperator.py", line 424, in wrapper
    return func(self, *args, **kwargs)
  File "/home/hp/Desktop/Bigdata_project/BigData-Project/airflow-venv/lib/python3.10/site-packages/airflow/operators/bash.py", line 276, in execute
    raise AirflowException(
airflow.exceptions.AirflowException: Bash command failed. The command returned a non-zero exit code 1.
[2026-01-29T19:42:34.833+0530] {local_task_job_runner.py:266} INFO - Task exited with return code 1
[2026-01-29T19:42:34.844+0530] {taskinstance.py:3924} INFO - 0 downstream tasks scheduled from follow-on schedule check
[2026-01-29T19:42:34.845+0530] {local_task_job_runner.py:245} INFO - ::endgroup::
