[2026-01-29T16:44:13.697+0530] {local_task_job_runner.py:123} INFO - ::group::Pre task execution logs
[2026-01-29T16:44:13.710+0530] {taskinstance.py:2631} INFO - Dependencies all met for dep_context=non-requeueable deps ti=<TaskInstance: weather_system_pipeline_v4.analyze_weather_data scheduled__2026-01-28T00:00:00+00:00 [queued]>
[2026-01-29T16:44:13.717+0530] {taskinstance.py:2631} INFO - Dependencies all met for dep_context=requeueable deps ti=<TaskInstance: weather_system_pipeline_v4.analyze_weather_data scheduled__2026-01-28T00:00:00+00:00 [queued]>
[2026-01-29T16:44:13.717+0530] {taskinstance.py:2884} INFO - Starting attempt 2 of 4
[2026-01-29T16:44:13.726+0530] {taskinstance.py:2907} INFO - Executing <Task(BashOperator): analyze_weather_data> on 2026-01-28 00:00:00+00:00
[2026-01-29T16:44:13.729+0530] {standard_task_runner.py:72} INFO - Started process 48473 to run task
[2026-01-29T16:44:13.733+0530] {standard_task_runner.py:104} INFO - Running: ['airflow', 'tasks', 'run', 'weather_system_pipeline_v4', 'analyze_weather_data', 'scheduled__2026-01-28T00:00:00+00:00', '--job-id', '278', '--raw', '--subdir', 'DAGS_FOLDER/dag_2.py', '--cfg-path', '/tmp/tmppdnsl2as']
[2026-01-29T16:44:13.734+0530] {standard_task_runner.py:105} INFO - Job 278: Subtask analyze_weather_data
[2026-01-29T16:44:13.762+0530] {task_command.py:467} INFO - Running <TaskInstance: weather_system_pipeline_v4.analyze_weather_data scheduled__2026-01-28T00:00:00+00:00 [running]> on host Aishwarya92848DBDA
[2026-01-29T16:44:13.806+0530] {taskinstance.py:3157} INFO - Exporting env vars: AIRFLOW_CTX_DAG_OWNER='Aishwarya' AIRFLOW_CTX_DAG_ID='weather_system_pipeline_v4' AIRFLOW_CTX_TASK_ID='analyze_weather_data' AIRFLOW_CTX_EXECUTION_DATE='2026-01-28T00:00:00+00:00' AIRFLOW_CTX_TRY_NUMBER='2' AIRFLOW_CTX_DAG_RUN_ID='scheduled__2026-01-28T00:00:00+00:00'
[2026-01-29T16:44:13.806+0530] {taskinstance.py:740} INFO - ::endgroup::
[2026-01-29T16:44:13.815+0530] {subprocess.py:78} INFO - Tmp dir root location: /tmp
[2026-01-29T16:44:13.816+0530] {subprocess.py:88} INFO - Running command: ['/usr/bin/bash', '-c', '\n        spark-submit --master local[2]         /home/hp/Desktop/Bigdata_project/BigData-Project/processing.py\n        ']
[2026-01-29T16:44:13.824+0530] {subprocess.py:99} INFO - Output:
[2026-01-29T16:44:13.843+0530] {subprocess.py:106} INFO - Traceback (most recent call last):
[2026-01-29T16:44:13.844+0530] {subprocess.py:106} INFO -   File "/home/hp/.local/bin/find_spark_home.py", line 95, in <module>
[2026-01-29T16:44:13.844+0530] {subprocess.py:106} INFO -     print(_find_spark_home())
[2026-01-29T16:44:13.844+0530] {subprocess.py:106} INFO -   File "/home/hp/.local/bin/find_spark_home.py", line 59, in _find_spark_home
[2026-01-29T16:44:13.844+0530] {subprocess.py:106} INFO -     module_home = os.path.dirname(find_spec("pyspark").origin)
[2026-01-29T16:44:13.844+0530] {subprocess.py:106} INFO - AttributeError: 'NoneType' object has no attribute 'origin'
[2026-01-29T16:44:13.846+0530] {subprocess.py:106} INFO - /home/hp/.local/bin/spark-submit: line 27: /bin/spark-class: No such file or directory
[2026-01-29T16:44:13.846+0530] {subprocess.py:110} INFO - Command exited with return code 127
[2026-01-29T16:44:13.853+0530] {taskinstance.py:3336} ERROR - Task failed with exception
Traceback (most recent call last):
  File "/home/hp/Desktop/Bigdata_project/BigData-Project/airflow-venv/lib/python3.10/site-packages/airflow/models/taskinstance.py", line 776, in _execute_task
    result = _execute_callable(context=context, **execute_callable_kwargs)
  File "/home/hp/Desktop/Bigdata_project/BigData-Project/airflow-venv/lib/python3.10/site-packages/airflow/models/taskinstance.py", line 742, in _execute_callable
    return ExecutionCallableRunner(
  File "/home/hp/Desktop/Bigdata_project/BigData-Project/airflow-venv/lib/python3.10/site-packages/airflow/utils/operator_helpers.py", line 252, in run
    return self.func(*args, **kwargs)
  File "/home/hp/Desktop/Bigdata_project/BigData-Project/airflow-venv/lib/python3.10/site-packages/airflow/models/baseoperator.py", line 424, in wrapper
    return func(self, *args, **kwargs)
  File "/home/hp/Desktop/Bigdata_project/BigData-Project/airflow-venv/lib/python3.10/site-packages/airflow/operators/bash.py", line 276, in execute
    raise AirflowException(
airflow.exceptions.AirflowException: Bash command failed. The command returned a non-zero exit code 127.
[2026-01-29T16:44:13.858+0530] {taskinstance.py:1242} INFO - Marking task as UP_FOR_RETRY. dag_id=weather_system_pipeline_v4, task_id=analyze_weather_data, run_id=scheduled__2026-01-28T00:00:00+00:00, execution_date=20260128T000000, start_date=20260129T111413, end_date=20260129T111413
[2026-01-29T16:44:13.875+0530] {taskinstance.py:349} INFO - ::group::Post task execution logs
[2026-01-29T16:44:13.875+0530] {standard_task_runner.py:124} ERROR - Failed to execute job 278 for task analyze_weather_data (Bash command failed. The command returned a non-zero exit code 127.; 48473)
Traceback (most recent call last):
  File "/home/hp/Desktop/Bigdata_project/BigData-Project/airflow-venv/lib/python3.10/site-packages/airflow/task/task_runner/standard_task_runner.py", line 117, in _start_by_fork
    ret = args.func(args, dag=self.dag)
  File "/home/hp/Desktop/Bigdata_project/BigData-Project/airflow-venv/lib/python3.10/site-packages/airflow/cli/cli_config.py", line 49, in command
    return func(*args, **kwargs)
  File "/home/hp/Desktop/Bigdata_project/BigData-Project/airflow-venv/lib/python3.10/site-packages/airflow/utils/cli.py", line 116, in wrapper
    return f(*args, **kwargs)
  File "/home/hp/Desktop/Bigdata_project/BigData-Project/airflow-venv/lib/python3.10/site-packages/airflow/cli/commands/task_command.py", line 483, in task_run
    task_return_code = _run_task_by_selected_method(args, _dag, ti)
  File "/home/hp/Desktop/Bigdata_project/BigData-Project/airflow-venv/lib/python3.10/site-packages/airflow/cli/commands/task_command.py", line 256, in _run_task_by_selected_method
    return _run_raw_task(args, ti)
  File "/home/hp/Desktop/Bigdata_project/BigData-Project/airflow-venv/lib/python3.10/site-packages/airflow/cli/commands/task_command.py", line 341, in _run_raw_task
    return ti._run_raw_task(
  File "/home/hp/Desktop/Bigdata_project/BigData-Project/airflow-venv/lib/python3.10/site-packages/airflow/utils/session.py", line 97, in wrapper
    return func(*args, session=session, **kwargs)
  File "/home/hp/Desktop/Bigdata_project/BigData-Project/airflow-venv/lib/python3.10/site-packages/airflow/models/taskinstance.py", line 3029, in _run_raw_task
    return _run_raw_task(
  File "/home/hp/Desktop/Bigdata_project/BigData-Project/airflow-venv/lib/python3.10/site-packages/airflow/models/taskinstance.py", line 282, in _run_raw_task
    TaskInstance._execute_task_with_callbacks(
  File "/home/hp/Desktop/Bigdata_project/BigData-Project/airflow-venv/lib/python3.10/site-packages/airflow/models/taskinstance.py", line 3184, in _execute_task_with_callbacks
    result = self._execute_task(context, task_orig)
  File "/home/hp/Desktop/Bigdata_project/BigData-Project/airflow-venv/lib/python3.10/site-packages/airflow/models/taskinstance.py", line 3208, in _execute_task
    return _execute_task(self, context, task_orig)
  File "/home/hp/Desktop/Bigdata_project/BigData-Project/airflow-venv/lib/python3.10/site-packages/airflow/models/taskinstance.py", line 776, in _execute_task
    result = _execute_callable(context=context, **execute_callable_kwargs)
  File "/home/hp/Desktop/Bigdata_project/BigData-Project/airflow-venv/lib/python3.10/site-packages/airflow/models/taskinstance.py", line 742, in _execute_callable
    return ExecutionCallableRunner(
  File "/home/hp/Desktop/Bigdata_project/BigData-Project/airflow-venv/lib/python3.10/site-packages/airflow/utils/operator_helpers.py", line 252, in run
    return self.func(*args, **kwargs)
  File "/home/hp/Desktop/Bigdata_project/BigData-Project/airflow-venv/lib/python3.10/site-packages/airflow/models/baseoperator.py", line 424, in wrapper
    return func(self, *args, **kwargs)
  File "/home/hp/Desktop/Bigdata_project/BigData-Project/airflow-venv/lib/python3.10/site-packages/airflow/operators/bash.py", line 276, in execute
    raise AirflowException(
airflow.exceptions.AirflowException: Bash command failed. The command returned a non-zero exit code 127.
[2026-01-29T16:44:13.906+0530] {local_task_job_runner.py:266} INFO - Task exited with return code 1
[2026-01-29T16:44:13.920+0530] {taskinstance.py:3924} INFO - 0 downstream tasks scheduled from follow-on schedule check
[2026-01-29T16:44:13.921+0530] {local_task_job_runner.py:245} INFO - ::endgroup::
