[2026-01-29T15:55:57.591+0530] {processor.py:186} INFO - Started process (PID=28380) to work on /home/hp/Desktop/Bigdata_project/BigData-Project/airflow-venv/lib/python3.10/site-packages/airflow/example_dags/example_outlet_event_extra.py
[2026-01-29T15:55:57.593+0530] {processor.py:914} INFO - Processing file /home/hp/Desktop/Bigdata_project/BigData-Project/airflow-venv/lib/python3.10/site-packages/airflow/example_dags/example_outlet_event_extra.py for tasks to queue
[2026-01-29T15:55:57.595+0530] {logging_mixin.py:190} INFO - [2026-01-29T15:55:57.595+0530] {dagbag.py:588} INFO - Filling up the DagBag from /home/hp/Desktop/Bigdata_project/BigData-Project/airflow-venv/lib/python3.10/site-packages/airflow/example_dags/example_outlet_event_extra.py
[2026-01-29T15:55:57.614+0530] {processor.py:925} INFO - DAG(s) 'dataset_with_extra_from_classic_operator', 'dataset_with_extra_by_yield', 'dataset_with_extra_by_context' retrieved from /home/hp/Desktop/Bigdata_project/BigData-Project/airflow-venv/lib/python3.10/site-packages/airflow/example_dags/example_outlet_event_extra.py
[2026-01-29T15:55:57.737+0530] {logging_mixin.py:190} INFO - [2026-01-29T15:55:57.736+0530] {override.py:1930} INFO - Created Permission View: can edit on DAG:dataset_with_extra_from_classic_operator
[2026-01-29T15:55:57.750+0530] {logging_mixin.py:190} INFO - [2026-01-29T15:55:57.749+0530] {override.py:1930} INFO - Created Permission View: can delete on DAG:dataset_with_extra_from_classic_operator
[2026-01-29T15:55:57.760+0530] {logging_mixin.py:190} INFO - [2026-01-29T15:55:57.759+0530] {override.py:1930} INFO - Created Permission View: can read on DAG:dataset_with_extra_from_classic_operator
[2026-01-29T15:55:57.774+0530] {logging_mixin.py:190} INFO - [2026-01-29T15:55:57.773+0530] {override.py:1930} INFO - Created Permission View: can delete on DAG Run:dataset_with_extra_from_classic_operator
[2026-01-29T15:55:57.782+0530] {logging_mixin.py:190} INFO - [2026-01-29T15:55:57.782+0530] {override.py:1930} INFO - Created Permission View: can read on DAG Run:dataset_with_extra_from_classic_operator
[2026-01-29T15:55:57.792+0530] {logging_mixin.py:190} INFO - [2026-01-29T15:55:57.791+0530] {override.py:1930} INFO - Created Permission View: menu access on DAG Run:dataset_with_extra_from_classic_operator
[2026-01-29T15:55:57.801+0530] {logging_mixin.py:190} INFO - [2026-01-29T15:55:57.801+0530] {override.py:1930} INFO - Created Permission View: can create on DAG Run:dataset_with_extra_from_classic_operator
[2026-01-29T15:55:57.821+0530] {logging_mixin.py:190} INFO - [2026-01-29T15:55:57.821+0530] {override.py:1930} INFO - Created Permission View: can edit on DAG:dataset_with_extra_by_yield
[2026-01-29T15:55:57.830+0530] {logging_mixin.py:190} INFO - [2026-01-29T15:55:57.829+0530] {override.py:1930} INFO - Created Permission View: can delete on DAG:dataset_with_extra_by_yield
[2026-01-29T15:55:57.840+0530] {logging_mixin.py:190} INFO - [2026-01-29T15:55:57.839+0530] {override.py:1930} INFO - Created Permission View: can read on DAG:dataset_with_extra_by_yield
[2026-01-29T15:55:57.852+0530] {logging_mixin.py:190} INFO - [2026-01-29T15:55:57.851+0530] {override.py:1930} INFO - Created Permission View: can delete on DAG Run:dataset_with_extra_by_yield
[2026-01-29T15:55:57.861+0530] {logging_mixin.py:190} INFO - [2026-01-29T15:55:57.860+0530] {override.py:1930} INFO - Created Permission View: can read on DAG Run:dataset_with_extra_by_yield
[2026-01-29T15:55:57.870+0530] {logging_mixin.py:190} INFO - [2026-01-29T15:55:57.869+0530] {override.py:1930} INFO - Created Permission View: menu access on DAG Run:dataset_with_extra_by_yield
[2026-01-29T15:55:57.878+0530] {logging_mixin.py:190} INFO - [2026-01-29T15:55:57.878+0530] {override.py:1930} INFO - Created Permission View: can create on DAG Run:dataset_with_extra_by_yield
[2026-01-29T15:55:57.896+0530] {logging_mixin.py:190} INFO - [2026-01-29T15:55:57.896+0530] {override.py:1930} INFO - Created Permission View: can edit on DAG:dataset_with_extra_by_context
[2026-01-29T15:55:57.906+0530] {logging_mixin.py:190} INFO - [2026-01-29T15:55:57.905+0530] {override.py:1930} INFO - Created Permission View: can delete on DAG:dataset_with_extra_by_context
[2026-01-29T15:55:57.914+0530] {logging_mixin.py:190} INFO - [2026-01-29T15:55:57.914+0530] {override.py:1930} INFO - Created Permission View: can read on DAG:dataset_with_extra_by_context
[2026-01-29T15:55:57.926+0530] {logging_mixin.py:190} INFO - [2026-01-29T15:55:57.926+0530] {override.py:1930} INFO - Created Permission View: can delete on DAG Run:dataset_with_extra_by_context
[2026-01-29T15:55:57.936+0530] {logging_mixin.py:190} INFO - [2026-01-29T15:55:57.935+0530] {override.py:1930} INFO - Created Permission View: can read on DAG Run:dataset_with_extra_by_context
[2026-01-29T15:55:57.945+0530] {logging_mixin.py:190} INFO - [2026-01-29T15:55:57.944+0530] {override.py:1930} INFO - Created Permission View: menu access on DAG Run:dataset_with_extra_by_context
[2026-01-29T15:55:57.954+0530] {logging_mixin.py:190} INFO - [2026-01-29T15:55:57.953+0530] {override.py:1930} INFO - Created Permission View: can create on DAG Run:dataset_with_extra_by_context
[2026-01-29T15:55:57.954+0530] {logging_mixin.py:190} INFO - [2026-01-29T15:55:57.954+0530] {dag.py:3239} INFO - Sync 3 DAGs
[2026-01-29T15:55:57.970+0530] {logging_mixin.py:190} INFO - [2026-01-29T15:55:57.970+0530] {dag.py:3262} INFO - Creating ORM DAG for dataset_with_extra_by_yield
[2026-01-29T15:55:57.971+0530] {logging_mixin.py:190} INFO - [2026-01-29T15:55:57.971+0530] {dag.py:3262} INFO - Creating ORM DAG for dataset_with_extra_by_context
[2026-01-29T15:55:57.971+0530] {logging_mixin.py:190} INFO - [2026-01-29T15:55:57.971+0530] {dag.py:3262} INFO - Creating ORM DAG for dataset_with_extra_from_classic_operator
[2026-01-29T15:55:57.982+0530] {logging_mixin.py:190} INFO - [2026-01-29T15:55:57.982+0530] {dag.py:4180} INFO - Setting next_dagrun for dataset_with_extra_by_context to 2026-01-28 00:00:00+00:00, run_after=2026-01-29 00:00:00+00:00
[2026-01-29T15:55:57.984+0530] {logging_mixin.py:190} INFO - [2026-01-29T15:55:57.984+0530] {dag.py:4180} INFO - Setting next_dagrun for dataset_with_extra_by_yield to 2026-01-28 00:00:00+00:00, run_after=2026-01-29 00:00:00+00:00
[2026-01-29T15:55:57.987+0530] {logging_mixin.py:190} INFO - [2026-01-29T15:55:57.986+0530] {dag.py:4180} INFO - Setting next_dagrun for dataset_with_extra_from_classic_operator to 2026-01-28 00:00:00+00:00, run_after=2026-01-29 00:00:00+00:00
[2026-01-29T15:55:58.013+0530] {processor.py:208} INFO - Processing /home/hp/Desktop/Bigdata_project/BigData-Project/airflow-venv/lib/python3.10/site-packages/airflow/example_dags/example_outlet_event_extra.py took 0.430 seconds
[2026-01-29T15:57:01.489+0530] {processor.py:186} INFO - Started process (PID=28621) to work on /home/hp/Desktop/Bigdata_project/BigData-Project/airflow-venv/lib/python3.10/site-packages/airflow/example_dags/example_outlet_event_extra.py
[2026-01-29T15:57:01.495+0530] {processor.py:914} INFO - Processing file /home/hp/Desktop/Bigdata_project/BigData-Project/airflow-venv/lib/python3.10/site-packages/airflow/example_dags/example_outlet_event_extra.py for tasks to queue
[2026-01-29T15:57:01.498+0530] {logging_mixin.py:190} INFO - [2026-01-29T15:57:01.498+0530] {dagbag.py:588} INFO - Filling up the DagBag from /home/hp/Desktop/Bigdata_project/BigData-Project/airflow-venv/lib/python3.10/site-packages/airflow/example_dags/example_outlet_event_extra.py
[2026-01-29T15:57:01.514+0530] {processor.py:925} INFO - DAG(s) 'dataset_with_extra_by_yield', 'dataset_with_extra_from_classic_operator', 'dataset_with_extra_by_context' retrieved from /home/hp/Desktop/Bigdata_project/BigData-Project/airflow-venv/lib/python3.10/site-packages/airflow/example_dags/example_outlet_event_extra.py
[2026-01-29T15:57:01.540+0530] {logging_mixin.py:190} INFO - [2026-01-29T15:57:01.539+0530] {dag.py:3239} INFO - Sync 3 DAGs
[2026-01-29T15:57:01.564+0530] {logging_mixin.py:190} INFO - [2026-01-29T15:57:01.563+0530] {dag.py:4180} INFO - Setting next_dagrun for dataset_with_extra_by_context to 2026-01-28 00:00:00+00:00, run_after=2026-01-29 00:00:00+00:00
[2026-01-29T15:57:01.570+0530] {logging_mixin.py:190} INFO - [2026-01-29T15:57:01.570+0530] {dag.py:4180} INFO - Setting next_dagrun for dataset_with_extra_by_yield to 2026-01-28 00:00:00+00:00, run_after=2026-01-29 00:00:00+00:00
[2026-01-29T15:57:01.573+0530] {logging_mixin.py:190} INFO - [2026-01-29T15:57:01.572+0530] {dag.py:4180} INFO - Setting next_dagrun for dataset_with_extra_from_classic_operator to 2026-01-28 00:00:00+00:00, run_after=2026-01-29 00:00:00+00:00
[2026-01-29T15:57:01.597+0530] {processor.py:208} INFO - Processing /home/hp/Desktop/Bigdata_project/BigData-Project/airflow-venv/lib/python3.10/site-packages/airflow/example_dags/example_outlet_event_extra.py took 0.115 seconds
[2026-01-29T16:00:32.560+0530] {processor.py:186} INFO - Started process (PID=29336) to work on /home/hp/Desktop/Bigdata_project/BigData-Project/airflow-venv/lib/python3.10/site-packages/airflow/example_dags/example_outlet_event_extra.py
[2026-01-29T16:00:32.566+0530] {processor.py:914} INFO - Processing file /home/hp/Desktop/Bigdata_project/BigData-Project/airflow-venv/lib/python3.10/site-packages/airflow/example_dags/example_outlet_event_extra.py for tasks to queue
[2026-01-29T16:00:32.569+0530] {logging_mixin.py:190} INFO - [2026-01-29T16:00:32.568+0530] {dagbag.py:588} INFO - Filling up the DagBag from /home/hp/Desktop/Bigdata_project/BigData-Project/airflow-venv/lib/python3.10/site-packages/airflow/example_dags/example_outlet_event_extra.py
[2026-01-29T16:00:32.585+0530] {processor.py:925} INFO - DAG(s) 'dataset_with_extra_by_context', 'dataset_with_extra_by_yield', 'dataset_with_extra_from_classic_operator' retrieved from /home/hp/Desktop/Bigdata_project/BigData-Project/airflow-venv/lib/python3.10/site-packages/airflow/example_dags/example_outlet_event_extra.py
[2026-01-29T16:00:32.608+0530] {logging_mixin.py:190} INFO - [2026-01-29T16:00:32.608+0530] {dag.py:3239} INFO - Sync 3 DAGs
[2026-01-29T16:00:32.629+0530] {logging_mixin.py:190} INFO - [2026-01-29T16:00:32.629+0530] {dag.py:4180} INFO - Setting next_dagrun for dataset_with_extra_by_context to 2026-01-28 00:00:00+00:00, run_after=2026-01-29 00:00:00+00:00
[2026-01-29T16:00:32.635+0530] {logging_mixin.py:190} INFO - [2026-01-29T16:00:32.635+0530] {dag.py:4180} INFO - Setting next_dagrun for dataset_with_extra_by_yield to 2026-01-28 00:00:00+00:00, run_after=2026-01-29 00:00:00+00:00
[2026-01-29T16:00:32.637+0530] {logging_mixin.py:190} INFO - [2026-01-29T16:00:32.637+0530] {dag.py:4180} INFO - Setting next_dagrun for dataset_with_extra_from_classic_operator to 2026-01-28 00:00:00+00:00, run_after=2026-01-29 00:00:00+00:00
[2026-01-29T16:00:32.659+0530] {processor.py:208} INFO - Processing /home/hp/Desktop/Bigdata_project/BigData-Project/airflow-venv/lib/python3.10/site-packages/airflow/example_dags/example_outlet_event_extra.py took 0.106 seconds
[2026-01-29T16:01:28.714+0530] {processor.py:186} INFO - Started process (PID=29571) to work on /home/hp/Desktop/Bigdata_project/BigData-Project/airflow-venv/lib/python3.10/site-packages/airflow/example_dags/example_outlet_event_extra.py
[2026-01-29T16:01:28.720+0530] {processor.py:914} INFO - Processing file /home/hp/Desktop/Bigdata_project/BigData-Project/airflow-venv/lib/python3.10/site-packages/airflow/example_dags/example_outlet_event_extra.py for tasks to queue
[2026-01-29T16:01:28.723+0530] {logging_mixin.py:190} INFO - [2026-01-29T16:01:28.722+0530] {dagbag.py:588} INFO - Filling up the DagBag from /home/hp/Desktop/Bigdata_project/BigData-Project/airflow-venv/lib/python3.10/site-packages/airflow/example_dags/example_outlet_event_extra.py
[2026-01-29T16:01:28.740+0530] {processor.py:925} INFO - DAG(s) 'dataset_with_extra_from_classic_operator', 'dataset_with_extra_by_yield', 'dataset_with_extra_by_context' retrieved from /home/hp/Desktop/Bigdata_project/BigData-Project/airflow-venv/lib/python3.10/site-packages/airflow/example_dags/example_outlet_event_extra.py
[2026-01-29T16:01:28.763+0530] {logging_mixin.py:190} INFO - [2026-01-29T16:01:28.763+0530] {dag.py:3239} INFO - Sync 3 DAGs
[2026-01-29T16:01:28.787+0530] {logging_mixin.py:190} INFO - [2026-01-29T16:01:28.787+0530] {dag.py:4180} INFO - Setting next_dagrun for dataset_with_extra_by_context to 2026-01-28 00:00:00+00:00, run_after=2026-01-29 00:00:00+00:00
[2026-01-29T16:01:28.792+0530] {logging_mixin.py:190} INFO - [2026-01-29T16:01:28.792+0530] {dag.py:4180} INFO - Setting next_dagrun for dataset_with_extra_by_yield to 2026-01-28 00:00:00+00:00, run_after=2026-01-29 00:00:00+00:00
[2026-01-29T16:01:28.795+0530] {logging_mixin.py:190} INFO - [2026-01-29T16:01:28.795+0530] {dag.py:4180} INFO - Setting next_dagrun for dataset_with_extra_from_classic_operator to 2026-01-28 00:00:00+00:00, run_after=2026-01-29 00:00:00+00:00
[2026-01-29T16:01:28.821+0530] {processor.py:208} INFO - Processing /home/hp/Desktop/Bigdata_project/BigData-Project/airflow-venv/lib/python3.10/site-packages/airflow/example_dags/example_outlet_event_extra.py took 0.115 seconds
[2026-01-29T16:02:26.404+0530] {processor.py:186} INFO - Started process (PID=29821) to work on /home/hp/Desktop/Bigdata_project/BigData-Project/airflow-venv/lib/python3.10/site-packages/airflow/example_dags/example_outlet_event_extra.py
[2026-01-29T16:02:26.410+0530] {processor.py:914} INFO - Processing file /home/hp/Desktop/Bigdata_project/BigData-Project/airflow-venv/lib/python3.10/site-packages/airflow/example_dags/example_outlet_event_extra.py for tasks to queue
[2026-01-29T16:02:26.412+0530] {logging_mixin.py:190} INFO - [2026-01-29T16:02:26.412+0530] {dagbag.py:588} INFO - Filling up the DagBag from /home/hp/Desktop/Bigdata_project/BigData-Project/airflow-venv/lib/python3.10/site-packages/airflow/example_dags/example_outlet_event_extra.py
[2026-01-29T16:02:26.428+0530] {processor.py:925} INFO - DAG(s) 'dataset_with_extra_by_yield', 'dataset_with_extra_by_context', 'dataset_with_extra_from_classic_operator' retrieved from /home/hp/Desktop/Bigdata_project/BigData-Project/airflow-venv/lib/python3.10/site-packages/airflow/example_dags/example_outlet_event_extra.py
[2026-01-29T16:02:26.450+0530] {logging_mixin.py:190} INFO - [2026-01-29T16:02:26.450+0530] {dag.py:3239} INFO - Sync 3 DAGs
[2026-01-29T16:02:26.472+0530] {logging_mixin.py:190} INFO - [2026-01-29T16:02:26.472+0530] {dag.py:4180} INFO - Setting next_dagrun for dataset_with_extra_by_context to 2026-01-28 00:00:00+00:00, run_after=2026-01-29 00:00:00+00:00
[2026-01-29T16:02:26.477+0530] {logging_mixin.py:190} INFO - [2026-01-29T16:02:26.477+0530] {dag.py:4180} INFO - Setting next_dagrun for dataset_with_extra_by_yield to 2026-01-28 00:00:00+00:00, run_after=2026-01-29 00:00:00+00:00
[2026-01-29T16:02:26.480+0530] {logging_mixin.py:190} INFO - [2026-01-29T16:02:26.480+0530] {dag.py:4180} INFO - Setting next_dagrun for dataset_with_extra_from_classic_operator to 2026-01-28 00:00:00+00:00, run_after=2026-01-29 00:00:00+00:00
[2026-01-29T16:02:26.505+0530] {processor.py:208} INFO - Processing /home/hp/Desktop/Bigdata_project/BigData-Project/airflow-venv/lib/python3.10/site-packages/airflow/example_dags/example_outlet_event_extra.py took 0.108 seconds
[2026-01-29T16:03:20.633+0530] {processor.py:186} INFO - Started process (PID=30049) to work on /home/hp/Desktop/Bigdata_project/BigData-Project/airflow-venv/lib/python3.10/site-packages/airflow/example_dags/example_outlet_event_extra.py
[2026-01-29T16:03:20.639+0530] {processor.py:914} INFO - Processing file /home/hp/Desktop/Bigdata_project/BigData-Project/airflow-venv/lib/python3.10/site-packages/airflow/example_dags/example_outlet_event_extra.py for tasks to queue
[2026-01-29T16:03:20.642+0530] {logging_mixin.py:190} INFO - [2026-01-29T16:03:20.641+0530] {dagbag.py:588} INFO - Filling up the DagBag from /home/hp/Desktop/Bigdata_project/BigData-Project/airflow-venv/lib/python3.10/site-packages/airflow/example_dags/example_outlet_event_extra.py
[2026-01-29T16:03:20.658+0530] {processor.py:925} INFO - DAG(s) 'dataset_with_extra_by_yield', 'dataset_with_extra_by_context', 'dataset_with_extra_from_classic_operator' retrieved from /home/hp/Desktop/Bigdata_project/BigData-Project/airflow-venv/lib/python3.10/site-packages/airflow/example_dags/example_outlet_event_extra.py
[2026-01-29T16:03:20.679+0530] {logging_mixin.py:190} INFO - [2026-01-29T16:03:20.679+0530] {dag.py:3239} INFO - Sync 3 DAGs
[2026-01-29T16:03:20.701+0530] {logging_mixin.py:190} INFO - [2026-01-29T16:03:20.700+0530] {dag.py:4180} INFO - Setting next_dagrun for dataset_with_extra_by_context to 2026-01-28 00:00:00+00:00, run_after=2026-01-29 00:00:00+00:00
[2026-01-29T16:03:20.706+0530] {logging_mixin.py:190} INFO - [2026-01-29T16:03:20.705+0530] {dag.py:4180} INFO - Setting next_dagrun for dataset_with_extra_by_yield to 2026-01-28 00:00:00+00:00, run_after=2026-01-29 00:00:00+00:00
[2026-01-29T16:03:20.708+0530] {logging_mixin.py:190} INFO - [2026-01-29T16:03:20.708+0530] {dag.py:4180} INFO - Setting next_dagrun for dataset_with_extra_from_classic_operator to 2026-01-28 00:00:00+00:00, run_after=2026-01-29 00:00:00+00:00
[2026-01-29T16:03:20.730+0530] {processor.py:208} INFO - Processing /home/hp/Desktop/Bigdata_project/BigData-Project/airflow-venv/lib/python3.10/site-packages/airflow/example_dags/example_outlet_event_extra.py took 0.104 seconds
[2026-01-29T16:04:15.025+0530] {processor.py:186} INFO - Started process (PID=30249) to work on /home/hp/Desktop/Bigdata_project/BigData-Project/airflow-venv/lib/python3.10/site-packages/airflow/example_dags/example_outlet_event_extra.py
[2026-01-29T16:04:15.032+0530] {processor.py:914} INFO - Processing file /home/hp/Desktop/Bigdata_project/BigData-Project/airflow-venv/lib/python3.10/site-packages/airflow/example_dags/example_outlet_event_extra.py for tasks to queue
[2026-01-29T16:04:15.034+0530] {logging_mixin.py:190} INFO - [2026-01-29T16:04:15.034+0530] {dagbag.py:588} INFO - Filling up the DagBag from /home/hp/Desktop/Bigdata_project/BigData-Project/airflow-venv/lib/python3.10/site-packages/airflow/example_dags/example_outlet_event_extra.py
[2026-01-29T16:04:15.050+0530] {processor.py:925} INFO - DAG(s) 'dataset_with_extra_from_classic_operator', 'dataset_with_extra_by_yield', 'dataset_with_extra_by_context' retrieved from /home/hp/Desktop/Bigdata_project/BigData-Project/airflow-venv/lib/python3.10/site-packages/airflow/example_dags/example_outlet_event_extra.py
[2026-01-29T16:04:15.073+0530] {logging_mixin.py:190} INFO - [2026-01-29T16:04:15.073+0530] {dag.py:3239} INFO - Sync 3 DAGs
[2026-01-29T16:04:15.095+0530] {logging_mixin.py:190} INFO - [2026-01-29T16:04:15.095+0530] {dag.py:4180} INFO - Setting next_dagrun for dataset_with_extra_by_context to 2026-01-28 00:00:00+00:00, run_after=2026-01-29 00:00:00+00:00
[2026-01-29T16:04:15.100+0530] {logging_mixin.py:190} INFO - [2026-01-29T16:04:15.100+0530] {dag.py:4180} INFO - Setting next_dagrun for dataset_with_extra_by_yield to 2026-01-28 00:00:00+00:00, run_after=2026-01-29 00:00:00+00:00
[2026-01-29T16:04:15.103+0530] {logging_mixin.py:190} INFO - [2026-01-29T16:04:15.102+0530] {dag.py:4180} INFO - Setting next_dagrun for dataset_with_extra_from_classic_operator to 2026-01-28 00:00:00+00:00, run_after=2026-01-29 00:00:00+00:00
[2026-01-29T16:04:15.126+0530] {processor.py:208} INFO - Processing /home/hp/Desktop/Bigdata_project/BigData-Project/airflow-venv/lib/python3.10/site-packages/airflow/example_dags/example_outlet_event_extra.py took 0.107 seconds
[2026-01-29T16:05:12.282+0530] {processor.py:186} INFO - Started process (PID=30545) to work on /home/hp/Desktop/Bigdata_project/BigData-Project/airflow-venv/lib/python3.10/site-packages/airflow/example_dags/example_outlet_event_extra.py
[2026-01-29T16:05:12.288+0530] {processor.py:914} INFO - Processing file /home/hp/Desktop/Bigdata_project/BigData-Project/airflow-venv/lib/python3.10/site-packages/airflow/example_dags/example_outlet_event_extra.py for tasks to queue
[2026-01-29T16:05:12.290+0530] {logging_mixin.py:190} INFO - [2026-01-29T16:05:12.290+0530] {dagbag.py:588} INFO - Filling up the DagBag from /home/hp/Desktop/Bigdata_project/BigData-Project/airflow-venv/lib/python3.10/site-packages/airflow/example_dags/example_outlet_event_extra.py
[2026-01-29T16:05:12.306+0530] {processor.py:925} INFO - DAG(s) 'dataset_with_extra_by_context', 'dataset_with_extra_by_yield', 'dataset_with_extra_from_classic_operator' retrieved from /home/hp/Desktop/Bigdata_project/BigData-Project/airflow-venv/lib/python3.10/site-packages/airflow/example_dags/example_outlet_event_extra.py
[2026-01-29T16:05:12.328+0530] {logging_mixin.py:190} INFO - [2026-01-29T16:05:12.328+0530] {dag.py:3239} INFO - Sync 3 DAGs
[2026-01-29T16:05:12.350+0530] {logging_mixin.py:190} INFO - [2026-01-29T16:05:12.350+0530] {dag.py:4180} INFO - Setting next_dagrun for dataset_with_extra_by_context to 2026-01-28 00:00:00+00:00, run_after=2026-01-29 00:00:00+00:00
[2026-01-29T16:05:12.355+0530] {logging_mixin.py:190} INFO - [2026-01-29T16:05:12.355+0530] {dag.py:4180} INFO - Setting next_dagrun for dataset_with_extra_by_yield to 2026-01-28 00:00:00+00:00, run_after=2026-01-29 00:00:00+00:00
[2026-01-29T16:05:12.358+0530] {logging_mixin.py:190} INFO - [2026-01-29T16:05:12.358+0530] {dag.py:4180} INFO - Setting next_dagrun for dataset_with_extra_from_classic_operator to 2026-01-28 00:00:00+00:00, run_after=2026-01-29 00:00:00+00:00
[2026-01-29T16:05:12.380+0530] {processor.py:208} INFO - Processing /home/hp/Desktop/Bigdata_project/BigData-Project/airflow-venv/lib/python3.10/site-packages/airflow/example_dags/example_outlet_event_extra.py took 0.105 seconds
[2026-01-29T16:06:08.035+0530] {processor.py:186} INFO - Started process (PID=30774) to work on /home/hp/Desktop/Bigdata_project/BigData-Project/airflow-venv/lib/python3.10/site-packages/airflow/example_dags/example_outlet_event_extra.py
[2026-01-29T16:06:08.041+0530] {processor.py:914} INFO - Processing file /home/hp/Desktop/Bigdata_project/BigData-Project/airflow-venv/lib/python3.10/site-packages/airflow/example_dags/example_outlet_event_extra.py for tasks to queue
[2026-01-29T16:06:08.044+0530] {logging_mixin.py:190} INFO - [2026-01-29T16:06:08.044+0530] {dagbag.py:588} INFO - Filling up the DagBag from /home/hp/Desktop/Bigdata_project/BigData-Project/airflow-venv/lib/python3.10/site-packages/airflow/example_dags/example_outlet_event_extra.py
[2026-01-29T16:06:08.060+0530] {processor.py:925} INFO - DAG(s) 'dataset_with_extra_from_classic_operator', 'dataset_with_extra_by_yield', 'dataset_with_extra_by_context' retrieved from /home/hp/Desktop/Bigdata_project/BigData-Project/airflow-venv/lib/python3.10/site-packages/airflow/example_dags/example_outlet_event_extra.py
[2026-01-29T16:06:08.083+0530] {logging_mixin.py:190} INFO - [2026-01-29T16:06:08.083+0530] {dag.py:3239} INFO - Sync 3 DAGs
[2026-01-29T16:06:08.106+0530] {logging_mixin.py:190} INFO - [2026-01-29T16:06:08.105+0530] {dag.py:4180} INFO - Setting next_dagrun for dataset_with_extra_by_context to 2026-01-28 00:00:00+00:00, run_after=2026-01-29 00:00:00+00:00
[2026-01-29T16:06:08.111+0530] {logging_mixin.py:190} INFO - [2026-01-29T16:06:08.111+0530] {dag.py:4180} INFO - Setting next_dagrun for dataset_with_extra_by_yield to 2026-01-28 00:00:00+00:00, run_after=2026-01-29 00:00:00+00:00
[2026-01-29T16:06:08.114+0530] {logging_mixin.py:190} INFO - [2026-01-29T16:06:08.114+0530] {dag.py:4180} INFO - Setting next_dagrun for dataset_with_extra_from_classic_operator to 2026-01-28 00:00:00+00:00, run_after=2026-01-29 00:00:00+00:00
[2026-01-29T16:06:08.137+0530] {processor.py:208} INFO - Processing /home/hp/Desktop/Bigdata_project/BigData-Project/airflow-venv/lib/python3.10/site-packages/airflow/example_dags/example_outlet_event_extra.py took 0.109 seconds
[2026-01-29T16:07:04.737+0530] {processor.py:186} INFO - Started process (PID=31077) to work on /home/hp/Desktop/Bigdata_project/BigData-Project/airflow-venv/lib/python3.10/site-packages/airflow/example_dags/example_outlet_event_extra.py
[2026-01-29T16:07:04.743+0530] {processor.py:914} INFO - Processing file /home/hp/Desktop/Bigdata_project/BigData-Project/airflow-venv/lib/python3.10/site-packages/airflow/example_dags/example_outlet_event_extra.py for tasks to queue
[2026-01-29T16:07:04.747+0530] {logging_mixin.py:190} INFO - [2026-01-29T16:07:04.746+0530] {dagbag.py:588} INFO - Filling up the DagBag from /home/hp/Desktop/Bigdata_project/BigData-Project/airflow-venv/lib/python3.10/site-packages/airflow/example_dags/example_outlet_event_extra.py
[2026-01-29T16:07:04.764+0530] {processor.py:925} INFO - DAG(s) 'dataset_with_extra_by_context', 'dataset_with_extra_from_classic_operator', 'dataset_with_extra_by_yield' retrieved from /home/hp/Desktop/Bigdata_project/BigData-Project/airflow-venv/lib/python3.10/site-packages/airflow/example_dags/example_outlet_event_extra.py
[2026-01-29T16:07:04.787+0530] {logging_mixin.py:190} INFO - [2026-01-29T16:07:04.787+0530] {dag.py:3239} INFO - Sync 3 DAGs
[2026-01-29T16:07:04.810+0530] {logging_mixin.py:190} INFO - [2026-01-29T16:07:04.810+0530] {dag.py:4180} INFO - Setting next_dagrun for dataset_with_extra_by_context to 2026-01-28 00:00:00+00:00, run_after=2026-01-29 00:00:00+00:00
[2026-01-29T16:07:04.816+0530] {logging_mixin.py:190} INFO - [2026-01-29T16:07:04.816+0530] {dag.py:4180} INFO - Setting next_dagrun for dataset_with_extra_by_yield to 2026-01-28 00:00:00+00:00, run_after=2026-01-29 00:00:00+00:00
[2026-01-29T16:07:04.819+0530] {logging_mixin.py:190} INFO - [2026-01-29T16:07:04.819+0530] {dag.py:4180} INFO - Setting next_dagrun for dataset_with_extra_from_classic_operator to 2026-01-28 00:00:00+00:00, run_after=2026-01-29 00:00:00+00:00
[2026-01-29T16:07:04.841+0530] {processor.py:208} INFO - Processing /home/hp/Desktop/Bigdata_project/BigData-Project/airflow-venv/lib/python3.10/site-packages/airflow/example_dags/example_outlet_event_extra.py took 0.111 seconds
[2026-01-29T16:08:02.652+0530] {processor.py:186} INFO - Started process (PID=31314) to work on /home/hp/Desktop/Bigdata_project/BigData-Project/airflow-venv/lib/python3.10/site-packages/airflow/example_dags/example_outlet_event_extra.py
[2026-01-29T16:08:02.654+0530] {processor.py:914} INFO - Processing file /home/hp/Desktop/Bigdata_project/BigData-Project/airflow-venv/lib/python3.10/site-packages/airflow/example_dags/example_outlet_event_extra.py for tasks to queue
[2026-01-29T16:08:02.656+0530] {logging_mixin.py:190} INFO - [2026-01-29T16:08:02.655+0530] {dagbag.py:588} INFO - Filling up the DagBag from /home/hp/Desktop/Bigdata_project/BigData-Project/airflow-venv/lib/python3.10/site-packages/airflow/example_dags/example_outlet_event_extra.py
[2026-01-29T16:08:02.671+0530] {processor.py:925} INFO - DAG(s) 'dataset_with_extra_by_yield', 'dataset_with_extra_by_context', 'dataset_with_extra_from_classic_operator' retrieved from /home/hp/Desktop/Bigdata_project/BigData-Project/airflow-venv/lib/python3.10/site-packages/airflow/example_dags/example_outlet_event_extra.py
[2026-01-29T16:08:02.693+0530] {logging_mixin.py:190} INFO - [2026-01-29T16:08:02.693+0530] {dag.py:3239} INFO - Sync 3 DAGs
[2026-01-29T16:08:02.715+0530] {logging_mixin.py:190} INFO - [2026-01-29T16:08:02.715+0530] {dag.py:4180} INFO - Setting next_dagrun for dataset_with_extra_by_context to 2026-01-28 00:00:00+00:00, run_after=2026-01-29 00:00:00+00:00
[2026-01-29T16:08:02.720+0530] {logging_mixin.py:190} INFO - [2026-01-29T16:08:02.720+0530] {dag.py:4180} INFO - Setting next_dagrun for dataset_with_extra_by_yield to 2026-01-28 00:00:00+00:00, run_after=2026-01-29 00:00:00+00:00
[2026-01-29T16:08:02.723+0530] {logging_mixin.py:190} INFO - [2026-01-29T16:08:02.722+0530] {dag.py:4180} INFO - Setting next_dagrun for dataset_with_extra_from_classic_operator to 2026-01-28 00:00:00+00:00, run_after=2026-01-29 00:00:00+00:00
[2026-01-29T16:08:02.746+0530] {processor.py:208} INFO - Processing /home/hp/Desktop/Bigdata_project/BigData-Project/airflow-venv/lib/python3.10/site-packages/airflow/example_dags/example_outlet_event_extra.py took 0.100 seconds
[2026-01-29T16:09:10.080+0530] {processor.py:186} INFO - Started process (PID=31641) to work on /home/hp/Desktop/Bigdata_project/BigData-Project/airflow-venv/lib/python3.10/site-packages/airflow/example_dags/example_outlet_event_extra.py
[2026-01-29T16:09:10.087+0530] {processor.py:914} INFO - Processing file /home/hp/Desktop/Bigdata_project/BigData-Project/airflow-venv/lib/python3.10/site-packages/airflow/example_dags/example_outlet_event_extra.py for tasks to queue
[2026-01-29T16:09:10.090+0530] {logging_mixin.py:190} INFO - [2026-01-29T16:09:10.089+0530] {dagbag.py:588} INFO - Filling up the DagBag from /home/hp/Desktop/Bigdata_project/BigData-Project/airflow-venv/lib/python3.10/site-packages/airflow/example_dags/example_outlet_event_extra.py
[2026-01-29T16:09:10.105+0530] {processor.py:925} INFO - DAG(s) 'dataset_with_extra_by_context', 'dataset_with_extra_from_classic_operator', 'dataset_with_extra_by_yield' retrieved from /home/hp/Desktop/Bigdata_project/BigData-Project/airflow-venv/lib/python3.10/site-packages/airflow/example_dags/example_outlet_event_extra.py
[2026-01-29T16:09:10.198+0530] {logging_mixin.py:190} INFO - [2026-01-29T16:09:10.197+0530] {override.py:1930} INFO - Created Permission View: can edit on DAG:dataset_with_extra_by_context
[2026-01-29T16:09:10.209+0530] {logging_mixin.py:190} INFO - [2026-01-29T16:09:10.208+0530] {override.py:1930} INFO - Created Permission View: can delete on DAG:dataset_with_extra_by_context
[2026-01-29T16:09:10.216+0530] {logging_mixin.py:190} INFO - [2026-01-29T16:09:10.216+0530] {override.py:1930} INFO - Created Permission View: can read on DAG:dataset_with_extra_by_context
[2026-01-29T16:09:10.227+0530] {logging_mixin.py:190} INFO - [2026-01-29T16:09:10.226+0530] {override.py:1930} INFO - Created Permission View: menu access on DAG Run:dataset_with_extra_by_context
[2026-01-29T16:09:10.234+0530] {logging_mixin.py:190} INFO - [2026-01-29T16:09:10.234+0530] {override.py:1930} INFO - Created Permission View: can delete on DAG Run:dataset_with_extra_by_context
[2026-01-29T16:09:10.241+0530] {logging_mixin.py:190} INFO - [2026-01-29T16:09:10.241+0530] {override.py:1930} INFO - Created Permission View: can create on DAG Run:dataset_with_extra_by_context
[2026-01-29T16:09:10.249+0530] {logging_mixin.py:190} INFO - [2026-01-29T16:09:10.248+0530] {override.py:1930} INFO - Created Permission View: can read on DAG Run:dataset_with_extra_by_context
[2026-01-29T16:09:10.264+0530] {logging_mixin.py:190} INFO - [2026-01-29T16:09:10.264+0530] {override.py:1930} INFO - Created Permission View: can edit on DAG:dataset_with_extra_from_classic_operator
[2026-01-29T16:09:10.271+0530] {logging_mixin.py:190} INFO - [2026-01-29T16:09:10.271+0530] {override.py:1930} INFO - Created Permission View: can delete on DAG:dataset_with_extra_from_classic_operator
[2026-01-29T16:09:10.279+0530] {logging_mixin.py:190} INFO - [2026-01-29T16:09:10.278+0530] {override.py:1930} INFO - Created Permission View: can read on DAG:dataset_with_extra_from_classic_operator
[2026-01-29T16:09:10.291+0530] {logging_mixin.py:190} INFO - [2026-01-29T16:09:10.290+0530] {override.py:1930} INFO - Created Permission View: menu access on DAG Run:dataset_with_extra_from_classic_operator
[2026-01-29T16:09:10.298+0530] {logging_mixin.py:190} INFO - [2026-01-29T16:09:10.298+0530] {override.py:1930} INFO - Created Permission View: can delete on DAG Run:dataset_with_extra_from_classic_operator
[2026-01-29T16:09:10.306+0530] {logging_mixin.py:190} INFO - [2026-01-29T16:09:10.305+0530] {override.py:1930} INFO - Created Permission View: can create on DAG Run:dataset_with_extra_from_classic_operator
[2026-01-29T16:09:10.313+0530] {logging_mixin.py:190} INFO - [2026-01-29T16:09:10.313+0530] {override.py:1930} INFO - Created Permission View: can read on DAG Run:dataset_with_extra_from_classic_operator
[2026-01-29T16:09:10.327+0530] {logging_mixin.py:190} INFO - [2026-01-29T16:09:10.327+0530] {override.py:1930} INFO - Created Permission View: can edit on DAG:dataset_with_extra_by_yield
[2026-01-29T16:09:10.334+0530] {logging_mixin.py:190} INFO - [2026-01-29T16:09:10.334+0530] {override.py:1930} INFO - Created Permission View: can delete on DAG:dataset_with_extra_by_yield
[2026-01-29T16:09:10.341+0530] {logging_mixin.py:190} INFO - [2026-01-29T16:09:10.341+0530] {override.py:1930} INFO - Created Permission View: can read on DAG:dataset_with_extra_by_yield
[2026-01-29T16:09:10.352+0530] {logging_mixin.py:190} INFO - [2026-01-29T16:09:10.352+0530] {override.py:1930} INFO - Created Permission View: menu access on DAG Run:dataset_with_extra_by_yield
[2026-01-29T16:09:10.360+0530] {logging_mixin.py:190} INFO - [2026-01-29T16:09:10.359+0530] {override.py:1930} INFO - Created Permission View: can delete on DAG Run:dataset_with_extra_by_yield
[2026-01-29T16:09:10.367+0530] {logging_mixin.py:190} INFO - [2026-01-29T16:09:10.366+0530] {override.py:1930} INFO - Created Permission View: can create on DAG Run:dataset_with_extra_by_yield
[2026-01-29T16:09:10.374+0530] {logging_mixin.py:190} INFO - [2026-01-29T16:09:10.374+0530] {override.py:1930} INFO - Created Permission View: can read on DAG Run:dataset_with_extra_by_yield
[2026-01-29T16:09:10.375+0530] {logging_mixin.py:190} INFO - [2026-01-29T16:09:10.375+0530] {dag.py:3239} INFO - Sync 3 DAGs
[2026-01-29T16:09:10.386+0530] {logging_mixin.py:190} INFO - [2026-01-29T16:09:10.386+0530] {dag.py:3262} INFO - Creating ORM DAG for dataset_with_extra_from_classic_operator
[2026-01-29T16:09:10.387+0530] {logging_mixin.py:190} INFO - [2026-01-29T16:09:10.387+0530] {dag.py:3262} INFO - Creating ORM DAG for dataset_with_extra_by_context
[2026-01-29T16:09:10.387+0530] {logging_mixin.py:190} INFO - [2026-01-29T16:09:10.387+0530] {dag.py:3262} INFO - Creating ORM DAG for dataset_with_extra_by_yield
[2026-01-29T16:09:10.397+0530] {logging_mixin.py:190} INFO - [2026-01-29T16:09:10.397+0530] {dag.py:4180} INFO - Setting next_dagrun for dataset_with_extra_by_context to 2026-01-28 00:00:00+00:00, run_after=2026-01-29 00:00:00+00:00
[2026-01-29T16:09:10.399+0530] {logging_mixin.py:190} INFO - [2026-01-29T16:09:10.399+0530] {dag.py:4180} INFO - Setting next_dagrun for dataset_with_extra_by_yield to 2026-01-28 00:00:00+00:00, run_after=2026-01-29 00:00:00+00:00
[2026-01-29T16:09:10.401+0530] {logging_mixin.py:190} INFO - [2026-01-29T16:09:10.400+0530] {dag.py:4180} INFO - Setting next_dagrun for dataset_with_extra_from_classic_operator to 2026-01-28 00:00:00+00:00, run_after=2026-01-29 00:00:00+00:00
[2026-01-29T16:09:10.422+0530] {processor.py:208} INFO - Processing /home/hp/Desktop/Bigdata_project/BigData-Project/airflow-venv/lib/python3.10/site-packages/airflow/example_dags/example_outlet_event_extra.py took 0.349 seconds
