[2026-01-29T15:55:55.074+0530] {processor.py:186} INFO - Started process (PID=28371) to work on /home/hp/Desktop/Bigdata_project/BigData-Project/airflow-venv/lib/python3.10/site-packages/airflow/example_dags/example_latest_only.py
[2026-01-29T15:55:55.075+0530] {processor.py:914} INFO - Processing file /home/hp/Desktop/Bigdata_project/BigData-Project/airflow-venv/lib/python3.10/site-packages/airflow/example_dags/example_latest_only.py for tasks to queue
[2026-01-29T15:55:55.078+0530] {logging_mixin.py:190} INFO - [2026-01-29T15:55:55.077+0530] {dagbag.py:588} INFO - Filling up the DagBag from /home/hp/Desktop/Bigdata_project/BigData-Project/airflow-venv/lib/python3.10/site-packages/airflow/example_dags/example_latest_only.py
[2026-01-29T15:55:55.088+0530] {processor.py:925} INFO - DAG(s) 'latest_only' retrieved from /home/hp/Desktop/Bigdata_project/BigData-Project/airflow-venv/lib/python3.10/site-packages/airflow/example_dags/example_latest_only.py
[2026-01-29T15:55:55.225+0530] {logging_mixin.py:190} INFO - [2026-01-29T15:55:55.224+0530] {override.py:1930} INFO - Created Permission View: can edit on DAG:latest_only
[2026-01-29T15:55:55.240+0530] {logging_mixin.py:190} INFO - [2026-01-29T15:55:55.239+0530] {override.py:1930} INFO - Created Permission View: can delete on DAG:latest_only
[2026-01-29T15:55:55.252+0530] {logging_mixin.py:190} INFO - [2026-01-29T15:55:55.252+0530] {override.py:1930} INFO - Created Permission View: can read on DAG:latest_only
[2026-01-29T15:55:55.268+0530] {logging_mixin.py:190} INFO - [2026-01-29T15:55:55.267+0530] {override.py:1930} INFO - Created Permission View: can delete on DAG Run:latest_only
[2026-01-29T15:55:55.277+0530] {logging_mixin.py:190} INFO - [2026-01-29T15:55:55.277+0530] {override.py:1930} INFO - Created Permission View: can read on DAG Run:latest_only
[2026-01-29T15:55:55.288+0530] {logging_mixin.py:190} INFO - [2026-01-29T15:55:55.287+0530] {override.py:1930} INFO - Created Permission View: menu access on DAG Run:latest_only
[2026-01-29T15:55:55.297+0530] {logging_mixin.py:190} INFO - [2026-01-29T15:55:55.296+0530] {override.py:1930} INFO - Created Permission View: can create on DAG Run:latest_only
[2026-01-29T15:55:55.297+0530] {logging_mixin.py:190} INFO - [2026-01-29T15:55:55.297+0530] {dag.py:3239} INFO - Sync 1 DAGs
[2026-01-29T15:55:55.312+0530] {logging_mixin.py:190} INFO - [2026-01-29T15:55:55.312+0530] {dag.py:3262} INFO - Creating ORM DAG for latest_only
[2026-01-29T15:55:55.324+0530] {logging_mixin.py:190} INFO - [2026-01-29T15:55:55.323+0530] {dag.py:4180} INFO - Setting next_dagrun for latest_only to 2026-01-29 04:00:00+00:00, run_after=2026-01-29 08:00:00+00:00
[2026-01-29T15:55:55.352+0530] {processor.py:208} INFO - Processing /home/hp/Desktop/Bigdata_project/BigData-Project/airflow-venv/lib/python3.10/site-packages/airflow/example_dags/example_latest_only.py took 0.287 seconds
[2026-01-29T15:56:59.277+0530] {processor.py:186} INFO - Started process (PID=28617) to work on /home/hp/Desktop/Bigdata_project/BigData-Project/airflow-venv/lib/python3.10/site-packages/airflow/example_dags/example_latest_only.py
[2026-01-29T15:56:59.283+0530] {processor.py:914} INFO - Processing file /home/hp/Desktop/Bigdata_project/BigData-Project/airflow-venv/lib/python3.10/site-packages/airflow/example_dags/example_latest_only.py for tasks to queue
[2026-01-29T15:56:59.285+0530] {logging_mixin.py:190} INFO - [2026-01-29T15:56:59.285+0530] {dagbag.py:588} INFO - Filling up the DagBag from /home/hp/Desktop/Bigdata_project/BigData-Project/airflow-venv/lib/python3.10/site-packages/airflow/example_dags/example_latest_only.py
[2026-01-29T15:56:59.293+0530] {processor.py:925} INFO - DAG(s) 'latest_only' retrieved from /home/hp/Desktop/Bigdata_project/BigData-Project/airflow-venv/lib/python3.10/site-packages/airflow/example_dags/example_latest_only.py
[2026-01-29T15:56:59.309+0530] {logging_mixin.py:190} INFO - [2026-01-29T15:56:59.309+0530] {dag.py:3239} INFO - Sync 1 DAGs
[2026-01-29T15:56:59.330+0530] {logging_mixin.py:190} INFO - [2026-01-29T15:56:59.330+0530] {dag.py:4180} INFO - Setting next_dagrun for latest_only to 2026-01-29 04:00:00+00:00, run_after=2026-01-29 08:00:00+00:00
[2026-01-29T15:56:59.351+0530] {processor.py:208} INFO - Processing /home/hp/Desktop/Bigdata_project/BigData-Project/airflow-venv/lib/python3.10/site-packages/airflow/example_dags/example_latest_only.py took 0.081 seconds
[2026-01-29T16:00:30.265+0530] {processor.py:186} INFO - Started process (PID=29312) to work on /home/hp/Desktop/Bigdata_project/BigData-Project/airflow-venv/lib/python3.10/site-packages/airflow/example_dags/example_latest_only.py
[2026-01-29T16:00:30.271+0530] {processor.py:914} INFO - Processing file /home/hp/Desktop/Bigdata_project/BigData-Project/airflow-venv/lib/python3.10/site-packages/airflow/example_dags/example_latest_only.py for tasks to queue
[2026-01-29T16:00:30.274+0530] {logging_mixin.py:190} INFO - [2026-01-29T16:00:30.273+0530] {dagbag.py:588} INFO - Filling up the DagBag from /home/hp/Desktop/Bigdata_project/BigData-Project/airflow-venv/lib/python3.10/site-packages/airflow/example_dags/example_latest_only.py
[2026-01-29T16:00:30.281+0530] {processor.py:925} INFO - DAG(s) 'latest_only' retrieved from /home/hp/Desktop/Bigdata_project/BigData-Project/airflow-venv/lib/python3.10/site-packages/airflow/example_dags/example_latest_only.py
[2026-01-29T16:00:30.299+0530] {logging_mixin.py:190} INFO - [2026-01-29T16:00:30.299+0530] {dag.py:3239} INFO - Sync 1 DAGs
[2026-01-29T16:00:30.320+0530] {logging_mixin.py:190} INFO - [2026-01-29T16:00:30.320+0530] {dag.py:4180} INFO - Setting next_dagrun for latest_only to 2026-01-29 04:00:00+00:00, run_after=2026-01-29 08:00:00+00:00
[2026-01-29T16:00:30.341+0530] {processor.py:208} INFO - Processing /home/hp/Desktop/Bigdata_project/BigData-Project/airflow-venv/lib/python3.10/site-packages/airflow/example_dags/example_latest_only.py took 0.083 seconds
[2026-01-29T16:01:27.056+0530] {processor.py:186} INFO - Started process (PID=29567) to work on /home/hp/Desktop/Bigdata_project/BigData-Project/airflow-venv/lib/python3.10/site-packages/airflow/example_dags/example_latest_only.py
[2026-01-29T16:01:27.062+0530] {processor.py:914} INFO - Processing file /home/hp/Desktop/Bigdata_project/BigData-Project/airflow-venv/lib/python3.10/site-packages/airflow/example_dags/example_latest_only.py for tasks to queue
[2026-01-29T16:01:27.066+0530] {logging_mixin.py:190} INFO - [2026-01-29T16:01:27.065+0530] {dagbag.py:588} INFO - Filling up the DagBag from /home/hp/Desktop/Bigdata_project/BigData-Project/airflow-venv/lib/python3.10/site-packages/airflow/example_dags/example_latest_only.py
[2026-01-29T16:01:27.075+0530] {processor.py:925} INFO - DAG(s) 'latest_only' retrieved from /home/hp/Desktop/Bigdata_project/BigData-Project/airflow-venv/lib/python3.10/site-packages/airflow/example_dags/example_latest_only.py
[2026-01-29T16:01:27.092+0530] {logging_mixin.py:190} INFO - [2026-01-29T16:01:27.092+0530] {dag.py:3239} INFO - Sync 1 DAGs
[2026-01-29T16:01:27.114+0530] {logging_mixin.py:190} INFO - [2026-01-29T16:01:27.114+0530] {dag.py:4180} INFO - Setting next_dagrun for latest_only to 2026-01-29 04:00:00+00:00, run_after=2026-01-29 08:00:00+00:00
[2026-01-29T16:01:27.136+0530] {processor.py:208} INFO - Processing /home/hp/Desktop/Bigdata_project/BigData-Project/airflow-venv/lib/python3.10/site-packages/airflow/example_dags/example_latest_only.py took 0.087 seconds
[2026-01-29T16:02:24.113+0530] {processor.py:186} INFO - Started process (PID=29816) to work on /home/hp/Desktop/Bigdata_project/BigData-Project/airflow-venv/lib/python3.10/site-packages/airflow/example_dags/example_latest_only.py
[2026-01-29T16:02:24.120+0530] {processor.py:914} INFO - Processing file /home/hp/Desktop/Bigdata_project/BigData-Project/airflow-venv/lib/python3.10/site-packages/airflow/example_dags/example_latest_only.py for tasks to queue
[2026-01-29T16:02:24.122+0530] {logging_mixin.py:190} INFO - [2026-01-29T16:02:24.122+0530] {dagbag.py:588} INFO - Filling up the DagBag from /home/hp/Desktop/Bigdata_project/BigData-Project/airflow-venv/lib/python3.10/site-packages/airflow/example_dags/example_latest_only.py
[2026-01-29T16:02:24.130+0530] {processor.py:925} INFO - DAG(s) 'latest_only' retrieved from /home/hp/Desktop/Bigdata_project/BigData-Project/airflow-venv/lib/python3.10/site-packages/airflow/example_dags/example_latest_only.py
[2026-01-29T16:02:24.146+0530] {logging_mixin.py:190} INFO - [2026-01-29T16:02:24.146+0530] {dag.py:3239} INFO - Sync 1 DAGs
[2026-01-29T16:02:24.167+0530] {logging_mixin.py:190} INFO - [2026-01-29T16:02:24.167+0530] {dag.py:4180} INFO - Setting next_dagrun for latest_only to 2026-01-29 04:00:00+00:00, run_after=2026-01-29 08:00:00+00:00
[2026-01-29T16:02:24.188+0530] {processor.py:208} INFO - Processing /home/hp/Desktop/Bigdata_project/BigData-Project/airflow-venv/lib/python3.10/site-packages/airflow/example_dags/example_latest_only.py took 0.081 seconds
[2026-01-29T16:03:18.544+0530] {processor.py:186} INFO - Started process (PID=30042) to work on /home/hp/Desktop/Bigdata_project/BigData-Project/airflow-venv/lib/python3.10/site-packages/airflow/example_dags/example_latest_only.py
[2026-01-29T16:03:18.546+0530] {processor.py:914} INFO - Processing file /home/hp/Desktop/Bigdata_project/BigData-Project/airflow-venv/lib/python3.10/site-packages/airflow/example_dags/example_latest_only.py for tasks to queue
[2026-01-29T16:03:18.548+0530] {logging_mixin.py:190} INFO - [2026-01-29T16:03:18.548+0530] {dagbag.py:588} INFO - Filling up the DagBag from /home/hp/Desktop/Bigdata_project/BigData-Project/airflow-venv/lib/python3.10/site-packages/airflow/example_dags/example_latest_only.py
[2026-01-29T16:03:18.556+0530] {processor.py:925} INFO - DAG(s) 'latest_only' retrieved from /home/hp/Desktop/Bigdata_project/BigData-Project/airflow-venv/lib/python3.10/site-packages/airflow/example_dags/example_latest_only.py
[2026-01-29T16:03:18.572+0530] {logging_mixin.py:190} INFO - [2026-01-29T16:03:18.572+0530] {dag.py:3239} INFO - Sync 1 DAGs
[2026-01-29T16:03:18.592+0530] {logging_mixin.py:190} INFO - [2026-01-29T16:03:18.592+0530] {dag.py:4180} INFO - Setting next_dagrun for latest_only to 2026-01-29 04:00:00+00:00, run_after=2026-01-29 08:00:00+00:00
[2026-01-29T16:03:18.612+0530] {processor.py:208} INFO - Processing /home/hp/Desktop/Bigdata_project/BigData-Project/airflow-venv/lib/python3.10/site-packages/airflow/example_dags/example_latest_only.py took 0.074 seconds
[2026-01-29T16:04:12.724+0530] {processor.py:186} INFO - Started process (PID=30241) to work on /home/hp/Desktop/Bigdata_project/BigData-Project/airflow-venv/lib/python3.10/site-packages/airflow/example_dags/example_latest_only.py
[2026-01-29T16:04:12.731+0530] {processor.py:914} INFO - Processing file /home/hp/Desktop/Bigdata_project/BigData-Project/airflow-venv/lib/python3.10/site-packages/airflow/example_dags/example_latest_only.py for tasks to queue
[2026-01-29T16:04:12.733+0530] {logging_mixin.py:190} INFO - [2026-01-29T16:04:12.733+0530] {dagbag.py:588} INFO - Filling up the DagBag from /home/hp/Desktop/Bigdata_project/BigData-Project/airflow-venv/lib/python3.10/site-packages/airflow/example_dags/example_latest_only.py
[2026-01-29T16:04:12.741+0530] {processor.py:925} INFO - DAG(s) 'latest_only' retrieved from /home/hp/Desktop/Bigdata_project/BigData-Project/airflow-venv/lib/python3.10/site-packages/airflow/example_dags/example_latest_only.py
[2026-01-29T16:04:12.757+0530] {logging_mixin.py:190} INFO - [2026-01-29T16:04:12.757+0530] {dag.py:3239} INFO - Sync 1 DAGs
[2026-01-29T16:04:12.778+0530] {logging_mixin.py:190} INFO - [2026-01-29T16:04:12.777+0530] {dag.py:4180} INFO - Setting next_dagrun for latest_only to 2026-01-29 04:00:00+00:00, run_after=2026-01-29 08:00:00+00:00
[2026-01-29T16:04:12.798+0530] {processor.py:208} INFO - Processing /home/hp/Desktop/Bigdata_project/BigData-Project/airflow-venv/lib/python3.10/site-packages/airflow/example_dags/example_latest_only.py took 0.081 seconds
[2026-01-29T16:05:09.991+0530] {processor.py:186} INFO - Started process (PID=30539) to work on /home/hp/Desktop/Bigdata_project/BigData-Project/airflow-venv/lib/python3.10/site-packages/airflow/example_dags/example_latest_only.py
[2026-01-29T16:05:09.997+0530] {processor.py:914} INFO - Processing file /home/hp/Desktop/Bigdata_project/BigData-Project/airflow-venv/lib/python3.10/site-packages/airflow/example_dags/example_latest_only.py for tasks to queue
[2026-01-29T16:05:10.000+0530] {logging_mixin.py:190} INFO - [2026-01-29T16:05:09.999+0530] {dagbag.py:588} INFO - Filling up the DagBag from /home/hp/Desktop/Bigdata_project/BigData-Project/airflow-venv/lib/python3.10/site-packages/airflow/example_dags/example_latest_only.py
[2026-01-29T16:05:10.008+0530] {processor.py:925} INFO - DAG(s) 'latest_only' retrieved from /home/hp/Desktop/Bigdata_project/BigData-Project/airflow-venv/lib/python3.10/site-packages/airflow/example_dags/example_latest_only.py
[2026-01-29T16:05:10.024+0530] {logging_mixin.py:190} INFO - [2026-01-29T16:05:10.024+0530] {dag.py:3239} INFO - Sync 1 DAGs
[2026-01-29T16:05:10.045+0530] {logging_mixin.py:190} INFO - [2026-01-29T16:05:10.045+0530] {dag.py:4180} INFO - Setting next_dagrun for latest_only to 2026-01-29 04:00:00+00:00, run_after=2026-01-29 08:00:00+00:00
[2026-01-29T16:05:10.066+0530] {processor.py:208} INFO - Processing /home/hp/Desktop/Bigdata_project/BigData-Project/airflow-venv/lib/python3.10/site-packages/airflow/example_dags/example_latest_only.py took 0.083 seconds
[2026-01-29T16:06:05.744+0530] {processor.py:186} INFO - Started process (PID=30768) to work on /home/hp/Desktop/Bigdata_project/BigData-Project/airflow-venv/lib/python3.10/site-packages/airflow/example_dags/example_latest_only.py
[2026-01-29T16:06:05.751+0530] {processor.py:914} INFO - Processing file /home/hp/Desktop/Bigdata_project/BigData-Project/airflow-venv/lib/python3.10/site-packages/airflow/example_dags/example_latest_only.py for tasks to queue
[2026-01-29T16:06:05.753+0530] {logging_mixin.py:190} INFO - [2026-01-29T16:06:05.753+0530] {dagbag.py:588} INFO - Filling up the DagBag from /home/hp/Desktop/Bigdata_project/BigData-Project/airflow-venv/lib/python3.10/site-packages/airflow/example_dags/example_latest_only.py
[2026-01-29T16:06:05.761+0530] {processor.py:925} INFO - DAG(s) 'latest_only' retrieved from /home/hp/Desktop/Bigdata_project/BigData-Project/airflow-venv/lib/python3.10/site-packages/airflow/example_dags/example_latest_only.py
[2026-01-29T16:06:05.777+0530] {logging_mixin.py:190} INFO - [2026-01-29T16:06:05.777+0530] {dag.py:3239} INFO - Sync 1 DAGs
[2026-01-29T16:06:05.798+0530] {logging_mixin.py:190} INFO - [2026-01-29T16:06:05.798+0530] {dag.py:4180} INFO - Setting next_dagrun for latest_only to 2026-01-29 04:00:00+00:00, run_after=2026-01-29 08:00:00+00:00
[2026-01-29T16:06:05.821+0530] {processor.py:208} INFO - Processing /home/hp/Desktop/Bigdata_project/BigData-Project/airflow-venv/lib/python3.10/site-packages/airflow/example_dags/example_latest_only.py took 0.083 seconds
[2026-01-29T16:07:03.022+0530] {processor.py:186} INFO - Started process (PID=31073) to work on /home/hp/Desktop/Bigdata_project/BigData-Project/airflow-venv/lib/python3.10/site-packages/airflow/example_dags/example_latest_only.py
[2026-01-29T16:07:03.029+0530] {processor.py:914} INFO - Processing file /home/hp/Desktop/Bigdata_project/BigData-Project/airflow-venv/lib/python3.10/site-packages/airflow/example_dags/example_latest_only.py for tasks to queue
[2026-01-29T16:07:03.031+0530] {logging_mixin.py:190} INFO - [2026-01-29T16:07:03.031+0530] {dagbag.py:588} INFO - Filling up the DagBag from /home/hp/Desktop/Bigdata_project/BigData-Project/airflow-venv/lib/python3.10/site-packages/airflow/example_dags/example_latest_only.py
[2026-01-29T16:07:03.039+0530] {processor.py:925} INFO - DAG(s) 'latest_only' retrieved from /home/hp/Desktop/Bigdata_project/BigData-Project/airflow-venv/lib/python3.10/site-packages/airflow/example_dags/example_latest_only.py
[2026-01-29T16:07:03.056+0530] {logging_mixin.py:190} INFO - [2026-01-29T16:07:03.055+0530] {dag.py:3239} INFO - Sync 1 DAGs
[2026-01-29T16:07:03.077+0530] {logging_mixin.py:190} INFO - [2026-01-29T16:07:03.077+0530] {dag.py:4180} INFO - Setting next_dagrun for latest_only to 2026-01-29 04:00:00+00:00, run_after=2026-01-29 08:00:00+00:00
[2026-01-29T16:07:03.098+0530] {processor.py:208} INFO - Processing /home/hp/Desktop/Bigdata_project/BigData-Project/airflow-venv/lib/python3.10/site-packages/airflow/example_dags/example_latest_only.py took 0.082 seconds
[2026-01-29T16:08:00.710+0530] {processor.py:186} INFO - Started process (PID=31309) to work on /home/hp/Desktop/Bigdata_project/BigData-Project/airflow-venv/lib/python3.10/site-packages/airflow/example_dags/example_latest_only.py
[2026-01-29T16:08:00.716+0530] {processor.py:914} INFO - Processing file /home/hp/Desktop/Bigdata_project/BigData-Project/airflow-venv/lib/python3.10/site-packages/airflow/example_dags/example_latest_only.py for tasks to queue
[2026-01-29T16:08:00.719+0530] {logging_mixin.py:190} INFO - [2026-01-29T16:08:00.719+0530] {dagbag.py:588} INFO - Filling up the DagBag from /home/hp/Desktop/Bigdata_project/BigData-Project/airflow-venv/lib/python3.10/site-packages/airflow/example_dags/example_latest_only.py
[2026-01-29T16:08:00.727+0530] {processor.py:925} INFO - DAG(s) 'latest_only' retrieved from /home/hp/Desktop/Bigdata_project/BigData-Project/airflow-venv/lib/python3.10/site-packages/airflow/example_dags/example_latest_only.py
[2026-01-29T16:08:00.743+0530] {logging_mixin.py:190} INFO - [2026-01-29T16:08:00.743+0530] {dag.py:3239} INFO - Sync 1 DAGs
[2026-01-29T16:08:00.763+0530] {logging_mixin.py:190} INFO - [2026-01-29T16:08:00.763+0530] {dag.py:4180} INFO - Setting next_dagrun for latest_only to 2026-01-29 04:00:00+00:00, run_after=2026-01-29 08:00:00+00:00
[2026-01-29T16:08:00.783+0530] {processor.py:208} INFO - Processing /home/hp/Desktop/Bigdata_project/BigData-Project/airflow-venv/lib/python3.10/site-packages/airflow/example_dags/example_latest_only.py took 0.079 seconds
[2026-01-29T16:09:07.474+0530] {processor.py:186} INFO - Started process (PID=31633) to work on /home/hp/Desktop/Bigdata_project/BigData-Project/airflow-venv/lib/python3.10/site-packages/airflow/example_dags/example_latest_only.py
[2026-01-29T16:09:07.480+0530] {processor.py:914} INFO - Processing file /home/hp/Desktop/Bigdata_project/BigData-Project/airflow-venv/lib/python3.10/site-packages/airflow/example_dags/example_latest_only.py for tasks to queue
[2026-01-29T16:09:07.482+0530] {logging_mixin.py:190} INFO - [2026-01-29T16:09:07.482+0530] {dagbag.py:588} INFO - Filling up the DagBag from /home/hp/Desktop/Bigdata_project/BigData-Project/airflow-venv/lib/python3.10/site-packages/airflow/example_dags/example_latest_only.py
[2026-01-29T16:09:07.490+0530] {processor.py:925} INFO - DAG(s) 'latest_only' retrieved from /home/hp/Desktop/Bigdata_project/BigData-Project/airflow-venv/lib/python3.10/site-packages/airflow/example_dags/example_latest_only.py
[2026-01-29T16:09:07.584+0530] {logging_mixin.py:190} INFO - [2026-01-29T16:09:07.583+0530] {override.py:1930} INFO - Created Permission View: can edit on DAG:latest_only
[2026-01-29T16:09:07.596+0530] {logging_mixin.py:190} INFO - [2026-01-29T16:09:07.595+0530] {override.py:1930} INFO - Created Permission View: can delete on DAG:latest_only
[2026-01-29T16:09:07.603+0530] {logging_mixin.py:190} INFO - [2026-01-29T16:09:07.602+0530] {override.py:1930} INFO - Created Permission View: can read on DAG:latest_only
[2026-01-29T16:09:07.614+0530] {logging_mixin.py:190} INFO - [2026-01-29T16:09:07.613+0530] {override.py:1930} INFO - Created Permission View: menu access on DAG Run:latest_only
[2026-01-29T16:09:07.621+0530] {logging_mixin.py:190} INFO - [2026-01-29T16:09:07.620+0530] {override.py:1930} INFO - Created Permission View: can delete on DAG Run:latest_only
[2026-01-29T16:09:07.628+0530] {logging_mixin.py:190} INFO - [2026-01-29T16:09:07.628+0530] {override.py:1930} INFO - Created Permission View: can create on DAG Run:latest_only
[2026-01-29T16:09:07.635+0530] {logging_mixin.py:190} INFO - [2026-01-29T16:09:07.635+0530] {override.py:1930} INFO - Created Permission View: can read on DAG Run:latest_only
[2026-01-29T16:09:07.636+0530] {logging_mixin.py:190} INFO - [2026-01-29T16:09:07.635+0530] {dag.py:3239} INFO - Sync 1 DAGs
[2026-01-29T16:09:07.755+0530] {logging_mixin.py:190} INFO - [2026-01-29T16:09:07.755+0530] {dag.py:3262} INFO - Creating ORM DAG for latest_only
[2026-01-29T16:09:07.763+0530] {logging_mixin.py:190} INFO - [2026-01-29T16:09:07.763+0530] {dag.py:4180} INFO - Setting next_dagrun for latest_only to 2026-01-29 04:00:00+00:00, run_after=2026-01-29 08:00:00+00:00
[2026-01-29T16:09:07.787+0530] {processor.py:208} INFO - Processing /home/hp/Desktop/Bigdata_project/BigData-Project/airflow-venv/lib/python3.10/site-packages/airflow/example_dags/example_latest_only.py took 0.320 seconds
