[2026-01-29T15:56:00.975+0530] {processor.py:186} INFO - Started process (PID=28396) to work on /home/hp/Desktop/Bigdata_project/BigData-Project/airflow-venv/lib/python3.10/site-packages/airflow/example_dags/example_external_task_marker_dag.py
[2026-01-29T15:56:00.977+0530] {processor.py:914} INFO - Processing file /home/hp/Desktop/Bigdata_project/BigData-Project/airflow-venv/lib/python3.10/site-packages/airflow/example_dags/example_external_task_marker_dag.py for tasks to queue
[2026-01-29T15:56:00.979+0530] {logging_mixin.py:190} INFO - [2026-01-29T15:56:00.979+0530] {dagbag.py:588} INFO - Filling up the DagBag from /home/hp/Desktop/Bigdata_project/BigData-Project/airflow-venv/lib/python3.10/site-packages/airflow/example_dags/example_external_task_marker_dag.py
[2026-01-29T15:56:00.990+0530] {processor.py:925} INFO - DAG(s) 'example_external_task_marker_parent', 'example_external_task_marker_child' retrieved from /home/hp/Desktop/Bigdata_project/BigData-Project/airflow-venv/lib/python3.10/site-packages/airflow/example_dags/example_external_task_marker_dag.py
[2026-01-29T15:56:01.098+0530] {logging_mixin.py:190} INFO - [2026-01-29T15:56:01.098+0530] {override.py:1930} INFO - Created Permission View: can edit on DAG:example_external_task_marker_parent
[2026-01-29T15:56:01.110+0530] {logging_mixin.py:190} INFO - [2026-01-29T15:56:01.109+0530] {override.py:1930} INFO - Created Permission View: can delete on DAG:example_external_task_marker_parent
[2026-01-29T15:56:01.118+0530] {logging_mixin.py:190} INFO - [2026-01-29T15:56:01.118+0530] {override.py:1930} INFO - Created Permission View: can read on DAG:example_external_task_marker_parent
[2026-01-29T15:56:01.130+0530] {logging_mixin.py:190} INFO - [2026-01-29T15:56:01.129+0530] {override.py:1930} INFO - Created Permission View: can delete on DAG Run:example_external_task_marker_parent
[2026-01-29T15:56:01.138+0530] {logging_mixin.py:190} INFO - [2026-01-29T15:56:01.137+0530] {override.py:1930} INFO - Created Permission View: can read on DAG Run:example_external_task_marker_parent
[2026-01-29T15:56:01.146+0530] {logging_mixin.py:190} INFO - [2026-01-29T15:56:01.146+0530] {override.py:1930} INFO - Created Permission View: menu access on DAG Run:example_external_task_marker_parent
[2026-01-29T15:56:01.154+0530] {logging_mixin.py:190} INFO - [2026-01-29T15:56:01.154+0530] {override.py:1930} INFO - Created Permission View: can create on DAG Run:example_external_task_marker_parent
[2026-01-29T15:56:01.173+0530] {logging_mixin.py:190} INFO - [2026-01-29T15:56:01.173+0530] {override.py:1930} INFO - Created Permission View: can edit on DAG:example_external_task_marker_child
[2026-01-29T15:56:01.181+0530] {logging_mixin.py:190} INFO - [2026-01-29T15:56:01.181+0530] {override.py:1930} INFO - Created Permission View: can delete on DAG:example_external_task_marker_child
[2026-01-29T15:56:01.189+0530] {logging_mixin.py:190} INFO - [2026-01-29T15:56:01.189+0530] {override.py:1930} INFO - Created Permission View: can read on DAG:example_external_task_marker_child
[2026-01-29T15:56:01.201+0530] {logging_mixin.py:190} INFO - [2026-01-29T15:56:01.200+0530] {override.py:1930} INFO - Created Permission View: can delete on DAG Run:example_external_task_marker_child
[2026-01-29T15:56:01.208+0530] {logging_mixin.py:190} INFO - [2026-01-29T15:56:01.208+0530] {override.py:1930} INFO - Created Permission View: can read on DAG Run:example_external_task_marker_child
[2026-01-29T15:56:01.216+0530] {logging_mixin.py:190} INFO - [2026-01-29T15:56:01.216+0530] {override.py:1930} INFO - Created Permission View: menu access on DAG Run:example_external_task_marker_child
[2026-01-29T15:56:01.224+0530] {logging_mixin.py:190} INFO - [2026-01-29T15:56:01.224+0530] {override.py:1930} INFO - Created Permission View: can create on DAG Run:example_external_task_marker_child
[2026-01-29T15:56:01.225+0530] {logging_mixin.py:190} INFO - [2026-01-29T15:56:01.225+0530] {dag.py:3239} INFO - Sync 2 DAGs
[2026-01-29T15:56:01.239+0530] {logging_mixin.py:190} INFO - [2026-01-29T15:56:01.238+0530] {dag.py:3262} INFO - Creating ORM DAG for example_external_task_marker_child
[2026-01-29T15:56:01.240+0530] {logging_mixin.py:190} INFO - [2026-01-29T15:56:01.239+0530] {dag.py:3262} INFO - Creating ORM DAG for example_external_task_marker_parent
[2026-01-29T15:56:01.240+0530] {logging_mixin.py:190} INFO - [2026-01-29T15:56:01.240+0530] {dag.py:4180} INFO - Setting next_dagrun for example_external_task_marker_child to None, run_after=None
[2026-01-29T15:56:01.241+0530] {logging_mixin.py:190} INFO - [2026-01-29T15:56:01.240+0530] {dag.py:4180} INFO - Setting next_dagrun for example_external_task_marker_parent to None, run_after=None
[2026-01-29T15:56:01.261+0530] {processor.py:208} INFO - Processing /home/hp/Desktop/Bigdata_project/BigData-Project/airflow-venv/lib/python3.10/site-packages/airflow/example_dags/example_external_task_marker_dag.py took 0.293 seconds
[2026-01-29T15:57:04.395+0530] {processor.py:186} INFO - Started process (PID=28627) to work on /home/hp/Desktop/Bigdata_project/BigData-Project/airflow-venv/lib/python3.10/site-packages/airflow/example_dags/example_external_task_marker_dag.py
[2026-01-29T15:57:04.401+0530] {processor.py:914} INFO - Processing file /home/hp/Desktop/Bigdata_project/BigData-Project/airflow-venv/lib/python3.10/site-packages/airflow/example_dags/example_external_task_marker_dag.py for tasks to queue
[2026-01-29T15:57:04.405+0530] {logging_mixin.py:190} INFO - [2026-01-29T15:57:04.405+0530] {dagbag.py:588} INFO - Filling up the DagBag from /home/hp/Desktop/Bigdata_project/BigData-Project/airflow-venv/lib/python3.10/site-packages/airflow/example_dags/example_external_task_marker_dag.py
[2026-01-29T15:57:04.415+0530] {processor.py:925} INFO - DAG(s) 'example_external_task_marker_parent', 'example_external_task_marker_child' retrieved from /home/hp/Desktop/Bigdata_project/BigData-Project/airflow-venv/lib/python3.10/site-packages/airflow/example_dags/example_external_task_marker_dag.py
[2026-01-29T15:57:04.436+0530] {logging_mixin.py:190} INFO - [2026-01-29T15:57:04.436+0530] {dag.py:3239} INFO - Sync 2 DAGs
[2026-01-29T15:57:04.452+0530] {logging_mixin.py:190} INFO - [2026-01-29T15:57:04.451+0530] {dag.py:4180} INFO - Setting next_dagrun for example_external_task_marker_child to None, run_after=None
[2026-01-29T15:57:04.455+0530] {logging_mixin.py:190} INFO - [2026-01-29T15:57:04.455+0530] {dag.py:4180} INFO - Setting next_dagrun for example_external_task_marker_parent to None, run_after=None
[2026-01-29T15:57:04.474+0530] {processor.py:208} INFO - Processing /home/hp/Desktop/Bigdata_project/BigData-Project/airflow-venv/lib/python3.10/site-packages/airflow/example_dags/example_external_task_marker_dag.py took 0.087 seconds
[2026-01-29T16:00:35.317+0530] {processor.py:186} INFO - Started process (PID=29345) to work on /home/hp/Desktop/Bigdata_project/BigData-Project/airflow-venv/lib/python3.10/site-packages/airflow/example_dags/example_external_task_marker_dag.py
[2026-01-29T16:00:35.324+0530] {processor.py:914} INFO - Processing file /home/hp/Desktop/Bigdata_project/BigData-Project/airflow-venv/lib/python3.10/site-packages/airflow/example_dags/example_external_task_marker_dag.py for tasks to queue
[2026-01-29T16:00:35.326+0530] {logging_mixin.py:190} INFO - [2026-01-29T16:00:35.325+0530] {dagbag.py:588} INFO - Filling up the DagBag from /home/hp/Desktop/Bigdata_project/BigData-Project/airflow-venv/lib/python3.10/site-packages/airflow/example_dags/example_external_task_marker_dag.py
[2026-01-29T16:00:35.334+0530] {processor.py:925} INFO - DAG(s) 'example_external_task_marker_child', 'example_external_task_marker_parent' retrieved from /home/hp/Desktop/Bigdata_project/BigData-Project/airflow-venv/lib/python3.10/site-packages/airflow/example_dags/example_external_task_marker_dag.py
[2026-01-29T16:00:35.358+0530] {logging_mixin.py:190} INFO - [2026-01-29T16:00:35.358+0530] {dag.py:3239} INFO - Sync 2 DAGs
[2026-01-29T16:00:35.375+0530] {logging_mixin.py:190} INFO - [2026-01-29T16:00:35.375+0530] {dag.py:4180} INFO - Setting next_dagrun for example_external_task_marker_child to None, run_after=None
[2026-01-29T16:00:35.378+0530] {logging_mixin.py:190} INFO - [2026-01-29T16:00:35.378+0530] {dag.py:4180} INFO - Setting next_dagrun for example_external_task_marker_parent to None, run_after=None
[2026-01-29T16:00:35.404+0530] {processor.py:208} INFO - Processing /home/hp/Desktop/Bigdata_project/BigData-Project/airflow-venv/lib/python3.10/site-packages/airflow/example_dags/example_external_task_marker_dag.py took 0.093 seconds
[2026-01-29T16:01:32.108+0530] {processor.py:186} INFO - Started process (PID=29597) to work on /home/hp/Desktop/Bigdata_project/BigData-Project/airflow-venv/lib/python3.10/site-packages/airflow/example_dags/example_external_task_marker_dag.py
[2026-01-29T16:01:32.114+0530] {processor.py:914} INFO - Processing file /home/hp/Desktop/Bigdata_project/BigData-Project/airflow-venv/lib/python3.10/site-packages/airflow/example_dags/example_external_task_marker_dag.py for tasks to queue
[2026-01-29T16:01:32.117+0530] {logging_mixin.py:190} INFO - [2026-01-29T16:01:32.117+0530] {dagbag.py:588} INFO - Filling up the DagBag from /home/hp/Desktop/Bigdata_project/BigData-Project/airflow-venv/lib/python3.10/site-packages/airflow/example_dags/example_external_task_marker_dag.py
[2026-01-29T16:01:32.127+0530] {processor.py:925} INFO - DAG(s) 'example_external_task_marker_parent', 'example_external_task_marker_child' retrieved from /home/hp/Desktop/Bigdata_project/BigData-Project/airflow-venv/lib/python3.10/site-packages/airflow/example_dags/example_external_task_marker_dag.py
[2026-01-29T16:01:32.148+0530] {logging_mixin.py:190} INFO - [2026-01-29T16:01:32.147+0530] {dag.py:3239} INFO - Sync 2 DAGs
[2026-01-29T16:01:32.162+0530] {logging_mixin.py:190} INFO - [2026-01-29T16:01:32.161+0530] {dag.py:4180} INFO - Setting next_dagrun for example_external_task_marker_child to None, run_after=None
[2026-01-29T16:01:32.165+0530] {logging_mixin.py:190} INFO - [2026-01-29T16:01:32.165+0530] {dag.py:4180} INFO - Setting next_dagrun for example_external_task_marker_parent to None, run_after=None
[2026-01-29T16:01:32.186+0530] {processor.py:208} INFO - Processing /home/hp/Desktop/Bigdata_project/BigData-Project/airflow-venv/lib/python3.10/site-packages/airflow/example_dags/example_external_task_marker_dag.py took 0.085 seconds
[2026-01-29T16:02:28.920+0530] {processor.py:186} INFO - Started process (PID=29829) to work on /home/hp/Desktop/Bigdata_project/BigData-Project/airflow-venv/lib/python3.10/site-packages/airflow/example_dags/example_external_task_marker_dag.py
[2026-01-29T16:02:28.926+0530] {processor.py:914} INFO - Processing file /home/hp/Desktop/Bigdata_project/BigData-Project/airflow-venv/lib/python3.10/site-packages/airflow/example_dags/example_external_task_marker_dag.py for tasks to queue
[2026-01-29T16:02:28.929+0530] {logging_mixin.py:190} INFO - [2026-01-29T16:02:28.929+0530] {dagbag.py:588} INFO - Filling up the DagBag from /home/hp/Desktop/Bigdata_project/BigData-Project/airflow-venv/lib/python3.10/site-packages/airflow/example_dags/example_external_task_marker_dag.py
[2026-01-29T16:02:28.938+0530] {processor.py:925} INFO - DAG(s) 'example_external_task_marker_child', 'example_external_task_marker_parent' retrieved from /home/hp/Desktop/Bigdata_project/BigData-Project/airflow-venv/lib/python3.10/site-packages/airflow/example_dags/example_external_task_marker_dag.py
[2026-01-29T16:02:28.957+0530] {logging_mixin.py:190} INFO - [2026-01-29T16:02:28.957+0530] {dag.py:3239} INFO - Sync 2 DAGs
[2026-01-29T16:02:28.970+0530] {logging_mixin.py:190} INFO - [2026-01-29T16:02:28.969+0530] {dag.py:4180} INFO - Setting next_dagrun for example_external_task_marker_child to None, run_after=None
[2026-01-29T16:02:28.973+0530] {logging_mixin.py:190} INFO - [2026-01-29T16:02:28.973+0530] {dag.py:4180} INFO - Setting next_dagrun for example_external_task_marker_parent to None, run_after=None
[2026-01-29T16:02:28.991+0530] {processor.py:208} INFO - Processing /home/hp/Desktop/Bigdata_project/BigData-Project/airflow-venv/lib/python3.10/site-packages/airflow/example_dags/example_external_task_marker_dag.py took 0.077 seconds
[2026-01-29T16:03:23.700+0530] {processor.py:186} INFO - Started process (PID=30060) to work on /home/hp/Desktop/Bigdata_project/BigData-Project/airflow-venv/lib/python3.10/site-packages/airflow/example_dags/example_external_task_marker_dag.py
[2026-01-29T16:03:23.706+0530] {processor.py:914} INFO - Processing file /home/hp/Desktop/Bigdata_project/BigData-Project/airflow-venv/lib/python3.10/site-packages/airflow/example_dags/example_external_task_marker_dag.py for tasks to queue
[2026-01-29T16:03:23.708+0530] {logging_mixin.py:190} INFO - [2026-01-29T16:03:23.708+0530] {dagbag.py:588} INFO - Filling up the DagBag from /home/hp/Desktop/Bigdata_project/BigData-Project/airflow-venv/lib/python3.10/site-packages/airflow/example_dags/example_external_task_marker_dag.py
[2026-01-29T16:03:23.717+0530] {processor.py:925} INFO - DAG(s) 'example_external_task_marker_child', 'example_external_task_marker_parent' retrieved from /home/hp/Desktop/Bigdata_project/BigData-Project/airflow-venv/lib/python3.10/site-packages/airflow/example_dags/example_external_task_marker_dag.py
[2026-01-29T16:03:23.736+0530] {logging_mixin.py:190} INFO - [2026-01-29T16:03:23.736+0530] {dag.py:3239} INFO - Sync 2 DAGs
[2026-01-29T16:03:23.750+0530] {logging_mixin.py:190} INFO - [2026-01-29T16:03:23.749+0530] {dag.py:4180} INFO - Setting next_dagrun for example_external_task_marker_child to None, run_after=None
[2026-01-29T16:03:23.753+0530] {logging_mixin.py:190} INFO - [2026-01-29T16:03:23.753+0530] {dag.py:4180} INFO - Setting next_dagrun for example_external_task_marker_parent to None, run_after=None
[2026-01-29T16:03:23.772+0530] {processor.py:208} INFO - Processing /home/hp/Desktop/Bigdata_project/BigData-Project/airflow-venv/lib/python3.10/site-packages/airflow/example_dags/example_external_task_marker_dag.py took 0.079 seconds
[2026-01-29T16:04:17.788+0530] {processor.py:186} INFO - Started process (PID=30271) to work on /home/hp/Desktop/Bigdata_project/BigData-Project/airflow-venv/lib/python3.10/site-packages/airflow/example_dags/example_external_task_marker_dag.py
[2026-01-29T16:04:17.794+0530] {processor.py:914} INFO - Processing file /home/hp/Desktop/Bigdata_project/BigData-Project/airflow-venv/lib/python3.10/site-packages/airflow/example_dags/example_external_task_marker_dag.py for tasks to queue
[2026-01-29T16:04:17.796+0530] {logging_mixin.py:190} INFO - [2026-01-29T16:04:17.796+0530] {dagbag.py:588} INFO - Filling up the DagBag from /home/hp/Desktop/Bigdata_project/BigData-Project/airflow-venv/lib/python3.10/site-packages/airflow/example_dags/example_external_task_marker_dag.py
[2026-01-29T16:04:17.807+0530] {processor.py:925} INFO - DAG(s) 'example_external_task_marker_parent', 'example_external_task_marker_child' retrieved from /home/hp/Desktop/Bigdata_project/BigData-Project/airflow-venv/lib/python3.10/site-packages/airflow/example_dags/example_external_task_marker_dag.py
[2026-01-29T16:04:17.827+0530] {logging_mixin.py:190} INFO - [2026-01-29T16:04:17.827+0530] {dag.py:3239} INFO - Sync 2 DAGs
[2026-01-29T16:04:17.841+0530] {logging_mixin.py:190} INFO - [2026-01-29T16:04:17.840+0530] {dag.py:4180} INFO - Setting next_dagrun for example_external_task_marker_child to None, run_after=None
[2026-01-29T16:04:17.844+0530] {logging_mixin.py:190} INFO - [2026-01-29T16:04:17.844+0530] {dag.py:4180} INFO - Setting next_dagrun for example_external_task_marker_parent to None, run_after=None
[2026-01-29T16:04:17.864+0530] {processor.py:208} INFO - Processing /home/hp/Desktop/Bigdata_project/BigData-Project/airflow-venv/lib/python3.10/site-packages/airflow/example_dags/example_external_task_marker_dag.py took 0.083 seconds
[2026-01-29T16:05:13.892+0530] {processor.py:186} INFO - Started process (PID=30553) to work on /home/hp/Desktop/Bigdata_project/BigData-Project/airflow-venv/lib/python3.10/site-packages/airflow/example_dags/example_external_task_marker_dag.py
[2026-01-29T16:05:13.899+0530] {processor.py:914} INFO - Processing file /home/hp/Desktop/Bigdata_project/BigData-Project/airflow-venv/lib/python3.10/site-packages/airflow/example_dags/example_external_task_marker_dag.py for tasks to queue
[2026-01-29T16:05:13.902+0530] {logging_mixin.py:190} INFO - [2026-01-29T16:05:13.902+0530] {dagbag.py:588} INFO - Filling up the DagBag from /home/hp/Desktop/Bigdata_project/BigData-Project/airflow-venv/lib/python3.10/site-packages/airflow/example_dags/example_external_task_marker_dag.py
[2026-01-29T16:05:13.911+0530] {processor.py:925} INFO - DAG(s) 'example_external_task_marker_parent', 'example_external_task_marker_child' retrieved from /home/hp/Desktop/Bigdata_project/BigData-Project/airflow-venv/lib/python3.10/site-packages/airflow/example_dags/example_external_task_marker_dag.py
[2026-01-29T16:05:13.930+0530] {logging_mixin.py:190} INFO - [2026-01-29T16:05:13.930+0530] {dag.py:3239} INFO - Sync 2 DAGs
[2026-01-29T16:05:13.944+0530] {logging_mixin.py:190} INFO - [2026-01-29T16:05:13.943+0530] {dag.py:4180} INFO - Setting next_dagrun for example_external_task_marker_child to None, run_after=None
[2026-01-29T16:05:13.947+0530] {logging_mixin.py:190} INFO - [2026-01-29T16:05:13.947+0530] {dag.py:4180} INFO - Setting next_dagrun for example_external_task_marker_parent to None, run_after=None
[2026-01-29T16:05:13.966+0530] {processor.py:208} INFO - Processing /home/hp/Desktop/Bigdata_project/BigData-Project/airflow-venv/lib/python3.10/site-packages/airflow/example_dags/example_external_task_marker_dag.py took 0.080 seconds
[2026-01-29T16:06:10.903+0530] {processor.py:186} INFO - Started process (PID=30784) to work on /home/hp/Desktop/Bigdata_project/BigData-Project/airflow-venv/lib/python3.10/site-packages/airflow/example_dags/example_external_task_marker_dag.py
[2026-01-29T16:06:10.910+0530] {processor.py:914} INFO - Processing file /home/hp/Desktop/Bigdata_project/BigData-Project/airflow-venv/lib/python3.10/site-packages/airflow/example_dags/example_external_task_marker_dag.py for tasks to queue
[2026-01-29T16:06:10.913+0530] {logging_mixin.py:190} INFO - [2026-01-29T16:06:10.912+0530] {dagbag.py:588} INFO - Filling up the DagBag from /home/hp/Desktop/Bigdata_project/BigData-Project/airflow-venv/lib/python3.10/site-packages/airflow/example_dags/example_external_task_marker_dag.py
[2026-01-29T16:06:10.923+0530] {processor.py:925} INFO - DAG(s) 'example_external_task_marker_child', 'example_external_task_marker_parent' retrieved from /home/hp/Desktop/Bigdata_project/BigData-Project/airflow-venv/lib/python3.10/site-packages/airflow/example_dags/example_external_task_marker_dag.py
[2026-01-29T16:06:10.946+0530] {logging_mixin.py:190} INFO - [2026-01-29T16:06:10.946+0530] {dag.py:3239} INFO - Sync 2 DAGs
[2026-01-29T16:06:10.962+0530] {logging_mixin.py:190} INFO - [2026-01-29T16:06:10.961+0530] {dag.py:4180} INFO - Setting next_dagrun for example_external_task_marker_child to None, run_after=None
[2026-01-29T16:06:10.966+0530] {logging_mixin.py:190} INFO - [2026-01-29T16:06:10.965+0530] {dag.py:4180} INFO - Setting next_dagrun for example_external_task_marker_parent to None, run_after=None
[2026-01-29T16:06:10.987+0530] {processor.py:208} INFO - Processing /home/hp/Desktop/Bigdata_project/BigData-Project/airflow-venv/lib/python3.10/site-packages/airflow/example_dags/example_external_task_marker_dag.py took 0.092 seconds
[2026-01-29T16:07:07.430+0530] {processor.py:186} INFO - Started process (PID=31088) to work on /home/hp/Desktop/Bigdata_project/BigData-Project/airflow-venv/lib/python3.10/site-packages/airflow/example_dags/example_external_task_marker_dag.py
[2026-01-29T16:07:07.437+0530] {processor.py:914} INFO - Processing file /home/hp/Desktop/Bigdata_project/BigData-Project/airflow-venv/lib/python3.10/site-packages/airflow/example_dags/example_external_task_marker_dag.py for tasks to queue
[2026-01-29T16:07:07.439+0530] {logging_mixin.py:190} INFO - [2026-01-29T16:07:07.439+0530] {dagbag.py:588} INFO - Filling up the DagBag from /home/hp/Desktop/Bigdata_project/BigData-Project/airflow-venv/lib/python3.10/site-packages/airflow/example_dags/example_external_task_marker_dag.py
[2026-01-29T16:07:07.448+0530] {processor.py:925} INFO - DAG(s) 'example_external_task_marker_parent', 'example_external_task_marker_child' retrieved from /home/hp/Desktop/Bigdata_project/BigData-Project/airflow-venv/lib/python3.10/site-packages/airflow/example_dags/example_external_task_marker_dag.py
[2026-01-29T16:07:07.468+0530] {logging_mixin.py:190} INFO - [2026-01-29T16:07:07.467+0530] {dag.py:3239} INFO - Sync 2 DAGs
[2026-01-29T16:07:07.481+0530] {logging_mixin.py:190} INFO - [2026-01-29T16:07:07.480+0530] {dag.py:4180} INFO - Setting next_dagrun for example_external_task_marker_child to None, run_after=None
[2026-01-29T16:07:07.484+0530] {logging_mixin.py:190} INFO - [2026-01-29T16:07:07.484+0530] {dag.py:4180} INFO - Setting next_dagrun for example_external_task_marker_parent to None, run_after=None
[2026-01-29T16:07:07.503+0530] {processor.py:208} INFO - Processing /home/hp/Desktop/Bigdata_project/BigData-Project/airflow-venv/lib/python3.10/site-packages/airflow/example_dags/example_external_task_marker_dag.py took 0.079 seconds
[2026-01-29T16:08:05.775+0530] {processor.py:186} INFO - Started process (PID=31322) to work on /home/hp/Desktop/Bigdata_project/BigData-Project/airflow-venv/lib/python3.10/site-packages/airflow/example_dags/example_external_task_marker_dag.py
[2026-01-29T16:08:05.782+0530] {processor.py:914} INFO - Processing file /home/hp/Desktop/Bigdata_project/BigData-Project/airflow-venv/lib/python3.10/site-packages/airflow/example_dags/example_external_task_marker_dag.py for tasks to queue
[2026-01-29T16:08:05.784+0530] {logging_mixin.py:190} INFO - [2026-01-29T16:08:05.784+0530] {dagbag.py:588} INFO - Filling up the DagBag from /home/hp/Desktop/Bigdata_project/BigData-Project/airflow-venv/lib/python3.10/site-packages/airflow/example_dags/example_external_task_marker_dag.py
[2026-01-29T16:08:05.793+0530] {processor.py:925} INFO - DAG(s) 'example_external_task_marker_parent', 'example_external_task_marker_child' retrieved from /home/hp/Desktop/Bigdata_project/BigData-Project/airflow-venv/lib/python3.10/site-packages/airflow/example_dags/example_external_task_marker_dag.py
[2026-01-29T16:08:05.813+0530] {logging_mixin.py:190} INFO - [2026-01-29T16:08:05.813+0530] {dag.py:3239} INFO - Sync 2 DAGs
[2026-01-29T16:08:05.826+0530] {logging_mixin.py:190} INFO - [2026-01-29T16:08:05.826+0530] {dag.py:4180} INFO - Setting next_dagrun for example_external_task_marker_child to None, run_after=None
[2026-01-29T16:08:05.830+0530] {logging_mixin.py:190} INFO - [2026-01-29T16:08:05.829+0530] {dag.py:4180} INFO - Setting next_dagrun for example_external_task_marker_parent to None, run_after=None
[2026-01-29T16:08:05.848+0530] {processor.py:208} INFO - Processing /home/hp/Desktop/Bigdata_project/BigData-Project/airflow-venv/lib/python3.10/site-packages/airflow/example_dags/example_external_task_marker_dag.py took 0.080 seconds
[2026-01-29T16:09:13.981+0530] {processor.py:186} INFO - Started process (PID=31658) to work on /home/hp/Desktop/Bigdata_project/BigData-Project/airflow-venv/lib/python3.10/site-packages/airflow/example_dags/example_external_task_marker_dag.py
[2026-01-29T16:09:13.987+0530] {processor.py:914} INFO - Processing file /home/hp/Desktop/Bigdata_project/BigData-Project/airflow-venv/lib/python3.10/site-packages/airflow/example_dags/example_external_task_marker_dag.py for tasks to queue
[2026-01-29T16:09:13.990+0530] {logging_mixin.py:190} INFO - [2026-01-29T16:09:13.989+0530] {dagbag.py:588} INFO - Filling up the DagBag from /home/hp/Desktop/Bigdata_project/BigData-Project/airflow-venv/lib/python3.10/site-packages/airflow/example_dags/example_external_task_marker_dag.py
[2026-01-29T16:09:13.998+0530] {processor.py:925} INFO - DAG(s) 'example_external_task_marker_child', 'example_external_task_marker_parent' retrieved from /home/hp/Desktop/Bigdata_project/BigData-Project/airflow-venv/lib/python3.10/site-packages/airflow/example_dags/example_external_task_marker_dag.py
[2026-01-29T16:09:14.093+0530] {logging_mixin.py:190} INFO - [2026-01-29T16:09:14.092+0530] {override.py:1930} INFO - Created Permission View: can edit on DAG:example_external_task_marker_child
[2026-01-29T16:09:14.103+0530] {logging_mixin.py:190} INFO - [2026-01-29T16:09:14.102+0530] {override.py:1930} INFO - Created Permission View: can delete on DAG:example_external_task_marker_child
[2026-01-29T16:09:14.110+0530] {logging_mixin.py:190} INFO - [2026-01-29T16:09:14.110+0530] {override.py:1930} INFO - Created Permission View: can read on DAG:example_external_task_marker_child
[2026-01-29T16:09:14.123+0530] {logging_mixin.py:190} INFO - [2026-01-29T16:09:14.122+0530] {override.py:1930} INFO - Created Permission View: menu access on DAG Run:example_external_task_marker_child
[2026-01-29T16:09:14.130+0530] {logging_mixin.py:190} INFO - [2026-01-29T16:09:14.130+0530] {override.py:1930} INFO - Created Permission View: can delete on DAG Run:example_external_task_marker_child
[2026-01-29T16:09:14.138+0530] {logging_mixin.py:190} INFO - [2026-01-29T16:09:14.137+0530] {override.py:1930} INFO - Created Permission View: can create on DAG Run:example_external_task_marker_child
[2026-01-29T16:09:14.145+0530] {logging_mixin.py:190} INFO - [2026-01-29T16:09:14.145+0530] {override.py:1930} INFO - Created Permission View: can read on DAG Run:example_external_task_marker_child
[2026-01-29T16:09:14.160+0530] {logging_mixin.py:190} INFO - [2026-01-29T16:09:14.159+0530] {override.py:1930} INFO - Created Permission View: can edit on DAG:example_external_task_marker_parent
[2026-01-29T16:09:14.167+0530] {logging_mixin.py:190} INFO - [2026-01-29T16:09:14.167+0530] {override.py:1930} INFO - Created Permission View: can delete on DAG:example_external_task_marker_parent
[2026-01-29T16:09:14.174+0530] {logging_mixin.py:190} INFO - [2026-01-29T16:09:14.174+0530] {override.py:1930} INFO - Created Permission View: can read on DAG:example_external_task_marker_parent
[2026-01-29T16:09:14.185+0530] {logging_mixin.py:190} INFO - [2026-01-29T16:09:14.184+0530] {override.py:1930} INFO - Created Permission View: menu access on DAG Run:example_external_task_marker_parent
[2026-01-29T16:09:14.193+0530] {logging_mixin.py:190} INFO - [2026-01-29T16:09:14.193+0530] {override.py:1930} INFO - Created Permission View: can delete on DAG Run:example_external_task_marker_parent
[2026-01-29T16:09:14.201+0530] {logging_mixin.py:190} INFO - [2026-01-29T16:09:14.201+0530] {override.py:1930} INFO - Created Permission View: can create on DAG Run:example_external_task_marker_parent
[2026-01-29T16:09:14.209+0530] {logging_mixin.py:190} INFO - [2026-01-29T16:09:14.208+0530] {override.py:1930} INFO - Created Permission View: can read on DAG Run:example_external_task_marker_parent
[2026-01-29T16:09:14.209+0530] {logging_mixin.py:190} INFO - [2026-01-29T16:09:14.209+0530] {dag.py:3239} INFO - Sync 2 DAGs
[2026-01-29T16:09:14.221+0530] {logging_mixin.py:190} INFO - [2026-01-29T16:09:14.220+0530] {dag.py:3262} INFO - Creating ORM DAG for example_external_task_marker_parent
[2026-01-29T16:09:14.221+0530] {logging_mixin.py:190} INFO - [2026-01-29T16:09:14.221+0530] {dag.py:3262} INFO - Creating ORM DAG for example_external_task_marker_child
[2026-01-29T16:09:14.222+0530] {logging_mixin.py:190} INFO - [2026-01-29T16:09:14.222+0530] {dag.py:4180} INFO - Setting next_dagrun for example_external_task_marker_child to None, run_after=None
[2026-01-29T16:09:14.222+0530] {logging_mixin.py:190} INFO - [2026-01-29T16:09:14.222+0530] {dag.py:4180} INFO - Setting next_dagrun for example_external_task_marker_parent to None, run_after=None
[2026-01-29T16:09:14.240+0530] {processor.py:208} INFO - Processing /home/hp/Desktop/Bigdata_project/BigData-Project/airflow-venv/lib/python3.10/site-packages/airflow/example_dags/example_external_task_marker_dag.py took 0.266 seconds
