[2026-01-29T15:55:34.875+0530] {processor.py:186} INFO - Started process (PID=28295) to work on /home/hp/Desktop/Bigdata_project/BigData-Project/airflow-venv/lib/python3.10/site-packages/airflow/example_dags/example_short_circuit_decorator.py
[2026-01-29T15:55:34.876+0530] {processor.py:914} INFO - Processing file /home/hp/Desktop/Bigdata_project/BigData-Project/airflow-venv/lib/python3.10/site-packages/airflow/example_dags/example_short_circuit_decorator.py for tasks to queue
[2026-01-29T15:55:34.879+0530] {logging_mixin.py:190} INFO - [2026-01-29T15:55:34.878+0530] {dagbag.py:588} INFO - Filling up the DagBag from /home/hp/Desktop/Bigdata_project/BigData-Project/airflow-venv/lib/python3.10/site-packages/airflow/example_dags/example_short_circuit_decorator.py
[2026-01-29T15:55:34.892+0530] {processor.py:925} INFO - DAG(s) 'example_short_circuit_decorator' retrieved from /home/hp/Desktop/Bigdata_project/BigData-Project/airflow-venv/lib/python3.10/site-packages/airflow/example_dags/example_short_circuit_decorator.py
[2026-01-29T15:55:35.011+0530] {logging_mixin.py:190} INFO - [2026-01-29T15:55:35.011+0530] {override.py:1930} INFO - Created Permission View: can edit on DAG:example_short_circuit_decorator
[2026-01-29T15:55:35.023+0530] {logging_mixin.py:190} INFO - [2026-01-29T15:55:35.022+0530] {override.py:1930} INFO - Created Permission View: can delete on DAG:example_short_circuit_decorator
[2026-01-29T15:55:35.032+0530] {logging_mixin.py:190} INFO - [2026-01-29T15:55:35.031+0530] {override.py:1930} INFO - Created Permission View: can read on DAG:example_short_circuit_decorator
[2026-01-29T15:55:35.046+0530] {logging_mixin.py:190} INFO - [2026-01-29T15:55:35.045+0530] {override.py:1930} INFO - Created Permission View: can delete on DAG Run:example_short_circuit_decorator
[2026-01-29T15:55:35.054+0530] {logging_mixin.py:190} INFO - [2026-01-29T15:55:35.053+0530] {override.py:1930} INFO - Created Permission View: can read on DAG Run:example_short_circuit_decorator
[2026-01-29T15:55:35.062+0530] {logging_mixin.py:190} INFO - [2026-01-29T15:55:35.062+0530] {override.py:1930} INFO - Created Permission View: menu access on DAG Run:example_short_circuit_decorator
[2026-01-29T15:55:35.070+0530] {logging_mixin.py:190} INFO - [2026-01-29T15:55:35.070+0530] {override.py:1930} INFO - Created Permission View: can create on DAG Run:example_short_circuit_decorator
[2026-01-29T15:55:35.071+0530] {logging_mixin.py:190} INFO - [2026-01-29T15:55:35.070+0530] {dag.py:3239} INFO - Sync 1 DAGs
[2026-01-29T15:55:35.084+0530] {logging_mixin.py:190} INFO - [2026-01-29T15:55:35.083+0530] {dag.py:3262} INFO - Creating ORM DAG for example_short_circuit_decorator
[2026-01-29T15:55:35.084+0530] {logging_mixin.py:190} INFO - [2026-01-29T15:55:35.084+0530] {dag.py:4180} INFO - Setting next_dagrun for example_short_circuit_decorator to None, run_after=None
[2026-01-29T15:55:35.105+0530] {processor.py:208} INFO - Processing /home/hp/Desktop/Bigdata_project/BigData-Project/airflow-venv/lib/python3.10/site-packages/airflow/example_dags/example_short_circuit_decorator.py took 0.238 seconds
[2026-01-29T15:56:38.879+0530] {processor.py:186} INFO - Started process (PID=28549) to work on /home/hp/Desktop/Bigdata_project/BigData-Project/airflow-venv/lib/python3.10/site-packages/airflow/example_dags/example_short_circuit_decorator.py
[2026-01-29T15:56:38.886+0530] {processor.py:914} INFO - Processing file /home/hp/Desktop/Bigdata_project/BigData-Project/airflow-venv/lib/python3.10/site-packages/airflow/example_dags/example_short_circuit_decorator.py for tasks to queue
[2026-01-29T15:56:38.889+0530] {logging_mixin.py:190} INFO - [2026-01-29T15:56:38.888+0530] {dagbag.py:588} INFO - Filling up the DagBag from /home/hp/Desktop/Bigdata_project/BigData-Project/airflow-venv/lib/python3.10/site-packages/airflow/example_dags/example_short_circuit_decorator.py
[2026-01-29T15:56:38.899+0530] {processor.py:925} INFO - DAG(s) 'example_short_circuit_decorator' retrieved from /home/hp/Desktop/Bigdata_project/BigData-Project/airflow-venv/lib/python3.10/site-packages/airflow/example_dags/example_short_circuit_decorator.py
[2026-01-29T15:56:38.920+0530] {logging_mixin.py:190} INFO - [2026-01-29T15:56:38.919+0530] {dag.py:3239} INFO - Sync 1 DAGs
[2026-01-29T15:56:38.933+0530] {logging_mixin.py:190} INFO - [2026-01-29T15:56:38.933+0530] {dag.py:4180} INFO - Setting next_dagrun for example_short_circuit_decorator to None, run_after=None
[2026-01-29T15:56:38.953+0530] {processor.py:208} INFO - Processing /home/hp/Desktop/Bigdata_project/BigData-Project/airflow-venv/lib/python3.10/site-packages/airflow/example_dags/example_short_circuit_decorator.py took 0.080 seconds
[2026-01-29T16:00:13.602+0530] {processor.py:186} INFO - Started process (PID=29129) to work on /home/hp/Desktop/Bigdata_project/BigData-Project/airflow-venv/lib/python3.10/site-packages/airflow/example_dags/example_short_circuit_decorator.py
[2026-01-29T16:00:13.609+0530] {processor.py:914} INFO - Processing file /home/hp/Desktop/Bigdata_project/BigData-Project/airflow-venv/lib/python3.10/site-packages/airflow/example_dags/example_short_circuit_decorator.py for tasks to queue
[2026-01-29T16:00:13.612+0530] {logging_mixin.py:190} INFO - [2026-01-29T16:00:13.611+0530] {dagbag.py:588} INFO - Filling up the DagBag from /home/hp/Desktop/Bigdata_project/BigData-Project/airflow-venv/lib/python3.10/site-packages/airflow/example_dags/example_short_circuit_decorator.py
[2026-01-29T16:00:13.623+0530] {processor.py:925} INFO - DAG(s) 'example_short_circuit_decorator' retrieved from /home/hp/Desktop/Bigdata_project/BigData-Project/airflow-venv/lib/python3.10/site-packages/airflow/example_dags/example_short_circuit_decorator.py
[2026-01-29T16:00:13.649+0530] {logging_mixin.py:190} INFO - [2026-01-29T16:00:13.649+0530] {dag.py:3239} INFO - Sync 1 DAGs
[2026-01-29T16:00:13.662+0530] {logging_mixin.py:190} INFO - [2026-01-29T16:00:13.662+0530] {dag.py:4180} INFO - Setting next_dagrun for example_short_circuit_decorator to None, run_after=None
[2026-01-29T16:00:13.681+0530] {processor.py:208} INFO - Processing /home/hp/Desktop/Bigdata_project/BigData-Project/airflow-venv/lib/python3.10/site-packages/airflow/example_dags/example_short_circuit_decorator.py took 0.086 seconds
[2026-01-29T16:01:09.116+0530] {processor.py:186} INFO - Started process (PID=29486) to work on /home/hp/Desktop/Bigdata_project/BigData-Project/airflow-venv/lib/python3.10/site-packages/airflow/example_dags/example_short_circuit_decorator.py
[2026-01-29T16:01:09.117+0530] {processor.py:914} INFO - Processing file /home/hp/Desktop/Bigdata_project/BigData-Project/airflow-venv/lib/python3.10/site-packages/airflow/example_dags/example_short_circuit_decorator.py for tasks to queue
[2026-01-29T16:01:09.120+0530] {logging_mixin.py:190} INFO - [2026-01-29T16:01:09.119+0530] {dagbag.py:588} INFO - Filling up the DagBag from /home/hp/Desktop/Bigdata_project/BigData-Project/airflow-venv/lib/python3.10/site-packages/airflow/example_dags/example_short_circuit_decorator.py
[2026-01-29T16:01:09.131+0530] {processor.py:925} INFO - DAG(s) 'example_short_circuit_decorator' retrieved from /home/hp/Desktop/Bigdata_project/BigData-Project/airflow-venv/lib/python3.10/site-packages/airflow/example_dags/example_short_circuit_decorator.py
[2026-01-29T16:01:09.151+0530] {logging_mixin.py:190} INFO - [2026-01-29T16:01:09.151+0530] {dag.py:3239} INFO - Sync 1 DAGs
[2026-01-29T16:01:09.164+0530] {logging_mixin.py:190} INFO - [2026-01-29T16:01:09.164+0530] {dag.py:4180} INFO - Setting next_dagrun for example_short_circuit_decorator to None, run_after=None
[2026-01-29T16:01:09.185+0530] {processor.py:208} INFO - Processing /home/hp/Desktop/Bigdata_project/BigData-Project/airflow-venv/lib/python3.10/site-packages/airflow/example_dags/example_short_circuit_decorator.py took 0.075 seconds
[2026-01-29T16:02:02.003+0530] {processor.py:186} INFO - Started process (PID=29706) to work on /home/hp/Desktop/Bigdata_project/BigData-Project/airflow-venv/lib/python3.10/site-packages/airflow/example_dags/example_short_circuit_decorator.py
[2026-01-29T16:02:02.009+0530] {processor.py:914} INFO - Processing file /home/hp/Desktop/Bigdata_project/BigData-Project/airflow-venv/lib/python3.10/site-packages/airflow/example_dags/example_short_circuit_decorator.py for tasks to queue
[2026-01-29T16:02:02.013+0530] {logging_mixin.py:190} INFO - [2026-01-29T16:02:02.013+0530] {dagbag.py:588} INFO - Filling up the DagBag from /home/hp/Desktop/Bigdata_project/BigData-Project/airflow-venv/lib/python3.10/site-packages/airflow/example_dags/example_short_circuit_decorator.py
[2026-01-29T16:02:02.024+0530] {processor.py:925} INFO - DAG(s) 'example_short_circuit_decorator' retrieved from /home/hp/Desktop/Bigdata_project/BigData-Project/airflow-venv/lib/python3.10/site-packages/airflow/example_dags/example_short_circuit_decorator.py
[2026-01-29T16:02:02.043+0530] {logging_mixin.py:190} INFO - [2026-01-29T16:02:02.043+0530] {dag.py:3239} INFO - Sync 1 DAGs
[2026-01-29T16:02:02.057+0530] {logging_mixin.py:190} INFO - [2026-01-29T16:02:02.057+0530] {dag.py:4180} INFO - Setting next_dagrun for example_short_circuit_decorator to None, run_after=None
[2026-01-29T16:02:02.077+0530] {processor.py:208} INFO - Processing /home/hp/Desktop/Bigdata_project/BigData-Project/airflow-venv/lib/python3.10/site-packages/airflow/example_dags/example_short_circuit_decorator.py took 0.081 seconds
[2026-01-29T16:02:57.362+0530] {processor.py:186} INFO - Started process (PID=29954) to work on /home/hp/Desktop/Bigdata_project/BigData-Project/airflow-venv/lib/python3.10/site-packages/airflow/example_dags/example_short_circuit_decorator.py
[2026-01-29T16:02:57.368+0530] {processor.py:914} INFO - Processing file /home/hp/Desktop/Bigdata_project/BigData-Project/airflow-venv/lib/python3.10/site-packages/airflow/example_dags/example_short_circuit_decorator.py for tasks to queue
[2026-01-29T16:02:57.371+0530] {logging_mixin.py:190} INFO - [2026-01-29T16:02:57.371+0530] {dagbag.py:588} INFO - Filling up the DagBag from /home/hp/Desktop/Bigdata_project/BigData-Project/airflow-venv/lib/python3.10/site-packages/airflow/example_dags/example_short_circuit_decorator.py
[2026-01-29T16:02:57.382+0530] {processor.py:925} INFO - DAG(s) 'example_short_circuit_decorator' retrieved from /home/hp/Desktop/Bigdata_project/BigData-Project/airflow-venv/lib/python3.10/site-packages/airflow/example_dags/example_short_circuit_decorator.py
[2026-01-29T16:02:57.401+0530] {logging_mixin.py:190} INFO - [2026-01-29T16:02:57.401+0530] {dag.py:3239} INFO - Sync 1 DAGs
[2026-01-29T16:02:57.415+0530] {logging_mixin.py:190} INFO - [2026-01-29T16:02:57.415+0530] {dag.py:4180} INFO - Setting next_dagrun for example_short_circuit_decorator to None, run_after=None
[2026-01-29T16:02:57.435+0530] {processor.py:208} INFO - Processing /home/hp/Desktop/Bigdata_project/BigData-Project/airflow-venv/lib/python3.10/site-packages/airflow/example_dags/example_short_circuit_decorator.py took 0.080 seconds
[2026-01-29T16:03:51.282+0530] {processor.py:186} INFO - Started process (PID=30158) to work on /home/hp/Desktop/Bigdata_project/BigData-Project/airflow-venv/lib/python3.10/site-packages/airflow/example_dags/example_short_circuit_decorator.py
[2026-01-29T16:03:51.288+0530] {processor.py:914} INFO - Processing file /home/hp/Desktop/Bigdata_project/BigData-Project/airflow-venv/lib/python3.10/site-packages/airflow/example_dags/example_short_circuit_decorator.py for tasks to queue
[2026-01-29T16:03:51.292+0530] {logging_mixin.py:190} INFO - [2026-01-29T16:03:51.291+0530] {dagbag.py:588} INFO - Filling up the DagBag from /home/hp/Desktop/Bigdata_project/BigData-Project/airflow-venv/lib/python3.10/site-packages/airflow/example_dags/example_short_circuit_decorator.py
[2026-01-29T16:03:51.305+0530] {processor.py:925} INFO - DAG(s) 'example_short_circuit_decorator' retrieved from /home/hp/Desktop/Bigdata_project/BigData-Project/airflow-venv/lib/python3.10/site-packages/airflow/example_dags/example_short_circuit_decorator.py
[2026-01-29T16:03:51.325+0530] {logging_mixin.py:190} INFO - [2026-01-29T16:03:51.325+0530] {dag.py:3239} INFO - Sync 1 DAGs
[2026-01-29T16:03:51.338+0530] {logging_mixin.py:190} INFO - [2026-01-29T16:03:51.338+0530] {dag.py:4180} INFO - Setting next_dagrun for example_short_circuit_decorator to None, run_after=None
[2026-01-29T16:03:51.359+0530] {processor.py:208} INFO - Processing /home/hp/Desktop/Bigdata_project/BigData-Project/airflow-venv/lib/python3.10/site-packages/airflow/example_dags/example_short_circuit_decorator.py took 0.085 seconds
[2026-01-29T16:04:47.696+0530] {processor.py:186} INFO - Started process (PID=30380) to work on /home/hp/Desktop/Bigdata_project/BigData-Project/airflow-venv/lib/python3.10/site-packages/airflow/example_dags/example_short_circuit_decorator.py
[2026-01-29T16:04:47.702+0530] {processor.py:914} INFO - Processing file /home/hp/Desktop/Bigdata_project/BigData-Project/airflow-venv/lib/python3.10/site-packages/airflow/example_dags/example_short_circuit_decorator.py for tasks to queue
[2026-01-29T16:04:47.706+0530] {logging_mixin.py:190} INFO - [2026-01-29T16:04:47.705+0530] {dagbag.py:588} INFO - Filling up the DagBag from /home/hp/Desktop/Bigdata_project/BigData-Project/airflow-venv/lib/python3.10/site-packages/airflow/example_dags/example_short_circuit_decorator.py
[2026-01-29T16:04:47.717+0530] {processor.py:925} INFO - DAG(s) 'example_short_circuit_decorator' retrieved from /home/hp/Desktop/Bigdata_project/BigData-Project/airflow-venv/lib/python3.10/site-packages/airflow/example_dags/example_short_circuit_decorator.py
[2026-01-29T16:04:47.737+0530] {logging_mixin.py:190} INFO - [2026-01-29T16:04:47.736+0530] {dag.py:3239} INFO - Sync 1 DAGs
[2026-01-29T16:04:47.750+0530] {logging_mixin.py:190} INFO - [2026-01-29T16:04:47.750+0530] {dag.py:4180} INFO - Setting next_dagrun for example_short_circuit_decorator to None, run_after=None
[2026-01-29T16:04:47.771+0530] {processor.py:208} INFO - Processing /home/hp/Desktop/Bigdata_project/BigData-Project/airflow-venv/lib/python3.10/site-packages/airflow/example_dags/example_short_circuit_decorator.py took 0.082 seconds
[2026-01-29T16:05:43.791+0530] {processor.py:186} INFO - Started process (PID=30671) to work on /home/hp/Desktop/Bigdata_project/BigData-Project/airflow-venv/lib/python3.10/site-packages/airflow/example_dags/example_short_circuit_decorator.py
[2026-01-29T16:05:43.797+0530] {processor.py:914} INFO - Processing file /home/hp/Desktop/Bigdata_project/BigData-Project/airflow-venv/lib/python3.10/site-packages/airflow/example_dags/example_short_circuit_decorator.py for tasks to queue
[2026-01-29T16:05:43.801+0530] {logging_mixin.py:190} INFO - [2026-01-29T16:05:43.800+0530] {dagbag.py:588} INFO - Filling up the DagBag from /home/hp/Desktop/Bigdata_project/BigData-Project/airflow-venv/lib/python3.10/site-packages/airflow/example_dags/example_short_circuit_decorator.py
[2026-01-29T16:05:43.811+0530] {processor.py:925} INFO - DAG(s) 'example_short_circuit_decorator' retrieved from /home/hp/Desktop/Bigdata_project/BigData-Project/airflow-venv/lib/python3.10/site-packages/airflow/example_dags/example_short_circuit_decorator.py
[2026-01-29T16:05:43.831+0530] {logging_mixin.py:190} INFO - [2026-01-29T16:05:43.830+0530] {dag.py:3239} INFO - Sync 1 DAGs
[2026-01-29T16:05:43.843+0530] {logging_mixin.py:190} INFO - [2026-01-29T16:05:43.843+0530] {dag.py:4180} INFO - Setting next_dagrun for example_short_circuit_decorator to None, run_after=None
[2026-01-29T16:05:43.864+0530] {processor.py:208} INFO - Processing /home/hp/Desktop/Bigdata_project/BigData-Project/airflow-venv/lib/python3.10/site-packages/airflow/example_dags/example_short_circuit_decorator.py took 0.080 seconds
[2026-01-29T16:06:40.485+0530] {processor.py:186} INFO - Started process (PID=30947) to work on /home/hp/Desktop/Bigdata_project/BigData-Project/airflow-venv/lib/python3.10/site-packages/airflow/example_dags/example_short_circuit_decorator.py
[2026-01-29T16:06:40.491+0530] {processor.py:914} INFO - Processing file /home/hp/Desktop/Bigdata_project/BigData-Project/airflow-venv/lib/python3.10/site-packages/airflow/example_dags/example_short_circuit_decorator.py for tasks to queue
[2026-01-29T16:06:40.494+0530] {logging_mixin.py:190} INFO - [2026-01-29T16:06:40.494+0530] {dagbag.py:588} INFO - Filling up the DagBag from /home/hp/Desktop/Bigdata_project/BigData-Project/airflow-venv/lib/python3.10/site-packages/airflow/example_dags/example_short_circuit_decorator.py
[2026-01-29T16:06:40.504+0530] {processor.py:925} INFO - DAG(s) 'example_short_circuit_decorator' retrieved from /home/hp/Desktop/Bigdata_project/BigData-Project/airflow-venv/lib/python3.10/site-packages/airflow/example_dags/example_short_circuit_decorator.py
[2026-01-29T16:06:40.524+0530] {logging_mixin.py:190} INFO - [2026-01-29T16:06:40.523+0530] {dag.py:3239} INFO - Sync 1 DAGs
[2026-01-29T16:06:40.536+0530] {logging_mixin.py:190} INFO - [2026-01-29T16:06:40.536+0530] {dag.py:4180} INFO - Setting next_dagrun for example_short_circuit_decorator to None, run_after=None
[2026-01-29T16:06:40.557+0530] {processor.py:208} INFO - Processing /home/hp/Desktop/Bigdata_project/BigData-Project/airflow-venv/lib/python3.10/site-packages/airflow/example_dags/example_short_circuit_decorator.py took 0.079 seconds
[2026-01-29T16:07:38.354+0530] {processor.py:186} INFO - Started process (PID=31204) to work on /home/hp/Desktop/Bigdata_project/BigData-Project/airflow-venv/lib/python3.10/site-packages/airflow/example_dags/example_short_circuit_decorator.py
[2026-01-29T16:07:38.356+0530] {processor.py:914} INFO - Processing file /home/hp/Desktop/Bigdata_project/BigData-Project/airflow-venv/lib/python3.10/site-packages/airflow/example_dags/example_short_circuit_decorator.py for tasks to queue
[2026-01-29T16:07:38.358+0530] {logging_mixin.py:190} INFO - [2026-01-29T16:07:38.358+0530] {dagbag.py:588} INFO - Filling up the DagBag from /home/hp/Desktop/Bigdata_project/BigData-Project/airflow-venv/lib/python3.10/site-packages/airflow/example_dags/example_short_circuit_decorator.py
[2026-01-29T16:07:38.369+0530] {processor.py:925} INFO - DAG(s) 'example_short_circuit_decorator' retrieved from /home/hp/Desktop/Bigdata_project/BigData-Project/airflow-venv/lib/python3.10/site-packages/airflow/example_dags/example_short_circuit_decorator.py
[2026-01-29T16:07:38.388+0530] {logging_mixin.py:190} INFO - [2026-01-29T16:07:38.388+0530] {dag.py:3239} INFO - Sync 1 DAGs
[2026-01-29T16:07:38.401+0530] {logging_mixin.py:190} INFO - [2026-01-29T16:07:38.401+0530] {dag.py:4180} INFO - Setting next_dagrun for example_short_circuit_decorator to None, run_after=None
[2026-01-29T16:07:38.421+0530] {processor.py:208} INFO - Processing /home/hp/Desktop/Bigdata_project/BigData-Project/airflow-venv/lib/python3.10/site-packages/airflow/example_dags/example_short_circuit_decorator.py took 0.074 seconds
[2026-01-29T16:08:37.775+0530] {processor.py:186} INFO - Started process (PID=31448) to work on /home/hp/Desktop/Bigdata_project/BigData-Project/airflow-venv/lib/python3.10/site-packages/airflow/example_dags/example_short_circuit_decorator.py
[2026-01-29T16:08:37.781+0530] {processor.py:914} INFO - Processing file /home/hp/Desktop/Bigdata_project/BigData-Project/airflow-venv/lib/python3.10/site-packages/airflow/example_dags/example_short_circuit_decorator.py for tasks to queue
[2026-01-29T16:08:37.784+0530] {logging_mixin.py:190} INFO - [2026-01-29T16:08:37.784+0530] {dagbag.py:588} INFO - Filling up the DagBag from /home/hp/Desktop/Bigdata_project/BigData-Project/airflow-venv/lib/python3.10/site-packages/airflow/example_dags/example_short_circuit_decorator.py
[2026-01-29T16:08:37.796+0530] {processor.py:925} INFO - DAG(s) 'example_short_circuit_decorator' retrieved from /home/hp/Desktop/Bigdata_project/BigData-Project/airflow-venv/lib/python3.10/site-packages/airflow/example_dags/example_short_circuit_decorator.py
[2026-01-29T16:08:37.896+0530] {logging_mixin.py:190} INFO - [2026-01-29T16:08:37.896+0530] {override.py:1930} INFO - Created Permission View: can edit on DAG:example_short_circuit_decorator
[2026-01-29T16:08:37.907+0530] {logging_mixin.py:190} INFO - [2026-01-29T16:08:37.906+0530] {override.py:1930} INFO - Created Permission View: can delete on DAG:example_short_circuit_decorator
[2026-01-29T16:08:37.914+0530] {logging_mixin.py:190} INFO - [2026-01-29T16:08:37.914+0530] {override.py:1930} INFO - Created Permission View: can read on DAG:example_short_circuit_decorator
[2026-01-29T16:08:37.925+0530] {logging_mixin.py:190} INFO - [2026-01-29T16:08:37.925+0530] {override.py:1930} INFO - Created Permission View: menu access on DAG Run:example_short_circuit_decorator
[2026-01-29T16:08:37.933+0530] {logging_mixin.py:190} INFO - [2026-01-29T16:08:37.932+0530] {override.py:1930} INFO - Created Permission View: can delete on DAG Run:example_short_circuit_decorator
[2026-01-29T16:08:37.940+0530] {logging_mixin.py:190} INFO - [2026-01-29T16:08:37.939+0530] {override.py:1930} INFO - Created Permission View: can create on DAG Run:example_short_circuit_decorator
[2026-01-29T16:08:37.947+0530] {logging_mixin.py:190} INFO - [2026-01-29T16:08:37.947+0530] {override.py:1930} INFO - Created Permission View: can read on DAG Run:example_short_circuit_decorator
[2026-01-29T16:08:37.947+0530] {logging_mixin.py:190} INFO - [2026-01-29T16:08:37.947+0530] {dag.py:3239} INFO - Sync 1 DAGs
[2026-01-29T16:08:37.960+0530] {logging_mixin.py:190} INFO - [2026-01-29T16:08:37.960+0530] {dag.py:3262} INFO - Creating ORM DAG for example_short_circuit_decorator
[2026-01-29T16:08:37.961+0530] {logging_mixin.py:190} INFO - [2026-01-29T16:08:37.961+0530] {dag.py:4180} INFO - Setting next_dagrun for example_short_circuit_decorator to None, run_after=None
[2026-01-29T16:08:38.094+0530] {processor.py:208} INFO - Processing /home/hp/Desktop/Bigdata_project/BigData-Project/airflow-venv/lib/python3.10/site-packages/airflow/example_dags/example_short_circuit_decorator.py took 0.326 seconds
