[2026-01-29T15:56:17.257+0530] {processor.py:186} INFO - Started process (PID=28487) to work on /home/hp/Desktop/Bigdata_project/BigData-Project/airflow-venv/lib/python3.10/site-packages/airflow/example_dags/example_bash_operator.py
[2026-01-29T15:56:17.258+0530] {processor.py:914} INFO - Processing file /home/hp/Desktop/Bigdata_project/BigData-Project/airflow-venv/lib/python3.10/site-packages/airflow/example_dags/example_bash_operator.py for tasks to queue
[2026-01-29T15:56:17.260+0530] {logging_mixin.py:190} INFO - [2026-01-29T15:56:17.260+0530] {dagbag.py:588} INFO - Filling up the DagBag from /home/hp/Desktop/Bigdata_project/BigData-Project/airflow-venv/lib/python3.10/site-packages/airflow/example_dags/example_bash_operator.py
[2026-01-29T15:56:17.275+0530] {processor.py:925} INFO - DAG(s) 'example_bash_operator' retrieved from /home/hp/Desktop/Bigdata_project/BigData-Project/airflow-venv/lib/python3.10/site-packages/airflow/example_dags/example_bash_operator.py
[2026-01-29T15:56:17.384+0530] {logging_mixin.py:190} INFO - [2026-01-29T15:56:17.384+0530] {override.py:1930} INFO - Created Permission View: can edit on DAG:example_bash_operator
[2026-01-29T15:56:17.396+0530] {logging_mixin.py:190} INFO - [2026-01-29T15:56:17.396+0530] {override.py:1930} INFO - Created Permission View: can delete on DAG:example_bash_operator
[2026-01-29T15:56:17.404+0530] {logging_mixin.py:190} INFO - [2026-01-29T15:56:17.403+0530] {override.py:1930} INFO - Created Permission View: can read on DAG:example_bash_operator
[2026-01-29T15:56:17.415+0530] {logging_mixin.py:190} INFO - [2026-01-29T15:56:17.414+0530] {override.py:1930} INFO - Created Permission View: can delete on DAG Run:example_bash_operator
[2026-01-29T15:56:17.422+0530] {logging_mixin.py:190} INFO - [2026-01-29T15:56:17.422+0530] {override.py:1930} INFO - Created Permission View: can read on DAG Run:example_bash_operator
[2026-01-29T15:56:17.430+0530] {logging_mixin.py:190} INFO - [2026-01-29T15:56:17.429+0530] {override.py:1930} INFO - Created Permission View: menu access on DAG Run:example_bash_operator
[2026-01-29T15:56:17.438+0530] {logging_mixin.py:190} INFO - [2026-01-29T15:56:17.437+0530] {override.py:1930} INFO - Created Permission View: can create on DAG Run:example_bash_operator
[2026-01-29T15:56:17.438+0530] {logging_mixin.py:190} INFO - [2026-01-29T15:56:17.438+0530] {dag.py:3239} INFO - Sync 1 DAGs
[2026-01-29T15:56:17.450+0530] {logging_mixin.py:190} INFO - [2026-01-29T15:56:17.450+0530] {dag.py:3262} INFO - Creating ORM DAG for example_bash_operator
[2026-01-29T15:56:17.461+0530] {logging_mixin.py:190} INFO - [2026-01-29T15:56:17.461+0530] {dag.py:4180} INFO - Setting next_dagrun for example_bash_operator to 2026-01-28 00:00:00+00:00, run_after=2026-01-29 00:00:00+00:00
[2026-01-29T15:56:17.480+0530] {processor.py:208} INFO - Processing /home/hp/Desktop/Bigdata_project/BigData-Project/airflow-venv/lib/python3.10/site-packages/airflow/example_dags/example_bash_operator.py took 0.230 seconds
[2026-01-29T15:57:18.429+0530] {processor.py:186} INFO - Started process (PID=28679) to work on /home/hp/Desktop/Bigdata_project/BigData-Project/airflow-venv/lib/python3.10/site-packages/airflow/example_dags/example_bash_operator.py
[2026-01-29T15:57:18.436+0530] {processor.py:914} INFO - Processing file /home/hp/Desktop/Bigdata_project/BigData-Project/airflow-venv/lib/python3.10/site-packages/airflow/example_dags/example_bash_operator.py for tasks to queue
[2026-01-29T15:57:18.439+0530] {logging_mixin.py:190} INFO - [2026-01-29T15:57:18.438+0530] {dagbag.py:588} INFO - Filling up the DagBag from /home/hp/Desktop/Bigdata_project/BigData-Project/airflow-venv/lib/python3.10/site-packages/airflow/example_dags/example_bash_operator.py
[2026-01-29T15:57:18.453+0530] {processor.py:925} INFO - DAG(s) 'example_bash_operator' retrieved from /home/hp/Desktop/Bigdata_project/BigData-Project/airflow-venv/lib/python3.10/site-packages/airflow/example_dags/example_bash_operator.py
[2026-01-29T15:57:18.477+0530] {logging_mixin.py:190} INFO - [2026-01-29T15:57:18.476+0530] {dag.py:3239} INFO - Sync 1 DAGs
[2026-01-29T15:57:18.498+0530] {logging_mixin.py:190} INFO - [2026-01-29T15:57:18.498+0530] {dag.py:4180} INFO - Setting next_dagrun for example_bash_operator to 2026-01-28 00:00:00+00:00, run_after=2026-01-29 00:00:00+00:00
[2026-01-29T15:57:18.518+0530] {processor.py:208} INFO - Processing /home/hp/Desktop/Bigdata_project/BigData-Project/airflow-venv/lib/python3.10/site-packages/airflow/example_dags/example_bash_operator.py took 0.095 seconds
[2026-01-29T16:00:48.488+0530] {processor.py:186} INFO - Started process (PID=29399) to work on /home/hp/Desktop/Bigdata_project/BigData-Project/airflow-venv/lib/python3.10/site-packages/airflow/example_dags/example_bash_operator.py
[2026-01-29T16:00:48.489+0530] {processor.py:914} INFO - Processing file /home/hp/Desktop/Bigdata_project/BigData-Project/airflow-venv/lib/python3.10/site-packages/airflow/example_dags/example_bash_operator.py for tasks to queue
[2026-01-29T16:00:48.491+0530] {logging_mixin.py:190} INFO - [2026-01-29T16:00:48.491+0530] {dagbag.py:588} INFO - Filling up the DagBag from /home/hp/Desktop/Bigdata_project/BigData-Project/airflow-venv/lib/python3.10/site-packages/airflow/example_dags/example_bash_operator.py
[2026-01-29T16:00:48.506+0530] {processor.py:925} INFO - DAG(s) 'example_bash_operator' retrieved from /home/hp/Desktop/Bigdata_project/BigData-Project/airflow-venv/lib/python3.10/site-packages/airflow/example_dags/example_bash_operator.py
[2026-01-29T16:00:48.532+0530] {logging_mixin.py:190} INFO - [2026-01-29T16:00:48.531+0530] {dag.py:3239} INFO - Sync 1 DAGs
[2026-01-29T16:00:48.553+0530] {logging_mixin.py:190} INFO - [2026-01-29T16:00:48.553+0530] {dag.py:4180} INFO - Setting next_dagrun for example_bash_operator to 2026-01-28 00:00:00+00:00, run_after=2026-01-29 00:00:00+00:00
[2026-01-29T16:00:48.573+0530] {processor.py:208} INFO - Processing /home/hp/Desktop/Bigdata_project/BigData-Project/airflow-venv/lib/python3.10/site-packages/airflow/example_dags/example_bash_operator.py took 0.092 seconds
[2026-01-29T16:01:46.531+0530] {processor.py:186} INFO - Started process (PID=29645) to work on /home/hp/Desktop/Bigdata_project/BigData-Project/airflow-venv/lib/python3.10/site-packages/airflow/example_dags/example_bash_operator.py
[2026-01-29T16:01:46.538+0530] {processor.py:914} INFO - Processing file /home/hp/Desktop/Bigdata_project/BigData-Project/airflow-venv/lib/python3.10/site-packages/airflow/example_dags/example_bash_operator.py for tasks to queue
[2026-01-29T16:01:46.541+0530] {logging_mixin.py:190} INFO - [2026-01-29T16:01:46.540+0530] {dagbag.py:588} INFO - Filling up the DagBag from /home/hp/Desktop/Bigdata_project/BigData-Project/airflow-venv/lib/python3.10/site-packages/airflow/example_dags/example_bash_operator.py
[2026-01-29T16:01:46.556+0530] {processor.py:925} INFO - DAG(s) 'example_bash_operator' retrieved from /home/hp/Desktop/Bigdata_project/BigData-Project/airflow-venv/lib/python3.10/site-packages/airflow/example_dags/example_bash_operator.py
[2026-01-29T16:01:46.580+0530] {logging_mixin.py:190} INFO - [2026-01-29T16:01:46.580+0530] {dag.py:3239} INFO - Sync 1 DAGs
[2026-01-29T16:01:46.602+0530] {logging_mixin.py:190} INFO - [2026-01-29T16:01:46.602+0530] {dag.py:4180} INFO - Setting next_dagrun for example_bash_operator to 2026-01-28 00:00:00+00:00, run_after=2026-01-29 00:00:00+00:00
[2026-01-29T16:01:46.622+0530] {processor.py:208} INFO - Processing /home/hp/Desktop/Bigdata_project/BigData-Project/airflow-venv/lib/python3.10/site-packages/airflow/example_dags/example_bash_operator.py took 0.098 seconds
[2026-01-29T16:03:06.628+0530] {processor.py:186} INFO - Started process (PID=29985) to work on /home/hp/Desktop/Bigdata_project/BigData-Project/airflow-venv/lib/python3.10/site-packages/airflow/example_dags/example_bash_operator.py
[2026-01-29T16:03:06.634+0530] {processor.py:914} INFO - Processing file /home/hp/Desktop/Bigdata_project/BigData-Project/airflow-venv/lib/python3.10/site-packages/airflow/example_dags/example_bash_operator.py for tasks to queue
[2026-01-29T16:03:06.637+0530] {logging_mixin.py:190} INFO - [2026-01-29T16:03:06.636+0530] {dagbag.py:588} INFO - Filling up the DagBag from /home/hp/Desktop/Bigdata_project/BigData-Project/airflow-venv/lib/python3.10/site-packages/airflow/example_dags/example_bash_operator.py
[2026-01-29T16:03:06.651+0530] {processor.py:925} INFO - DAG(s) 'example_bash_operator' retrieved from /home/hp/Desktop/Bigdata_project/BigData-Project/airflow-venv/lib/python3.10/site-packages/airflow/example_dags/example_bash_operator.py
[2026-01-29T16:03:06.676+0530] {logging_mixin.py:190} INFO - [2026-01-29T16:03:06.675+0530] {dag.py:3239} INFO - Sync 1 DAGs
[2026-01-29T16:03:06.697+0530] {logging_mixin.py:190} INFO - [2026-01-29T16:03:06.697+0530] {dag.py:4180} INFO - Setting next_dagrun for example_bash_operator to 2026-01-28 00:00:00+00:00, run_after=2026-01-29 00:00:00+00:00
[2026-01-29T16:03:06.717+0530] {processor.py:208} INFO - Processing /home/hp/Desktop/Bigdata_project/BigData-Project/airflow-venv/lib/python3.10/site-packages/airflow/example_dags/example_bash_operator.py took 0.097 seconds
[2026-01-29T16:04:28.328+0530] {processor.py:186} INFO - Started process (PID=30308) to work on /home/hp/Desktop/Bigdata_project/BigData-Project/airflow-venv/lib/python3.10/site-packages/airflow/example_dags/example_bash_operator.py
[2026-01-29T16:04:28.334+0530] {processor.py:914} INFO - Processing file /home/hp/Desktop/Bigdata_project/BigData-Project/airflow-venv/lib/python3.10/site-packages/airflow/example_dags/example_bash_operator.py for tasks to queue
[2026-01-29T16:04:28.337+0530] {logging_mixin.py:190} INFO - [2026-01-29T16:04:28.336+0530] {dagbag.py:588} INFO - Filling up the DagBag from /home/hp/Desktop/Bigdata_project/BigData-Project/airflow-venv/lib/python3.10/site-packages/airflow/example_dags/example_bash_operator.py
[2026-01-29T16:04:28.352+0530] {processor.py:925} INFO - DAG(s) 'example_bash_operator' retrieved from /home/hp/Desktop/Bigdata_project/BigData-Project/airflow-venv/lib/python3.10/site-packages/airflow/example_dags/example_bash_operator.py
[2026-01-29T16:04:28.378+0530] {logging_mixin.py:190} INFO - [2026-01-29T16:04:28.378+0530] {dag.py:3239} INFO - Sync 1 DAGs
[2026-01-29T16:04:28.401+0530] {logging_mixin.py:190} INFO - [2026-01-29T16:04:28.400+0530] {dag.py:4180} INFO - Setting next_dagrun for example_bash_operator to 2026-01-28 00:00:00+00:00, run_after=2026-01-29 00:00:00+00:00
[2026-01-29T16:04:28.423+0530] {processor.py:208} INFO - Processing /home/hp/Desktop/Bigdata_project/BigData-Project/airflow-venv/lib/python3.10/site-packages/airflow/example_dags/example_bash_operator.py took 0.103 seconds
[2026-01-29T16:05:26.707+0530] {processor.py:186} INFO - Started process (PID=30609) to work on /home/hp/Desktop/Bigdata_project/BigData-Project/airflow-venv/lib/python3.10/site-packages/airflow/example_dags/example_bash_operator.py
[2026-01-29T16:05:26.714+0530] {processor.py:914} INFO - Processing file /home/hp/Desktop/Bigdata_project/BigData-Project/airflow-venv/lib/python3.10/site-packages/airflow/example_dags/example_bash_operator.py for tasks to queue
[2026-01-29T16:05:26.717+0530] {logging_mixin.py:190} INFO - [2026-01-29T16:05:26.716+0530] {dagbag.py:588} INFO - Filling up the DagBag from /home/hp/Desktop/Bigdata_project/BigData-Project/airflow-venv/lib/python3.10/site-packages/airflow/example_dags/example_bash_operator.py
[2026-01-29T16:05:26.732+0530] {processor.py:925} INFO - DAG(s) 'example_bash_operator' retrieved from /home/hp/Desktop/Bigdata_project/BigData-Project/airflow-venv/lib/python3.10/site-packages/airflow/example_dags/example_bash_operator.py
[2026-01-29T16:05:26.759+0530] {logging_mixin.py:190} INFO - [2026-01-29T16:05:26.759+0530] {dag.py:3239} INFO - Sync 1 DAGs
[2026-01-29T16:05:26.781+0530] {logging_mixin.py:190} INFO - [2026-01-29T16:05:26.781+0530] {dag.py:4180} INFO - Setting next_dagrun for example_bash_operator to 2026-01-28 00:00:00+00:00, run_after=2026-01-29 00:00:00+00:00
[2026-01-29T16:05:26.803+0530] {processor.py:208} INFO - Processing /home/hp/Desktop/Bigdata_project/BigData-Project/airflow-venv/lib/python3.10/site-packages/airflow/example_dags/example_bash_operator.py took 0.103 seconds
[2026-01-29T16:06:50.740+0530] {processor.py:186} INFO - Started process (PID=30992) to work on /home/hp/Desktop/Bigdata_project/BigData-Project/airflow-venv/lib/python3.10/site-packages/airflow/example_dags/example_bash_operator.py
[2026-01-29T16:06:50.746+0530] {processor.py:914} INFO - Processing file /home/hp/Desktop/Bigdata_project/BigData-Project/airflow-venv/lib/python3.10/site-packages/airflow/example_dags/example_bash_operator.py for tasks to queue
[2026-01-29T16:06:50.749+0530] {logging_mixin.py:190} INFO - [2026-01-29T16:06:50.748+0530] {dagbag.py:588} INFO - Filling up the DagBag from /home/hp/Desktop/Bigdata_project/BigData-Project/airflow-venv/lib/python3.10/site-packages/airflow/example_dags/example_bash_operator.py
[2026-01-29T16:06:50.763+0530] {processor.py:925} INFO - DAG(s) 'example_bash_operator' retrieved from /home/hp/Desktop/Bigdata_project/BigData-Project/airflow-venv/lib/python3.10/site-packages/airflow/example_dags/example_bash_operator.py
[2026-01-29T16:06:50.787+0530] {logging_mixin.py:190} INFO - [2026-01-29T16:06:50.787+0530] {dag.py:3239} INFO - Sync 1 DAGs
[2026-01-29T16:06:50.808+0530] {logging_mixin.py:190} INFO - [2026-01-29T16:06:50.807+0530] {dag.py:4180} INFO - Setting next_dagrun for example_bash_operator to 2026-01-28 00:00:00+00:00, run_after=2026-01-29 00:00:00+00:00
[2026-01-29T16:06:50.828+0530] {processor.py:208} INFO - Processing /home/hp/Desktop/Bigdata_project/BigData-Project/airflow-venv/lib/python3.10/site-packages/airflow/example_dags/example_bash_operator.py took 0.095 seconds
[2026-01-29T16:07:48.657+0530] {processor.py:186} INFO - Started process (PID=31252) to work on /home/hp/Desktop/Bigdata_project/BigData-Project/airflow-venv/lib/python3.10/site-packages/airflow/example_dags/example_bash_operator.py
[2026-01-29T16:07:48.663+0530] {processor.py:914} INFO - Processing file /home/hp/Desktop/Bigdata_project/BigData-Project/airflow-venv/lib/python3.10/site-packages/airflow/example_dags/example_bash_operator.py for tasks to queue
[2026-01-29T16:07:48.666+0530] {logging_mixin.py:190} INFO - [2026-01-29T16:07:48.665+0530] {dagbag.py:588} INFO - Filling up the DagBag from /home/hp/Desktop/Bigdata_project/BigData-Project/airflow-venv/lib/python3.10/site-packages/airflow/example_dags/example_bash_operator.py
[2026-01-29T16:07:48.681+0530] {processor.py:925} INFO - DAG(s) 'example_bash_operator' retrieved from /home/hp/Desktop/Bigdata_project/BigData-Project/airflow-venv/lib/python3.10/site-packages/airflow/example_dags/example_bash_operator.py
[2026-01-29T16:07:48.707+0530] {logging_mixin.py:190} INFO - [2026-01-29T16:07:48.707+0530] {dag.py:3239} INFO - Sync 1 DAGs
[2026-01-29T16:07:48.731+0530] {logging_mixin.py:190} INFO - [2026-01-29T16:07:48.730+0530] {dag.py:4180} INFO - Setting next_dagrun for example_bash_operator to 2026-01-28 00:00:00+00:00, run_after=2026-01-29 00:00:00+00:00
[2026-01-29T16:07:48.752+0530] {processor.py:208} INFO - Processing /home/hp/Desktop/Bigdata_project/BigData-Project/airflow-venv/lib/python3.10/site-packages/airflow/example_dags/example_bash_operator.py took 0.102 seconds
[2026-01-29T16:08:50.025+0530] {processor.py:186} INFO - Started process (PID=31526) to work on /home/hp/Desktop/Bigdata_project/BigData-Project/airflow-venv/lib/python3.10/site-packages/airflow/example_dags/example_bash_operator.py
[2026-01-29T16:08:50.031+0530] {processor.py:914} INFO - Processing file /home/hp/Desktop/Bigdata_project/BigData-Project/airflow-venv/lib/python3.10/site-packages/airflow/example_dags/example_bash_operator.py for tasks to queue
[2026-01-29T16:08:50.035+0530] {logging_mixin.py:190} INFO - [2026-01-29T16:08:50.034+0530] {dagbag.py:588} INFO - Filling up the DagBag from /home/hp/Desktop/Bigdata_project/BigData-Project/airflow-venv/lib/python3.10/site-packages/airflow/example_dags/example_bash_operator.py
[2026-01-29T16:08:50.049+0530] {processor.py:925} INFO - DAG(s) 'example_bash_operator' retrieved from /home/hp/Desktop/Bigdata_project/BigData-Project/airflow-venv/lib/python3.10/site-packages/airflow/example_dags/example_bash_operator.py
[2026-01-29T16:08:50.157+0530] {logging_mixin.py:190} INFO - [2026-01-29T16:08:50.156+0530] {override.py:1930} INFO - Created Permission View: can edit on DAG:example_bash_operator
[2026-01-29T16:08:50.167+0530] {logging_mixin.py:190} INFO - [2026-01-29T16:08:50.167+0530] {override.py:1930} INFO - Created Permission View: can delete on DAG:example_bash_operator
[2026-01-29T16:08:50.174+0530] {logging_mixin.py:190} INFO - [2026-01-29T16:08:50.174+0530] {override.py:1930} INFO - Created Permission View: can read on DAG:example_bash_operator
[2026-01-29T16:08:50.185+0530] {logging_mixin.py:190} INFO - [2026-01-29T16:08:50.185+0530] {override.py:1930} INFO - Created Permission View: menu access on DAG Run:example_bash_operator
[2026-01-29T16:08:50.193+0530] {logging_mixin.py:190} INFO - [2026-01-29T16:08:50.193+0530] {override.py:1930} INFO - Created Permission View: can delete on DAG Run:example_bash_operator
[2026-01-29T16:08:50.205+0530] {logging_mixin.py:190} INFO - [2026-01-29T16:08:50.204+0530] {override.py:1930} INFO - Created Permission View: can create on DAG Run:example_bash_operator
[2026-01-29T16:08:50.214+0530] {logging_mixin.py:190} INFO - [2026-01-29T16:08:50.214+0530] {override.py:1930} INFO - Created Permission View: can read on DAG Run:example_bash_operator
[2026-01-29T16:08:50.215+0530] {logging_mixin.py:190} INFO - [2026-01-29T16:08:50.215+0530] {dag.py:3239} INFO - Sync 1 DAGs
[2026-01-29T16:08:50.227+0530] {logging_mixin.py:190} INFO - [2026-01-29T16:08:50.227+0530] {dag.py:3262} INFO - Creating ORM DAG for example_bash_operator
[2026-01-29T16:08:50.351+0530] {logging_mixin.py:190} INFO - [2026-01-29T16:08:50.351+0530] {dag.py:4180} INFO - Setting next_dagrun for example_bash_operator to 2026-01-28 00:00:00+00:00, run_after=2026-01-29 00:00:00+00:00
[2026-01-29T16:08:50.374+0530] {processor.py:208} INFO - Processing /home/hp/Desktop/Bigdata_project/BigData-Project/airflow-venv/lib/python3.10/site-packages/airflow/example_dags/example_bash_operator.py took 0.356 seconds
