[2026-01-29T15:56:03.160+0530] {processor.py:186} INFO - Started process (PID=28410) to work on /home/hp/Desktop/Bigdata_project/BigData-Project/airflow-venv/lib/python3.10/site-packages/airflow/example_dags/example_nested_branch_dag.py
[2026-01-29T15:56:03.161+0530] {processor.py:914} INFO - Processing file /home/hp/Desktop/Bigdata_project/BigData-Project/airflow-venv/lib/python3.10/site-packages/airflow/example_dags/example_nested_branch_dag.py for tasks to queue
[2026-01-29T15:56:03.164+0530] {logging_mixin.py:190} INFO - [2026-01-29T15:56:03.164+0530] {dagbag.py:588} INFO - Filling up the DagBag from /home/hp/Desktop/Bigdata_project/BigData-Project/airflow-venv/lib/python3.10/site-packages/airflow/example_dags/example_nested_branch_dag.py
[2026-01-29T15:56:03.186+0530] {processor.py:925} INFO - DAG(s) 'example_nested_branch_dag' retrieved from /home/hp/Desktop/Bigdata_project/BigData-Project/airflow-venv/lib/python3.10/site-packages/airflow/example_dags/example_nested_branch_dag.py
[2026-01-29T15:56:03.324+0530] {logging_mixin.py:190} INFO - [2026-01-29T15:56:03.323+0530] {override.py:1930} INFO - Created Permission View: can edit on DAG:example_nested_branch_dag
[2026-01-29T15:56:03.344+0530] {logging_mixin.py:190} INFO - [2026-01-29T15:56:03.343+0530] {override.py:1930} INFO - Created Permission View: can delete on DAG:example_nested_branch_dag
[2026-01-29T15:56:03.354+0530] {logging_mixin.py:190} INFO - [2026-01-29T15:56:03.353+0530] {override.py:1930} INFO - Created Permission View: can read on DAG:example_nested_branch_dag
[2026-01-29T15:56:03.366+0530] {logging_mixin.py:190} INFO - [2026-01-29T15:56:03.366+0530] {override.py:1930} INFO - Created Permission View: can delete on DAG Run:example_nested_branch_dag
[2026-01-29T15:56:03.376+0530] {logging_mixin.py:190} INFO - [2026-01-29T15:56:03.375+0530] {override.py:1930} INFO - Created Permission View: can read on DAG Run:example_nested_branch_dag
[2026-01-29T15:56:03.385+0530] {logging_mixin.py:190} INFO - [2026-01-29T15:56:03.385+0530] {override.py:1930} INFO - Created Permission View: menu access on DAG Run:example_nested_branch_dag
[2026-01-29T15:56:03.395+0530] {logging_mixin.py:190} INFO - [2026-01-29T15:56:03.394+0530] {override.py:1930} INFO - Created Permission View: can create on DAG Run:example_nested_branch_dag
[2026-01-29T15:56:03.395+0530] {logging_mixin.py:190} INFO - [2026-01-29T15:56:03.395+0530] {dag.py:3239} INFO - Sync 1 DAGs
[2026-01-29T15:56:03.410+0530] {logging_mixin.py:190} INFO - [2026-01-29T15:56:03.409+0530] {dag.py:3262} INFO - Creating ORM DAG for example_nested_branch_dag
[2026-01-29T15:56:03.421+0530] {logging_mixin.py:190} INFO - [2026-01-29T15:56:03.421+0530] {dag.py:4180} INFO - Setting next_dagrun for example_nested_branch_dag to 2026-01-28 00:00:00+00:00, run_after=2026-01-29 00:00:00+00:00
[2026-01-29T15:56:03.442+0530] {processor.py:208} INFO - Processing /home/hp/Desktop/Bigdata_project/BigData-Project/airflow-venv/lib/python3.10/site-packages/airflow/example_dags/example_nested_branch_dag.py took 0.291 seconds
[2026-01-29T15:57:06.652+0530] {processor.py:186} INFO - Started process (PID=28649) to work on /home/hp/Desktop/Bigdata_project/BigData-Project/airflow-venv/lib/python3.10/site-packages/airflow/example_dags/example_nested_branch_dag.py
[2026-01-29T15:57:06.659+0530] {processor.py:914} INFO - Processing file /home/hp/Desktop/Bigdata_project/BigData-Project/airflow-venv/lib/python3.10/site-packages/airflow/example_dags/example_nested_branch_dag.py for tasks to queue
[2026-01-29T15:57:06.662+0530] {logging_mixin.py:190} INFO - [2026-01-29T15:57:06.661+0530] {dagbag.py:588} INFO - Filling up the DagBag from /home/hp/Desktop/Bigdata_project/BigData-Project/airflow-venv/lib/python3.10/site-packages/airflow/example_dags/example_nested_branch_dag.py
[2026-01-29T15:57:06.674+0530] {processor.py:925} INFO - DAG(s) 'example_nested_branch_dag' retrieved from /home/hp/Desktop/Bigdata_project/BigData-Project/airflow-venv/lib/python3.10/site-packages/airflow/example_dags/example_nested_branch_dag.py
[2026-01-29T15:57:06.692+0530] {logging_mixin.py:190} INFO - [2026-01-29T15:57:06.692+0530] {dag.py:3239} INFO - Sync 1 DAGs
[2026-01-29T15:57:06.713+0530] {logging_mixin.py:190} INFO - [2026-01-29T15:57:06.713+0530] {dag.py:4180} INFO - Setting next_dagrun for example_nested_branch_dag to 2026-01-28 00:00:00+00:00, run_after=2026-01-29 00:00:00+00:00
[2026-01-29T15:57:06.735+0530] {processor.py:208} INFO - Processing /home/hp/Desktop/Bigdata_project/BigData-Project/airflow-venv/lib/python3.10/site-packages/airflow/example_dags/example_nested_branch_dag.py took 0.089 seconds
[2026-01-29T16:00:37.625+0530] {processor.py:186} INFO - Started process (PID=29362) to work on /home/hp/Desktop/Bigdata_project/BigData-Project/airflow-venv/lib/python3.10/site-packages/airflow/example_dags/example_nested_branch_dag.py
[2026-01-29T16:00:37.626+0530] {processor.py:914} INFO - Processing file /home/hp/Desktop/Bigdata_project/BigData-Project/airflow-venv/lib/python3.10/site-packages/airflow/example_dags/example_nested_branch_dag.py for tasks to queue
[2026-01-29T16:00:37.628+0530] {logging_mixin.py:190} INFO - [2026-01-29T16:00:37.628+0530] {dagbag.py:588} INFO - Filling up the DagBag from /home/hp/Desktop/Bigdata_project/BigData-Project/airflow-venv/lib/python3.10/site-packages/airflow/example_dags/example_nested_branch_dag.py
[2026-01-29T16:00:37.641+0530] {processor.py:925} INFO - DAG(s) 'example_nested_branch_dag' retrieved from /home/hp/Desktop/Bigdata_project/BigData-Project/airflow-venv/lib/python3.10/site-packages/airflow/example_dags/example_nested_branch_dag.py
[2026-01-29T16:00:37.659+0530] {logging_mixin.py:190} INFO - [2026-01-29T16:00:37.659+0530] {dag.py:3239} INFO - Sync 1 DAGs
[2026-01-29T16:00:37.681+0530] {logging_mixin.py:190} INFO - [2026-01-29T16:00:37.681+0530] {dag.py:4180} INFO - Setting next_dagrun for example_nested_branch_dag to 2026-01-28 00:00:00+00:00, run_after=2026-01-29 00:00:00+00:00
[2026-01-29T16:00:37.705+0530] {processor.py:208} INFO - Processing /home/hp/Desktop/Bigdata_project/BigData-Project/airflow-venv/lib/python3.10/site-packages/airflow/example_dags/example_nested_branch_dag.py took 0.087 seconds
[2026-01-29T16:01:34.501+0530] {processor.py:186} INFO - Started process (PID=29603) to work on /home/hp/Desktop/Bigdata_project/BigData-Project/airflow-venv/lib/python3.10/site-packages/airflow/example_dags/example_nested_branch_dag.py
[2026-01-29T16:01:34.507+0530] {processor.py:914} INFO - Processing file /home/hp/Desktop/Bigdata_project/BigData-Project/airflow-venv/lib/python3.10/site-packages/airflow/example_dags/example_nested_branch_dag.py for tasks to queue
[2026-01-29T16:01:34.510+0530] {logging_mixin.py:190} INFO - [2026-01-29T16:01:34.510+0530] {dagbag.py:588} INFO - Filling up the DagBag from /home/hp/Desktop/Bigdata_project/BigData-Project/airflow-venv/lib/python3.10/site-packages/airflow/example_dags/example_nested_branch_dag.py
[2026-01-29T16:01:34.522+0530] {processor.py:925} INFO - DAG(s) 'example_nested_branch_dag' retrieved from /home/hp/Desktop/Bigdata_project/BigData-Project/airflow-venv/lib/python3.10/site-packages/airflow/example_dags/example_nested_branch_dag.py
[2026-01-29T16:01:34.541+0530] {logging_mixin.py:190} INFO - [2026-01-29T16:01:34.541+0530] {dag.py:3239} INFO - Sync 1 DAGs
[2026-01-29T16:01:34.564+0530] {logging_mixin.py:190} INFO - [2026-01-29T16:01:34.564+0530] {dag.py:4180} INFO - Setting next_dagrun for example_nested_branch_dag to 2026-01-28 00:00:00+00:00, run_after=2026-01-29 00:00:00+00:00
[2026-01-29T16:01:34.586+0530] {processor.py:208} INFO - Processing /home/hp/Desktop/Bigdata_project/BigData-Project/airflow-venv/lib/python3.10/site-packages/airflow/example_dags/example_nested_branch_dag.py took 0.092 seconds
[2026-01-29T16:02:31.057+0530] {processor.py:186} INFO - Started process (PID=29839) to work on /home/hp/Desktop/Bigdata_project/BigData-Project/airflow-venv/lib/python3.10/site-packages/airflow/example_dags/example_nested_branch_dag.py
[2026-01-29T16:02:31.064+0530] {processor.py:914} INFO - Processing file /home/hp/Desktop/Bigdata_project/BigData-Project/airflow-venv/lib/python3.10/site-packages/airflow/example_dags/example_nested_branch_dag.py for tasks to queue
[2026-01-29T16:02:31.067+0530] {logging_mixin.py:190} INFO - [2026-01-29T16:02:31.066+0530] {dagbag.py:588} INFO - Filling up the DagBag from /home/hp/Desktop/Bigdata_project/BigData-Project/airflow-venv/lib/python3.10/site-packages/airflow/example_dags/example_nested_branch_dag.py
[2026-01-29T16:02:31.079+0530] {processor.py:925} INFO - DAG(s) 'example_nested_branch_dag' retrieved from /home/hp/Desktop/Bigdata_project/BigData-Project/airflow-venv/lib/python3.10/site-packages/airflow/example_dags/example_nested_branch_dag.py
[2026-01-29T16:02:31.097+0530] {logging_mixin.py:190} INFO - [2026-01-29T16:02:31.097+0530] {dag.py:3239} INFO - Sync 1 DAGs
[2026-01-29T16:02:31.118+0530] {logging_mixin.py:190} INFO - [2026-01-29T16:02:31.118+0530] {dag.py:4180} INFO - Setting next_dagrun for example_nested_branch_dag to 2026-01-28 00:00:00+00:00, run_after=2026-01-29 00:00:00+00:00
[2026-01-29T16:02:31.139+0530] {processor.py:208} INFO - Processing /home/hp/Desktop/Bigdata_project/BigData-Project/airflow-venv/lib/python3.10/site-packages/airflow/example_dags/example_nested_branch_dag.py took 0.089 seconds
[2026-01-29T16:03:26.009+0530] {processor.py:186} INFO - Started process (PID=30069) to work on /home/hp/Desktop/Bigdata_project/BigData-Project/airflow-venv/lib/python3.10/site-packages/airflow/example_dags/example_nested_branch_dag.py
[2026-01-29T16:03:26.015+0530] {processor.py:914} INFO - Processing file /home/hp/Desktop/Bigdata_project/BigData-Project/airflow-venv/lib/python3.10/site-packages/airflow/example_dags/example_nested_branch_dag.py for tasks to queue
[2026-01-29T16:03:26.018+0530] {logging_mixin.py:190} INFO - [2026-01-29T16:03:26.018+0530] {dagbag.py:588} INFO - Filling up the DagBag from /home/hp/Desktop/Bigdata_project/BigData-Project/airflow-venv/lib/python3.10/site-packages/airflow/example_dags/example_nested_branch_dag.py
[2026-01-29T16:03:26.031+0530] {processor.py:925} INFO - DAG(s) 'example_nested_branch_dag' retrieved from /home/hp/Desktop/Bigdata_project/BigData-Project/airflow-venv/lib/python3.10/site-packages/airflow/example_dags/example_nested_branch_dag.py
[2026-01-29T16:03:26.049+0530] {logging_mixin.py:190} INFO - [2026-01-29T16:03:26.049+0530] {dag.py:3239} INFO - Sync 1 DAGs
[2026-01-29T16:03:26.070+0530] {logging_mixin.py:190} INFO - [2026-01-29T16:03:26.070+0530] {dag.py:4180} INFO - Setting next_dagrun for example_nested_branch_dag to 2026-01-28 00:00:00+00:00, run_after=2026-01-29 00:00:00+00:00
[2026-01-29T16:03:26.091+0530] {processor.py:208} INFO - Processing /home/hp/Desktop/Bigdata_project/BigData-Project/airflow-venv/lib/python3.10/site-packages/airflow/example_dags/example_nested_branch_dag.py took 0.089 seconds
[2026-01-29T16:04:20.089+0530] {processor.py:186} INFO - Started process (PID=30278) to work on /home/hp/Desktop/Bigdata_project/BigData-Project/airflow-venv/lib/python3.10/site-packages/airflow/example_dags/example_nested_branch_dag.py
[2026-01-29T16:04:20.096+0530] {processor.py:914} INFO - Processing file /home/hp/Desktop/Bigdata_project/BigData-Project/airflow-venv/lib/python3.10/site-packages/airflow/example_dags/example_nested_branch_dag.py for tasks to queue
[2026-01-29T16:04:20.098+0530] {logging_mixin.py:190} INFO - [2026-01-29T16:04:20.098+0530] {dagbag.py:588} INFO - Filling up the DagBag from /home/hp/Desktop/Bigdata_project/BigData-Project/airflow-venv/lib/python3.10/site-packages/airflow/example_dags/example_nested_branch_dag.py
[2026-01-29T16:04:20.111+0530] {processor.py:925} INFO - DAG(s) 'example_nested_branch_dag' retrieved from /home/hp/Desktop/Bigdata_project/BigData-Project/airflow-venv/lib/python3.10/site-packages/airflow/example_dags/example_nested_branch_dag.py
[2026-01-29T16:04:20.130+0530] {logging_mixin.py:190} INFO - [2026-01-29T16:04:20.129+0530] {dag.py:3239} INFO - Sync 1 DAGs
[2026-01-29T16:04:20.153+0530] {logging_mixin.py:190} INFO - [2026-01-29T16:04:20.153+0530] {dag.py:4180} INFO - Setting next_dagrun for example_nested_branch_dag to 2026-01-28 00:00:00+00:00, run_after=2026-01-29 00:00:00+00:00
[2026-01-29T16:04:20.175+0530] {processor.py:208} INFO - Processing /home/hp/Desktop/Bigdata_project/BigData-Project/airflow-venv/lib/python3.10/site-packages/airflow/example_dags/example_nested_branch_dag.py took 0.092 seconds
[2026-01-29T16:05:15.734+0530] {processor.py:186} INFO - Started process (PID=30557) to work on /home/hp/Desktop/Bigdata_project/BigData-Project/airflow-venv/lib/python3.10/site-packages/airflow/example_dags/example_nested_branch_dag.py
[2026-01-29T16:05:15.740+0530] {processor.py:914} INFO - Processing file /home/hp/Desktop/Bigdata_project/BigData-Project/airflow-venv/lib/python3.10/site-packages/airflow/example_dags/example_nested_branch_dag.py for tasks to queue
[2026-01-29T16:05:15.743+0530] {logging_mixin.py:190} INFO - [2026-01-29T16:05:15.743+0530] {dagbag.py:588} INFO - Filling up the DagBag from /home/hp/Desktop/Bigdata_project/BigData-Project/airflow-venv/lib/python3.10/site-packages/airflow/example_dags/example_nested_branch_dag.py
[2026-01-29T16:05:15.756+0530] {processor.py:925} INFO - DAG(s) 'example_nested_branch_dag' retrieved from /home/hp/Desktop/Bigdata_project/BigData-Project/airflow-venv/lib/python3.10/site-packages/airflow/example_dags/example_nested_branch_dag.py
[2026-01-29T16:05:15.775+0530] {logging_mixin.py:190} INFO - [2026-01-29T16:05:15.774+0530] {dag.py:3239} INFO - Sync 1 DAGs
[2026-01-29T16:05:15.797+0530] {logging_mixin.py:190} INFO - [2026-01-29T16:05:15.796+0530] {dag.py:4180} INFO - Setting next_dagrun for example_nested_branch_dag to 2026-01-28 00:00:00+00:00, run_after=2026-01-29 00:00:00+00:00
[2026-01-29T16:05:15.817+0530] {processor.py:208} INFO - Processing /home/hp/Desktop/Bigdata_project/BigData-Project/airflow-venv/lib/python3.10/site-packages/airflow/example_dags/example_nested_branch_dag.py took 0.091 seconds
[2026-01-29T16:06:13.299+0530] {processor.py:186} INFO - Started process (PID=30793) to work on /home/hp/Desktop/Bigdata_project/BigData-Project/airflow-venv/lib/python3.10/site-packages/airflow/example_dags/example_nested_branch_dag.py
[2026-01-29T16:06:13.305+0530] {processor.py:914} INFO - Processing file /home/hp/Desktop/Bigdata_project/BigData-Project/airflow-venv/lib/python3.10/site-packages/airflow/example_dags/example_nested_branch_dag.py for tasks to queue
[2026-01-29T16:06:13.308+0530] {logging_mixin.py:190} INFO - [2026-01-29T16:06:13.307+0530] {dagbag.py:588} INFO - Filling up the DagBag from /home/hp/Desktop/Bigdata_project/BigData-Project/airflow-venv/lib/python3.10/site-packages/airflow/example_dags/example_nested_branch_dag.py
[2026-01-29T16:06:13.321+0530] {processor.py:925} INFO - DAG(s) 'example_nested_branch_dag' retrieved from /home/hp/Desktop/Bigdata_project/BigData-Project/airflow-venv/lib/python3.10/site-packages/airflow/example_dags/example_nested_branch_dag.py
[2026-01-29T16:06:13.339+0530] {logging_mixin.py:190} INFO - [2026-01-29T16:06:13.339+0530] {dag.py:3239} INFO - Sync 1 DAGs
[2026-01-29T16:06:13.362+0530] {logging_mixin.py:190} INFO - [2026-01-29T16:06:13.361+0530] {dag.py:4180} INFO - Setting next_dagrun for example_nested_branch_dag to 2026-01-28 00:00:00+00:00, run_after=2026-01-29 00:00:00+00:00
[2026-01-29T16:06:13.384+0530] {processor.py:208} INFO - Processing /home/hp/Desktop/Bigdata_project/BigData-Project/airflow-venv/lib/python3.10/site-packages/airflow/example_dags/example_nested_branch_dag.py took 0.092 seconds
[2026-01-29T16:07:09.725+0530] {processor.py:186} INFO - Started process (PID=31094) to work on /home/hp/Desktop/Bigdata_project/BigData-Project/airflow-venv/lib/python3.10/site-packages/airflow/example_dags/example_nested_branch_dag.py
[2026-01-29T16:07:09.732+0530] {processor.py:914} INFO - Processing file /home/hp/Desktop/Bigdata_project/BigData-Project/airflow-venv/lib/python3.10/site-packages/airflow/example_dags/example_nested_branch_dag.py for tasks to queue
[2026-01-29T16:07:09.735+0530] {logging_mixin.py:190} INFO - [2026-01-29T16:07:09.734+0530] {dagbag.py:588} INFO - Filling up the DagBag from /home/hp/Desktop/Bigdata_project/BigData-Project/airflow-venv/lib/python3.10/site-packages/airflow/example_dags/example_nested_branch_dag.py
[2026-01-29T16:07:09.747+0530] {processor.py:925} INFO - DAG(s) 'example_nested_branch_dag' retrieved from /home/hp/Desktop/Bigdata_project/BigData-Project/airflow-venv/lib/python3.10/site-packages/airflow/example_dags/example_nested_branch_dag.py
[2026-01-29T16:07:09.765+0530] {logging_mixin.py:190} INFO - [2026-01-29T16:07:09.765+0530] {dag.py:3239} INFO - Sync 1 DAGs
[2026-01-29T16:07:09.786+0530] {logging_mixin.py:190} INFO - [2026-01-29T16:07:09.786+0530] {dag.py:4180} INFO - Setting next_dagrun for example_nested_branch_dag to 2026-01-28 00:00:00+00:00, run_after=2026-01-29 00:00:00+00:00
[2026-01-29T16:07:09.807+0530] {processor.py:208} INFO - Processing /home/hp/Desktop/Bigdata_project/BigData-Project/airflow-venv/lib/python3.10/site-packages/airflow/example_dags/example_nested_branch_dag.py took 0.088 seconds
[2026-01-29T16:08:07.921+0530] {processor.py:186} INFO - Started process (PID=31329) to work on /home/hp/Desktop/Bigdata_project/BigData-Project/airflow-venv/lib/python3.10/site-packages/airflow/example_dags/example_nested_branch_dag.py
[2026-01-29T16:08:07.927+0530] {processor.py:914} INFO - Processing file /home/hp/Desktop/Bigdata_project/BigData-Project/airflow-venv/lib/python3.10/site-packages/airflow/example_dags/example_nested_branch_dag.py for tasks to queue
[2026-01-29T16:08:07.930+0530] {logging_mixin.py:190} INFO - [2026-01-29T16:08:07.930+0530] {dagbag.py:588} INFO - Filling up the DagBag from /home/hp/Desktop/Bigdata_project/BigData-Project/airflow-venv/lib/python3.10/site-packages/airflow/example_dags/example_nested_branch_dag.py
[2026-01-29T16:08:07.943+0530] {processor.py:925} INFO - DAG(s) 'example_nested_branch_dag' retrieved from /home/hp/Desktop/Bigdata_project/BigData-Project/airflow-venv/lib/python3.10/site-packages/airflow/example_dags/example_nested_branch_dag.py
[2026-01-29T16:08:07.962+0530] {logging_mixin.py:190} INFO - [2026-01-29T16:08:07.961+0530] {dag.py:3239} INFO - Sync 1 DAGs
[2026-01-29T16:08:07.983+0530] {logging_mixin.py:190} INFO - [2026-01-29T16:08:07.983+0530] {dag.py:4180} INFO - Setting next_dagrun for example_nested_branch_dag to 2026-01-28 00:00:00+00:00, run_after=2026-01-29 00:00:00+00:00
[2026-01-29T16:08:08.028+0530] {processor.py:208} INFO - Processing /home/hp/Desktop/Bigdata_project/BigData-Project/airflow-venv/lib/python3.10/site-packages/airflow/example_dags/example_nested_branch_dag.py took 0.113 seconds
[2026-01-29T16:09:16.621+0530] {processor.py:186} INFO - Started process (PID=31670) to work on /home/hp/Desktop/Bigdata_project/BigData-Project/airflow-venv/lib/python3.10/site-packages/airflow/example_dags/example_nested_branch_dag.py
[2026-01-29T16:09:16.627+0530] {processor.py:914} INFO - Processing file /home/hp/Desktop/Bigdata_project/BigData-Project/airflow-venv/lib/python3.10/site-packages/airflow/example_dags/example_nested_branch_dag.py for tasks to queue
[2026-01-29T16:09:16.630+0530] {logging_mixin.py:190} INFO - [2026-01-29T16:09:16.630+0530] {dagbag.py:588} INFO - Filling up the DagBag from /home/hp/Desktop/Bigdata_project/BigData-Project/airflow-venv/lib/python3.10/site-packages/airflow/example_dags/example_nested_branch_dag.py
[2026-01-29T16:09:16.643+0530] {processor.py:925} INFO - DAG(s) 'example_nested_branch_dag' retrieved from /home/hp/Desktop/Bigdata_project/BigData-Project/airflow-venv/lib/python3.10/site-packages/airflow/example_dags/example_nested_branch_dag.py
[2026-01-29T16:09:16.738+0530] {logging_mixin.py:190} INFO - [2026-01-29T16:09:16.738+0530] {override.py:1930} INFO - Created Permission View: can edit on DAG:example_nested_branch_dag
[2026-01-29T16:09:16.748+0530] {logging_mixin.py:190} INFO - [2026-01-29T16:09:16.748+0530] {override.py:1930} INFO - Created Permission View: can delete on DAG:example_nested_branch_dag
[2026-01-29T16:09:16.756+0530] {logging_mixin.py:190} INFO - [2026-01-29T16:09:16.756+0530] {override.py:1930} INFO - Created Permission View: can read on DAG:example_nested_branch_dag
[2026-01-29T16:09:16.767+0530] {logging_mixin.py:190} INFO - [2026-01-29T16:09:16.767+0530] {override.py:1930} INFO - Created Permission View: menu access on DAG Run:example_nested_branch_dag
[2026-01-29T16:09:16.774+0530] {logging_mixin.py:190} INFO - [2026-01-29T16:09:16.774+0530] {override.py:1930} INFO - Created Permission View: can delete on DAG Run:example_nested_branch_dag
[2026-01-29T16:09:16.782+0530] {logging_mixin.py:190} INFO - [2026-01-29T16:09:16.781+0530] {override.py:1930} INFO - Created Permission View: can create on DAG Run:example_nested_branch_dag
[2026-01-29T16:09:16.789+0530] {logging_mixin.py:190} INFO - [2026-01-29T16:09:16.788+0530] {override.py:1930} INFO - Created Permission View: can read on DAG Run:example_nested_branch_dag
[2026-01-29T16:09:16.789+0530] {logging_mixin.py:190} INFO - [2026-01-29T16:09:16.789+0530] {dag.py:3239} INFO - Sync 1 DAGs
[2026-01-29T16:09:16.800+0530] {logging_mixin.py:190} INFO - [2026-01-29T16:09:16.800+0530] {dag.py:3262} INFO - Creating ORM DAG for example_nested_branch_dag
[2026-01-29T16:09:16.810+0530] {logging_mixin.py:190} INFO - [2026-01-29T16:09:16.810+0530] {dag.py:4180} INFO - Setting next_dagrun for example_nested_branch_dag to 2026-01-28 00:00:00+00:00, run_after=2026-01-29 00:00:00+00:00
[2026-01-29T16:09:16.828+0530] {processor.py:208} INFO - Processing /home/hp/Desktop/Bigdata_project/BigData-Project/airflow-venv/lib/python3.10/site-packages/airflow/example_dags/example_nested_branch_dag.py took 0.214 seconds
