[2026-01-29T15:56:06.589+0530] {processor.py:186} INFO - Started process (PID=28437) to work on /home/hp/Desktop/Bigdata_project/BigData-Project/airflow-venv/lib/python3.10/site-packages/airflow/example_dags/example_dataset_alias.py
[2026-01-29T15:56:06.590+0530] {processor.py:914} INFO - Processing file /home/hp/Desktop/Bigdata_project/BigData-Project/airflow-venv/lib/python3.10/site-packages/airflow/example_dags/example_dataset_alias.py for tasks to queue
[2026-01-29T15:56:06.592+0530] {logging_mixin.py:190} INFO - [2026-01-29T15:56:06.592+0530] {dagbag.py:588} INFO - Filling up the DagBag from /home/hp/Desktop/Bigdata_project/BigData-Project/airflow-venv/lib/python3.10/site-packages/airflow/example_dags/example_dataset_alias.py
[2026-01-29T15:56:06.617+0530] {processor.py:925} INFO - DAG(s) 'dataset_alias_example_alias_producer', 'dataset_s3_bucket_consumer', 'dataset_s3_bucket_producer', 'dataset_alias_example_alias_consumer' retrieved from /home/hp/Desktop/Bigdata_project/BigData-Project/airflow-venv/lib/python3.10/site-packages/airflow/example_dags/example_dataset_alias.py
[2026-01-29T15:56:06.724+0530] {logging_mixin.py:190} INFO - [2026-01-29T15:56:06.723+0530] {override.py:1930} INFO - Created Permission View: can edit on DAG:dataset_alias_example_alias_producer
[2026-01-29T15:56:06.737+0530] {logging_mixin.py:190} INFO - [2026-01-29T15:56:06.737+0530] {override.py:1930} INFO - Created Permission View: can delete on DAG:dataset_alias_example_alias_producer
[2026-01-29T15:56:06.747+0530] {logging_mixin.py:190} INFO - [2026-01-29T15:56:06.746+0530] {override.py:1930} INFO - Created Permission View: can read on DAG:dataset_alias_example_alias_producer
[2026-01-29T15:56:06.760+0530] {logging_mixin.py:190} INFO - [2026-01-29T15:56:06.760+0530] {override.py:1930} INFO - Created Permission View: can delete on DAG Run:dataset_alias_example_alias_producer
[2026-01-29T15:56:06.770+0530] {logging_mixin.py:190} INFO - [2026-01-29T15:56:06.769+0530] {override.py:1930} INFO - Created Permission View: can read on DAG Run:dataset_alias_example_alias_producer
[2026-01-29T15:56:06.783+0530] {logging_mixin.py:190} INFO - [2026-01-29T15:56:06.782+0530] {override.py:1930} INFO - Created Permission View: menu access on DAG Run:dataset_alias_example_alias_producer
[2026-01-29T15:56:06.798+0530] {logging_mixin.py:190} INFO - [2026-01-29T15:56:06.796+0530] {override.py:1930} INFO - Created Permission View: can create on DAG Run:dataset_alias_example_alias_producer
[2026-01-29T15:56:06.820+0530] {logging_mixin.py:190} INFO - [2026-01-29T15:56:06.820+0530] {override.py:1930} INFO - Created Permission View: can edit on DAG:dataset_s3_bucket_consumer
[2026-01-29T15:56:06.828+0530] {logging_mixin.py:190} INFO - [2026-01-29T15:56:06.828+0530] {override.py:1930} INFO - Created Permission View: can delete on DAG:dataset_s3_bucket_consumer
[2026-01-29T15:56:06.839+0530] {logging_mixin.py:190} INFO - [2026-01-29T15:56:06.838+0530] {override.py:1930} INFO - Created Permission View: can read on DAG:dataset_s3_bucket_consumer
[2026-01-29T15:56:06.854+0530] {logging_mixin.py:190} INFO - [2026-01-29T15:56:06.853+0530] {override.py:1930} INFO - Created Permission View: can delete on DAG Run:dataset_s3_bucket_consumer
[2026-01-29T15:56:06.863+0530] {logging_mixin.py:190} INFO - [2026-01-29T15:56:06.862+0530] {override.py:1930} INFO - Created Permission View: can read on DAG Run:dataset_s3_bucket_consumer
[2026-01-29T15:56:06.875+0530] {logging_mixin.py:190} INFO - [2026-01-29T15:56:06.875+0530] {override.py:1930} INFO - Created Permission View: menu access on DAG Run:dataset_s3_bucket_consumer
[2026-01-29T15:56:06.888+0530] {logging_mixin.py:190} INFO - [2026-01-29T15:56:06.887+0530] {override.py:1930} INFO - Created Permission View: can create on DAG Run:dataset_s3_bucket_consumer
[2026-01-29T15:56:06.908+0530] {logging_mixin.py:190} INFO - [2026-01-29T15:56:06.908+0530] {override.py:1930} INFO - Created Permission View: can edit on DAG:dataset_s3_bucket_producer
[2026-01-29T15:56:06.919+0530] {logging_mixin.py:190} INFO - [2026-01-29T15:56:06.918+0530] {override.py:1930} INFO - Created Permission View: can delete on DAG:dataset_s3_bucket_producer
[2026-01-29T15:56:06.931+0530] {logging_mixin.py:190} INFO - [2026-01-29T15:56:06.930+0530] {override.py:1930} INFO - Created Permission View: can read on DAG:dataset_s3_bucket_producer
[2026-01-29T15:56:06.944+0530] {logging_mixin.py:190} INFO - [2026-01-29T15:56:06.943+0530] {override.py:1930} INFO - Created Permission View: can delete on DAG Run:dataset_s3_bucket_producer
[2026-01-29T15:56:06.953+0530] {logging_mixin.py:190} INFO - [2026-01-29T15:56:06.953+0530] {override.py:1930} INFO - Created Permission View: can read on DAG Run:dataset_s3_bucket_producer
[2026-01-29T15:56:06.962+0530] {logging_mixin.py:190} INFO - [2026-01-29T15:56:06.962+0530] {override.py:1930} INFO - Created Permission View: menu access on DAG Run:dataset_s3_bucket_producer
[2026-01-29T15:56:06.970+0530] {logging_mixin.py:190} INFO - [2026-01-29T15:56:06.970+0530] {override.py:1930} INFO - Created Permission View: can create on DAG Run:dataset_s3_bucket_producer
[2026-01-29T15:56:06.992+0530] {logging_mixin.py:190} INFO - [2026-01-29T15:56:06.991+0530] {override.py:1930} INFO - Created Permission View: can edit on DAG:dataset_alias_example_alias_consumer
[2026-01-29T15:56:07.002+0530] {logging_mixin.py:190} INFO - [2026-01-29T15:56:07.002+0530] {override.py:1930} INFO - Created Permission View: can delete on DAG:dataset_alias_example_alias_consumer
[2026-01-29T15:56:07.012+0530] {logging_mixin.py:190} INFO - [2026-01-29T15:56:07.011+0530] {override.py:1930} INFO - Created Permission View: can read on DAG:dataset_alias_example_alias_consumer
[2026-01-29T15:56:07.024+0530] {logging_mixin.py:190} INFO - [2026-01-29T15:56:07.023+0530] {override.py:1930} INFO - Created Permission View: can delete on DAG Run:dataset_alias_example_alias_consumer
[2026-01-29T15:56:07.032+0530] {logging_mixin.py:190} INFO - [2026-01-29T15:56:07.031+0530] {override.py:1930} INFO - Created Permission View: can read on DAG Run:dataset_alias_example_alias_consumer
[2026-01-29T15:56:07.040+0530] {logging_mixin.py:190} INFO - [2026-01-29T15:56:07.039+0530] {override.py:1930} INFO - Created Permission View: menu access on DAG Run:dataset_alias_example_alias_consumer
[2026-01-29T15:56:07.048+0530] {logging_mixin.py:190} INFO - [2026-01-29T15:56:07.047+0530] {override.py:1930} INFO - Created Permission View: can create on DAG Run:dataset_alias_example_alias_consumer
[2026-01-29T15:56:07.048+0530] {logging_mixin.py:190} INFO - [2026-01-29T15:56:07.048+0530] {dag.py:3239} INFO - Sync 4 DAGs
[2026-01-29T15:56:07.061+0530] {logging_mixin.py:190} INFO - [2026-01-29T15:56:07.061+0530] {dag.py:3262} INFO - Creating ORM DAG for dataset_s3_bucket_producer
[2026-01-29T15:56:07.062+0530] {logging_mixin.py:190} INFO - [2026-01-29T15:56:07.062+0530] {dag.py:3262} INFO - Creating ORM DAG for dataset_alias_example_alias_consumer
[2026-01-29T15:56:07.063+0530] {logging_mixin.py:190} INFO - [2026-01-29T15:56:07.063+0530] {dag.py:3262} INFO - Creating ORM DAG for dataset_alias_example_alias_producer
[2026-01-29T15:56:07.063+0530] {logging_mixin.py:190} INFO - [2026-01-29T15:56:07.063+0530] {dag.py:3262} INFO - Creating ORM DAG for dataset_s3_bucket_consumer
[2026-01-29T15:56:07.072+0530] {logging_mixin.py:190} INFO - [2026-01-29T15:56:07.072+0530] {dag.py:4180} INFO - Setting next_dagrun for dataset_alias_example_alias_consumer to None, run_after=None
[2026-01-29T15:56:07.073+0530] {logging_mixin.py:190} INFO - [2026-01-29T15:56:07.073+0530] {dag.py:4180} INFO - Setting next_dagrun for dataset_alias_example_alias_producer to None, run_after=None
[2026-01-29T15:56:07.073+0530] {logging_mixin.py:190} INFO - [2026-01-29T15:56:07.073+0530] {dag.py:4180} INFO - Setting next_dagrun for dataset_s3_bucket_consumer to None, run_after=None
[2026-01-29T15:56:07.074+0530] {logging_mixin.py:190} INFO - [2026-01-29T15:56:07.074+0530] {dag.py:4180} INFO - Setting next_dagrun for dataset_s3_bucket_producer to None, run_after=None
[2026-01-29T15:56:07.104+0530] {processor.py:208} INFO - Processing /home/hp/Desktop/Bigdata_project/BigData-Project/airflow-venv/lib/python3.10/site-packages/airflow/example_dags/example_dataset_alias.py took 0.523 seconds
[2026-01-29T15:57:09.431+0530] {processor.py:186} INFO - Started process (PID=28655) to work on /home/hp/Desktop/Bigdata_project/BigData-Project/airflow-venv/lib/python3.10/site-packages/airflow/example_dags/example_dataset_alias.py
[2026-01-29T15:57:09.438+0530] {processor.py:914} INFO - Processing file /home/hp/Desktop/Bigdata_project/BigData-Project/airflow-venv/lib/python3.10/site-packages/airflow/example_dags/example_dataset_alias.py for tasks to queue
[2026-01-29T15:57:09.441+0530] {logging_mixin.py:190} INFO - [2026-01-29T15:57:09.440+0530] {dagbag.py:588} INFO - Filling up the DagBag from /home/hp/Desktop/Bigdata_project/BigData-Project/airflow-venv/lib/python3.10/site-packages/airflow/example_dags/example_dataset_alias.py
[2026-01-29T15:57:09.465+0530] {processor.py:925} INFO - DAG(s) 'dataset_s3_bucket_producer', 'dataset_s3_bucket_consumer', 'dataset_alias_example_alias_producer', 'dataset_alias_example_alias_consumer' retrieved from /home/hp/Desktop/Bigdata_project/BigData-Project/airflow-venv/lib/python3.10/site-packages/airflow/example_dags/example_dataset_alias.py
[2026-01-29T15:57:09.488+0530] {logging_mixin.py:190} INFO - [2026-01-29T15:57:09.487+0530] {dag.py:3239} INFO - Sync 4 DAGs
[2026-01-29T15:57:09.508+0530] {logging_mixin.py:190} INFO - [2026-01-29T15:57:09.507+0530] {dag.py:4180} INFO - Setting next_dagrun for dataset_alias_example_alias_consumer to None, run_after=None
[2026-01-29T15:57:09.510+0530] {logging_mixin.py:190} INFO - [2026-01-29T15:57:09.510+0530] {dag.py:4180} INFO - Setting next_dagrun for dataset_alias_example_alias_producer to None, run_after=None
[2026-01-29T15:57:09.511+0530] {logging_mixin.py:190} INFO - [2026-01-29T15:57:09.511+0530] {dag.py:4180} INFO - Setting next_dagrun for dataset_s3_bucket_consumer to None, run_after=None
[2026-01-29T15:57:09.512+0530] {logging_mixin.py:190} INFO - [2026-01-29T15:57:09.512+0530] {dag.py:4180} INFO - Setting next_dagrun for dataset_s3_bucket_producer to None, run_after=None
[2026-01-29T15:57:09.535+0530] {processor.py:208} INFO - Processing /home/hp/Desktop/Bigdata_project/BigData-Project/airflow-venv/lib/python3.10/site-packages/airflow/example_dags/example_dataset_alias.py took 0.110 seconds
[2026-01-29T16:00:39.335+0530] {processor.py:186} INFO - Started process (PID=29368) to work on /home/hp/Desktop/Bigdata_project/BigData-Project/airflow-venv/lib/python3.10/site-packages/airflow/example_dags/example_dataset_alias.py
[2026-01-29T16:00:39.341+0530] {processor.py:914} INFO - Processing file /home/hp/Desktop/Bigdata_project/BigData-Project/airflow-venv/lib/python3.10/site-packages/airflow/example_dags/example_dataset_alias.py for tasks to queue
[2026-01-29T16:00:39.345+0530] {logging_mixin.py:190} INFO - [2026-01-29T16:00:39.344+0530] {dagbag.py:588} INFO - Filling up the DagBag from /home/hp/Desktop/Bigdata_project/BigData-Project/airflow-venv/lib/python3.10/site-packages/airflow/example_dags/example_dataset_alias.py
[2026-01-29T16:00:39.370+0530] {processor.py:925} INFO - DAG(s) 'dataset_alias_example_alias_producer', 'dataset_alias_example_alias_consumer', 'dataset_s3_bucket_consumer', 'dataset_s3_bucket_producer' retrieved from /home/hp/Desktop/Bigdata_project/BigData-Project/airflow-venv/lib/python3.10/site-packages/airflow/example_dags/example_dataset_alias.py
[2026-01-29T16:00:39.392+0530] {logging_mixin.py:190} INFO - [2026-01-29T16:00:39.392+0530] {dag.py:3239} INFO - Sync 4 DAGs
[2026-01-29T16:00:39.413+0530] {logging_mixin.py:190} INFO - [2026-01-29T16:00:39.413+0530] {dag.py:4180} INFO - Setting next_dagrun for dataset_alias_example_alias_consumer to None, run_after=None
[2026-01-29T16:00:39.416+0530] {logging_mixin.py:190} INFO - [2026-01-29T16:00:39.415+0530] {dag.py:4180} INFO - Setting next_dagrun for dataset_alias_example_alias_producer to None, run_after=None
[2026-01-29T16:00:39.418+0530] {logging_mixin.py:190} INFO - [2026-01-29T16:00:39.417+0530] {dag.py:4180} INFO - Setting next_dagrun for dataset_s3_bucket_consumer to None, run_after=None
[2026-01-29T16:00:39.420+0530] {logging_mixin.py:190} INFO - [2026-01-29T16:00:39.419+0530] {dag.py:4180} INFO - Setting next_dagrun for dataset_s3_bucket_producer to None, run_after=None
[2026-01-29T16:00:39.444+0530] {processor.py:208} INFO - Processing /home/hp/Desktop/Bigdata_project/BigData-Project/airflow-venv/lib/python3.10/site-packages/airflow/example_dags/example_dataset_alias.py took 0.115 seconds
[2026-01-29T16:01:37.267+0530] {processor.py:186} INFO - Started process (PID=29613) to work on /home/hp/Desktop/Bigdata_project/BigData-Project/airflow-venv/lib/python3.10/site-packages/airflow/example_dags/example_dataset_alias.py
[2026-01-29T16:01:37.273+0530] {processor.py:914} INFO - Processing file /home/hp/Desktop/Bigdata_project/BigData-Project/airflow-venv/lib/python3.10/site-packages/airflow/example_dags/example_dataset_alias.py for tasks to queue
[2026-01-29T16:01:37.276+0530] {logging_mixin.py:190} INFO - [2026-01-29T16:01:37.276+0530] {dagbag.py:588} INFO - Filling up the DagBag from /home/hp/Desktop/Bigdata_project/BigData-Project/airflow-venv/lib/python3.10/site-packages/airflow/example_dags/example_dataset_alias.py
[2026-01-29T16:01:37.301+0530] {processor.py:925} INFO - DAG(s) 'dataset_alias_example_alias_consumer', 'dataset_s3_bucket_producer', 'dataset_alias_example_alias_producer', 'dataset_s3_bucket_consumer' retrieved from /home/hp/Desktop/Bigdata_project/BigData-Project/airflow-venv/lib/python3.10/site-packages/airflow/example_dags/example_dataset_alias.py
[2026-01-29T16:01:37.322+0530] {logging_mixin.py:190} INFO - [2026-01-29T16:01:37.322+0530] {dag.py:3239} INFO - Sync 4 DAGs
[2026-01-29T16:01:37.343+0530] {logging_mixin.py:190} INFO - [2026-01-29T16:01:37.342+0530] {dag.py:4180} INFO - Setting next_dagrun for dataset_alias_example_alias_consumer to None, run_after=None
[2026-01-29T16:01:37.345+0530] {logging_mixin.py:190} INFO - [2026-01-29T16:01:37.345+0530] {dag.py:4180} INFO - Setting next_dagrun for dataset_alias_example_alias_producer to None, run_after=None
[2026-01-29T16:01:37.346+0530] {logging_mixin.py:190} INFO - [2026-01-29T16:01:37.346+0530] {dag.py:4180} INFO - Setting next_dagrun for dataset_s3_bucket_consumer to None, run_after=None
[2026-01-29T16:01:37.347+0530] {logging_mixin.py:190} INFO - [2026-01-29T16:01:37.347+0530] {dag.py:4180} INFO - Setting next_dagrun for dataset_s3_bucket_producer to None, run_after=None
[2026-01-29T16:01:37.370+0530] {processor.py:208} INFO - Processing /home/hp/Desktop/Bigdata_project/BigData-Project/airflow-venv/lib/python3.10/site-packages/airflow/example_dags/example_dataset_alias.py took 0.110 seconds
[2026-01-29T16:02:34.338+0530] {processor.py:186} INFO - Started process (PID=29867) to work on /home/hp/Desktop/Bigdata_project/BigData-Project/airflow-venv/lib/python3.10/site-packages/airflow/example_dags/example_dataset_alias.py
[2026-01-29T16:02:34.345+0530] {processor.py:914} INFO - Processing file /home/hp/Desktop/Bigdata_project/BigData-Project/airflow-venv/lib/python3.10/site-packages/airflow/example_dags/example_dataset_alias.py for tasks to queue
[2026-01-29T16:02:34.347+0530] {logging_mixin.py:190} INFO - [2026-01-29T16:02:34.346+0530] {dagbag.py:588} INFO - Filling up the DagBag from /home/hp/Desktop/Bigdata_project/BigData-Project/airflow-venv/lib/python3.10/site-packages/airflow/example_dags/example_dataset_alias.py
[2026-01-29T16:02:34.371+0530] {processor.py:925} INFO - DAG(s) 'dataset_alias_example_alias_producer', 'dataset_s3_bucket_consumer', 'dataset_alias_example_alias_consumer', 'dataset_s3_bucket_producer' retrieved from /home/hp/Desktop/Bigdata_project/BigData-Project/airflow-venv/lib/python3.10/site-packages/airflow/example_dags/example_dataset_alias.py
[2026-01-29T16:02:34.393+0530] {logging_mixin.py:190} INFO - [2026-01-29T16:02:34.393+0530] {dag.py:3239} INFO - Sync 4 DAGs
[2026-01-29T16:02:34.414+0530] {logging_mixin.py:190} INFO - [2026-01-29T16:02:34.414+0530] {dag.py:4180} INFO - Setting next_dagrun for dataset_alias_example_alias_consumer to None, run_after=None
[2026-01-29T16:02:34.416+0530] {logging_mixin.py:190} INFO - [2026-01-29T16:02:34.416+0530] {dag.py:4180} INFO - Setting next_dagrun for dataset_alias_example_alias_producer to None, run_after=None
[2026-01-29T16:02:34.417+0530] {logging_mixin.py:190} INFO - [2026-01-29T16:02:34.417+0530] {dag.py:4180} INFO - Setting next_dagrun for dataset_s3_bucket_consumer to None, run_after=None
[2026-01-29T16:02:34.418+0530] {logging_mixin.py:190} INFO - [2026-01-29T16:02:34.418+0530] {dag.py:4180} INFO - Setting next_dagrun for dataset_s3_bucket_producer to None, run_after=None
[2026-01-29T16:02:34.442+0530] {processor.py:208} INFO - Processing /home/hp/Desktop/Bigdata_project/BigData-Project/airflow-venv/lib/python3.10/site-packages/airflow/example_dags/example_dataset_alias.py took 0.111 seconds
[2026-01-29T16:03:28.856+0530] {processor.py:186} INFO - Started process (PID=30078) to work on /home/hp/Desktop/Bigdata_project/BigData-Project/airflow-venv/lib/python3.10/site-packages/airflow/example_dags/example_dataset_alias.py
[2026-01-29T16:03:28.863+0530] {processor.py:914} INFO - Processing file /home/hp/Desktop/Bigdata_project/BigData-Project/airflow-venv/lib/python3.10/site-packages/airflow/example_dags/example_dataset_alias.py for tasks to queue
[2026-01-29T16:03:28.866+0530] {logging_mixin.py:190} INFO - [2026-01-29T16:03:28.866+0530] {dagbag.py:588} INFO - Filling up the DagBag from /home/hp/Desktop/Bigdata_project/BigData-Project/airflow-venv/lib/python3.10/site-packages/airflow/example_dags/example_dataset_alias.py
[2026-01-29T16:03:28.891+0530] {processor.py:925} INFO - DAG(s) 'dataset_alias_example_alias_producer', 'dataset_alias_example_alias_consumer', 'dataset_s3_bucket_producer', 'dataset_s3_bucket_consumer' retrieved from /home/hp/Desktop/Bigdata_project/BigData-Project/airflow-venv/lib/python3.10/site-packages/airflow/example_dags/example_dataset_alias.py
[2026-01-29T16:03:28.913+0530] {logging_mixin.py:190} INFO - [2026-01-29T16:03:28.913+0530] {dag.py:3239} INFO - Sync 4 DAGs
[2026-01-29T16:03:28.932+0530] {logging_mixin.py:190} INFO - [2026-01-29T16:03:28.932+0530] {dag.py:4180} INFO - Setting next_dagrun for dataset_alias_example_alias_consumer to None, run_after=None
[2026-01-29T16:03:28.935+0530] {logging_mixin.py:190} INFO - [2026-01-29T16:03:28.935+0530] {dag.py:4180} INFO - Setting next_dagrun for dataset_alias_example_alias_producer to None, run_after=None
[2026-01-29T16:03:28.936+0530] {logging_mixin.py:190} INFO - [2026-01-29T16:03:28.936+0530] {dag.py:4180} INFO - Setting next_dagrun for dataset_s3_bucket_consumer to None, run_after=None
[2026-01-29T16:03:28.937+0530] {logging_mixin.py:190} INFO - [2026-01-29T16:03:28.937+0530] {dag.py:4180} INFO - Setting next_dagrun for dataset_s3_bucket_producer to None, run_after=None
[2026-01-29T16:03:28.962+0530] {processor.py:208} INFO - Processing /home/hp/Desktop/Bigdata_project/BigData-Project/airflow-venv/lib/python3.10/site-packages/airflow/example_dags/example_dataset_alias.py took 0.112 seconds
[2026-01-29T16:04:22.976+0530] {processor.py:186} INFO - Started process (PID=30292) to work on /home/hp/Desktop/Bigdata_project/BigData-Project/airflow-venv/lib/python3.10/site-packages/airflow/example_dags/example_dataset_alias.py
[2026-01-29T16:04:22.983+0530] {processor.py:914} INFO - Processing file /home/hp/Desktop/Bigdata_project/BigData-Project/airflow-venv/lib/python3.10/site-packages/airflow/example_dags/example_dataset_alias.py for tasks to queue
[2026-01-29T16:04:22.986+0530] {logging_mixin.py:190} INFO - [2026-01-29T16:04:22.986+0530] {dagbag.py:588} INFO - Filling up the DagBag from /home/hp/Desktop/Bigdata_project/BigData-Project/airflow-venv/lib/python3.10/site-packages/airflow/example_dags/example_dataset_alias.py
[2026-01-29T16:04:23.012+0530] {processor.py:925} INFO - DAG(s) 'dataset_s3_bucket_producer', 'dataset_s3_bucket_consumer', 'dataset_alias_example_alias_consumer', 'dataset_alias_example_alias_producer' retrieved from /home/hp/Desktop/Bigdata_project/BigData-Project/airflow-venv/lib/python3.10/site-packages/airflow/example_dags/example_dataset_alias.py
[2026-01-29T16:04:23.034+0530] {logging_mixin.py:190} INFO - [2026-01-29T16:04:23.034+0530] {dag.py:3239} INFO - Sync 4 DAGs
[2026-01-29T16:04:23.055+0530] {logging_mixin.py:190} INFO - [2026-01-29T16:04:23.055+0530] {dag.py:4180} INFO - Setting next_dagrun for dataset_alias_example_alias_consumer to None, run_after=None
[2026-01-29T16:04:23.058+0530] {logging_mixin.py:190} INFO - [2026-01-29T16:04:23.058+0530] {dag.py:4180} INFO - Setting next_dagrun for dataset_alias_example_alias_producer to None, run_after=None
[2026-01-29T16:04:23.059+0530] {logging_mixin.py:190} INFO - [2026-01-29T16:04:23.059+0530] {dag.py:4180} INFO - Setting next_dagrun for dataset_s3_bucket_consumer to None, run_after=None
[2026-01-29T16:04:23.060+0530] {logging_mixin.py:190} INFO - [2026-01-29T16:04:23.060+0530] {dag.py:4180} INFO - Setting next_dagrun for dataset_s3_bucket_producer to None, run_after=None
[2026-01-29T16:04:23.084+0530] {processor.py:208} INFO - Processing /home/hp/Desktop/Bigdata_project/BigData-Project/airflow-venv/lib/python3.10/site-packages/airflow/example_dags/example_dataset_alias.py took 0.115 seconds
[2026-01-29T16:05:19.160+0530] {processor.py:186} INFO - Started process (PID=30586) to work on /home/hp/Desktop/Bigdata_project/BigData-Project/airflow-venv/lib/python3.10/site-packages/airflow/example_dags/example_dataset_alias.py
[2026-01-29T16:05:19.166+0530] {processor.py:914} INFO - Processing file /home/hp/Desktop/Bigdata_project/BigData-Project/airflow-venv/lib/python3.10/site-packages/airflow/example_dags/example_dataset_alias.py for tasks to queue
[2026-01-29T16:05:19.169+0530] {logging_mixin.py:190} INFO - [2026-01-29T16:05:19.168+0530] {dagbag.py:588} INFO - Filling up the DagBag from /home/hp/Desktop/Bigdata_project/BigData-Project/airflow-venv/lib/python3.10/site-packages/airflow/example_dags/example_dataset_alias.py
[2026-01-29T16:05:19.193+0530] {processor.py:925} INFO - DAG(s) 'dataset_s3_bucket_consumer', 'dataset_alias_example_alias_producer', 'dataset_alias_example_alias_consumer', 'dataset_s3_bucket_producer' retrieved from /home/hp/Desktop/Bigdata_project/BigData-Project/airflow-venv/lib/python3.10/site-packages/airflow/example_dags/example_dataset_alias.py
[2026-01-29T16:05:19.216+0530] {logging_mixin.py:190} INFO - [2026-01-29T16:05:19.215+0530] {dag.py:3239} INFO - Sync 4 DAGs
[2026-01-29T16:05:19.235+0530] {logging_mixin.py:190} INFO - [2026-01-29T16:05:19.235+0530] {dag.py:4180} INFO - Setting next_dagrun for dataset_alias_example_alias_consumer to None, run_after=None
[2026-01-29T16:05:19.238+0530] {logging_mixin.py:190} INFO - [2026-01-29T16:05:19.237+0530] {dag.py:4180} INFO - Setting next_dagrun for dataset_alias_example_alias_producer to None, run_after=None
[2026-01-29T16:05:19.239+0530] {logging_mixin.py:190} INFO - [2026-01-29T16:05:19.239+0530] {dag.py:4180} INFO - Setting next_dagrun for dataset_s3_bucket_consumer to None, run_after=None
[2026-01-29T16:05:19.240+0530] {logging_mixin.py:190} INFO - [2026-01-29T16:05:19.239+0530] {dag.py:4180} INFO - Setting next_dagrun for dataset_s3_bucket_producer to None, run_after=None
[2026-01-29T16:05:19.265+0530] {processor.py:208} INFO - Processing /home/hp/Desktop/Bigdata_project/BigData-Project/airflow-venv/lib/python3.10/site-packages/airflow/example_dags/example_dataset_alias.py took 0.112 seconds
[2026-01-29T16:06:16.061+0530] {processor.py:186} INFO - Started process (PID=30805) to work on /home/hp/Desktop/Bigdata_project/BigData-Project/airflow-venv/lib/python3.10/site-packages/airflow/example_dags/example_dataset_alias.py
[2026-01-29T16:06:16.067+0530] {processor.py:914} INFO - Processing file /home/hp/Desktop/Bigdata_project/BigData-Project/airflow-venv/lib/python3.10/site-packages/airflow/example_dags/example_dataset_alias.py for tasks to queue
[2026-01-29T16:06:16.070+0530] {logging_mixin.py:190} INFO - [2026-01-29T16:06:16.070+0530] {dagbag.py:588} INFO - Filling up the DagBag from /home/hp/Desktop/Bigdata_project/BigData-Project/airflow-venv/lib/python3.10/site-packages/airflow/example_dags/example_dataset_alias.py
[2026-01-29T16:06:16.095+0530] {processor.py:925} INFO - DAG(s) 'dataset_alias_example_alias_producer', 'dataset_s3_bucket_producer', 'dataset_s3_bucket_consumer', 'dataset_alias_example_alias_consumer' retrieved from /home/hp/Desktop/Bigdata_project/BigData-Project/airflow-venv/lib/python3.10/site-packages/airflow/example_dags/example_dataset_alias.py
[2026-01-29T16:06:16.117+0530] {logging_mixin.py:190} INFO - [2026-01-29T16:06:16.117+0530] {dag.py:3239} INFO - Sync 4 DAGs
[2026-01-29T16:06:16.137+0530] {logging_mixin.py:190} INFO - [2026-01-29T16:06:16.137+0530] {dag.py:4180} INFO - Setting next_dagrun for dataset_alias_example_alias_consumer to None, run_after=None
[2026-01-29T16:06:16.140+0530] {logging_mixin.py:190} INFO - [2026-01-29T16:06:16.140+0530] {dag.py:4180} INFO - Setting next_dagrun for dataset_alias_example_alias_producer to None, run_after=None
[2026-01-29T16:06:16.141+0530] {logging_mixin.py:190} INFO - [2026-01-29T16:06:16.141+0530] {dag.py:4180} INFO - Setting next_dagrun for dataset_s3_bucket_consumer to None, run_after=None
[2026-01-29T16:06:16.142+0530] {logging_mixin.py:190} INFO - [2026-01-29T16:06:16.142+0530] {dag.py:4180} INFO - Setting next_dagrun for dataset_s3_bucket_producer to None, run_after=None
[2026-01-29T16:06:16.165+0530] {processor.py:208} INFO - Processing /home/hp/Desktop/Bigdata_project/BigData-Project/airflow-venv/lib/python3.10/site-packages/airflow/example_dags/example_dataset_alias.py took 0.111 seconds
[2026-01-29T16:07:12.588+0530] {processor.py:186} INFO - Started process (PID=31108) to work on /home/hp/Desktop/Bigdata_project/BigData-Project/airflow-venv/lib/python3.10/site-packages/airflow/example_dags/example_dataset_alias.py
[2026-01-29T16:07:12.594+0530] {processor.py:914} INFO - Processing file /home/hp/Desktop/Bigdata_project/BigData-Project/airflow-venv/lib/python3.10/site-packages/airflow/example_dags/example_dataset_alias.py for tasks to queue
[2026-01-29T16:07:12.597+0530] {logging_mixin.py:190} INFO - [2026-01-29T16:07:12.597+0530] {dagbag.py:588} INFO - Filling up the DagBag from /home/hp/Desktop/Bigdata_project/BigData-Project/airflow-venv/lib/python3.10/site-packages/airflow/example_dags/example_dataset_alias.py
[2026-01-29T16:07:12.623+0530] {processor.py:925} INFO - DAG(s) 'dataset_alias_example_alias_producer', 'dataset_s3_bucket_producer', 'dataset_alias_example_alias_consumer', 'dataset_s3_bucket_consumer' retrieved from /home/hp/Desktop/Bigdata_project/BigData-Project/airflow-venv/lib/python3.10/site-packages/airflow/example_dags/example_dataset_alias.py
[2026-01-29T16:07:12.645+0530] {logging_mixin.py:190} INFO - [2026-01-29T16:07:12.645+0530] {dag.py:3239} INFO - Sync 4 DAGs
[2026-01-29T16:07:12.665+0530] {logging_mixin.py:190} INFO - [2026-01-29T16:07:12.665+0530] {dag.py:4180} INFO - Setting next_dagrun for dataset_alias_example_alias_consumer to None, run_after=None
[2026-01-29T16:07:12.668+0530] {logging_mixin.py:190} INFO - [2026-01-29T16:07:12.668+0530] {dag.py:4180} INFO - Setting next_dagrun for dataset_alias_example_alias_producer to None, run_after=None
[2026-01-29T16:07:12.669+0530] {logging_mixin.py:190} INFO - [2026-01-29T16:07:12.669+0530] {dag.py:4180} INFO - Setting next_dagrun for dataset_s3_bucket_consumer to None, run_after=None
[2026-01-29T16:07:12.670+0530] {logging_mixin.py:190} INFO - [2026-01-29T16:07:12.670+0530] {dag.py:4180} INFO - Setting next_dagrun for dataset_s3_bucket_producer to None, run_after=None
[2026-01-29T16:07:12.695+0530] {processor.py:208} INFO - Processing /home/hp/Desktop/Bigdata_project/BigData-Project/airflow-venv/lib/python3.10/site-packages/airflow/example_dags/example_dataset_alias.py took 0.114 seconds
[2026-01-29T16:08:11.473+0530] {processor.py:186} INFO - Started process (PID=31343) to work on /home/hp/Desktop/Bigdata_project/BigData-Project/airflow-venv/lib/python3.10/site-packages/airflow/example_dags/example_dataset_alias.py
[2026-01-29T16:08:11.479+0530] {processor.py:914} INFO - Processing file /home/hp/Desktop/Bigdata_project/BigData-Project/airflow-venv/lib/python3.10/site-packages/airflow/example_dags/example_dataset_alias.py for tasks to queue
[2026-01-29T16:08:11.483+0530] {logging_mixin.py:190} INFO - [2026-01-29T16:08:11.482+0530] {dagbag.py:588} INFO - Filling up the DagBag from /home/hp/Desktop/Bigdata_project/BigData-Project/airflow-venv/lib/python3.10/site-packages/airflow/example_dags/example_dataset_alias.py
[2026-01-29T16:08:11.507+0530] {processor.py:925} INFO - DAG(s) 'dataset_s3_bucket_producer', 'dataset_alias_example_alias_consumer', 'dataset_alias_example_alias_producer', 'dataset_s3_bucket_consumer' retrieved from /home/hp/Desktop/Bigdata_project/BigData-Project/airflow-venv/lib/python3.10/site-packages/airflow/example_dags/example_dataset_alias.py
[2026-01-29T16:08:11.529+0530] {logging_mixin.py:190} INFO - [2026-01-29T16:08:11.529+0530] {dag.py:3239} INFO - Sync 4 DAGs
[2026-01-29T16:08:11.549+0530] {logging_mixin.py:190} INFO - [2026-01-29T16:08:11.549+0530] {dag.py:4180} INFO - Setting next_dagrun for dataset_alias_example_alias_consumer to None, run_after=None
[2026-01-29T16:08:11.552+0530] {logging_mixin.py:190} INFO - [2026-01-29T16:08:11.552+0530] {dag.py:4180} INFO - Setting next_dagrun for dataset_alias_example_alias_producer to None, run_after=None
[2026-01-29T16:08:11.553+0530] {logging_mixin.py:190} INFO - [2026-01-29T16:08:11.553+0530] {dag.py:4180} INFO - Setting next_dagrun for dataset_s3_bucket_consumer to None, run_after=None
[2026-01-29T16:08:11.554+0530] {logging_mixin.py:190} INFO - [2026-01-29T16:08:11.554+0530] {dag.py:4180} INFO - Setting next_dagrun for dataset_s3_bucket_producer to None, run_after=None
[2026-01-29T16:08:11.577+0530] {processor.py:208} INFO - Processing /home/hp/Desktop/Bigdata_project/BigData-Project/airflow-venv/lib/python3.10/site-packages/airflow/example_dags/example_dataset_alias.py took 0.110 seconds
[2026-01-29T16:09:20.022+0530] {processor.py:186} INFO - Started process (PID=31708) to work on /home/hp/Desktop/Bigdata_project/BigData-Project/airflow-venv/lib/python3.10/site-packages/airflow/example_dags/example_dataset_alias.py
[2026-01-29T16:09:20.029+0530] {processor.py:914} INFO - Processing file /home/hp/Desktop/Bigdata_project/BigData-Project/airflow-venv/lib/python3.10/site-packages/airflow/example_dags/example_dataset_alias.py for tasks to queue
[2026-01-29T16:09:20.032+0530] {logging_mixin.py:190} INFO - [2026-01-29T16:09:20.031+0530] {dagbag.py:588} INFO - Filling up the DagBag from /home/hp/Desktop/Bigdata_project/BigData-Project/airflow-venv/lib/python3.10/site-packages/airflow/example_dags/example_dataset_alias.py
[2026-01-29T16:09:20.052+0530] {processor.py:925} INFO - DAG(s) 'dataset_alias_example_alias_consumer', 'dataset_s3_bucket_producer', 'dataset_alias_example_alias_producer', 'dataset_s3_bucket_consumer' retrieved from /home/hp/Desktop/Bigdata_project/BigData-Project/airflow-venv/lib/python3.10/site-packages/airflow/example_dags/example_dataset_alias.py
[2026-01-29T16:09:20.138+0530] {logging_mixin.py:190} INFO - [2026-01-29T16:09:20.138+0530] {override.py:1930} INFO - Created Permission View: can edit on DAG:dataset_alias_example_alias_consumer
[2026-01-29T16:09:20.148+0530] {logging_mixin.py:190} INFO - [2026-01-29T16:09:20.148+0530] {override.py:1930} INFO - Created Permission View: can delete on DAG:dataset_alias_example_alias_consumer
[2026-01-29T16:09:20.155+0530] {logging_mixin.py:190} INFO - [2026-01-29T16:09:20.155+0530] {override.py:1930} INFO - Created Permission View: can read on DAG:dataset_alias_example_alias_consumer
[2026-01-29T16:09:20.166+0530] {logging_mixin.py:190} INFO - [2026-01-29T16:09:20.166+0530] {override.py:1930} INFO - Created Permission View: menu access on DAG Run:dataset_alias_example_alias_consumer
[2026-01-29T16:09:20.175+0530] {logging_mixin.py:190} INFO - [2026-01-29T16:09:20.174+0530] {override.py:1930} INFO - Created Permission View: can delete on DAG Run:dataset_alias_example_alias_consumer
[2026-01-29T16:09:20.182+0530] {logging_mixin.py:190} INFO - [2026-01-29T16:09:20.182+0530] {override.py:1930} INFO - Created Permission View: can create on DAG Run:dataset_alias_example_alias_consumer
[2026-01-29T16:09:20.189+0530] {logging_mixin.py:190} INFO - [2026-01-29T16:09:20.189+0530] {override.py:1930} INFO - Created Permission View: can read on DAG Run:dataset_alias_example_alias_consumer
[2026-01-29T16:09:20.203+0530] {logging_mixin.py:190} INFO - [2026-01-29T16:09:20.203+0530] {override.py:1930} INFO - Created Permission View: can edit on DAG:dataset_s3_bucket_producer
[2026-01-29T16:09:20.210+0530] {logging_mixin.py:190} INFO - [2026-01-29T16:09:20.210+0530] {override.py:1930} INFO - Created Permission View: can delete on DAG:dataset_s3_bucket_producer
[2026-01-29T16:09:20.218+0530] {logging_mixin.py:190} INFO - [2026-01-29T16:09:20.218+0530] {override.py:1930} INFO - Created Permission View: can read on DAG:dataset_s3_bucket_producer
[2026-01-29T16:09:20.228+0530] {logging_mixin.py:190} INFO - [2026-01-29T16:09:20.228+0530] {override.py:1930} INFO - Created Permission View: menu access on DAG Run:dataset_s3_bucket_producer
[2026-01-29T16:09:20.236+0530] {logging_mixin.py:190} INFO - [2026-01-29T16:09:20.236+0530] {override.py:1930} INFO - Created Permission View: can delete on DAG Run:dataset_s3_bucket_producer
[2026-01-29T16:09:20.246+0530] {logging_mixin.py:190} INFO - [2026-01-29T16:09:20.245+0530] {override.py:1930} INFO - Created Permission View: can create on DAG Run:dataset_s3_bucket_producer
[2026-01-29T16:09:20.254+0530] {logging_mixin.py:190} INFO - [2026-01-29T16:09:20.254+0530] {override.py:1930} INFO - Created Permission View: can read on DAG Run:dataset_s3_bucket_producer
[2026-01-29T16:09:20.270+0530] {logging_mixin.py:190} INFO - [2026-01-29T16:09:20.270+0530] {override.py:1930} INFO - Created Permission View: can edit on DAG:dataset_alias_example_alias_producer
[2026-01-29T16:09:20.277+0530] {logging_mixin.py:190} INFO - [2026-01-29T16:09:20.277+0530] {override.py:1930} INFO - Created Permission View: can delete on DAG:dataset_alias_example_alias_producer
[2026-01-29T16:09:20.285+0530] {logging_mixin.py:190} INFO - [2026-01-29T16:09:20.284+0530] {override.py:1930} INFO - Created Permission View: can read on DAG:dataset_alias_example_alias_producer
[2026-01-29T16:09:20.296+0530] {logging_mixin.py:190} INFO - [2026-01-29T16:09:20.295+0530] {override.py:1930} INFO - Created Permission View: menu access on DAG Run:dataset_alias_example_alias_producer
[2026-01-29T16:09:20.303+0530] {logging_mixin.py:190} INFO - [2026-01-29T16:09:20.302+0530] {override.py:1930} INFO - Created Permission View: can delete on DAG Run:dataset_alias_example_alias_producer
[2026-01-29T16:09:20.309+0530] {logging_mixin.py:190} INFO - [2026-01-29T16:09:20.309+0530] {override.py:1930} INFO - Created Permission View: can create on DAG Run:dataset_alias_example_alias_producer
[2026-01-29T16:09:20.316+0530] {logging_mixin.py:190} INFO - [2026-01-29T16:09:20.316+0530] {override.py:1930} INFO - Created Permission View: can read on DAG Run:dataset_alias_example_alias_producer
[2026-01-29T16:09:20.330+0530] {logging_mixin.py:190} INFO - [2026-01-29T16:09:20.329+0530] {override.py:1930} INFO - Created Permission View: can edit on DAG:dataset_s3_bucket_consumer
[2026-01-29T16:09:20.337+0530] {logging_mixin.py:190} INFO - [2026-01-29T16:09:20.337+0530] {override.py:1930} INFO - Created Permission View: can delete on DAG:dataset_s3_bucket_consumer
[2026-01-29T16:09:20.346+0530] {logging_mixin.py:190} INFO - [2026-01-29T16:09:20.345+0530] {override.py:1930} INFO - Created Permission View: can read on DAG:dataset_s3_bucket_consumer
[2026-01-29T16:09:20.357+0530] {logging_mixin.py:190} INFO - [2026-01-29T16:09:20.357+0530] {override.py:1930} INFO - Created Permission View: menu access on DAG Run:dataset_s3_bucket_consumer
[2026-01-29T16:09:20.365+0530] {logging_mixin.py:190} INFO - [2026-01-29T16:09:20.364+0530] {override.py:1930} INFO - Created Permission View: can delete on DAG Run:dataset_s3_bucket_consumer
[2026-01-29T16:09:20.373+0530] {logging_mixin.py:190} INFO - [2026-01-29T16:09:20.372+0530] {override.py:1930} INFO - Created Permission View: can create on DAG Run:dataset_s3_bucket_consumer
[2026-01-29T16:09:20.379+0530] {logging_mixin.py:190} INFO - [2026-01-29T16:09:20.379+0530] {override.py:1930} INFO - Created Permission View: can read on DAG Run:dataset_s3_bucket_consumer
[2026-01-29T16:09:20.380+0530] {logging_mixin.py:190} INFO - [2026-01-29T16:09:20.380+0530] {dag.py:3239} INFO - Sync 4 DAGs
[2026-01-29T16:09:20.392+0530] {logging_mixin.py:190} INFO - [2026-01-29T16:09:20.392+0530] {dag.py:3262} INFO - Creating ORM DAG for dataset_s3_bucket_consumer
[2026-01-29T16:09:20.393+0530] {logging_mixin.py:190} INFO - [2026-01-29T16:09:20.393+0530] {dag.py:3262} INFO - Creating ORM DAG for dataset_alias_example_alias_producer
[2026-01-29T16:09:20.393+0530] {logging_mixin.py:190} INFO - [2026-01-29T16:09:20.393+0530] {dag.py:3262} INFO - Creating ORM DAG for dataset_alias_example_alias_consumer
[2026-01-29T16:09:20.394+0530] {logging_mixin.py:190} INFO - [2026-01-29T16:09:20.393+0530] {dag.py:3262} INFO - Creating ORM DAG for dataset_s3_bucket_producer
[2026-01-29T16:09:20.402+0530] {logging_mixin.py:190} INFO - [2026-01-29T16:09:20.402+0530] {dag.py:4180} INFO - Setting next_dagrun for dataset_alias_example_alias_consumer to None, run_after=None
[2026-01-29T16:09:20.403+0530] {logging_mixin.py:190} INFO - [2026-01-29T16:09:20.403+0530] {dag.py:4180} INFO - Setting next_dagrun for dataset_alias_example_alias_producer to None, run_after=None
[2026-01-29T16:09:20.403+0530] {logging_mixin.py:190} INFO - [2026-01-29T16:09:20.403+0530] {dag.py:4180} INFO - Setting next_dagrun for dataset_s3_bucket_consumer to None, run_after=None
[2026-01-29T16:09:20.404+0530] {logging_mixin.py:190} INFO - [2026-01-29T16:09:20.404+0530] {dag.py:4180} INFO - Setting next_dagrun for dataset_s3_bucket_producer to None, run_after=None
[2026-01-29T16:09:20.543+0530] {processor.py:208} INFO - Processing /home/hp/Desktop/Bigdata_project/BigData-Project/airflow-venv/lib/python3.10/site-packages/airflow/example_dags/example_dataset_alias.py took 0.527 seconds
