[2026-01-29T15:55:38.898+0530] {processor.py:186} INFO - Started process (PID=28303) to work on /home/hp/Desktop/Bigdata_project/BigData-Project/airflow-venv/lib/python3.10/site-packages/airflow/example_dags/example_subdag_operator.py
[2026-01-29T15:55:38.899+0530] {processor.py:914} INFO - Processing file /home/hp/Desktop/Bigdata_project/BigData-Project/airflow-venv/lib/python3.10/site-packages/airflow/example_dags/example_subdag_operator.py for tasks to queue
[2026-01-29T15:55:38.901+0530] {logging_mixin.py:190} INFO - [2026-01-29T15:55:38.901+0530] {dagbag.py:588} INFO - Filling up the DagBag from /home/hp/Desktop/Bigdata_project/BigData-Project/airflow-venv/lib/python3.10/site-packages/airflow/example_dags/example_subdag_operator.py
[2026-01-29T15:55:38.931+0530] {processor.py:925} INFO - DAG(s) 'example_subdag_operator.section-1', 'example_subdag_operator.section-2', 'example_subdag_operator' retrieved from /home/hp/Desktop/Bigdata_project/BigData-Project/airflow-venv/lib/python3.10/site-packages/airflow/example_dags/example_subdag_operator.py
[2026-01-29T15:55:39.035+0530] {logging_mixin.py:190} INFO - [2026-01-29T15:55:39.034+0530] {override.py:1930} INFO - Created Permission View: can edit on DAG:example_subdag_operator
[2026-01-29T15:55:39.046+0530] {logging_mixin.py:190} INFO - [2026-01-29T15:55:39.046+0530] {override.py:1930} INFO - Created Permission View: can delete on DAG:example_subdag_operator
[2026-01-29T15:55:39.055+0530] {logging_mixin.py:190} INFO - [2026-01-29T15:55:39.054+0530] {override.py:1930} INFO - Created Permission View: can read on DAG:example_subdag_operator
[2026-01-29T15:55:39.066+0530] {logging_mixin.py:190} INFO - [2026-01-29T15:55:39.066+0530] {override.py:1930} INFO - Created Permission View: can delete on DAG Run:example_subdag_operator
[2026-01-29T15:55:39.074+0530] {logging_mixin.py:190} INFO - [2026-01-29T15:55:39.074+0530] {override.py:1930} INFO - Created Permission View: can read on DAG Run:example_subdag_operator
[2026-01-29T15:55:39.083+0530] {logging_mixin.py:190} INFO - [2026-01-29T15:55:39.082+0530] {override.py:1930} INFO - Created Permission View: menu access on DAG Run:example_subdag_operator
[2026-01-29T15:55:39.091+0530] {logging_mixin.py:190} INFO - [2026-01-29T15:55:39.090+0530] {override.py:1930} INFO - Created Permission View: can create on DAG Run:example_subdag_operator
[2026-01-29T15:55:39.091+0530] {logging_mixin.py:190} INFO - [2026-01-29T15:55:39.091+0530] {dag.py:3239} INFO - Sync 3 DAGs
[2026-01-29T15:55:39.104+0530] {logging_mixin.py:190} INFO - [2026-01-29T15:55:39.103+0530] {dag.py:3262} INFO - Creating ORM DAG for example_subdag_operator.section-1
[2026-01-29T15:55:39.104+0530] {logging_mixin.py:190} INFO - [2026-01-29T15:55:39.104+0530] {dag.py:3262} INFO - Creating ORM DAG for example_subdag_operator
[2026-01-29T15:55:39.105+0530] {logging_mixin.py:190} INFO - [2026-01-29T15:55:39.105+0530] {dag.py:3262} INFO - Creating ORM DAG for example_subdag_operator.section-2
[2026-01-29T15:55:39.114+0530] {logging_mixin.py:190} INFO - [2026-01-29T15:55:39.113+0530] {dag.py:4180} INFO - Setting next_dagrun for example_subdag_operator to 2022-01-01 00:00:00+00:00, run_after=2022-01-01 00:00:00+00:00
[2026-01-29T15:55:39.114+0530] {logging_mixin.py:190} INFO - [2026-01-29T15:55:39.114+0530] {dag.py:4180} INFO - Setting next_dagrun for example_subdag_operator.section-1 to None, run_after=None
[2026-01-29T15:55:39.115+0530] {logging_mixin.py:190} INFO - [2026-01-29T15:55:39.115+0530] {dag.py:4180} INFO - Setting next_dagrun for example_subdag_operator.section-2 to None, run_after=None
[2026-01-29T15:55:39.122+0530] {logging_mixin.py:190} INFO - [2026-01-29T15:55:39.122+0530] {dag.py:3239} INFO - Sync 2 DAGs
[2026-01-29T15:55:39.127+0530] {logging_mixin.py:190} INFO - [2026-01-29T15:55:39.127+0530] {dag.py:4180} INFO - Setting next_dagrun for example_subdag_operator.section-1 to None, run_after=None
[2026-01-29T15:55:39.130+0530] {logging_mixin.py:190} INFO - [2026-01-29T15:55:39.129+0530] {dag.py:4180} INFO - Setting next_dagrun for example_subdag_operator.section-2 to None, run_after=None
[2026-01-29T15:55:39.146+0530] {processor.py:208} INFO - Processing /home/hp/Desktop/Bigdata_project/BigData-Project/airflow-venv/lib/python3.10/site-packages/airflow/example_dags/example_subdag_operator.py took 0.256 seconds
[2026-01-29T15:56:43.163+0530] {processor.py:186} INFO - Started process (PID=28561) to work on /home/hp/Desktop/Bigdata_project/BigData-Project/airflow-venv/lib/python3.10/site-packages/airflow/example_dags/example_subdag_operator.py
[2026-01-29T15:56:43.169+0530] {processor.py:914} INFO - Processing file /home/hp/Desktop/Bigdata_project/BigData-Project/airflow-venv/lib/python3.10/site-packages/airflow/example_dags/example_subdag_operator.py for tasks to queue
[2026-01-29T15:56:43.172+0530] {logging_mixin.py:190} INFO - [2026-01-29T15:56:43.172+0530] {dagbag.py:588} INFO - Filling up the DagBag from /home/hp/Desktop/Bigdata_project/BigData-Project/airflow-venv/lib/python3.10/site-packages/airflow/example_dags/example_subdag_operator.py
[2026-01-29T15:56:43.197+0530] {processor.py:925} INFO - DAG(s) 'example_subdag_operator.section-1', 'example_subdag_operator.section-2', 'example_subdag_operator' retrieved from /home/hp/Desktop/Bigdata_project/BigData-Project/airflow-venv/lib/python3.10/site-packages/airflow/example_dags/example_subdag_operator.py
[2026-01-29T15:56:43.212+0530] {logging_mixin.py:190} INFO - [2026-01-29T15:56:43.212+0530] {dag.py:3239} INFO - Sync 3 DAGs
[2026-01-29T15:56:43.232+0530] {logging_mixin.py:190} INFO - [2026-01-29T15:56:43.232+0530] {dag.py:4180} INFO - Setting next_dagrun for example_subdag_operator to 2022-01-01 00:00:00+00:00, run_after=2022-01-01 00:00:00+00:00
[2026-01-29T15:56:43.236+0530] {logging_mixin.py:190} INFO - [2026-01-29T15:56:43.236+0530] {dag.py:4180} INFO - Setting next_dagrun for example_subdag_operator.section-1 to None, run_after=None
[2026-01-29T15:56:43.237+0530] {logging_mixin.py:190} INFO - [2026-01-29T15:56:43.237+0530] {dag.py:4180} INFO - Setting next_dagrun for example_subdag_operator.section-2 to None, run_after=None
[2026-01-29T15:56:43.243+0530] {logging_mixin.py:190} INFO - [2026-01-29T15:56:43.242+0530] {dag.py:3239} INFO - Sync 2 DAGs
[2026-01-29T15:56:43.247+0530] {logging_mixin.py:190} INFO - [2026-01-29T15:56:43.247+0530] {dag.py:4180} INFO - Setting next_dagrun for example_subdag_operator.section-1 to None, run_after=None
[2026-01-29T15:56:43.247+0530] {logging_mixin.py:190} INFO - [2026-01-29T15:56:43.247+0530] {dag.py:4180} INFO - Setting next_dagrun for example_subdag_operator.section-2 to None, run_after=None
[2026-01-29T15:56:43.260+0530] {processor.py:208} INFO - Processing /home/hp/Desktop/Bigdata_project/BigData-Project/airflow-venv/lib/python3.10/site-packages/airflow/example_dags/example_subdag_operator.py took 0.104 seconds
[2026-01-29T16:00:17.443+0530] {processor.py:186} INFO - Started process (PID=29153) to work on /home/hp/Desktop/Bigdata_project/BigData-Project/airflow-venv/lib/python3.10/site-packages/airflow/example_dags/example_subdag_operator.py
[2026-01-29T16:00:17.449+0530] {processor.py:914} INFO - Processing file /home/hp/Desktop/Bigdata_project/BigData-Project/airflow-venv/lib/python3.10/site-packages/airflow/example_dags/example_subdag_operator.py for tasks to queue
[2026-01-29T16:00:17.452+0530] {logging_mixin.py:190} INFO - [2026-01-29T16:00:17.452+0530] {dagbag.py:588} INFO - Filling up the DagBag from /home/hp/Desktop/Bigdata_project/BigData-Project/airflow-venv/lib/python3.10/site-packages/airflow/example_dags/example_subdag_operator.py
[2026-01-29T16:00:17.476+0530] {processor.py:925} INFO - DAG(s) 'example_subdag_operator.section-1', 'example_subdag_operator.section-2', 'example_subdag_operator' retrieved from /home/hp/Desktop/Bigdata_project/BigData-Project/airflow-venv/lib/python3.10/site-packages/airflow/example_dags/example_subdag_operator.py
[2026-01-29T16:00:17.495+0530] {logging_mixin.py:190} INFO - [2026-01-29T16:00:17.495+0530] {dag.py:3239} INFO - Sync 3 DAGs
[2026-01-29T16:00:17.516+0530] {logging_mixin.py:190} INFO - [2026-01-29T16:00:17.516+0530] {dag.py:4180} INFO - Setting next_dagrun for example_subdag_operator to 2022-01-01 00:00:00+00:00, run_after=2022-01-01 00:00:00+00:00
[2026-01-29T16:00:17.519+0530] {logging_mixin.py:190} INFO - [2026-01-29T16:00:17.519+0530] {dag.py:4180} INFO - Setting next_dagrun for example_subdag_operator.section-1 to None, run_after=None
[2026-01-29T16:00:17.520+0530] {logging_mixin.py:190} INFO - [2026-01-29T16:00:17.520+0530] {dag.py:4180} INFO - Setting next_dagrun for example_subdag_operator.section-2 to None, run_after=None
[2026-01-29T16:00:17.526+0530] {logging_mixin.py:190} INFO - [2026-01-29T16:00:17.526+0530] {dag.py:3239} INFO - Sync 2 DAGs
[2026-01-29T16:00:17.531+0530] {logging_mixin.py:190} INFO - [2026-01-29T16:00:17.531+0530] {dag.py:4180} INFO - Setting next_dagrun for example_subdag_operator.section-1 to None, run_after=None
[2026-01-29T16:00:17.532+0530] {logging_mixin.py:190} INFO - [2026-01-29T16:00:17.532+0530] {dag.py:4180} INFO - Setting next_dagrun for example_subdag_operator.section-2 to None, run_after=None
[2026-01-29T16:00:17.545+0530] {processor.py:208} INFO - Processing /home/hp/Desktop/Bigdata_project/BigData-Project/airflow-venv/lib/python3.10/site-packages/airflow/example_dags/example_subdag_operator.py took 0.109 seconds
[2026-01-29T16:01:12.973+0530] {processor.py:186} INFO - Started process (PID=29518) to work on /home/hp/Desktop/Bigdata_project/BigData-Project/airflow-venv/lib/python3.10/site-packages/airflow/example_dags/example_subdag_operator.py
[2026-01-29T16:01:12.979+0530] {processor.py:914} INFO - Processing file /home/hp/Desktop/Bigdata_project/BigData-Project/airflow-venv/lib/python3.10/site-packages/airflow/example_dags/example_subdag_operator.py for tasks to queue
[2026-01-29T16:01:12.982+0530] {logging_mixin.py:190} INFO - [2026-01-29T16:01:12.982+0530] {dagbag.py:588} INFO - Filling up the DagBag from /home/hp/Desktop/Bigdata_project/BigData-Project/airflow-venv/lib/python3.10/site-packages/airflow/example_dags/example_subdag_operator.py
[2026-01-29T16:01:13.007+0530] {processor.py:925} INFO - DAG(s) 'example_subdag_operator.section-1', 'example_subdag_operator.section-2', 'example_subdag_operator' retrieved from /home/hp/Desktop/Bigdata_project/BigData-Project/airflow-venv/lib/python3.10/site-packages/airflow/example_dags/example_subdag_operator.py
[2026-01-29T16:01:13.022+0530] {logging_mixin.py:190} INFO - [2026-01-29T16:01:13.022+0530] {dag.py:3239} INFO - Sync 3 DAGs
[2026-01-29T16:01:13.042+0530] {logging_mixin.py:190} INFO - [2026-01-29T16:01:13.042+0530] {dag.py:4180} INFO - Setting next_dagrun for example_subdag_operator to 2022-01-01 00:00:00+00:00, run_after=2022-01-01 00:00:00+00:00
[2026-01-29T16:01:13.046+0530] {logging_mixin.py:190} INFO - [2026-01-29T16:01:13.045+0530] {dag.py:4180} INFO - Setting next_dagrun for example_subdag_operator.section-1 to None, run_after=None
[2026-01-29T16:01:13.047+0530] {logging_mixin.py:190} INFO - [2026-01-29T16:01:13.046+0530] {dag.py:4180} INFO - Setting next_dagrun for example_subdag_operator.section-2 to None, run_after=None
[2026-01-29T16:01:13.053+0530] {logging_mixin.py:190} INFO - [2026-01-29T16:01:13.052+0530] {dag.py:3239} INFO - Sync 2 DAGs
[2026-01-29T16:01:13.058+0530] {logging_mixin.py:190} INFO - [2026-01-29T16:01:13.057+0530] {dag.py:4180} INFO - Setting next_dagrun for example_subdag_operator.section-1 to None, run_after=None
[2026-01-29T16:01:13.058+0530] {logging_mixin.py:190} INFO - [2026-01-29T16:01:13.058+0530] {dag.py:4180} INFO - Setting next_dagrun for example_subdag_operator.section-2 to None, run_after=None
[2026-01-29T16:01:13.071+0530] {processor.py:208} INFO - Processing /home/hp/Desktop/Bigdata_project/BigData-Project/airflow-venv/lib/python3.10/site-packages/airflow/example_dags/example_subdag_operator.py took 0.105 seconds
[2026-01-29T16:02:06.003+0530] {processor.py:186} INFO - Started process (PID=29718) to work on /home/hp/Desktop/Bigdata_project/BigData-Project/airflow-venv/lib/python3.10/site-packages/airflow/example_dags/example_subdag_operator.py
[2026-01-29T16:02:06.009+0530] {processor.py:914} INFO - Processing file /home/hp/Desktop/Bigdata_project/BigData-Project/airflow-venv/lib/python3.10/site-packages/airflow/example_dags/example_subdag_operator.py for tasks to queue
[2026-01-29T16:02:06.012+0530] {logging_mixin.py:190} INFO - [2026-01-29T16:02:06.012+0530] {dagbag.py:588} INFO - Filling up the DagBag from /home/hp/Desktop/Bigdata_project/BigData-Project/airflow-venv/lib/python3.10/site-packages/airflow/example_dags/example_subdag_operator.py
[2026-01-29T16:02:06.036+0530] {processor.py:925} INFO - DAG(s) 'example_subdag_operator.section-1', 'example_subdag_operator.section-2', 'example_subdag_operator' retrieved from /home/hp/Desktop/Bigdata_project/BigData-Project/airflow-venv/lib/python3.10/site-packages/airflow/example_dags/example_subdag_operator.py
[2026-01-29T16:02:06.052+0530] {logging_mixin.py:190} INFO - [2026-01-29T16:02:06.052+0530] {dag.py:3239} INFO - Sync 3 DAGs
[2026-01-29T16:02:06.073+0530] {logging_mixin.py:190} INFO - [2026-01-29T16:02:06.073+0530] {dag.py:4180} INFO - Setting next_dagrun for example_subdag_operator to 2022-01-01 00:00:00+00:00, run_after=2022-01-01 00:00:00+00:00
[2026-01-29T16:02:06.076+0530] {logging_mixin.py:190} INFO - [2026-01-29T16:02:06.076+0530] {dag.py:4180} INFO - Setting next_dagrun for example_subdag_operator.section-1 to None, run_after=None
[2026-01-29T16:02:06.077+0530] {logging_mixin.py:190} INFO - [2026-01-29T16:02:06.077+0530] {dag.py:4180} INFO - Setting next_dagrun for example_subdag_operator.section-2 to None, run_after=None
[2026-01-29T16:02:06.084+0530] {logging_mixin.py:190} INFO - [2026-01-29T16:02:06.083+0530] {dag.py:3239} INFO - Sync 2 DAGs
[2026-01-29T16:02:06.088+0530] {logging_mixin.py:190} INFO - [2026-01-29T16:02:06.088+0530] {dag.py:4180} INFO - Setting next_dagrun for example_subdag_operator.section-1 to None, run_after=None
[2026-01-29T16:02:06.089+0530] {logging_mixin.py:190} INFO - [2026-01-29T16:02:06.089+0530] {dag.py:4180} INFO - Setting next_dagrun for example_subdag_operator.section-2 to None, run_after=None
[2026-01-29T16:02:06.103+0530] {processor.py:208} INFO - Processing /home/hp/Desktop/Bigdata_project/BigData-Project/airflow-venv/lib/python3.10/site-packages/airflow/example_dags/example_subdag_operator.py took 0.107 seconds
[2026-01-29T16:03:00.237+0530] {processor.py:186} INFO - Started process (PID=29966) to work on /home/hp/Desktop/Bigdata_project/BigData-Project/airflow-venv/lib/python3.10/site-packages/airflow/example_dags/example_subdag_operator.py
[2026-01-29T16:03:00.244+0530] {processor.py:914} INFO - Processing file /home/hp/Desktop/Bigdata_project/BigData-Project/airflow-venv/lib/python3.10/site-packages/airflow/example_dags/example_subdag_operator.py for tasks to queue
[2026-01-29T16:03:00.246+0530] {logging_mixin.py:190} INFO - [2026-01-29T16:03:00.245+0530] {dagbag.py:588} INFO - Filling up the DagBag from /home/hp/Desktop/Bigdata_project/BigData-Project/airflow-venv/lib/python3.10/site-packages/airflow/example_dags/example_subdag_operator.py
[2026-01-29T16:03:00.269+0530] {processor.py:925} INFO - DAG(s) 'example_subdag_operator.section-1', 'example_subdag_operator.section-2', 'example_subdag_operator' retrieved from /home/hp/Desktop/Bigdata_project/BigData-Project/airflow-venv/lib/python3.10/site-packages/airflow/example_dags/example_subdag_operator.py
[2026-01-29T16:03:00.285+0530] {logging_mixin.py:190} INFO - [2026-01-29T16:03:00.285+0530] {dag.py:3239} INFO - Sync 3 DAGs
[2026-01-29T16:03:00.306+0530] {logging_mixin.py:190} INFO - [2026-01-29T16:03:00.305+0530] {dag.py:4180} INFO - Setting next_dagrun for example_subdag_operator to 2022-01-01 00:00:00+00:00, run_after=2022-01-01 00:00:00+00:00
[2026-01-29T16:03:00.309+0530] {logging_mixin.py:190} INFO - [2026-01-29T16:03:00.309+0530] {dag.py:4180} INFO - Setting next_dagrun for example_subdag_operator.section-1 to None, run_after=None
[2026-01-29T16:03:00.310+0530] {logging_mixin.py:190} INFO - [2026-01-29T16:03:00.310+0530] {dag.py:4180} INFO - Setting next_dagrun for example_subdag_operator.section-2 to None, run_after=None
[2026-01-29T16:03:00.316+0530] {logging_mixin.py:190} INFO - [2026-01-29T16:03:00.316+0530] {dag.py:3239} INFO - Sync 2 DAGs
[2026-01-29T16:03:00.321+0530] {logging_mixin.py:190} INFO - [2026-01-29T16:03:00.321+0530] {dag.py:4180} INFO - Setting next_dagrun for example_subdag_operator.section-1 to None, run_after=None
[2026-01-29T16:03:00.321+0530] {logging_mixin.py:190} INFO - [2026-01-29T16:03:00.321+0530] {dag.py:4180} INFO - Setting next_dagrun for example_subdag_operator.section-2 to None, run_after=None
[2026-01-29T16:03:00.335+0530] {processor.py:208} INFO - Processing /home/hp/Desktop/Bigdata_project/BigData-Project/airflow-venv/lib/python3.10/site-packages/airflow/example_dags/example_subdag_operator.py took 0.105 seconds
[2026-01-29T16:03:55.875+0530] {processor.py:186} INFO - Started process (PID=30188) to work on /home/hp/Desktop/Bigdata_project/BigData-Project/airflow-venv/lib/python3.10/site-packages/airflow/example_dags/example_subdag_operator.py
[2026-01-29T16:03:55.882+0530] {processor.py:914} INFO - Processing file /home/hp/Desktop/Bigdata_project/BigData-Project/airflow-venv/lib/python3.10/site-packages/airflow/example_dags/example_subdag_operator.py for tasks to queue
[2026-01-29T16:03:55.885+0530] {logging_mixin.py:190} INFO - [2026-01-29T16:03:55.884+0530] {dagbag.py:588} INFO - Filling up the DagBag from /home/hp/Desktop/Bigdata_project/BigData-Project/airflow-venv/lib/python3.10/site-packages/airflow/example_dags/example_subdag_operator.py
[2026-01-29T16:03:55.911+0530] {processor.py:925} INFO - DAG(s) 'example_subdag_operator.section-1', 'example_subdag_operator.section-2', 'example_subdag_operator' retrieved from /home/hp/Desktop/Bigdata_project/BigData-Project/airflow-venv/lib/python3.10/site-packages/airflow/example_dags/example_subdag_operator.py
[2026-01-29T16:03:55.928+0530] {logging_mixin.py:190} INFO - [2026-01-29T16:03:55.927+0530] {dag.py:3239} INFO - Sync 3 DAGs
[2026-01-29T16:03:55.950+0530] {logging_mixin.py:190} INFO - [2026-01-29T16:03:55.950+0530] {dag.py:4180} INFO - Setting next_dagrun for example_subdag_operator to 2022-01-01 00:00:00+00:00, run_after=2022-01-01 00:00:00+00:00
[2026-01-29T16:03:55.954+0530] {logging_mixin.py:190} INFO - [2026-01-29T16:03:55.954+0530] {dag.py:4180} INFO - Setting next_dagrun for example_subdag_operator.section-1 to None, run_after=None
[2026-01-29T16:03:55.955+0530] {logging_mixin.py:190} INFO - [2026-01-29T16:03:55.955+0530] {dag.py:4180} INFO - Setting next_dagrun for example_subdag_operator.section-2 to None, run_after=None
[2026-01-29T16:03:55.963+0530] {logging_mixin.py:190} INFO - [2026-01-29T16:03:55.963+0530] {dag.py:3239} INFO - Sync 2 DAGs
[2026-01-29T16:03:55.968+0530] {logging_mixin.py:190} INFO - [2026-01-29T16:03:55.968+0530] {dag.py:4180} INFO - Setting next_dagrun for example_subdag_operator.section-1 to None, run_after=None
[2026-01-29T16:03:55.969+0530] {logging_mixin.py:190} INFO - [2026-01-29T16:03:55.969+0530] {dag.py:4180} INFO - Setting next_dagrun for example_subdag_operator.section-2 to None, run_after=None
[2026-01-29T16:03:55.983+0530] {processor.py:208} INFO - Processing /home/hp/Desktop/Bigdata_project/BigData-Project/airflow-venv/lib/python3.10/site-packages/airflow/example_dags/example_subdag_operator.py took 0.116 seconds
[2026-01-29T16:04:51.695+0530] {processor.py:186} INFO - Started process (PID=30407) to work on /home/hp/Desktop/Bigdata_project/BigData-Project/airflow-venv/lib/python3.10/site-packages/airflow/example_dags/example_subdag_operator.py
[2026-01-29T16:04:51.696+0530] {processor.py:914} INFO - Processing file /home/hp/Desktop/Bigdata_project/BigData-Project/airflow-venv/lib/python3.10/site-packages/airflow/example_dags/example_subdag_operator.py for tasks to queue
[2026-01-29T16:04:51.699+0530] {logging_mixin.py:190} INFO - [2026-01-29T16:04:51.698+0530] {dagbag.py:588} INFO - Filling up the DagBag from /home/hp/Desktop/Bigdata_project/BigData-Project/airflow-venv/lib/python3.10/site-packages/airflow/example_dags/example_subdag_operator.py
[2026-01-29T16:04:51.723+0530] {processor.py:925} INFO - DAG(s) 'example_subdag_operator.section-1', 'example_subdag_operator.section-2', 'example_subdag_operator' retrieved from /home/hp/Desktop/Bigdata_project/BigData-Project/airflow-venv/lib/python3.10/site-packages/airflow/example_dags/example_subdag_operator.py
[2026-01-29T16:04:51.739+0530] {logging_mixin.py:190} INFO - [2026-01-29T16:04:51.739+0530] {dag.py:3239} INFO - Sync 3 DAGs
[2026-01-29T16:04:51.759+0530] {logging_mixin.py:190} INFO - [2026-01-29T16:04:51.759+0530] {dag.py:4180} INFO - Setting next_dagrun for example_subdag_operator to 2022-01-01 00:00:00+00:00, run_after=2022-01-01 00:00:00+00:00
[2026-01-29T16:04:51.763+0530] {logging_mixin.py:190} INFO - [2026-01-29T16:04:51.762+0530] {dag.py:4180} INFO - Setting next_dagrun for example_subdag_operator.section-1 to None, run_after=None
[2026-01-29T16:04:51.764+0530] {logging_mixin.py:190} INFO - [2026-01-29T16:04:51.763+0530] {dag.py:4180} INFO - Setting next_dagrun for example_subdag_operator.section-2 to None, run_after=None
[2026-01-29T16:04:51.770+0530] {logging_mixin.py:190} INFO - [2026-01-29T16:04:51.770+0530] {dag.py:3239} INFO - Sync 2 DAGs
[2026-01-29T16:04:51.775+0530] {logging_mixin.py:190} INFO - [2026-01-29T16:04:51.774+0530] {dag.py:4180} INFO - Setting next_dagrun for example_subdag_operator.section-1 to None, run_after=None
[2026-01-29T16:04:51.775+0530] {logging_mixin.py:190} INFO - [2026-01-29T16:04:51.775+0530] {dag.py:4180} INFO - Setting next_dagrun for example_subdag_operator.section-2 to None, run_after=None
[2026-01-29T16:04:51.789+0530] {processor.py:208} INFO - Processing /home/hp/Desktop/Bigdata_project/BigData-Project/airflow-venv/lib/python3.10/site-packages/airflow/example_dags/example_subdag_operator.py took 0.101 seconds
[2026-01-29T16:05:48.333+0530] {processor.py:186} INFO - Started process (PID=30689) to work on /home/hp/Desktop/Bigdata_project/BigData-Project/airflow-venv/lib/python3.10/site-packages/airflow/example_dags/example_subdag_operator.py
[2026-01-29T16:05:48.335+0530] {processor.py:914} INFO - Processing file /home/hp/Desktop/Bigdata_project/BigData-Project/airflow-venv/lib/python3.10/site-packages/airflow/example_dags/example_subdag_operator.py for tasks to queue
[2026-01-29T16:05:48.337+0530] {logging_mixin.py:190} INFO - [2026-01-29T16:05:48.336+0530] {dagbag.py:588} INFO - Filling up the DagBag from /home/hp/Desktop/Bigdata_project/BigData-Project/airflow-venv/lib/python3.10/site-packages/airflow/example_dags/example_subdag_operator.py
[2026-01-29T16:05:48.362+0530] {processor.py:925} INFO - DAG(s) 'example_subdag_operator.section-1', 'example_subdag_operator.section-2', 'example_subdag_operator' retrieved from /home/hp/Desktop/Bigdata_project/BigData-Project/airflow-venv/lib/python3.10/site-packages/airflow/example_dags/example_subdag_operator.py
[2026-01-29T16:05:48.379+0530] {logging_mixin.py:190} INFO - [2026-01-29T16:05:48.379+0530] {dag.py:3239} INFO - Sync 3 DAGs
[2026-01-29T16:05:48.399+0530] {logging_mixin.py:190} INFO - [2026-01-29T16:05:48.399+0530] {dag.py:4180} INFO - Setting next_dagrun for example_subdag_operator to 2022-01-01 00:00:00+00:00, run_after=2022-01-01 00:00:00+00:00
[2026-01-29T16:05:48.402+0530] {logging_mixin.py:190} INFO - [2026-01-29T16:05:48.402+0530] {dag.py:4180} INFO - Setting next_dagrun for example_subdag_operator.section-1 to None, run_after=None
[2026-01-29T16:05:48.404+0530] {logging_mixin.py:190} INFO - [2026-01-29T16:05:48.403+0530] {dag.py:4180} INFO - Setting next_dagrun for example_subdag_operator.section-2 to None, run_after=None
[2026-01-29T16:05:48.410+0530] {logging_mixin.py:190} INFO - [2026-01-29T16:05:48.410+0530] {dag.py:3239} INFO - Sync 2 DAGs
[2026-01-29T16:05:48.414+0530] {logging_mixin.py:190} INFO - [2026-01-29T16:05:48.414+0530] {dag.py:4180} INFO - Setting next_dagrun for example_subdag_operator.section-1 to None, run_after=None
[2026-01-29T16:05:48.415+0530] {logging_mixin.py:190} INFO - [2026-01-29T16:05:48.415+0530] {dag.py:4180} INFO - Setting next_dagrun for example_subdag_operator.section-2 to None, run_after=None
[2026-01-29T16:05:48.429+0530] {processor.py:208} INFO - Processing /home/hp/Desktop/Bigdata_project/BigData-Project/airflow-venv/lib/python3.10/site-packages/airflow/example_dags/example_subdag_operator.py took 0.103 seconds
[2026-01-29T16:06:44.334+0530] {processor.py:186} INFO - Started process (PID=30966) to work on /home/hp/Desktop/Bigdata_project/BigData-Project/airflow-venv/lib/python3.10/site-packages/airflow/example_dags/example_subdag_operator.py
[2026-01-29T16:06:44.336+0530] {processor.py:914} INFO - Processing file /home/hp/Desktop/Bigdata_project/BigData-Project/airflow-venv/lib/python3.10/site-packages/airflow/example_dags/example_subdag_operator.py for tasks to queue
[2026-01-29T16:06:44.338+0530] {logging_mixin.py:190} INFO - [2026-01-29T16:06:44.338+0530] {dagbag.py:588} INFO - Filling up the DagBag from /home/hp/Desktop/Bigdata_project/BigData-Project/airflow-venv/lib/python3.10/site-packages/airflow/example_dags/example_subdag_operator.py
[2026-01-29T16:06:44.367+0530] {processor.py:925} INFO - DAG(s) 'example_subdag_operator.section-1', 'example_subdag_operator.section-2', 'example_subdag_operator' retrieved from /home/hp/Desktop/Bigdata_project/BigData-Project/airflow-venv/lib/python3.10/site-packages/airflow/example_dags/example_subdag_operator.py
[2026-01-29T16:06:44.386+0530] {logging_mixin.py:190} INFO - [2026-01-29T16:06:44.385+0530] {dag.py:3239} INFO - Sync 3 DAGs
[2026-01-29T16:06:44.411+0530] {logging_mixin.py:190} INFO - [2026-01-29T16:06:44.411+0530] {dag.py:4180} INFO - Setting next_dagrun for example_subdag_operator to 2022-01-01 00:00:00+00:00, run_after=2022-01-01 00:00:00+00:00
[2026-01-29T16:06:44.415+0530] {logging_mixin.py:190} INFO - [2026-01-29T16:06:44.415+0530] {dag.py:4180} INFO - Setting next_dagrun for example_subdag_operator.section-1 to None, run_after=None
[2026-01-29T16:06:44.416+0530] {logging_mixin.py:190} INFO - [2026-01-29T16:06:44.416+0530] {dag.py:4180} INFO - Setting next_dagrun for example_subdag_operator.section-2 to None, run_after=None
[2026-01-29T16:06:44.423+0530] {logging_mixin.py:190} INFO - [2026-01-29T16:06:44.423+0530] {dag.py:3239} INFO - Sync 2 DAGs
[2026-01-29T16:06:44.430+0530] {logging_mixin.py:190} INFO - [2026-01-29T16:06:44.429+0530] {dag.py:4180} INFO - Setting next_dagrun for example_subdag_operator.section-1 to None, run_after=None
[2026-01-29T16:06:44.430+0530] {logging_mixin.py:190} INFO - [2026-01-29T16:06:44.430+0530] {dag.py:4180} INFO - Setting next_dagrun for example_subdag_operator.section-2 to None, run_after=None
[2026-01-29T16:06:44.444+0530] {processor.py:208} INFO - Processing /home/hp/Desktop/Bigdata_project/BigData-Project/airflow-venv/lib/python3.10/site-packages/airflow/example_dags/example_subdag_operator.py took 0.118 seconds
[2026-01-29T16:07:42.354+0530] {processor.py:186} INFO - Started process (PID=31232) to work on /home/hp/Desktop/Bigdata_project/BigData-Project/airflow-venv/lib/python3.10/site-packages/airflow/example_dags/example_subdag_operator.py
[2026-01-29T16:07:42.360+0530] {processor.py:914} INFO - Processing file /home/hp/Desktop/Bigdata_project/BigData-Project/airflow-venv/lib/python3.10/site-packages/airflow/example_dags/example_subdag_operator.py for tasks to queue
[2026-01-29T16:07:42.363+0530] {logging_mixin.py:190} INFO - [2026-01-29T16:07:42.363+0530] {dagbag.py:588} INFO - Filling up the DagBag from /home/hp/Desktop/Bigdata_project/BigData-Project/airflow-venv/lib/python3.10/site-packages/airflow/example_dags/example_subdag_operator.py
[2026-01-29T16:07:42.386+0530] {processor.py:925} INFO - DAG(s) 'example_subdag_operator.section-1', 'example_subdag_operator.section-2', 'example_subdag_operator' retrieved from /home/hp/Desktop/Bigdata_project/BigData-Project/airflow-venv/lib/python3.10/site-packages/airflow/example_dags/example_subdag_operator.py
[2026-01-29T16:07:42.402+0530] {logging_mixin.py:190} INFO - [2026-01-29T16:07:42.401+0530] {dag.py:3239} INFO - Sync 3 DAGs
[2026-01-29T16:07:42.422+0530] {logging_mixin.py:190} INFO - [2026-01-29T16:07:42.422+0530] {dag.py:4180} INFO - Setting next_dagrun for example_subdag_operator to 2022-01-01 00:00:00+00:00, run_after=2022-01-01 00:00:00+00:00
[2026-01-29T16:07:42.425+0530] {logging_mixin.py:190} INFO - [2026-01-29T16:07:42.425+0530] {dag.py:4180} INFO - Setting next_dagrun for example_subdag_operator.section-1 to None, run_after=None
[2026-01-29T16:07:42.426+0530] {logging_mixin.py:190} INFO - [2026-01-29T16:07:42.426+0530] {dag.py:4180} INFO - Setting next_dagrun for example_subdag_operator.section-2 to None, run_after=None
[2026-01-29T16:07:42.432+0530] {logging_mixin.py:190} INFO - [2026-01-29T16:07:42.432+0530] {dag.py:3239} INFO - Sync 2 DAGs
[2026-01-29T16:07:42.437+0530] {logging_mixin.py:190} INFO - [2026-01-29T16:07:42.437+0530] {dag.py:4180} INFO - Setting next_dagrun for example_subdag_operator.section-1 to None, run_after=None
[2026-01-29T16:07:42.437+0530] {logging_mixin.py:190} INFO - [2026-01-29T16:07:42.437+0530] {dag.py:4180} INFO - Setting next_dagrun for example_subdag_operator.section-2 to None, run_after=None
[2026-01-29T16:07:42.451+0530] {processor.py:208} INFO - Processing /home/hp/Desktop/Bigdata_project/BigData-Project/airflow-venv/lib/python3.10/site-packages/airflow/example_dags/example_subdag_operator.py took 0.105 seconds
[2026-01-29T16:08:43.484+0530] {processor.py:186} INFO - Started process (PID=31493) to work on /home/hp/Desktop/Bigdata_project/BigData-Project/airflow-venv/lib/python3.10/site-packages/airflow/example_dags/example_subdag_operator.py
[2026-01-29T16:08:43.490+0530] {processor.py:914} INFO - Processing file /home/hp/Desktop/Bigdata_project/BigData-Project/airflow-venv/lib/python3.10/site-packages/airflow/example_dags/example_subdag_operator.py for tasks to queue
[2026-01-29T16:08:43.493+0530] {logging_mixin.py:190} INFO - [2026-01-29T16:08:43.492+0530] {dagbag.py:588} INFO - Filling up the DagBag from /home/hp/Desktop/Bigdata_project/BigData-Project/airflow-venv/lib/python3.10/site-packages/airflow/example_dags/example_subdag_operator.py
[2026-01-29T16:08:43.517+0530] {processor.py:925} INFO - DAG(s) 'example_subdag_operator.section-1', 'example_subdag_operator.section-2', 'example_subdag_operator' retrieved from /home/hp/Desktop/Bigdata_project/BigData-Project/airflow-venv/lib/python3.10/site-packages/airflow/example_dags/example_subdag_operator.py
[2026-01-29T16:08:43.617+0530] {logging_mixin.py:190} INFO - [2026-01-29T16:08:43.617+0530] {override.py:1930} INFO - Created Permission View: can edit on DAG:example_subdag_operator
[2026-01-29T16:08:43.629+0530] {logging_mixin.py:190} INFO - [2026-01-29T16:08:43.628+0530] {override.py:1930} INFO - Created Permission View: can delete on DAG:example_subdag_operator
[2026-01-29T16:08:43.636+0530] {logging_mixin.py:190} INFO - [2026-01-29T16:08:43.636+0530] {override.py:1930} INFO - Created Permission View: can read on DAG:example_subdag_operator
[2026-01-29T16:08:43.647+0530] {logging_mixin.py:190} INFO - [2026-01-29T16:08:43.646+0530] {override.py:1930} INFO - Created Permission View: menu access on DAG Run:example_subdag_operator
[2026-01-29T16:08:43.654+0530] {logging_mixin.py:190} INFO - [2026-01-29T16:08:43.654+0530] {override.py:1930} INFO - Created Permission View: can delete on DAG Run:example_subdag_operator
[2026-01-29T16:08:43.661+0530] {logging_mixin.py:190} INFO - [2026-01-29T16:08:43.661+0530] {override.py:1930} INFO - Created Permission View: can create on DAG Run:example_subdag_operator
[2026-01-29T16:08:43.669+0530] {logging_mixin.py:190} INFO - [2026-01-29T16:08:43.668+0530] {override.py:1930} INFO - Created Permission View: can read on DAG Run:example_subdag_operator
[2026-01-29T16:08:43.669+0530] {logging_mixin.py:190} INFO - [2026-01-29T16:08:43.669+0530] {dag.py:3239} INFO - Sync 3 DAGs
[2026-01-29T16:08:43.682+0530] {logging_mixin.py:190} INFO - [2026-01-29T16:08:43.682+0530] {dag.py:3262} INFO - Creating ORM DAG for example_subdag_operator
[2026-01-29T16:08:43.683+0530] {logging_mixin.py:190} INFO - [2026-01-29T16:08:43.683+0530] {dag.py:3262} INFO - Creating ORM DAG for example_subdag_operator.section-1
[2026-01-29T16:08:43.684+0530] {logging_mixin.py:190} INFO - [2026-01-29T16:08:43.684+0530] {dag.py:3262} INFO - Creating ORM DAG for example_subdag_operator.section-2
[2026-01-29T16:08:43.806+0530] {logging_mixin.py:190} INFO - [2026-01-29T16:08:43.806+0530] {dag.py:4180} INFO - Setting next_dagrun for example_subdag_operator to 2022-01-01 00:00:00+00:00, run_after=2022-01-01 00:00:00+00:00
[2026-01-29T16:08:43.806+0530] {logging_mixin.py:190} INFO - [2026-01-29T16:08:43.806+0530] {dag.py:4180} INFO - Setting next_dagrun for example_subdag_operator.section-1 to None, run_after=None
[2026-01-29T16:08:43.807+0530] {logging_mixin.py:190} INFO - [2026-01-29T16:08:43.807+0530] {dag.py:4180} INFO - Setting next_dagrun for example_subdag_operator.section-2 to None, run_after=None
[2026-01-29T16:08:43.814+0530] {logging_mixin.py:190} INFO - [2026-01-29T16:08:43.814+0530] {dag.py:3239} INFO - Sync 2 DAGs
[2026-01-29T16:08:43.819+0530] {logging_mixin.py:190} INFO - [2026-01-29T16:08:43.819+0530] {dag.py:4180} INFO - Setting next_dagrun for example_subdag_operator.section-1 to None, run_after=None
[2026-01-29T16:08:43.821+0530] {logging_mixin.py:190} INFO - [2026-01-29T16:08:43.821+0530] {dag.py:4180} INFO - Setting next_dagrun for example_subdag_operator.section-2 to None, run_after=None
[2026-01-29T16:08:43.841+0530] {processor.py:208} INFO - Processing /home/hp/Desktop/Bigdata_project/BigData-Project/airflow-venv/lib/python3.10/site-packages/airflow/example_dags/example_subdag_operator.py took 0.364 seconds
