[2026-01-29T15:56:05.890+0530] {processor.py:186} INFO - Started process (PID=28435) to work on /home/hp/Desktop/Bigdata_project/BigData-Project/airflow-venv/lib/python3.10/site-packages/airflow/example_dags/example_complex.py
[2026-01-29T15:56:05.891+0530] {processor.py:914} INFO - Processing file /home/hp/Desktop/Bigdata_project/BigData-Project/airflow-venv/lib/python3.10/site-packages/airflow/example_dags/example_complex.py for tasks to queue
[2026-01-29T15:56:05.894+0530] {logging_mixin.py:190} INFO - [2026-01-29T15:56:05.893+0530] {dagbag.py:588} INFO - Filling up the DagBag from /home/hp/Desktop/Bigdata_project/BigData-Project/airflow-venv/lib/python3.10/site-packages/airflow/example_dags/example_complex.py
[2026-01-29T15:56:05.909+0530] {processor.py:925} INFO - DAG(s) 'example_complex' retrieved from /home/hp/Desktop/Bigdata_project/BigData-Project/airflow-venv/lib/python3.10/site-packages/airflow/example_dags/example_complex.py
[2026-01-29T15:56:06.036+0530] {logging_mixin.py:190} INFO - [2026-01-29T15:56:06.035+0530] {override.py:1930} INFO - Created Permission View: can edit on DAG:example_complex
[2026-01-29T15:56:06.048+0530] {logging_mixin.py:190} INFO - [2026-01-29T15:56:06.047+0530] {override.py:1930} INFO - Created Permission View: can delete on DAG:example_complex
[2026-01-29T15:56:06.057+0530] {logging_mixin.py:190} INFO - [2026-01-29T15:56:06.056+0530] {override.py:1930} INFO - Created Permission View: can read on DAG:example_complex
[2026-01-29T15:56:06.069+0530] {logging_mixin.py:190} INFO - [2026-01-29T15:56:06.068+0530] {override.py:1930} INFO - Created Permission View: can delete on DAG Run:example_complex
[2026-01-29T15:56:06.078+0530] {logging_mixin.py:190} INFO - [2026-01-29T15:56:06.077+0530] {override.py:1930} INFO - Created Permission View: can read on DAG Run:example_complex
[2026-01-29T15:56:06.087+0530] {logging_mixin.py:190} INFO - [2026-01-29T15:56:06.086+0530] {override.py:1930} INFO - Created Permission View: menu access on DAG Run:example_complex
[2026-01-29T15:56:06.096+0530] {logging_mixin.py:190} INFO - [2026-01-29T15:56:06.095+0530] {override.py:1930} INFO - Created Permission View: can create on DAG Run:example_complex
[2026-01-29T15:56:06.096+0530] {logging_mixin.py:190} INFO - [2026-01-29T15:56:06.096+0530] {dag.py:3239} INFO - Sync 1 DAGs
[2026-01-29T15:56:06.113+0530] {logging_mixin.py:190} INFO - [2026-01-29T15:56:06.112+0530] {dag.py:3262} INFO - Creating ORM DAG for example_complex
[2026-01-29T15:56:06.113+0530] {logging_mixin.py:190} INFO - [2026-01-29T15:56:06.113+0530] {dag.py:4180} INFO - Setting next_dagrun for example_complex to None, run_after=None
[2026-01-29T15:56:06.136+0530] {processor.py:208} INFO - Processing /home/hp/Desktop/Bigdata_project/BigData-Project/airflow-venv/lib/python3.10/site-packages/airflow/example_dags/example_complex.py took 0.254 seconds
[2026-01-29T15:57:08.276+0530] {processor.py:186} INFO - Started process (PID=28653) to work on /home/hp/Desktop/Bigdata_project/BigData-Project/airflow-venv/lib/python3.10/site-packages/airflow/example_dags/example_complex.py
[2026-01-29T15:57:08.283+0530] {processor.py:914} INFO - Processing file /home/hp/Desktop/Bigdata_project/BigData-Project/airflow-venv/lib/python3.10/site-packages/airflow/example_dags/example_complex.py for tasks to queue
[2026-01-29T15:57:08.285+0530] {logging_mixin.py:190} INFO - [2026-01-29T15:57:08.285+0530] {dagbag.py:588} INFO - Filling up the DagBag from /home/hp/Desktop/Bigdata_project/BigData-Project/airflow-venv/lib/python3.10/site-packages/airflow/example_dags/example_complex.py
[2026-01-29T15:57:08.299+0530] {processor.py:925} INFO - DAG(s) 'example_complex' retrieved from /home/hp/Desktop/Bigdata_project/BigData-Project/airflow-venv/lib/python3.10/site-packages/airflow/example_dags/example_complex.py
[2026-01-29T15:57:08.327+0530] {logging_mixin.py:190} INFO - [2026-01-29T15:57:08.327+0530] {dag.py:3239} INFO - Sync 1 DAGs
[2026-01-29T15:57:08.340+0530] {logging_mixin.py:190} INFO - [2026-01-29T15:57:08.339+0530] {dag.py:4180} INFO - Setting next_dagrun for example_complex to None, run_after=None
[2026-01-29T15:57:08.361+0530] {processor.py:208} INFO - Processing /home/hp/Desktop/Bigdata_project/BigData-Project/airflow-venv/lib/python3.10/site-packages/airflow/example_dags/example_complex.py took 0.091 seconds
[2026-01-29T16:00:38.173+0530] {processor.py:186} INFO - Started process (PID=29365) to work on /home/hp/Desktop/Bigdata_project/BigData-Project/airflow-venv/lib/python3.10/site-packages/airflow/example_dags/example_complex.py
[2026-01-29T16:00:38.179+0530] {processor.py:914} INFO - Processing file /home/hp/Desktop/Bigdata_project/BigData-Project/airflow-venv/lib/python3.10/site-packages/airflow/example_dags/example_complex.py for tasks to queue
[2026-01-29T16:00:38.182+0530] {logging_mixin.py:190} INFO - [2026-01-29T16:00:38.181+0530] {dagbag.py:588} INFO - Filling up the DagBag from /home/hp/Desktop/Bigdata_project/BigData-Project/airflow-venv/lib/python3.10/site-packages/airflow/example_dags/example_complex.py
[2026-01-29T16:00:38.196+0530] {processor.py:925} INFO - DAG(s) 'example_complex' retrieved from /home/hp/Desktop/Bigdata_project/BigData-Project/airflow-venv/lib/python3.10/site-packages/airflow/example_dags/example_complex.py
[2026-01-29T16:00:38.224+0530] {logging_mixin.py:190} INFO - [2026-01-29T16:00:38.224+0530] {dag.py:3239} INFO - Sync 1 DAGs
[2026-01-29T16:00:38.237+0530] {logging_mixin.py:190} INFO - [2026-01-29T16:00:38.237+0530] {dag.py:4180} INFO - Setting next_dagrun for example_complex to None, run_after=None
[2026-01-29T16:00:38.259+0530] {processor.py:208} INFO - Processing /home/hp/Desktop/Bigdata_project/BigData-Project/airflow-venv/lib/python3.10/site-packages/airflow/example_dags/example_complex.py took 0.093 seconds
[2026-01-29T16:01:36.116+0530] {processor.py:186} INFO - Started process (PID=29610) to work on /home/hp/Desktop/Bigdata_project/BigData-Project/airflow-venv/lib/python3.10/site-packages/airflow/example_dags/example_complex.py
[2026-01-29T16:01:36.122+0530] {processor.py:914} INFO - Processing file /home/hp/Desktop/Bigdata_project/BigData-Project/airflow-venv/lib/python3.10/site-packages/airflow/example_dags/example_complex.py for tasks to queue
[2026-01-29T16:01:36.125+0530] {logging_mixin.py:190} INFO - [2026-01-29T16:01:36.124+0530] {dagbag.py:588} INFO - Filling up the DagBag from /home/hp/Desktop/Bigdata_project/BigData-Project/airflow-venv/lib/python3.10/site-packages/airflow/example_dags/example_complex.py
[2026-01-29T16:01:36.140+0530] {processor.py:925} INFO - DAG(s) 'example_complex' retrieved from /home/hp/Desktop/Bigdata_project/BigData-Project/airflow-venv/lib/python3.10/site-packages/airflow/example_dags/example_complex.py
[2026-01-29T16:01:36.168+0530] {logging_mixin.py:190} INFO - [2026-01-29T16:01:36.167+0530] {dag.py:3239} INFO - Sync 1 DAGs
[2026-01-29T16:01:36.180+0530] {logging_mixin.py:190} INFO - [2026-01-29T16:01:36.180+0530] {dag.py:4180} INFO - Setting next_dagrun for example_complex to None, run_after=None
[2026-01-29T16:01:36.201+0530] {processor.py:208} INFO - Processing /home/hp/Desktop/Bigdata_project/BigData-Project/airflow-venv/lib/python3.10/site-packages/airflow/example_dags/example_complex.py took 0.092 seconds
[2026-01-29T16:02:33.186+0530] {processor.py:186} INFO - Started process (PID=29863) to work on /home/hp/Desktop/Bigdata_project/BigData-Project/airflow-venv/lib/python3.10/site-packages/airflow/example_dags/example_complex.py
[2026-01-29T16:02:33.192+0530] {processor.py:914} INFO - Processing file /home/hp/Desktop/Bigdata_project/BigData-Project/airflow-venv/lib/python3.10/site-packages/airflow/example_dags/example_complex.py for tasks to queue
[2026-01-29T16:02:33.195+0530] {logging_mixin.py:190} INFO - [2026-01-29T16:02:33.195+0530] {dagbag.py:588} INFO - Filling up the DagBag from /home/hp/Desktop/Bigdata_project/BigData-Project/airflow-venv/lib/python3.10/site-packages/airflow/example_dags/example_complex.py
[2026-01-29T16:02:33.209+0530] {processor.py:925} INFO - DAG(s) 'example_complex' retrieved from /home/hp/Desktop/Bigdata_project/BigData-Project/airflow-venv/lib/python3.10/site-packages/airflow/example_dags/example_complex.py
[2026-01-29T16:02:33.239+0530] {logging_mixin.py:190} INFO - [2026-01-29T16:02:33.238+0530] {dag.py:3239} INFO - Sync 1 DAGs
[2026-01-29T16:02:33.251+0530] {logging_mixin.py:190} INFO - [2026-01-29T16:02:33.251+0530] {dag.py:4180} INFO - Setting next_dagrun for example_complex to None, run_after=None
[2026-01-29T16:02:33.273+0530] {processor.py:208} INFO - Processing /home/hp/Desktop/Bigdata_project/BigData-Project/airflow-venv/lib/python3.10/site-packages/airflow/example_dags/example_complex.py took 0.094 seconds
[2026-01-29T16:03:28.300+0530] {processor.py:186} INFO - Started process (PID=30075) to work on /home/hp/Desktop/Bigdata_project/BigData-Project/airflow-venv/lib/python3.10/site-packages/airflow/example_dags/example_complex.py
[2026-01-29T16:03:28.306+0530] {processor.py:914} INFO - Processing file /home/hp/Desktop/Bigdata_project/BigData-Project/airflow-venv/lib/python3.10/site-packages/airflow/example_dags/example_complex.py for tasks to queue
[2026-01-29T16:03:28.309+0530] {logging_mixin.py:190} INFO - [2026-01-29T16:03:28.308+0530] {dagbag.py:588} INFO - Filling up the DagBag from /home/hp/Desktop/Bigdata_project/BigData-Project/airflow-venv/lib/python3.10/site-packages/airflow/example_dags/example_complex.py
[2026-01-29T16:03:28.322+0530] {processor.py:925} INFO - DAG(s) 'example_complex' retrieved from /home/hp/Desktop/Bigdata_project/BigData-Project/airflow-venv/lib/python3.10/site-packages/airflow/example_dags/example_complex.py
[2026-01-29T16:03:28.351+0530] {logging_mixin.py:190} INFO - [2026-01-29T16:03:28.350+0530] {dag.py:3239} INFO - Sync 1 DAGs
[2026-01-29T16:03:28.364+0530] {logging_mixin.py:190} INFO - [2026-01-29T16:03:28.363+0530] {dag.py:4180} INFO - Setting next_dagrun for example_complex to None, run_after=None
[2026-01-29T16:03:28.384+0530] {processor.py:208} INFO - Processing /home/hp/Desktop/Bigdata_project/BigData-Project/airflow-venv/lib/python3.10/site-packages/airflow/example_dags/example_complex.py took 0.091 seconds
[2026-01-29T16:04:21.726+0530] {processor.py:186} INFO - Started process (PID=30285) to work on /home/hp/Desktop/Bigdata_project/BigData-Project/airflow-venv/lib/python3.10/site-packages/airflow/example_dags/example_complex.py
[2026-01-29T16:04:21.733+0530] {processor.py:914} INFO - Processing file /home/hp/Desktop/Bigdata_project/BigData-Project/airflow-venv/lib/python3.10/site-packages/airflow/example_dags/example_complex.py for tasks to queue
[2026-01-29T16:04:21.736+0530] {logging_mixin.py:190} INFO - [2026-01-29T16:04:21.735+0530] {dagbag.py:588} INFO - Filling up the DagBag from /home/hp/Desktop/Bigdata_project/BigData-Project/airflow-venv/lib/python3.10/site-packages/airflow/example_dags/example_complex.py
[2026-01-29T16:04:21.751+0530] {processor.py:925} INFO - DAG(s) 'example_complex' retrieved from /home/hp/Desktop/Bigdata_project/BigData-Project/airflow-venv/lib/python3.10/site-packages/airflow/example_dags/example_complex.py
[2026-01-29T16:04:21.783+0530] {logging_mixin.py:190} INFO - [2026-01-29T16:04:21.782+0530] {dag.py:3239} INFO - Sync 1 DAGs
[2026-01-29T16:04:21.796+0530] {logging_mixin.py:190} INFO - [2026-01-29T16:04:21.796+0530] {dag.py:4180} INFO - Setting next_dagrun for example_complex to None, run_after=None
[2026-01-29T16:04:21.819+0530] {processor.py:208} INFO - Processing /home/hp/Desktop/Bigdata_project/BigData-Project/airflow-venv/lib/python3.10/site-packages/airflow/example_dags/example_complex.py took 0.100 seconds
[2026-01-29T16:05:17.897+0530] {processor.py:186} INFO - Started process (PID=30582) to work on /home/hp/Desktop/Bigdata_project/BigData-Project/airflow-venv/lib/python3.10/site-packages/airflow/example_dags/example_complex.py
[2026-01-29T16:05:17.903+0530] {processor.py:914} INFO - Processing file /home/hp/Desktop/Bigdata_project/BigData-Project/airflow-venv/lib/python3.10/site-packages/airflow/example_dags/example_complex.py for tasks to queue
[2026-01-29T16:05:17.905+0530] {logging_mixin.py:190} INFO - [2026-01-29T16:05:17.905+0530] {dagbag.py:588} INFO - Filling up the DagBag from /home/hp/Desktop/Bigdata_project/BigData-Project/airflow-venv/lib/python3.10/site-packages/airflow/example_dags/example_complex.py
[2026-01-29T16:05:17.919+0530] {processor.py:925} INFO - DAG(s) 'example_complex' retrieved from /home/hp/Desktop/Bigdata_project/BigData-Project/airflow-venv/lib/python3.10/site-packages/airflow/example_dags/example_complex.py
[2026-01-29T16:05:17.949+0530] {logging_mixin.py:190} INFO - [2026-01-29T16:05:17.948+0530] {dag.py:3239} INFO - Sync 1 DAGs
[2026-01-29T16:05:17.966+0530] {logging_mixin.py:190} INFO - [2026-01-29T16:05:17.966+0530] {dag.py:4180} INFO - Setting next_dagrun for example_complex to None, run_after=None
[2026-01-29T16:05:17.991+0530] {processor.py:208} INFO - Processing /home/hp/Desktop/Bigdata_project/BigData-Project/airflow-venv/lib/python3.10/site-packages/airflow/example_dags/example_complex.py took 0.101 seconds
[2026-01-29T16:06:14.900+0530] {processor.py:186} INFO - Started process (PID=30798) to work on /home/hp/Desktop/Bigdata_project/BigData-Project/airflow-venv/lib/python3.10/site-packages/airflow/example_dags/example_complex.py
[2026-01-29T16:06:14.906+0530] {processor.py:914} INFO - Processing file /home/hp/Desktop/Bigdata_project/BigData-Project/airflow-venv/lib/python3.10/site-packages/airflow/example_dags/example_complex.py for tasks to queue
[2026-01-29T16:06:14.909+0530] {logging_mixin.py:190} INFO - [2026-01-29T16:06:14.909+0530] {dagbag.py:588} INFO - Filling up the DagBag from /home/hp/Desktop/Bigdata_project/BigData-Project/airflow-venv/lib/python3.10/site-packages/airflow/example_dags/example_complex.py
[2026-01-29T16:06:14.923+0530] {processor.py:925} INFO - DAG(s) 'example_complex' retrieved from /home/hp/Desktop/Bigdata_project/BigData-Project/airflow-venv/lib/python3.10/site-packages/airflow/example_dags/example_complex.py
[2026-01-29T16:06:14.951+0530] {logging_mixin.py:190} INFO - [2026-01-29T16:06:14.951+0530] {dag.py:3239} INFO - Sync 1 DAGs
[2026-01-29T16:06:14.963+0530] {logging_mixin.py:190} INFO - [2026-01-29T16:06:14.963+0530] {dag.py:4180} INFO - Setting next_dagrun for example_complex to None, run_after=None
[2026-01-29T16:06:14.985+0530] {processor.py:208} INFO - Processing /home/hp/Desktop/Bigdata_project/BigData-Project/airflow-venv/lib/python3.10/site-packages/airflow/example_dags/example_complex.py took 0.092 seconds
[2026-01-29T16:07:11.430+0530] {processor.py:186} INFO - Started process (PID=31102) to work on /home/hp/Desktop/Bigdata_project/BigData-Project/airflow-venv/lib/python3.10/site-packages/airflow/example_dags/example_complex.py
[2026-01-29T16:07:11.431+0530] {processor.py:914} INFO - Processing file /home/hp/Desktop/Bigdata_project/BigData-Project/airflow-venv/lib/python3.10/site-packages/airflow/example_dags/example_complex.py for tasks to queue
[2026-01-29T16:07:11.433+0530] {logging_mixin.py:190} INFO - [2026-01-29T16:07:11.433+0530] {dagbag.py:588} INFO - Filling up the DagBag from /home/hp/Desktop/Bigdata_project/BigData-Project/airflow-venv/lib/python3.10/site-packages/airflow/example_dags/example_complex.py
[2026-01-29T16:07:11.447+0530] {processor.py:925} INFO - DAG(s) 'example_complex' retrieved from /home/hp/Desktop/Bigdata_project/BigData-Project/airflow-venv/lib/python3.10/site-packages/airflow/example_dags/example_complex.py
[2026-01-29T16:07:11.475+0530] {logging_mixin.py:190} INFO - [2026-01-29T16:07:11.475+0530] {dag.py:3239} INFO - Sync 1 DAGs
[2026-01-29T16:07:11.487+0530] {logging_mixin.py:190} INFO - [2026-01-29T16:07:11.487+0530] {dag.py:4180} INFO - Setting next_dagrun for example_complex to None, run_after=None
[2026-01-29T16:07:11.508+0530] {processor.py:208} INFO - Processing /home/hp/Desktop/Bigdata_project/BigData-Project/airflow-venv/lib/python3.10/site-packages/airflow/example_dags/example_complex.py took 0.085 seconds
[2026-01-29T16:08:10.327+0530] {processor.py:186} INFO - Started process (PID=31339) to work on /home/hp/Desktop/Bigdata_project/BigData-Project/airflow-venv/lib/python3.10/site-packages/airflow/example_dags/example_complex.py
[2026-01-29T16:08:10.329+0530] {processor.py:914} INFO - Processing file /home/hp/Desktop/Bigdata_project/BigData-Project/airflow-venv/lib/python3.10/site-packages/airflow/example_dags/example_complex.py for tasks to queue
[2026-01-29T16:08:10.331+0530] {logging_mixin.py:190} INFO - [2026-01-29T16:08:10.330+0530] {dagbag.py:588} INFO - Filling up the DagBag from /home/hp/Desktop/Bigdata_project/BigData-Project/airflow-venv/lib/python3.10/site-packages/airflow/example_dags/example_complex.py
[2026-01-29T16:08:10.344+0530] {processor.py:925} INFO - DAG(s) 'example_complex' retrieved from /home/hp/Desktop/Bigdata_project/BigData-Project/airflow-venv/lib/python3.10/site-packages/airflow/example_dags/example_complex.py
[2026-01-29T16:08:10.372+0530] {logging_mixin.py:190} INFO - [2026-01-29T16:08:10.372+0530] {dag.py:3239} INFO - Sync 1 DAGs
[2026-01-29T16:08:10.385+0530] {logging_mixin.py:190} INFO - [2026-01-29T16:08:10.385+0530] {dag.py:4180} INFO - Setting next_dagrun for example_complex to None, run_after=None
[2026-01-29T16:08:10.405+0530] {processor.py:208} INFO - Processing /home/hp/Desktop/Bigdata_project/BigData-Project/airflow-venv/lib/python3.10/site-packages/airflow/example_dags/example_complex.py took 0.084 seconds
[2026-01-29T16:09:19.297+0530] {processor.py:186} INFO - Started process (PID=31687) to work on /home/hp/Desktop/Bigdata_project/BigData-Project/airflow-venv/lib/python3.10/site-packages/airflow/example_dags/example_complex.py
[2026-01-29T16:09:19.304+0530] {processor.py:914} INFO - Processing file /home/hp/Desktop/Bigdata_project/BigData-Project/airflow-venv/lib/python3.10/site-packages/airflow/example_dags/example_complex.py for tasks to queue
[2026-01-29T16:09:19.306+0530] {logging_mixin.py:190} INFO - [2026-01-29T16:09:19.306+0530] {dagbag.py:588} INFO - Filling up the DagBag from /home/hp/Desktop/Bigdata_project/BigData-Project/airflow-venv/lib/python3.10/site-packages/airflow/example_dags/example_complex.py
[2026-01-29T16:09:19.320+0530] {processor.py:925} INFO - DAG(s) 'example_complex' retrieved from /home/hp/Desktop/Bigdata_project/BigData-Project/airflow-venv/lib/python3.10/site-packages/airflow/example_dags/example_complex.py
[2026-01-29T16:09:19.437+0530] {logging_mixin.py:190} INFO - [2026-01-29T16:09:19.437+0530] {override.py:1930} INFO - Created Permission View: can edit on DAG:example_complex
[2026-01-29T16:09:19.448+0530] {logging_mixin.py:190} INFO - [2026-01-29T16:09:19.447+0530] {override.py:1930} INFO - Created Permission View: can delete on DAG:example_complex
[2026-01-29T16:09:19.455+0530] {logging_mixin.py:190} INFO - [2026-01-29T16:09:19.455+0530] {override.py:1930} INFO - Created Permission View: can read on DAG:example_complex
[2026-01-29T16:09:19.466+0530] {logging_mixin.py:190} INFO - [2026-01-29T16:09:19.465+0530] {override.py:1930} INFO - Created Permission View: menu access on DAG Run:example_complex
[2026-01-29T16:09:19.473+0530] {logging_mixin.py:190} INFO - [2026-01-29T16:09:19.473+0530] {override.py:1930} INFO - Created Permission View: can delete on DAG Run:example_complex
[2026-01-29T16:09:19.480+0530] {logging_mixin.py:190} INFO - [2026-01-29T16:09:19.480+0530] {override.py:1930} INFO - Created Permission View: can create on DAG Run:example_complex
[2026-01-29T16:09:19.487+0530] {logging_mixin.py:190} INFO - [2026-01-29T16:09:19.487+0530] {override.py:1930} INFO - Created Permission View: can read on DAG Run:example_complex
[2026-01-29T16:09:19.488+0530] {logging_mixin.py:190} INFO - [2026-01-29T16:09:19.488+0530] {dag.py:3239} INFO - Sync 1 DAGs
[2026-01-29T16:09:19.499+0530] {logging_mixin.py:190} INFO - [2026-01-29T16:09:19.499+0530] {dag.py:3262} INFO - Creating ORM DAG for example_complex
[2026-01-29T16:09:19.500+0530] {logging_mixin.py:190} INFO - [2026-01-29T16:09:19.500+0530] {dag.py:4180} INFO - Setting next_dagrun for example_complex to None, run_after=None
[2026-01-29T16:09:19.517+0530] {processor.py:208} INFO - Processing /home/hp/Desktop/Bigdata_project/BigData-Project/airflow-venv/lib/python3.10/site-packages/airflow/example_dags/example_complex.py took 0.227 seconds
