[2026-01-29T15:56:14.976+0530] {processor.py:186} INFO - Started process (PID=28482) to work on /home/hp/Desktop/Bigdata_project/BigData-Project/airflow-venv/lib/python3.10/site-packages/airflow/example_dags/example_branch_day_of_week_operator.py
[2026-01-29T15:56:14.977+0530] {processor.py:914} INFO - Processing file /home/hp/Desktop/Bigdata_project/BigData-Project/airflow-venv/lib/python3.10/site-packages/airflow/example_dags/example_branch_day_of_week_operator.py for tasks to queue
[2026-01-29T15:56:14.980+0530] {logging_mixin.py:190} INFO - [2026-01-29T15:56:14.980+0530] {dagbag.py:588} INFO - Filling up the DagBag from /home/hp/Desktop/Bigdata_project/BigData-Project/airflow-venv/lib/python3.10/site-packages/airflow/example_dags/example_branch_day_of_week_operator.py
[2026-01-29T15:56:14.990+0530] {processor.py:925} INFO - DAG(s) 'example_weekday_branch_operator' retrieved from /home/hp/Desktop/Bigdata_project/BigData-Project/airflow-venv/lib/python3.10/site-packages/airflow/example_dags/example_branch_day_of_week_operator.py
[2026-01-29T15:56:15.092+0530] {logging_mixin.py:190} INFO - [2026-01-29T15:56:15.091+0530] {override.py:1930} INFO - Created Permission View: can edit on DAG:example_weekday_branch_operator
[2026-01-29T15:56:15.102+0530] {logging_mixin.py:190} INFO - [2026-01-29T15:56:15.102+0530] {override.py:1930} INFO - Created Permission View: can delete on DAG:example_weekday_branch_operator
[2026-01-29T15:56:15.112+0530] {logging_mixin.py:190} INFO - [2026-01-29T15:56:15.112+0530] {override.py:1930} INFO - Created Permission View: can read on DAG:example_weekday_branch_operator
[2026-01-29T15:56:15.124+0530] {logging_mixin.py:190} INFO - [2026-01-29T15:56:15.123+0530] {override.py:1930} INFO - Created Permission View: can delete on DAG Run:example_weekday_branch_operator
[2026-01-29T15:56:15.132+0530] {logging_mixin.py:190} INFO - [2026-01-29T15:56:15.132+0530] {override.py:1930} INFO - Created Permission View: can read on DAG Run:example_weekday_branch_operator
[2026-01-29T15:56:15.140+0530] {logging_mixin.py:190} INFO - [2026-01-29T15:56:15.139+0530] {override.py:1930} INFO - Created Permission View: menu access on DAG Run:example_weekday_branch_operator
[2026-01-29T15:56:15.147+0530] {logging_mixin.py:190} INFO - [2026-01-29T15:56:15.147+0530] {override.py:1930} INFO - Created Permission View: can create on DAG Run:example_weekday_branch_operator
[2026-01-29T15:56:15.147+0530] {logging_mixin.py:190} INFO - [2026-01-29T15:56:15.147+0530] {dag.py:3239} INFO - Sync 1 DAGs
[2026-01-29T15:56:15.161+0530] {logging_mixin.py:190} INFO - [2026-01-29T15:56:15.160+0530] {dag.py:3262} INFO - Creating ORM DAG for example_weekday_branch_operator
[2026-01-29T15:56:15.170+0530] {logging_mixin.py:190} INFO - [2026-01-29T15:56:15.170+0530] {dag.py:4180} INFO - Setting next_dagrun for example_weekday_branch_operator to 2026-01-28 00:00:00+00:00, run_after=2026-01-29 00:00:00+00:00
[2026-01-29T15:56:15.188+0530] {processor.py:208} INFO - Processing /home/hp/Desktop/Bigdata_project/BigData-Project/airflow-venv/lib/python3.10/site-packages/airflow/example_dags/example_branch_day_of_week_operator.py took 0.219 seconds
[2026-01-29T15:57:15.678+0530] {processor.py:186} INFO - Started process (PID=28673) to work on /home/hp/Desktop/Bigdata_project/BigData-Project/airflow-venv/lib/python3.10/site-packages/airflow/example_dags/example_branch_day_of_week_operator.py
[2026-01-29T15:57:15.684+0530] {processor.py:914} INFO - Processing file /home/hp/Desktop/Bigdata_project/BigData-Project/airflow-venv/lib/python3.10/site-packages/airflow/example_dags/example_branch_day_of_week_operator.py for tasks to queue
[2026-01-29T15:57:15.687+0530] {logging_mixin.py:190} INFO - [2026-01-29T15:57:15.687+0530] {dagbag.py:588} INFO - Filling up the DagBag from /home/hp/Desktop/Bigdata_project/BigData-Project/airflow-venv/lib/python3.10/site-packages/airflow/example_dags/example_branch_day_of_week_operator.py
[2026-01-29T15:57:15.698+0530] {processor.py:925} INFO - DAG(s) 'example_weekday_branch_operator' retrieved from /home/hp/Desktop/Bigdata_project/BigData-Project/airflow-venv/lib/python3.10/site-packages/airflow/example_dags/example_branch_day_of_week_operator.py
[2026-01-29T15:57:15.714+0530] {logging_mixin.py:190} INFO - [2026-01-29T15:57:15.714+0530] {dag.py:3239} INFO - Sync 1 DAGs
[2026-01-29T15:57:15.736+0530] {logging_mixin.py:190} INFO - [2026-01-29T15:57:15.735+0530] {dag.py:4180} INFO - Setting next_dagrun for example_weekday_branch_operator to 2026-01-28 00:00:00+00:00, run_after=2026-01-29 00:00:00+00:00
[2026-01-29T15:57:15.757+0530] {processor.py:208} INFO - Processing /home/hp/Desktop/Bigdata_project/BigData-Project/airflow-venv/lib/python3.10/site-packages/airflow/example_dags/example_branch_day_of_week_operator.py took 0.085 seconds
[2026-01-29T16:00:45.839+0530] {processor.py:186} INFO - Started process (PID=29391) to work on /home/hp/Desktop/Bigdata_project/BigData-Project/airflow-venv/lib/python3.10/site-packages/airflow/example_dags/example_branch_day_of_week_operator.py
[2026-01-29T16:00:45.845+0530] {processor.py:914} INFO - Processing file /home/hp/Desktop/Bigdata_project/BigData-Project/airflow-venv/lib/python3.10/site-packages/airflow/example_dags/example_branch_day_of_week_operator.py for tasks to queue
[2026-01-29T16:00:45.848+0530] {logging_mixin.py:190} INFO - [2026-01-29T16:00:45.847+0530] {dagbag.py:588} INFO - Filling up the DagBag from /home/hp/Desktop/Bigdata_project/BigData-Project/airflow-venv/lib/python3.10/site-packages/airflow/example_dags/example_branch_day_of_week_operator.py
[2026-01-29T16:00:45.858+0530] {processor.py:925} INFO - DAG(s) 'example_weekday_branch_operator' retrieved from /home/hp/Desktop/Bigdata_project/BigData-Project/airflow-venv/lib/python3.10/site-packages/airflow/example_dags/example_branch_day_of_week_operator.py
[2026-01-29T16:00:45.875+0530] {logging_mixin.py:190} INFO - [2026-01-29T16:00:45.874+0530] {dag.py:3239} INFO - Sync 1 DAGs
[2026-01-29T16:00:45.896+0530] {logging_mixin.py:190} INFO - [2026-01-29T16:00:45.896+0530] {dag.py:4180} INFO - Setting next_dagrun for example_weekday_branch_operator to 2026-01-28 00:00:00+00:00, run_after=2026-01-29 00:00:00+00:00
[2026-01-29T16:00:45.915+0530] {processor.py:208} INFO - Processing /home/hp/Desktop/Bigdata_project/BigData-Project/airflow-venv/lib/python3.10/site-packages/airflow/example_dags/example_branch_day_of_week_operator.py took 0.083 seconds
[2026-01-29T16:01:43.357+0530] {processor.py:186} INFO - Started process (PID=29632) to work on /home/hp/Desktop/Bigdata_project/BigData-Project/airflow-venv/lib/python3.10/site-packages/airflow/example_dags/example_branch_day_of_week_operator.py
[2026-01-29T16:01:43.363+0530] {processor.py:914} INFO - Processing file /home/hp/Desktop/Bigdata_project/BigData-Project/airflow-venv/lib/python3.10/site-packages/airflow/example_dags/example_branch_day_of_week_operator.py for tasks to queue
[2026-01-29T16:01:43.366+0530] {logging_mixin.py:190} INFO - [2026-01-29T16:01:43.366+0530] {dagbag.py:588} INFO - Filling up the DagBag from /home/hp/Desktop/Bigdata_project/BigData-Project/airflow-venv/lib/python3.10/site-packages/airflow/example_dags/example_branch_day_of_week_operator.py
[2026-01-29T16:01:43.377+0530] {processor.py:925} INFO - DAG(s) 'example_weekday_branch_operator' retrieved from /home/hp/Desktop/Bigdata_project/BigData-Project/airflow-venv/lib/python3.10/site-packages/airflow/example_dags/example_branch_day_of_week_operator.py
[2026-01-29T16:01:43.395+0530] {logging_mixin.py:190} INFO - [2026-01-29T16:01:43.395+0530] {dag.py:3239} INFO - Sync 1 DAGs
[2026-01-29T16:01:43.418+0530] {logging_mixin.py:190} INFO - [2026-01-29T16:01:43.418+0530] {dag.py:4180} INFO - Setting next_dagrun for example_weekday_branch_operator to 2026-01-28 00:00:00+00:00, run_after=2026-01-29 00:00:00+00:00
[2026-01-29T16:01:43.440+0530] {processor.py:208} INFO - Processing /home/hp/Desktop/Bigdata_project/BigData-Project/airflow-venv/lib/python3.10/site-packages/airflow/example_dags/example_branch_day_of_week_operator.py took 0.090 seconds
[2026-01-29T16:02:40.056+0530] {processor.py:186} INFO - Started process (PID=29886) to work on /home/hp/Desktop/Bigdata_project/BigData-Project/airflow-venv/lib/python3.10/site-packages/airflow/example_dags/example_branch_day_of_week_operator.py
[2026-01-29T16:02:40.062+0530] {processor.py:914} INFO - Processing file /home/hp/Desktop/Bigdata_project/BigData-Project/airflow-venv/lib/python3.10/site-packages/airflow/example_dags/example_branch_day_of_week_operator.py for tasks to queue
[2026-01-29T16:02:40.065+0530] {logging_mixin.py:190} INFO - [2026-01-29T16:02:40.064+0530] {dagbag.py:588} INFO - Filling up the DagBag from /home/hp/Desktop/Bigdata_project/BigData-Project/airflow-venv/lib/python3.10/site-packages/airflow/example_dags/example_branch_day_of_week_operator.py
[2026-01-29T16:02:40.075+0530] {processor.py:925} INFO - DAG(s) 'example_weekday_branch_operator' retrieved from /home/hp/Desktop/Bigdata_project/BigData-Project/airflow-venv/lib/python3.10/site-packages/airflow/example_dags/example_branch_day_of_week_operator.py
[2026-01-29T16:02:40.092+0530] {logging_mixin.py:190} INFO - [2026-01-29T16:02:40.091+0530] {dag.py:3239} INFO - Sync 1 DAGs
[2026-01-29T16:02:40.113+0530] {logging_mixin.py:190} INFO - [2026-01-29T16:02:40.113+0530] {dag.py:4180} INFO - Setting next_dagrun for example_weekday_branch_operator to 2026-01-28 00:00:00+00:00, run_after=2026-01-29 00:00:00+00:00
[2026-01-29T16:02:40.134+0530] {processor.py:208} INFO - Processing /home/hp/Desktop/Bigdata_project/BigData-Project/airflow-venv/lib/python3.10/site-packages/airflow/example_dags/example_branch_day_of_week_operator.py took 0.085 seconds
[2026-01-29T16:04:01.052+0530] {processor.py:186} INFO - Started process (PID=30204) to work on /home/hp/Desktop/Bigdata_project/BigData-Project/airflow-venv/lib/python3.10/site-packages/airflow/example_dags/example_branch_day_of_week_operator.py
[2026-01-29T16:04:01.058+0530] {processor.py:914} INFO - Processing file /home/hp/Desktop/Bigdata_project/BigData-Project/airflow-venv/lib/python3.10/site-packages/airflow/example_dags/example_branch_day_of_week_operator.py for tasks to queue
[2026-01-29T16:04:01.061+0530] {logging_mixin.py:190} INFO - [2026-01-29T16:04:01.060+0530] {dagbag.py:588} INFO - Filling up the DagBag from /home/hp/Desktop/Bigdata_project/BigData-Project/airflow-venv/lib/python3.10/site-packages/airflow/example_dags/example_branch_day_of_week_operator.py
[2026-01-29T16:04:01.071+0530] {processor.py:925} INFO - DAG(s) 'example_weekday_branch_operator' retrieved from /home/hp/Desktop/Bigdata_project/BigData-Project/airflow-venv/lib/python3.10/site-packages/airflow/example_dags/example_branch_day_of_week_operator.py
[2026-01-29T16:04:01.088+0530] {logging_mixin.py:190} INFO - [2026-01-29T16:04:01.088+0530] {dag.py:3239} INFO - Sync 1 DAGs
[2026-01-29T16:04:01.109+0530] {logging_mixin.py:190} INFO - [2026-01-29T16:04:01.109+0530] {dag.py:4180} INFO - Setting next_dagrun for example_weekday_branch_operator to 2026-01-28 00:00:00+00:00, run_after=2026-01-29 00:00:00+00:00
[2026-01-29T16:04:01.130+0530] {processor.py:208} INFO - Processing /home/hp/Desktop/Bigdata_project/BigData-Project/airflow-venv/lib/python3.10/site-packages/airflow/example_dags/example_branch_day_of_week_operator.py took 0.085 seconds
[2026-01-29T16:05:23.159+0530] {processor.py:186} INFO - Started process (PID=30598) to work on /home/hp/Desktop/Bigdata_project/BigData-Project/airflow-venv/lib/python3.10/site-packages/airflow/example_dags/example_branch_day_of_week_operator.py
[2026-01-29T16:05:23.165+0530] {processor.py:914} INFO - Processing file /home/hp/Desktop/Bigdata_project/BigData-Project/airflow-venv/lib/python3.10/site-packages/airflow/example_dags/example_branch_day_of_week_operator.py for tasks to queue
[2026-01-29T16:05:23.168+0530] {logging_mixin.py:190} INFO - [2026-01-29T16:05:23.167+0530] {dagbag.py:588} INFO - Filling up the DagBag from /home/hp/Desktop/Bigdata_project/BigData-Project/airflow-venv/lib/python3.10/site-packages/airflow/example_dags/example_branch_day_of_week_operator.py
[2026-01-29T16:05:23.179+0530] {processor.py:925} INFO - DAG(s) 'example_weekday_branch_operator' retrieved from /home/hp/Desktop/Bigdata_project/BigData-Project/airflow-venv/lib/python3.10/site-packages/airflow/example_dags/example_branch_day_of_week_operator.py
[2026-01-29T16:05:23.196+0530] {logging_mixin.py:190} INFO - [2026-01-29T16:05:23.196+0530] {dag.py:3239} INFO - Sync 1 DAGs
[2026-01-29T16:05:23.220+0530] {logging_mixin.py:190} INFO - [2026-01-29T16:05:23.219+0530] {dag.py:4180} INFO - Setting next_dagrun for example_weekday_branch_operator to 2026-01-28 00:00:00+00:00, run_after=2026-01-29 00:00:00+00:00
[2026-01-29T16:05:23.241+0530] {processor.py:208} INFO - Processing /home/hp/Desktop/Bigdata_project/BigData-Project/airflow-venv/lib/python3.10/site-packages/airflow/example_dags/example_branch_day_of_week_operator.py took 0.089 seconds
[2026-01-29T16:06:19.980+0530] {processor.py:186} INFO - Started process (PID=30848) to work on /home/hp/Desktop/Bigdata_project/BigData-Project/airflow-venv/lib/python3.10/site-packages/airflow/example_dags/example_branch_day_of_week_operator.py
[2026-01-29T16:06:19.986+0530] {processor.py:914} INFO - Processing file /home/hp/Desktop/Bigdata_project/BigData-Project/airflow-venv/lib/python3.10/site-packages/airflow/example_dags/example_branch_day_of_week_operator.py for tasks to queue
[2026-01-29T16:06:19.989+0530] {logging_mixin.py:190} INFO - [2026-01-29T16:06:19.989+0530] {dagbag.py:588} INFO - Filling up the DagBag from /home/hp/Desktop/Bigdata_project/BigData-Project/airflow-venv/lib/python3.10/site-packages/airflow/example_dags/example_branch_day_of_week_operator.py
[2026-01-29T16:06:20.001+0530] {processor.py:925} INFO - DAG(s) 'example_weekday_branch_operator' retrieved from /home/hp/Desktop/Bigdata_project/BigData-Project/airflow-venv/lib/python3.10/site-packages/airflow/example_dags/example_branch_day_of_week_operator.py
[2026-01-29T16:06:20.019+0530] {logging_mixin.py:190} INFO - [2026-01-29T16:06:20.018+0530] {dag.py:3239} INFO - Sync 1 DAGs
[2026-01-29T16:06:20.042+0530] {logging_mixin.py:190} INFO - [2026-01-29T16:06:20.041+0530] {dag.py:4180} INFO - Setting next_dagrun for example_weekday_branch_operator to 2026-01-28 00:00:00+00:00, run_after=2026-01-29 00:00:00+00:00
[2026-01-29T16:06:20.064+0530] {processor.py:208} INFO - Processing /home/hp/Desktop/Bigdata_project/BigData-Project/airflow-venv/lib/python3.10/site-packages/airflow/example_dags/example_branch_day_of_week_operator.py took 0.091 seconds
[2026-01-29T16:07:16.584+0530] {processor.py:186} INFO - Started process (PID=31122) to work on /home/hp/Desktop/Bigdata_project/BigData-Project/airflow-venv/lib/python3.10/site-packages/airflow/example_dags/example_branch_day_of_week_operator.py
[2026-01-29T16:07:16.591+0530] {processor.py:914} INFO - Processing file /home/hp/Desktop/Bigdata_project/BigData-Project/airflow-venv/lib/python3.10/site-packages/airflow/example_dags/example_branch_day_of_week_operator.py for tasks to queue
[2026-01-29T16:07:16.593+0530] {logging_mixin.py:190} INFO - [2026-01-29T16:07:16.593+0530] {dagbag.py:588} INFO - Filling up the DagBag from /home/hp/Desktop/Bigdata_project/BigData-Project/airflow-venv/lib/python3.10/site-packages/airflow/example_dags/example_branch_day_of_week_operator.py
[2026-01-29T16:07:16.604+0530] {processor.py:925} INFO - DAG(s) 'example_weekday_branch_operator' retrieved from /home/hp/Desktop/Bigdata_project/BigData-Project/airflow-venv/lib/python3.10/site-packages/airflow/example_dags/example_branch_day_of_week_operator.py
[2026-01-29T16:07:16.621+0530] {logging_mixin.py:190} INFO - [2026-01-29T16:07:16.620+0530] {dag.py:3239} INFO - Sync 1 DAGs
[2026-01-29T16:07:16.641+0530] {logging_mixin.py:190} INFO - [2026-01-29T16:07:16.641+0530] {dag.py:4180} INFO - Setting next_dagrun for example_weekday_branch_operator to 2026-01-28 00:00:00+00:00, run_after=2026-01-29 00:00:00+00:00
[2026-01-29T16:07:16.661+0530] {processor.py:208} INFO - Processing /home/hp/Desktop/Bigdata_project/BigData-Project/airflow-venv/lib/python3.10/site-packages/airflow/example_dags/example_branch_day_of_week_operator.py took 0.083 seconds
[2026-01-29T16:08:15.686+0530] {processor.py:186} INFO - Started process (PID=31357) to work on /home/hp/Desktop/Bigdata_project/BigData-Project/airflow-venv/lib/python3.10/site-packages/airflow/example_dags/example_branch_day_of_week_operator.py
[2026-01-29T16:08:15.692+0530] {processor.py:914} INFO - Processing file /home/hp/Desktop/Bigdata_project/BigData-Project/airflow-venv/lib/python3.10/site-packages/airflow/example_dags/example_branch_day_of_week_operator.py for tasks to queue
[2026-01-29T16:08:15.695+0530] {logging_mixin.py:190} INFO - [2026-01-29T16:08:15.694+0530] {dagbag.py:588} INFO - Filling up the DagBag from /home/hp/Desktop/Bigdata_project/BigData-Project/airflow-venv/lib/python3.10/site-packages/airflow/example_dags/example_branch_day_of_week_operator.py
[2026-01-29T16:08:15.707+0530] {processor.py:925} INFO - DAG(s) 'example_weekday_branch_operator' retrieved from /home/hp/Desktop/Bigdata_project/BigData-Project/airflow-venv/lib/python3.10/site-packages/airflow/example_dags/example_branch_day_of_week_operator.py
[2026-01-29T16:08:15.727+0530] {logging_mixin.py:190} INFO - [2026-01-29T16:08:15.727+0530] {dag.py:3239} INFO - Sync 1 DAGs
[2026-01-29T16:08:15.749+0530] {logging_mixin.py:190} INFO - [2026-01-29T16:08:15.749+0530] {dag.py:4180} INFO - Setting next_dagrun for example_weekday_branch_operator to 2026-01-28 00:00:00+00:00, run_after=2026-01-29 00:00:00+00:00
[2026-01-29T16:08:15.771+0530] {processor.py:208} INFO - Processing /home/hp/Desktop/Bigdata_project/BigData-Project/airflow-venv/lib/python3.10/site-packages/airflow/example_dags/example_branch_day_of_week_operator.py took 0.092 seconds
[2026-01-29T16:09:26.729+0530] {processor.py:186} INFO - Started process (PID=31750) to work on /home/hp/Desktop/Bigdata_project/BigData-Project/airflow-venv/lib/python3.10/site-packages/airflow/example_dags/example_branch_day_of_week_operator.py
[2026-01-29T16:09:26.735+0530] {processor.py:914} INFO - Processing file /home/hp/Desktop/Bigdata_project/BigData-Project/airflow-venv/lib/python3.10/site-packages/airflow/example_dags/example_branch_day_of_week_operator.py for tasks to queue
[2026-01-29T16:09:26.738+0530] {logging_mixin.py:190} INFO - [2026-01-29T16:09:26.738+0530] {dagbag.py:588} INFO - Filling up the DagBag from /home/hp/Desktop/Bigdata_project/BigData-Project/airflow-venv/lib/python3.10/site-packages/airflow/example_dags/example_branch_day_of_week_operator.py
[2026-01-29T16:09:26.749+0530] {processor.py:925} INFO - DAG(s) 'example_weekday_branch_operator' retrieved from /home/hp/Desktop/Bigdata_project/BigData-Project/airflow-venv/lib/python3.10/site-packages/airflow/example_dags/example_branch_day_of_week_operator.py
[2026-01-29T16:09:26.844+0530] {logging_mixin.py:190} INFO - [2026-01-29T16:09:26.844+0530] {override.py:1930} INFO - Created Permission View: can edit on DAG:example_weekday_branch_operator
[2026-01-29T16:09:26.855+0530] {logging_mixin.py:190} INFO - [2026-01-29T16:09:26.854+0530] {override.py:1930} INFO - Created Permission View: can delete on DAG:example_weekday_branch_operator
[2026-01-29T16:09:26.863+0530] {logging_mixin.py:190} INFO - [2026-01-29T16:09:26.862+0530] {override.py:1930} INFO - Created Permission View: can read on DAG:example_weekday_branch_operator
[2026-01-29T16:09:26.874+0530] {logging_mixin.py:190} INFO - [2026-01-29T16:09:26.873+0530] {override.py:1930} INFO - Created Permission View: menu access on DAG Run:example_weekday_branch_operator
[2026-01-29T16:09:26.881+0530] {logging_mixin.py:190} INFO - [2026-01-29T16:09:26.881+0530] {override.py:1930} INFO - Created Permission View: can delete on DAG Run:example_weekday_branch_operator
[2026-01-29T16:09:26.889+0530] {logging_mixin.py:190} INFO - [2026-01-29T16:09:26.888+0530] {override.py:1930} INFO - Created Permission View: can create on DAG Run:example_weekday_branch_operator
[2026-01-29T16:09:26.896+0530] {logging_mixin.py:190} INFO - [2026-01-29T16:09:26.896+0530] {override.py:1930} INFO - Created Permission View: can read on DAG Run:example_weekday_branch_operator
[2026-01-29T16:09:26.897+0530] {logging_mixin.py:190} INFO - [2026-01-29T16:09:26.897+0530] {dag.py:3239} INFO - Sync 1 DAGs
[2026-01-29T16:09:26.908+0530] {logging_mixin.py:190} INFO - [2026-01-29T16:09:26.908+0530] {dag.py:3262} INFO - Creating ORM DAG for example_weekday_branch_operator
[2026-01-29T16:09:26.918+0530] {logging_mixin.py:190} INFO - [2026-01-29T16:09:26.918+0530] {dag.py:4180} INFO - Setting next_dagrun for example_weekday_branch_operator to 2026-01-28 00:00:00+00:00, run_after=2026-01-29 00:00:00+00:00
[2026-01-29T16:09:26.937+0530] {processor.py:208} INFO - Processing /home/hp/Desktop/Bigdata_project/BigData-Project/airflow-venv/lib/python3.10/site-packages/airflow/example_dags/example_branch_day_of_week_operator.py took 0.214 seconds
