[2026-01-29T15:55:46.904+0530] {processor.py:186} INFO - Started process (PID=28352) to work on /home/hp/Desktop/Bigdata_project/BigData-Project/airflow-venv/lib/python3.10/site-packages/airflow/example_dags/example_setup_teardown_taskflow.py
[2026-01-29T15:55:46.905+0530] {processor.py:914} INFO - Processing file /home/hp/Desktop/Bigdata_project/BigData-Project/airflow-venv/lib/python3.10/site-packages/airflow/example_dags/example_setup_teardown_taskflow.py for tasks to queue
[2026-01-29T15:55:46.907+0530] {logging_mixin.py:190} INFO - [2026-01-29T15:55:46.906+0530] {dagbag.py:588} INFO - Filling up the DagBag from /home/hp/Desktop/Bigdata_project/BigData-Project/airflow-venv/lib/python3.10/site-packages/airflow/example_dags/example_setup_teardown_taskflow.py
[2026-01-29T15:55:46.918+0530] {processor.py:925} INFO - DAG(s) 'example_setup_teardown_taskflow' retrieved from /home/hp/Desktop/Bigdata_project/BigData-Project/airflow-venv/lib/python3.10/site-packages/airflow/example_dags/example_setup_teardown_taskflow.py
[2026-01-29T15:55:47.020+0530] {logging_mixin.py:190} INFO - [2026-01-29T15:55:47.019+0530] {override.py:1930} INFO - Created Permission View: can edit on DAG:example_setup_teardown_taskflow
[2026-01-29T15:55:47.030+0530] {logging_mixin.py:190} INFO - [2026-01-29T15:55:47.029+0530] {override.py:1930} INFO - Created Permission View: can delete on DAG:example_setup_teardown_taskflow
[2026-01-29T15:55:47.037+0530] {logging_mixin.py:190} INFO - [2026-01-29T15:55:47.036+0530] {override.py:1930} INFO - Created Permission View: can read on DAG:example_setup_teardown_taskflow
[2026-01-29T15:55:47.047+0530] {logging_mixin.py:190} INFO - [2026-01-29T15:55:47.046+0530] {override.py:1930} INFO - Created Permission View: can delete on DAG Run:example_setup_teardown_taskflow
[2026-01-29T15:55:47.054+0530] {logging_mixin.py:190} INFO - [2026-01-29T15:55:47.053+0530] {override.py:1930} INFO - Created Permission View: can read on DAG Run:example_setup_teardown_taskflow
[2026-01-29T15:55:47.061+0530] {logging_mixin.py:190} INFO - [2026-01-29T15:55:47.060+0530] {override.py:1930} INFO - Created Permission View: menu access on DAG Run:example_setup_teardown_taskflow
[2026-01-29T15:55:47.068+0530] {logging_mixin.py:190} INFO - [2026-01-29T15:55:47.067+0530] {override.py:1930} INFO - Created Permission View: can create on DAG Run:example_setup_teardown_taskflow
[2026-01-29T15:55:47.068+0530] {logging_mixin.py:190} INFO - [2026-01-29T15:55:47.068+0530] {dag.py:3239} INFO - Sync 1 DAGs
[2026-01-29T15:55:47.079+0530] {logging_mixin.py:190} INFO - [2026-01-29T15:55:47.079+0530] {dag.py:3262} INFO - Creating ORM DAG for example_setup_teardown_taskflow
[2026-01-29T15:55:47.080+0530] {logging_mixin.py:190} INFO - [2026-01-29T15:55:47.080+0530] {dag.py:4180} INFO - Setting next_dagrun for example_setup_teardown_taskflow to None, run_after=None
[2026-01-29T15:55:47.097+0530] {processor.py:208} INFO - Processing /home/hp/Desktop/Bigdata_project/BigData-Project/airflow-venv/lib/python3.10/site-packages/airflow/example_dags/example_setup_teardown_taskflow.py took 0.200 seconds
[2026-01-29T15:56:50.017+0530] {processor.py:186} INFO - Started process (PID=28595) to work on /home/hp/Desktop/Bigdata_project/BigData-Project/airflow-venv/lib/python3.10/site-packages/airflow/example_dags/example_setup_teardown_taskflow.py
[2026-01-29T15:56:50.023+0530] {processor.py:914} INFO - Processing file /home/hp/Desktop/Bigdata_project/BigData-Project/airflow-venv/lib/python3.10/site-packages/airflow/example_dags/example_setup_teardown_taskflow.py for tasks to queue
[2026-01-29T15:56:50.026+0530] {logging_mixin.py:190} INFO - [2026-01-29T15:56:50.026+0530] {dagbag.py:588} INFO - Filling up the DagBag from /home/hp/Desktop/Bigdata_project/BigData-Project/airflow-venv/lib/python3.10/site-packages/airflow/example_dags/example_setup_teardown_taskflow.py
[2026-01-29T15:56:50.038+0530] {processor.py:925} INFO - DAG(s) 'example_setup_teardown_taskflow' retrieved from /home/hp/Desktop/Bigdata_project/BigData-Project/airflow-venv/lib/python3.10/site-packages/airflow/example_dags/example_setup_teardown_taskflow.py
[2026-01-29T15:56:50.056+0530] {logging_mixin.py:190} INFO - [2026-01-29T15:56:50.055+0530] {dag.py:3239} INFO - Sync 1 DAGs
[2026-01-29T15:56:50.069+0530] {logging_mixin.py:190} INFO - [2026-01-29T15:56:50.068+0530] {dag.py:4180} INFO - Setting next_dagrun for example_setup_teardown_taskflow to None, run_after=None
[2026-01-29T15:56:50.088+0530] {processor.py:208} INFO - Processing /home/hp/Desktop/Bigdata_project/BigData-Project/airflow-venv/lib/python3.10/site-packages/airflow/example_dags/example_setup_teardown_taskflow.py took 0.078 seconds
[2026-01-29T16:00:25.116+0530] {processor.py:186} INFO - Started process (PID=29278) to work on /home/hp/Desktop/Bigdata_project/BigData-Project/airflow-venv/lib/python3.10/site-packages/airflow/example_dags/example_setup_teardown_taskflow.py
[2026-01-29T16:00:25.123+0530] {processor.py:914} INFO - Processing file /home/hp/Desktop/Bigdata_project/BigData-Project/airflow-venv/lib/python3.10/site-packages/airflow/example_dags/example_setup_teardown_taskflow.py for tasks to queue
[2026-01-29T16:00:25.125+0530] {logging_mixin.py:190} INFO - [2026-01-29T16:00:25.125+0530] {dagbag.py:588} INFO - Filling up the DagBag from /home/hp/Desktop/Bigdata_project/BigData-Project/airflow-venv/lib/python3.10/site-packages/airflow/example_dags/example_setup_teardown_taskflow.py
[2026-01-29T16:00:25.137+0530] {processor.py:925} INFO - DAG(s) 'example_setup_teardown_taskflow' retrieved from /home/hp/Desktop/Bigdata_project/BigData-Project/airflow-venv/lib/python3.10/site-packages/airflow/example_dags/example_setup_teardown_taskflow.py
[2026-01-29T16:00:25.157+0530] {logging_mixin.py:190} INFO - [2026-01-29T16:00:25.156+0530] {dag.py:3239} INFO - Sync 1 DAGs
[2026-01-29T16:00:25.169+0530] {logging_mixin.py:190} INFO - [2026-01-29T16:00:25.168+0530] {dag.py:4180} INFO - Setting next_dagrun for example_setup_teardown_taskflow to None, run_after=None
[2026-01-29T16:00:25.188+0530] {processor.py:208} INFO - Processing /home/hp/Desktop/Bigdata_project/BigData-Project/airflow-venv/lib/python3.10/site-packages/airflow/example_dags/example_setup_teardown_taskflow.py took 0.079 seconds
[2026-01-29T16:01:20.647+0530] {processor.py:186} INFO - Started process (PID=29544) to work on /home/hp/Desktop/Bigdata_project/BigData-Project/airflow-venv/lib/python3.10/site-packages/airflow/example_dags/example_setup_teardown_taskflow.py
[2026-01-29T16:01:20.654+0530] {processor.py:914} INFO - Processing file /home/hp/Desktop/Bigdata_project/BigData-Project/airflow-venv/lib/python3.10/site-packages/airflow/example_dags/example_setup_teardown_taskflow.py for tasks to queue
[2026-01-29T16:01:20.657+0530] {logging_mixin.py:190} INFO - [2026-01-29T16:01:20.656+0530] {dagbag.py:588} INFO - Filling up the DagBag from /home/hp/Desktop/Bigdata_project/BigData-Project/airflow-venv/lib/python3.10/site-packages/airflow/example_dags/example_setup_teardown_taskflow.py
[2026-01-29T16:01:20.668+0530] {processor.py:925} INFO - DAG(s) 'example_setup_teardown_taskflow' retrieved from /home/hp/Desktop/Bigdata_project/BigData-Project/airflow-venv/lib/python3.10/site-packages/airflow/example_dags/example_setup_teardown_taskflow.py
[2026-01-29T16:01:20.687+0530] {logging_mixin.py:190} INFO - [2026-01-29T16:01:20.686+0530] {dag.py:3239} INFO - Sync 1 DAGs
[2026-01-29T16:01:20.699+0530] {logging_mixin.py:190} INFO - [2026-01-29T16:01:20.699+0530] {dag.py:4180} INFO - Setting next_dagrun for example_setup_teardown_taskflow to None, run_after=None
[2026-01-29T16:01:20.719+0530] {processor.py:208} INFO - Processing /home/hp/Desktop/Bigdata_project/BigData-Project/airflow-venv/lib/python3.10/site-packages/airflow/example_dags/example_setup_teardown_taskflow.py took 0.078 seconds
[2026-01-29T16:02:17.699+0530] {processor.py:186} INFO - Started process (PID=29791) to work on /home/hp/Desktop/Bigdata_project/BigData-Project/airflow-venv/lib/python3.10/site-packages/airflow/example_dags/example_setup_teardown_taskflow.py
[2026-01-29T16:02:17.706+0530] {processor.py:914} INFO - Processing file /home/hp/Desktop/Bigdata_project/BigData-Project/airflow-venv/lib/python3.10/site-packages/airflow/example_dags/example_setup_teardown_taskflow.py for tasks to queue
[2026-01-29T16:02:17.709+0530] {logging_mixin.py:190} INFO - [2026-01-29T16:02:17.709+0530] {dagbag.py:588} INFO - Filling up the DagBag from /home/hp/Desktop/Bigdata_project/BigData-Project/airflow-venv/lib/python3.10/site-packages/airflow/example_dags/example_setup_teardown_taskflow.py
[2026-01-29T16:02:17.721+0530] {processor.py:925} INFO - DAG(s) 'example_setup_teardown_taskflow' retrieved from /home/hp/Desktop/Bigdata_project/BigData-Project/airflow-venv/lib/python3.10/site-packages/airflow/example_dags/example_setup_teardown_taskflow.py
[2026-01-29T16:02:17.741+0530] {logging_mixin.py:190} INFO - [2026-01-29T16:02:17.741+0530] {dag.py:3239} INFO - Sync 1 DAGs
[2026-01-29T16:02:17.754+0530] {logging_mixin.py:190} INFO - [2026-01-29T16:02:17.754+0530] {dag.py:4180} INFO - Setting next_dagrun for example_setup_teardown_taskflow to None, run_after=None
[2026-01-29T16:02:17.776+0530] {processor.py:208} INFO - Processing /home/hp/Desktop/Bigdata_project/BigData-Project/airflow-venv/lib/python3.10/site-packages/airflow/example_dags/example_setup_teardown_taskflow.py took 0.084 seconds
[2026-01-29T16:03:12.883+0530] {processor.py:186} INFO - Started process (PID=30022) to work on /home/hp/Desktop/Bigdata_project/BigData-Project/airflow-venv/lib/python3.10/site-packages/airflow/example_dags/example_setup_teardown_taskflow.py
[2026-01-29T16:03:12.890+0530] {processor.py:914} INFO - Processing file /home/hp/Desktop/Bigdata_project/BigData-Project/airflow-venv/lib/python3.10/site-packages/airflow/example_dags/example_setup_teardown_taskflow.py for tasks to queue
[2026-01-29T16:03:12.893+0530] {logging_mixin.py:190} INFO - [2026-01-29T16:03:12.892+0530] {dagbag.py:588} INFO - Filling up the DagBag from /home/hp/Desktop/Bigdata_project/BigData-Project/airflow-venv/lib/python3.10/site-packages/airflow/example_dags/example_setup_teardown_taskflow.py
[2026-01-29T16:03:12.905+0530] {processor.py:925} INFO - DAG(s) 'example_setup_teardown_taskflow' retrieved from /home/hp/Desktop/Bigdata_project/BigData-Project/airflow-venv/lib/python3.10/site-packages/airflow/example_dags/example_setup_teardown_taskflow.py
[2026-01-29T16:03:12.924+0530] {logging_mixin.py:190} INFO - [2026-01-29T16:03:12.923+0530] {dag.py:3239} INFO - Sync 1 DAGs
[2026-01-29T16:03:12.937+0530] {logging_mixin.py:190} INFO - [2026-01-29T16:03:12.937+0530] {dag.py:4180} INFO - Setting next_dagrun for example_setup_teardown_taskflow to None, run_after=None
[2026-01-29T16:03:12.958+0530] {processor.py:208} INFO - Processing /home/hp/Desktop/Bigdata_project/BigData-Project/airflow-venv/lib/python3.10/site-packages/airflow/example_dags/example_setup_teardown_taskflow.py took 0.081 seconds
[2026-01-29T16:04:06.312+0530] {processor.py:186} INFO - Started process (PID=30219) to work on /home/hp/Desktop/Bigdata_project/BigData-Project/airflow-venv/lib/python3.10/site-packages/airflow/example_dags/example_setup_teardown_taskflow.py
[2026-01-29T16:04:06.319+0530] {processor.py:914} INFO - Processing file /home/hp/Desktop/Bigdata_project/BigData-Project/airflow-venv/lib/python3.10/site-packages/airflow/example_dags/example_setup_teardown_taskflow.py for tasks to queue
[2026-01-29T16:04:06.322+0530] {logging_mixin.py:190} INFO - [2026-01-29T16:04:06.322+0530] {dagbag.py:588} INFO - Filling up the DagBag from /home/hp/Desktop/Bigdata_project/BigData-Project/airflow-venv/lib/python3.10/site-packages/airflow/example_dags/example_setup_teardown_taskflow.py
[2026-01-29T16:04:06.334+0530] {processor.py:925} INFO - DAG(s) 'example_setup_teardown_taskflow' retrieved from /home/hp/Desktop/Bigdata_project/BigData-Project/airflow-venv/lib/python3.10/site-packages/airflow/example_dags/example_setup_teardown_taskflow.py
[2026-01-29T16:04:06.352+0530] {logging_mixin.py:190} INFO - [2026-01-29T16:04:06.351+0530] {dag.py:3239} INFO - Sync 1 DAGs
[2026-01-29T16:04:06.365+0530] {logging_mixin.py:190} INFO - [2026-01-29T16:04:06.364+0530] {dag.py:4180} INFO - Setting next_dagrun for example_setup_teardown_taskflow to None, run_after=None
[2026-01-29T16:04:06.386+0530] {processor.py:208} INFO - Processing /home/hp/Desktop/Bigdata_project/BigData-Project/airflow-venv/lib/python3.10/site-packages/airflow/example_dags/example_setup_teardown_taskflow.py took 0.080 seconds
[2026-01-29T16:05:03.581+0530] {processor.py:186} INFO - Started process (PID=30515) to work on /home/hp/Desktop/Bigdata_project/BigData-Project/airflow-venv/lib/python3.10/site-packages/airflow/example_dags/example_setup_teardown_taskflow.py
[2026-01-29T16:05:03.587+0530] {processor.py:914} INFO - Processing file /home/hp/Desktop/Bigdata_project/BigData-Project/airflow-venv/lib/python3.10/site-packages/airflow/example_dags/example_setup_teardown_taskflow.py for tasks to queue
[2026-01-29T16:05:03.590+0530] {logging_mixin.py:190} INFO - [2026-01-29T16:05:03.589+0530] {dagbag.py:588} INFO - Filling up the DagBag from /home/hp/Desktop/Bigdata_project/BigData-Project/airflow-venv/lib/python3.10/site-packages/airflow/example_dags/example_setup_teardown_taskflow.py
[2026-01-29T16:05:03.602+0530] {processor.py:925} INFO - DAG(s) 'example_setup_teardown_taskflow' retrieved from /home/hp/Desktop/Bigdata_project/BigData-Project/airflow-venv/lib/python3.10/site-packages/airflow/example_dags/example_setup_teardown_taskflow.py
[2026-01-29T16:05:03.621+0530] {logging_mixin.py:190} INFO - [2026-01-29T16:05:03.621+0530] {dag.py:3239} INFO - Sync 1 DAGs
[2026-01-29T16:05:03.635+0530] {logging_mixin.py:190} INFO - [2026-01-29T16:05:03.634+0530] {dag.py:4180} INFO - Setting next_dagrun for example_setup_teardown_taskflow to None, run_after=None
[2026-01-29T16:05:03.658+0530] {processor.py:208} INFO - Processing /home/hp/Desktop/Bigdata_project/BigData-Project/airflow-venv/lib/python3.10/site-packages/airflow/example_dags/example_setup_teardown_taskflow.py took 0.084 seconds
[2026-01-29T16:06:00.486+0530] {processor.py:186} INFO - Started process (PID=30744) to work on /home/hp/Desktop/Bigdata_project/BigData-Project/airflow-venv/lib/python3.10/site-packages/airflow/example_dags/example_setup_teardown_taskflow.py
[2026-01-29T16:06:00.492+0530] {processor.py:914} INFO - Processing file /home/hp/Desktop/Bigdata_project/BigData-Project/airflow-venv/lib/python3.10/site-packages/airflow/example_dags/example_setup_teardown_taskflow.py for tasks to queue
[2026-01-29T16:06:00.495+0530] {logging_mixin.py:190} INFO - [2026-01-29T16:06:00.494+0530] {dagbag.py:588} INFO - Filling up the DagBag from /home/hp/Desktop/Bigdata_project/BigData-Project/airflow-venv/lib/python3.10/site-packages/airflow/example_dags/example_setup_teardown_taskflow.py
[2026-01-29T16:06:00.506+0530] {processor.py:925} INFO - DAG(s) 'example_setup_teardown_taskflow' retrieved from /home/hp/Desktop/Bigdata_project/BigData-Project/airflow-venv/lib/python3.10/site-packages/airflow/example_dags/example_setup_teardown_taskflow.py
[2026-01-29T16:06:00.525+0530] {logging_mixin.py:190} INFO - [2026-01-29T16:06:00.525+0530] {dag.py:3239} INFO - Sync 1 DAGs
[2026-01-29T16:06:00.538+0530] {logging_mixin.py:190} INFO - [2026-01-29T16:06:00.538+0530] {dag.py:4180} INFO - Setting next_dagrun for example_setup_teardown_taskflow to None, run_after=None
[2026-01-29T16:06:00.563+0530] {processor.py:208} INFO - Processing /home/hp/Desktop/Bigdata_project/BigData-Project/airflow-venv/lib/python3.10/site-packages/airflow/example_dags/example_setup_teardown_taskflow.py took 0.084 seconds
[2026-01-29T16:06:57.000+0530] {processor.py:186} INFO - Started process (PID=31011) to work on /home/hp/Desktop/Bigdata_project/BigData-Project/airflow-venv/lib/python3.10/site-packages/airflow/example_dags/example_setup_teardown_taskflow.py
[2026-01-29T16:06:57.006+0530] {processor.py:914} INFO - Processing file /home/hp/Desktop/Bigdata_project/BigData-Project/airflow-venv/lib/python3.10/site-packages/airflow/example_dags/example_setup_teardown_taskflow.py for tasks to queue
[2026-01-29T16:06:57.010+0530] {logging_mixin.py:190} INFO - [2026-01-29T16:06:57.009+0530] {dagbag.py:588} INFO - Filling up the DagBag from /home/hp/Desktop/Bigdata_project/BigData-Project/airflow-venv/lib/python3.10/site-packages/airflow/example_dags/example_setup_teardown_taskflow.py
[2026-01-29T16:06:57.021+0530] {processor.py:925} INFO - DAG(s) 'example_setup_teardown_taskflow' retrieved from /home/hp/Desktop/Bigdata_project/BigData-Project/airflow-venv/lib/python3.10/site-packages/airflow/example_dags/example_setup_teardown_taskflow.py
[2026-01-29T16:06:57.040+0530] {logging_mixin.py:190} INFO - [2026-01-29T16:06:57.040+0530] {dag.py:3239} INFO - Sync 1 DAGs
[2026-01-29T16:06:57.053+0530] {logging_mixin.py:190} INFO - [2026-01-29T16:06:57.052+0530] {dag.py:4180} INFO - Setting next_dagrun for example_setup_teardown_taskflow to None, run_after=None
[2026-01-29T16:06:57.072+0530] {processor.py:208} INFO - Processing /home/hp/Desktop/Bigdata_project/BigData-Project/airflow-venv/lib/python3.10/site-packages/airflow/example_dags/example_setup_teardown_taskflow.py took 0.079 seconds
[2026-01-29T16:07:55.060+0530] {processor.py:186} INFO - Started process (PID=31274) to work on /home/hp/Desktop/Bigdata_project/BigData-Project/airflow-venv/lib/python3.10/site-packages/airflow/example_dags/example_setup_teardown_taskflow.py
[2026-01-29T16:07:55.066+0530] {processor.py:914} INFO - Processing file /home/hp/Desktop/Bigdata_project/BigData-Project/airflow-venv/lib/python3.10/site-packages/airflow/example_dags/example_setup_teardown_taskflow.py for tasks to queue
[2026-01-29T16:07:55.069+0530] {logging_mixin.py:190} INFO - [2026-01-29T16:07:55.068+0530] {dagbag.py:588} INFO - Filling up the DagBag from /home/hp/Desktop/Bigdata_project/BigData-Project/airflow-venv/lib/python3.10/site-packages/airflow/example_dags/example_setup_teardown_taskflow.py
[2026-01-29T16:07:55.082+0530] {processor.py:925} INFO - DAG(s) 'example_setup_teardown_taskflow' retrieved from /home/hp/Desktop/Bigdata_project/BigData-Project/airflow-venv/lib/python3.10/site-packages/airflow/example_dags/example_setup_teardown_taskflow.py
[2026-01-29T16:07:55.103+0530] {logging_mixin.py:190} INFO - [2026-01-29T16:07:55.103+0530] {dag.py:3239} INFO - Sync 1 DAGs
[2026-01-29T16:07:55.118+0530] {logging_mixin.py:190} INFO - [2026-01-29T16:07:55.117+0530] {dag.py:4180} INFO - Setting next_dagrun for example_setup_teardown_taskflow to None, run_after=None
[2026-01-29T16:07:55.139+0530] {processor.py:208} INFO - Processing /home/hp/Desktop/Bigdata_project/BigData-Project/airflow-venv/lib/python3.10/site-packages/airflow/example_dags/example_setup_teardown_taskflow.py took 0.086 seconds
[2026-01-29T16:08:59.901+0530] {processor.py:186} INFO - Started process (PID=31599) to work on /home/hp/Desktop/Bigdata_project/BigData-Project/airflow-venv/lib/python3.10/site-packages/airflow/example_dags/example_setup_teardown_taskflow.py
[2026-01-29T16:08:59.907+0530] {processor.py:914} INFO - Processing file /home/hp/Desktop/Bigdata_project/BigData-Project/airflow-venv/lib/python3.10/site-packages/airflow/example_dags/example_setup_teardown_taskflow.py for tasks to queue
[2026-01-29T16:08:59.910+0530] {logging_mixin.py:190} INFO - [2026-01-29T16:08:59.909+0530] {dagbag.py:588} INFO - Filling up the DagBag from /home/hp/Desktop/Bigdata_project/BigData-Project/airflow-venv/lib/python3.10/site-packages/airflow/example_dags/example_setup_teardown_taskflow.py
[2026-01-29T16:08:59.922+0530] {processor.py:925} INFO - DAG(s) 'example_setup_teardown_taskflow' retrieved from /home/hp/Desktop/Bigdata_project/BigData-Project/airflow-venv/lib/python3.10/site-packages/airflow/example_dags/example_setup_teardown_taskflow.py
[2026-01-29T16:09:00.021+0530] {logging_mixin.py:190} INFO - [2026-01-29T16:09:00.021+0530] {override.py:1930} INFO - Created Permission View: can edit on DAG:example_setup_teardown_taskflow
[2026-01-29T16:09:00.032+0530] {logging_mixin.py:190} INFO - [2026-01-29T16:09:00.032+0530] {override.py:1930} INFO - Created Permission View: can delete on DAG:example_setup_teardown_taskflow
[2026-01-29T16:09:00.041+0530] {logging_mixin.py:190} INFO - [2026-01-29T16:09:00.040+0530] {override.py:1930} INFO - Created Permission View: can read on DAG:example_setup_teardown_taskflow
[2026-01-29T16:09:00.051+0530] {logging_mixin.py:190} INFO - [2026-01-29T16:09:00.051+0530] {override.py:1930} INFO - Created Permission View: menu access on DAG Run:example_setup_teardown_taskflow
[2026-01-29T16:09:00.059+0530] {logging_mixin.py:190} INFO - [2026-01-29T16:09:00.058+0530] {override.py:1930} INFO - Created Permission View: can delete on DAG Run:example_setup_teardown_taskflow
[2026-01-29T16:09:00.066+0530] {logging_mixin.py:190} INFO - [2026-01-29T16:09:00.066+0530] {override.py:1930} INFO - Created Permission View: can create on DAG Run:example_setup_teardown_taskflow
[2026-01-29T16:09:00.075+0530] {logging_mixin.py:190} INFO - [2026-01-29T16:09:00.074+0530] {override.py:1930} INFO - Created Permission View: can read on DAG Run:example_setup_teardown_taskflow
[2026-01-29T16:09:00.075+0530] {logging_mixin.py:190} INFO - [2026-01-29T16:09:00.075+0530] {dag.py:3239} INFO - Sync 1 DAGs
[2026-01-29T16:09:00.200+0530] {logging_mixin.py:190} INFO - [2026-01-29T16:09:00.200+0530] {dag.py:3262} INFO - Creating ORM DAG for example_setup_teardown_taskflow
[2026-01-29T16:09:00.201+0530] {logging_mixin.py:190} INFO - [2026-01-29T16:09:00.201+0530] {dag.py:4180} INFO - Setting next_dagrun for example_setup_teardown_taskflow to None, run_after=None
[2026-01-29T16:09:00.225+0530] {processor.py:208} INFO - Processing /home/hp/Desktop/Bigdata_project/BigData-Project/airflow-venv/lib/python3.10/site-packages/airflow/example_dags/example_setup_teardown_taskflow.py took 0.331 seconds
