[2026-01-29T15:55:46.158+0530] {processor.py:186} INFO - Started process (PID=28350) to work on /home/hp/Desktop/Bigdata_project/BigData-Project/airflow-venv/lib/python3.10/site-packages/airflow/example_dags/example_params_ui_tutorial.py
[2026-01-29T15:55:46.159+0530] {processor.py:914} INFO - Processing file /home/hp/Desktop/Bigdata_project/BigData-Project/airflow-venv/lib/python3.10/site-packages/airflow/example_dags/example_params_ui_tutorial.py for tasks to queue
[2026-01-29T15:55:46.162+0530] {logging_mixin.py:190} INFO - [2026-01-29T15:55:46.161+0530] {dagbag.py:588} INFO - Filling up the DagBag from /home/hp/Desktop/Bigdata_project/BigData-Project/airflow-venv/lib/python3.10/site-packages/airflow/example_dags/example_params_ui_tutorial.py
[2026-01-29T15:55:46.175+0530] {processor.py:925} INFO - DAG(s) 'example_params_ui_tutorial' retrieved from /home/hp/Desktop/Bigdata_project/BigData-Project/airflow-venv/lib/python3.10/site-packages/airflow/example_dags/example_params_ui_tutorial.py
[2026-01-29T15:55:46.311+0530] {logging_mixin.py:190} INFO - [2026-01-29T15:55:46.310+0530] {override.py:1930} INFO - Created Permission View: can edit on DAG:example_params_ui_tutorial
[2026-01-29T15:55:46.321+0530] {logging_mixin.py:190} INFO - [2026-01-29T15:55:46.321+0530] {override.py:1930} INFO - Created Permission View: can delete on DAG:example_params_ui_tutorial
[2026-01-29T15:55:46.329+0530] {logging_mixin.py:190} INFO - [2026-01-29T15:55:46.328+0530] {override.py:1930} INFO - Created Permission View: can read on DAG:example_params_ui_tutorial
[2026-01-29T15:55:46.339+0530] {logging_mixin.py:190} INFO - [2026-01-29T15:55:46.339+0530] {override.py:1930} INFO - Created Permission View: can delete on DAG Run:example_params_ui_tutorial
[2026-01-29T15:55:46.346+0530] {logging_mixin.py:190} INFO - [2026-01-29T15:55:46.346+0530] {override.py:1930} INFO - Created Permission View: can read on DAG Run:example_params_ui_tutorial
[2026-01-29T15:55:46.353+0530] {logging_mixin.py:190} INFO - [2026-01-29T15:55:46.353+0530] {override.py:1930} INFO - Created Permission View: menu access on DAG Run:example_params_ui_tutorial
[2026-01-29T15:55:46.360+0530] {logging_mixin.py:190} INFO - [2026-01-29T15:55:46.360+0530] {override.py:1930} INFO - Created Permission View: can create on DAG Run:example_params_ui_tutorial
[2026-01-29T15:55:46.361+0530] {logging_mixin.py:190} INFO - [2026-01-29T15:55:46.361+0530] {dag.py:3239} INFO - Sync 1 DAGs
[2026-01-29T15:55:46.372+0530] {logging_mixin.py:190} INFO - [2026-01-29T15:55:46.372+0530] {dag.py:3262} INFO - Creating ORM DAG for example_params_ui_tutorial
[2026-01-29T15:55:46.372+0530] {logging_mixin.py:190} INFO - [2026-01-29T15:55:46.372+0530] {dag.py:4180} INFO - Setting next_dagrun for example_params_ui_tutorial to None, run_after=None
[2026-01-29T15:55:46.390+0530] {processor.py:208} INFO - Processing /home/hp/Desktop/Bigdata_project/BigData-Project/airflow-venv/lib/python3.10/site-packages/airflow/example_dags/example_params_ui_tutorial.py took 0.240 seconds
[2026-01-29T15:56:49.028+0530] {processor.py:186} INFO - Started process (PID=28593) to work on /home/hp/Desktop/Bigdata_project/BigData-Project/airflow-venv/lib/python3.10/site-packages/airflow/example_dags/example_params_ui_tutorial.py
[2026-01-29T15:56:49.029+0530] {processor.py:914} INFO - Processing file /home/hp/Desktop/Bigdata_project/BigData-Project/airflow-venv/lib/python3.10/site-packages/airflow/example_dags/example_params_ui_tutorial.py for tasks to queue
[2026-01-29T15:56:49.032+0530] {logging_mixin.py:190} INFO - [2026-01-29T15:56:49.031+0530] {dagbag.py:588} INFO - Filling up the DagBag from /home/hp/Desktop/Bigdata_project/BigData-Project/airflow-venv/lib/python3.10/site-packages/airflow/example_dags/example_params_ui_tutorial.py
[2026-01-29T15:56:49.042+0530] {processor.py:925} INFO - DAG(s) 'example_params_ui_tutorial' retrieved from /home/hp/Desktop/Bigdata_project/BigData-Project/airflow-venv/lib/python3.10/site-packages/airflow/example_dags/example_params_ui_tutorial.py
[2026-01-29T15:56:49.088+0530] {logging_mixin.py:190} INFO - [2026-01-29T15:56:49.087+0530] {dag.py:3239} INFO - Sync 1 DAGs
[2026-01-29T15:56:49.100+0530] {logging_mixin.py:190} INFO - [2026-01-29T15:56:49.100+0530] {dag.py:4180} INFO - Setting next_dagrun for example_params_ui_tutorial to None, run_after=None
[2026-01-29T15:56:49.121+0530] {processor.py:208} INFO - Processing /home/hp/Desktop/Bigdata_project/BigData-Project/airflow-venv/lib/python3.10/site-packages/airflow/example_dags/example_params_ui_tutorial.py took 0.099 seconds
[2026-01-29T16:00:23.863+0530] {processor.py:186} INFO - Started process (PID=29274) to work on /home/hp/Desktop/Bigdata_project/BigData-Project/airflow-venv/lib/python3.10/site-packages/airflow/example_dags/example_params_ui_tutorial.py
[2026-01-29T16:00:23.869+0530] {processor.py:914} INFO - Processing file /home/hp/Desktop/Bigdata_project/BigData-Project/airflow-venv/lib/python3.10/site-packages/airflow/example_dags/example_params_ui_tutorial.py for tasks to queue
[2026-01-29T16:00:23.872+0530] {logging_mixin.py:190} INFO - [2026-01-29T16:00:23.872+0530] {dagbag.py:588} INFO - Filling up the DagBag from /home/hp/Desktop/Bigdata_project/BigData-Project/airflow-venv/lib/python3.10/site-packages/airflow/example_dags/example_params_ui_tutorial.py
[2026-01-29T16:00:23.884+0530] {processor.py:925} INFO - DAG(s) 'example_params_ui_tutorial' retrieved from /home/hp/Desktop/Bigdata_project/BigData-Project/airflow-venv/lib/python3.10/site-packages/airflow/example_dags/example_params_ui_tutorial.py
[2026-01-29T16:00:23.931+0530] {logging_mixin.py:190} INFO - [2026-01-29T16:00:23.930+0530] {dag.py:3239} INFO - Sync 1 DAGs
[2026-01-29T16:00:23.943+0530] {logging_mixin.py:190} INFO - [2026-01-29T16:00:23.943+0530] {dag.py:4180} INFO - Setting next_dagrun for example_params_ui_tutorial to None, run_after=None
[2026-01-29T16:00:23.963+0530] {processor.py:208} INFO - Processing /home/hp/Desktop/Bigdata_project/BigData-Project/airflow-venv/lib/python3.10/site-packages/airflow/example_dags/example_params_ui_tutorial.py took 0.107 seconds
[2026-01-29T16:01:19.381+0530] {processor.py:186} INFO - Started process (PID=29541) to work on /home/hp/Desktop/Bigdata_project/BigData-Project/airflow-venv/lib/python3.10/site-packages/airflow/example_dags/example_params_ui_tutorial.py
[2026-01-29T16:01:19.388+0530] {processor.py:914} INFO - Processing file /home/hp/Desktop/Bigdata_project/BigData-Project/airflow-venv/lib/python3.10/site-packages/airflow/example_dags/example_params_ui_tutorial.py for tasks to queue
[2026-01-29T16:01:19.390+0530] {logging_mixin.py:190} INFO - [2026-01-29T16:01:19.389+0530] {dagbag.py:588} INFO - Filling up the DagBag from /home/hp/Desktop/Bigdata_project/BigData-Project/airflow-venv/lib/python3.10/site-packages/airflow/example_dags/example_params_ui_tutorial.py
[2026-01-29T16:01:19.400+0530] {processor.py:925} INFO - DAG(s) 'example_params_ui_tutorial' retrieved from /home/hp/Desktop/Bigdata_project/BigData-Project/airflow-venv/lib/python3.10/site-packages/airflow/example_dags/example_params_ui_tutorial.py
[2026-01-29T16:01:19.445+0530] {logging_mixin.py:190} INFO - [2026-01-29T16:01:19.445+0530] {dag.py:3239} INFO - Sync 1 DAGs
[2026-01-29T16:01:19.458+0530] {logging_mixin.py:190} INFO - [2026-01-29T16:01:19.458+0530] {dag.py:4180} INFO - Setting next_dagrun for example_params_ui_tutorial to None, run_after=None
[2026-01-29T16:01:19.479+0530] {processor.py:208} INFO - Processing /home/hp/Desktop/Bigdata_project/BigData-Project/airflow-venv/lib/python3.10/site-packages/airflow/example_dags/example_params_ui_tutorial.py took 0.104 seconds
[2026-01-29T16:02:16.431+0530] {processor.py:186} INFO - Started process (PID=29771) to work on /home/hp/Desktop/Bigdata_project/BigData-Project/airflow-venv/lib/python3.10/site-packages/airflow/example_dags/example_params_ui_tutorial.py
[2026-01-29T16:02:16.437+0530] {processor.py:914} INFO - Processing file /home/hp/Desktop/Bigdata_project/BigData-Project/airflow-venv/lib/python3.10/site-packages/airflow/example_dags/example_params_ui_tutorial.py for tasks to queue
[2026-01-29T16:02:16.440+0530] {logging_mixin.py:190} INFO - [2026-01-29T16:02:16.440+0530] {dagbag.py:588} INFO - Filling up the DagBag from /home/hp/Desktop/Bigdata_project/BigData-Project/airflow-venv/lib/python3.10/site-packages/airflow/example_dags/example_params_ui_tutorial.py
[2026-01-29T16:02:16.451+0530] {processor.py:925} INFO - DAG(s) 'example_params_ui_tutorial' retrieved from /home/hp/Desktop/Bigdata_project/BigData-Project/airflow-venv/lib/python3.10/site-packages/airflow/example_dags/example_params_ui_tutorial.py
[2026-01-29T16:02:16.499+0530] {logging_mixin.py:190} INFO - [2026-01-29T16:02:16.499+0530] {dag.py:3239} INFO - Sync 1 DAGs
[2026-01-29T16:02:16.513+0530] {logging_mixin.py:190} INFO - [2026-01-29T16:02:16.513+0530] {dag.py:4180} INFO - Setting next_dagrun for example_params_ui_tutorial to None, run_after=None
[2026-01-29T16:02:16.535+0530] {processor.py:208} INFO - Processing /home/hp/Desktop/Bigdata_project/BigData-Project/airflow-venv/lib/python3.10/site-packages/airflow/example_dags/example_params_ui_tutorial.py took 0.111 seconds
[2026-01-29T16:03:11.634+0530] {processor.py:186} INFO - Started process (PID=30001) to work on /home/hp/Desktop/Bigdata_project/BigData-Project/airflow-venv/lib/python3.10/site-packages/airflow/example_dags/example_params_ui_tutorial.py
[2026-01-29T16:03:11.641+0530] {processor.py:914} INFO - Processing file /home/hp/Desktop/Bigdata_project/BigData-Project/airflow-venv/lib/python3.10/site-packages/airflow/example_dags/example_params_ui_tutorial.py for tasks to queue
[2026-01-29T16:03:11.643+0530] {logging_mixin.py:190} INFO - [2026-01-29T16:03:11.642+0530] {dagbag.py:588} INFO - Filling up the DagBag from /home/hp/Desktop/Bigdata_project/BigData-Project/airflow-venv/lib/python3.10/site-packages/airflow/example_dags/example_params_ui_tutorial.py
[2026-01-29T16:03:11.653+0530] {processor.py:925} INFO - DAG(s) 'example_params_ui_tutorial' retrieved from /home/hp/Desktop/Bigdata_project/BigData-Project/airflow-venv/lib/python3.10/site-packages/airflow/example_dags/example_params_ui_tutorial.py
[2026-01-29T16:03:11.702+0530] {logging_mixin.py:190} INFO - [2026-01-29T16:03:11.702+0530] {dag.py:3239} INFO - Sync 1 DAGs
[2026-01-29T16:03:11.715+0530] {logging_mixin.py:190} INFO - [2026-01-29T16:03:11.715+0530] {dag.py:4180} INFO - Setting next_dagrun for example_params_ui_tutorial to None, run_after=None
[2026-01-29T16:03:11.737+0530] {processor.py:208} INFO - Processing /home/hp/Desktop/Bigdata_project/BigData-Project/airflow-venv/lib/python3.10/site-packages/airflow/example_dags/example_params_ui_tutorial.py took 0.110 seconds
[2026-01-29T16:04:05.052+0530] {processor.py:186} INFO - Started process (PID=30217) to work on /home/hp/Desktop/Bigdata_project/BigData-Project/airflow-venv/lib/python3.10/site-packages/airflow/example_dags/example_params_ui_tutorial.py
[2026-01-29T16:04:05.053+0530] {processor.py:914} INFO - Processing file /home/hp/Desktop/Bigdata_project/BigData-Project/airflow-venv/lib/python3.10/site-packages/airflow/example_dags/example_params_ui_tutorial.py for tasks to queue
[2026-01-29T16:04:05.056+0530] {logging_mixin.py:190} INFO - [2026-01-29T16:04:05.055+0530] {dagbag.py:588} INFO - Filling up the DagBag from /home/hp/Desktop/Bigdata_project/BigData-Project/airflow-venv/lib/python3.10/site-packages/airflow/example_dags/example_params_ui_tutorial.py
[2026-01-29T16:04:05.067+0530] {processor.py:925} INFO - DAG(s) 'example_params_ui_tutorial' retrieved from /home/hp/Desktop/Bigdata_project/BigData-Project/airflow-venv/lib/python3.10/site-packages/airflow/example_dags/example_params_ui_tutorial.py
[2026-01-29T16:04:05.112+0530] {logging_mixin.py:190} INFO - [2026-01-29T16:04:05.111+0530] {dag.py:3239} INFO - Sync 1 DAGs
[2026-01-29T16:04:05.127+0530] {logging_mixin.py:190} INFO - [2026-01-29T16:04:05.126+0530] {dag.py:4180} INFO - Setting next_dagrun for example_params_ui_tutorial to None, run_after=None
[2026-01-29T16:04:05.148+0530] {processor.py:208} INFO - Processing /home/hp/Desktop/Bigdata_project/BigData-Project/airflow-venv/lib/python3.10/site-packages/airflow/example_dags/example_params_ui_tutorial.py took 0.103 seconds
[2026-01-29T16:05:02.317+0530] {processor.py:186} INFO - Started process (PID=30482) to work on /home/hp/Desktop/Bigdata_project/BigData-Project/airflow-venv/lib/python3.10/site-packages/airflow/example_dags/example_params_ui_tutorial.py
[2026-01-29T16:05:02.323+0530] {processor.py:914} INFO - Processing file /home/hp/Desktop/Bigdata_project/BigData-Project/airflow-venv/lib/python3.10/site-packages/airflow/example_dags/example_params_ui_tutorial.py for tasks to queue
[2026-01-29T16:05:02.326+0530] {logging_mixin.py:190} INFO - [2026-01-29T16:05:02.326+0530] {dagbag.py:588} INFO - Filling up the DagBag from /home/hp/Desktop/Bigdata_project/BigData-Project/airflow-venv/lib/python3.10/site-packages/airflow/example_dags/example_params_ui_tutorial.py
[2026-01-29T16:05:02.336+0530] {processor.py:925} INFO - DAG(s) 'example_params_ui_tutorial' retrieved from /home/hp/Desktop/Bigdata_project/BigData-Project/airflow-venv/lib/python3.10/site-packages/airflow/example_dags/example_params_ui_tutorial.py
[2026-01-29T16:05:02.384+0530] {logging_mixin.py:190} INFO - [2026-01-29T16:05:02.384+0530] {dag.py:3239} INFO - Sync 1 DAGs
[2026-01-29T16:05:02.398+0530] {logging_mixin.py:190} INFO - [2026-01-29T16:05:02.398+0530] {dag.py:4180} INFO - Setting next_dagrun for example_params_ui_tutorial to None, run_after=None
[2026-01-29T16:05:02.421+0530] {processor.py:208} INFO - Processing /home/hp/Desktop/Bigdata_project/BigData-Project/airflow-venv/lib/python3.10/site-packages/airflow/example_dags/example_params_ui_tutorial.py took 0.110 seconds
[2026-01-29T16:05:59.221+0530] {processor.py:186} INFO - Started process (PID=30741) to work on /home/hp/Desktop/Bigdata_project/BigData-Project/airflow-venv/lib/python3.10/site-packages/airflow/example_dags/example_params_ui_tutorial.py
[2026-01-29T16:05:59.227+0530] {processor.py:914} INFO - Processing file /home/hp/Desktop/Bigdata_project/BigData-Project/airflow-venv/lib/python3.10/site-packages/airflow/example_dags/example_params_ui_tutorial.py for tasks to queue
[2026-01-29T16:05:59.230+0530] {logging_mixin.py:190} INFO - [2026-01-29T16:05:59.230+0530] {dagbag.py:588} INFO - Filling up the DagBag from /home/hp/Desktop/Bigdata_project/BigData-Project/airflow-venv/lib/python3.10/site-packages/airflow/example_dags/example_params_ui_tutorial.py
[2026-01-29T16:05:59.241+0530] {processor.py:925} INFO - DAG(s) 'example_params_ui_tutorial' retrieved from /home/hp/Desktop/Bigdata_project/BigData-Project/airflow-venv/lib/python3.10/site-packages/airflow/example_dags/example_params_ui_tutorial.py
[2026-01-29T16:05:59.288+0530] {logging_mixin.py:190} INFO - [2026-01-29T16:05:59.288+0530] {dag.py:3239} INFO - Sync 1 DAGs
[2026-01-29T16:05:59.301+0530] {logging_mixin.py:190} INFO - [2026-01-29T16:05:59.301+0530] {dag.py:4180} INFO - Setting next_dagrun for example_params_ui_tutorial to None, run_after=None
[2026-01-29T16:05:59.322+0530] {processor.py:208} INFO - Processing /home/hp/Desktop/Bigdata_project/BigData-Project/airflow-venv/lib/python3.10/site-packages/airflow/example_dags/example_params_ui_tutorial.py took 0.108 seconds
[2026-01-29T16:06:55.736+0530] {processor.py:186} INFO - Started process (PID=31004) to work on /home/hp/Desktop/Bigdata_project/BigData-Project/airflow-venv/lib/python3.10/site-packages/airflow/example_dags/example_params_ui_tutorial.py
[2026-01-29T16:06:55.742+0530] {processor.py:914} INFO - Processing file /home/hp/Desktop/Bigdata_project/BigData-Project/airflow-venv/lib/python3.10/site-packages/airflow/example_dags/example_params_ui_tutorial.py for tasks to queue
[2026-01-29T16:06:55.745+0530] {logging_mixin.py:190} INFO - [2026-01-29T16:06:55.744+0530] {dagbag.py:588} INFO - Filling up the DagBag from /home/hp/Desktop/Bigdata_project/BigData-Project/airflow-venv/lib/python3.10/site-packages/airflow/example_dags/example_params_ui_tutorial.py
[2026-01-29T16:06:55.755+0530] {processor.py:925} INFO - DAG(s) 'example_params_ui_tutorial' retrieved from /home/hp/Desktop/Bigdata_project/BigData-Project/airflow-venv/lib/python3.10/site-packages/airflow/example_dags/example_params_ui_tutorial.py
[2026-01-29T16:06:55.802+0530] {logging_mixin.py:190} INFO - [2026-01-29T16:06:55.801+0530] {dag.py:3239} INFO - Sync 1 DAGs
[2026-01-29T16:06:55.815+0530] {logging_mixin.py:190} INFO - [2026-01-29T16:06:55.814+0530] {dag.py:4180} INFO - Setting next_dagrun for example_params_ui_tutorial to None, run_after=None
[2026-01-29T16:06:55.835+0530] {processor.py:208} INFO - Processing /home/hp/Desktop/Bigdata_project/BigData-Project/airflow-venv/lib/python3.10/site-packages/airflow/example_dags/example_params_ui_tutorial.py took 0.106 seconds
[2026-01-29T16:07:53.811+0530] {processor.py:186} INFO - Started process (PID=31270) to work on /home/hp/Desktop/Bigdata_project/BigData-Project/airflow-venv/lib/python3.10/site-packages/airflow/example_dags/example_params_ui_tutorial.py
[2026-01-29T16:07:53.817+0530] {processor.py:914} INFO - Processing file /home/hp/Desktop/Bigdata_project/BigData-Project/airflow-venv/lib/python3.10/site-packages/airflow/example_dags/example_params_ui_tutorial.py for tasks to queue
[2026-01-29T16:07:53.820+0530] {logging_mixin.py:190} INFO - [2026-01-29T16:07:53.820+0530] {dagbag.py:588} INFO - Filling up the DagBag from /home/hp/Desktop/Bigdata_project/BigData-Project/airflow-venv/lib/python3.10/site-packages/airflow/example_dags/example_params_ui_tutorial.py
[2026-01-29T16:07:53.830+0530] {processor.py:925} INFO - DAG(s) 'example_params_ui_tutorial' retrieved from /home/hp/Desktop/Bigdata_project/BigData-Project/airflow-venv/lib/python3.10/site-packages/airflow/example_dags/example_params_ui_tutorial.py
[2026-01-29T16:07:53.875+0530] {logging_mixin.py:190} INFO - [2026-01-29T16:07:53.875+0530] {dag.py:3239} INFO - Sync 1 DAGs
[2026-01-29T16:07:53.889+0530] {logging_mixin.py:190} INFO - [2026-01-29T16:07:53.888+0530] {dag.py:4180} INFO - Setting next_dagrun for example_params_ui_tutorial to None, run_after=None
[2026-01-29T16:07:53.913+0530] {processor.py:208} INFO - Processing /home/hp/Desktop/Bigdata_project/BigData-Project/airflow-venv/lib/python3.10/site-packages/airflow/example_dags/example_params_ui_tutorial.py took 0.109 seconds
[2026-01-29T16:08:58.446+0530] {processor.py:186} INFO - Started process (PID=31573) to work on /home/hp/Desktop/Bigdata_project/BigData-Project/airflow-venv/lib/python3.10/site-packages/airflow/example_dags/example_params_ui_tutorial.py
[2026-01-29T16:08:58.453+0530] {processor.py:914} INFO - Processing file /home/hp/Desktop/Bigdata_project/BigData-Project/airflow-venv/lib/python3.10/site-packages/airflow/example_dags/example_params_ui_tutorial.py for tasks to queue
[2026-01-29T16:08:58.456+0530] {logging_mixin.py:190} INFO - [2026-01-29T16:08:58.455+0530] {dagbag.py:588} INFO - Filling up the DagBag from /home/hp/Desktop/Bigdata_project/BigData-Project/airflow-venv/lib/python3.10/site-packages/airflow/example_dags/example_params_ui_tutorial.py
[2026-01-29T16:08:58.466+0530] {processor.py:925} INFO - DAG(s) 'example_params_ui_tutorial' retrieved from /home/hp/Desktop/Bigdata_project/BigData-Project/airflow-venv/lib/python3.10/site-packages/airflow/example_dags/example_params_ui_tutorial.py
[2026-01-29T16:08:58.592+0530] {logging_mixin.py:190} INFO - [2026-01-29T16:08:58.592+0530] {override.py:1930} INFO - Created Permission View: can edit on DAG:example_params_ui_tutorial
[2026-01-29T16:08:58.603+0530] {logging_mixin.py:190} INFO - [2026-01-29T16:08:58.602+0530] {override.py:1930} INFO - Created Permission View: can delete on DAG:example_params_ui_tutorial
[2026-01-29T16:08:58.611+0530] {logging_mixin.py:190} INFO - [2026-01-29T16:08:58.611+0530] {override.py:1930} INFO - Created Permission View: can read on DAG:example_params_ui_tutorial
[2026-01-29T16:08:58.623+0530] {logging_mixin.py:190} INFO - [2026-01-29T16:08:58.622+0530] {override.py:1930} INFO - Created Permission View: menu access on DAG Run:example_params_ui_tutorial
[2026-01-29T16:08:58.630+0530] {logging_mixin.py:190} INFO - [2026-01-29T16:08:58.629+0530] {override.py:1930} INFO - Created Permission View: can delete on DAG Run:example_params_ui_tutorial
[2026-01-29T16:08:58.637+0530] {logging_mixin.py:190} INFO - [2026-01-29T16:08:58.637+0530] {override.py:1930} INFO - Created Permission View: can create on DAG Run:example_params_ui_tutorial
[2026-01-29T16:08:58.644+0530] {logging_mixin.py:190} INFO - [2026-01-29T16:08:58.644+0530] {override.py:1930} INFO - Created Permission View: can read on DAG Run:example_params_ui_tutorial
[2026-01-29T16:08:58.645+0530] {logging_mixin.py:190} INFO - [2026-01-29T16:08:58.644+0530] {dag.py:3239} INFO - Sync 1 DAGs
[2026-01-29T16:08:58.769+0530] {logging_mixin.py:190} INFO - [2026-01-29T16:08:58.769+0530] {dag.py:3262} INFO - Creating ORM DAG for example_params_ui_tutorial
[2026-01-29T16:08:58.770+0530] {logging_mixin.py:190} INFO - [2026-01-29T16:08:58.770+0530] {dag.py:4180} INFO - Setting next_dagrun for example_params_ui_tutorial to None, run_after=None
[2026-01-29T16:08:58.795+0530] {processor.py:208} INFO - Processing /home/hp/Desktop/Bigdata_project/BigData-Project/airflow-venv/lib/python3.10/site-packages/airflow/example_dags/example_params_ui_tutorial.py took 0.356 seconds
