[2026-01-29T15:55:45.607+0530] {processor.py:186} INFO - Started process (PID=28338) to work on /home/hp/Desktop/Bigdata_project/BigData-Project/airflow-venv/lib/python3.10/site-packages/airflow/example_dags/example_python_decorator.py
[2026-01-29T15:55:45.608+0530] {processor.py:914} INFO - Processing file /home/hp/Desktop/Bigdata_project/BigData-Project/airflow-venv/lib/python3.10/site-packages/airflow/example_dags/example_python_decorator.py for tasks to queue
[2026-01-29T15:55:45.610+0530] {logging_mixin.py:190} INFO - [2026-01-29T15:55:45.610+0530] {dagbag.py:588} INFO - Filling up the DagBag from /home/hp/Desktop/Bigdata_project/BigData-Project/airflow-venv/lib/python3.10/site-packages/airflow/example_dags/example_python_decorator.py
[2026-01-29T15:55:45.619+0530] {logging_mixin.py:190} INFO - [2026-01-29T15:55:45.619+0530] {example_python_decorator.py:80} WARNING - The virtalenv_python example task requires virtualenv, please install it.
[2026-01-29T15:55:45.621+0530] {processor.py:925} INFO - DAG(s) 'example_python_decorator' retrieved from /home/hp/Desktop/Bigdata_project/BigData-Project/airflow-venv/lib/python3.10/site-packages/airflow/example_dags/example_python_decorator.py
[2026-01-29T15:55:45.733+0530] {logging_mixin.py:190} INFO - [2026-01-29T15:55:45.732+0530] {override.py:1930} INFO - Created Permission View: can edit on DAG:example_python_decorator
[2026-01-29T15:55:45.744+0530] {logging_mixin.py:190} INFO - [2026-01-29T15:55:45.744+0530] {override.py:1930} INFO - Created Permission View: can delete on DAG:example_python_decorator
[2026-01-29T15:55:45.753+0530] {logging_mixin.py:190} INFO - [2026-01-29T15:55:45.753+0530] {override.py:1930} INFO - Created Permission View: can read on DAG:example_python_decorator
[2026-01-29T15:55:45.768+0530] {logging_mixin.py:190} INFO - [2026-01-29T15:55:45.768+0530] {override.py:1930} INFO - Created Permission View: can delete on DAG Run:example_python_decorator
[2026-01-29T15:55:45.786+0530] {logging_mixin.py:190} INFO - [2026-01-29T15:55:45.786+0530] {override.py:1930} INFO - Created Permission View: can read on DAG Run:example_python_decorator
[2026-01-29T15:55:45.793+0530] {logging_mixin.py:190} INFO - [2026-01-29T15:55:45.793+0530] {override.py:1930} INFO - Created Permission View: menu access on DAG Run:example_python_decorator
[2026-01-29T15:55:45.804+0530] {logging_mixin.py:190} INFO - [2026-01-29T15:55:45.804+0530] {override.py:1930} INFO - Created Permission View: can create on DAG Run:example_python_decorator
[2026-01-29T15:55:45.805+0530] {logging_mixin.py:190} INFO - [2026-01-29T15:55:45.805+0530] {dag.py:3239} INFO - Sync 1 DAGs
[2026-01-29T15:55:45.816+0530] {logging_mixin.py:190} INFO - [2026-01-29T15:55:45.816+0530] {dag.py:3262} INFO - Creating ORM DAG for example_python_decorator
[2026-01-29T15:55:45.817+0530] {logging_mixin.py:190} INFO - [2026-01-29T15:55:45.816+0530] {dag.py:4180} INFO - Setting next_dagrun for example_python_decorator to None, run_after=None
[2026-01-29T15:55:45.845+0530] {processor.py:208} INFO - Processing /home/hp/Desktop/Bigdata_project/BigData-Project/airflow-venv/lib/python3.10/site-packages/airflow/example_dags/example_python_decorator.py took 0.245 seconds
[2026-01-29T15:56:47.878+0530] {processor.py:186} INFO - Started process (PID=28590) to work on /home/hp/Desktop/Bigdata_project/BigData-Project/airflow-venv/lib/python3.10/site-packages/airflow/example_dags/example_python_decorator.py
[2026-01-29T15:56:47.885+0530] {processor.py:914} INFO - Processing file /home/hp/Desktop/Bigdata_project/BigData-Project/airflow-venv/lib/python3.10/site-packages/airflow/example_dags/example_python_decorator.py for tasks to queue
[2026-01-29T15:56:47.888+0530] {logging_mixin.py:190} INFO - [2026-01-29T15:56:47.887+0530] {dagbag.py:588} INFO - Filling up the DagBag from /home/hp/Desktop/Bigdata_project/BigData-Project/airflow-venv/lib/python3.10/site-packages/airflow/example_dags/example_python_decorator.py
[2026-01-29T15:56:47.898+0530] {logging_mixin.py:190} INFO - [2026-01-29T15:56:47.897+0530] {example_python_decorator.py:80} WARNING - The virtalenv_python example task requires virtualenv, please install it.
[2026-01-29T15:56:47.900+0530] {processor.py:925} INFO - DAG(s) 'example_python_decorator' retrieved from /home/hp/Desktop/Bigdata_project/BigData-Project/airflow-venv/lib/python3.10/site-packages/airflow/example_dags/example_python_decorator.py
[2026-01-29T15:56:47.918+0530] {logging_mixin.py:190} INFO - [2026-01-29T15:56:47.917+0530] {dag.py:3239} INFO - Sync 1 DAGs
[2026-01-29T15:56:47.931+0530] {logging_mixin.py:190} INFO - [2026-01-29T15:56:47.930+0530] {dag.py:4180} INFO - Setting next_dagrun for example_python_decorator to None, run_after=None
[2026-01-29T15:56:47.952+0530] {processor.py:208} INFO - Processing /home/hp/Desktop/Bigdata_project/BigData-Project/airflow-venv/lib/python3.10/site-packages/airflow/example_dags/example_python_decorator.py took 0.081 seconds
[2026-01-29T16:00:22.706+0530] {processor.py:186} INFO - Started process (PID=29267) to work on /home/hp/Desktop/Bigdata_project/BigData-Project/airflow-venv/lib/python3.10/site-packages/airflow/example_dags/example_python_decorator.py
[2026-01-29T16:00:22.712+0530] {processor.py:914} INFO - Processing file /home/hp/Desktop/Bigdata_project/BigData-Project/airflow-venv/lib/python3.10/site-packages/airflow/example_dags/example_python_decorator.py for tasks to queue
[2026-01-29T16:00:22.715+0530] {logging_mixin.py:190} INFO - [2026-01-29T16:00:22.715+0530] {dagbag.py:588} INFO - Filling up the DagBag from /home/hp/Desktop/Bigdata_project/BigData-Project/airflow-venv/lib/python3.10/site-packages/airflow/example_dags/example_python_decorator.py
[2026-01-29T16:00:22.725+0530] {logging_mixin.py:190} INFO - [2026-01-29T16:00:22.724+0530] {example_python_decorator.py:80} WARNING - The virtalenv_python example task requires virtualenv, please install it.
[2026-01-29T16:00:22.727+0530] {processor.py:925} INFO - DAG(s) 'example_python_decorator' retrieved from /home/hp/Desktop/Bigdata_project/BigData-Project/airflow-venv/lib/python3.10/site-packages/airflow/example_dags/example_python_decorator.py
[2026-01-29T16:00:22.747+0530] {logging_mixin.py:190} INFO - [2026-01-29T16:00:22.747+0530] {dag.py:3239} INFO - Sync 1 DAGs
[2026-01-29T16:00:22.760+0530] {logging_mixin.py:190} INFO - [2026-01-29T16:00:22.760+0530] {dag.py:4180} INFO - Setting next_dagrun for example_python_decorator to None, run_after=None
[2026-01-29T16:00:22.780+0530] {processor.py:208} INFO - Processing /home/hp/Desktop/Bigdata_project/BigData-Project/airflow-venv/lib/python3.10/site-packages/airflow/example_dags/example_python_decorator.py took 0.081 seconds
[2026-01-29T16:01:18.564+0530] {processor.py:186} INFO - Started process (PID=29538) to work on /home/hp/Desktop/Bigdata_project/BigData-Project/airflow-venv/lib/python3.10/site-packages/airflow/example_dags/example_python_decorator.py
[2026-01-29T16:01:18.570+0530] {processor.py:914} INFO - Processing file /home/hp/Desktop/Bigdata_project/BigData-Project/airflow-venv/lib/python3.10/site-packages/airflow/example_dags/example_python_decorator.py for tasks to queue
[2026-01-29T16:01:18.573+0530] {logging_mixin.py:190} INFO - [2026-01-29T16:01:18.573+0530] {dagbag.py:588} INFO - Filling up the DagBag from /home/hp/Desktop/Bigdata_project/BigData-Project/airflow-venv/lib/python3.10/site-packages/airflow/example_dags/example_python_decorator.py
[2026-01-29T16:01:18.582+0530] {logging_mixin.py:190} INFO - [2026-01-29T16:01:18.582+0530] {example_python_decorator.py:80} WARNING - The virtalenv_python example task requires virtualenv, please install it.
[2026-01-29T16:01:18.584+0530] {processor.py:925} INFO - DAG(s) 'example_python_decorator' retrieved from /home/hp/Desktop/Bigdata_project/BigData-Project/airflow-venv/lib/python3.10/site-packages/airflow/example_dags/example_python_decorator.py
[2026-01-29T16:01:18.601+0530] {logging_mixin.py:190} INFO - [2026-01-29T16:01:18.601+0530] {dag.py:3239} INFO - Sync 1 DAGs
[2026-01-29T16:01:18.614+0530] {logging_mixin.py:190} INFO - [2026-01-29T16:01:18.614+0530] {dag.py:4180} INFO - Setting next_dagrun for example_python_decorator to None, run_after=None
[2026-01-29T16:01:18.633+0530] {processor.py:208} INFO - Processing /home/hp/Desktop/Bigdata_project/BigData-Project/airflow-venv/lib/python3.10/site-packages/airflow/example_dags/example_python_decorator.py took 0.076 seconds
[2026-01-29T16:02:16.065+0530] {processor.py:186} INFO - Started process (PID=29769) to work on /home/hp/Desktop/Bigdata_project/BigData-Project/airflow-venv/lib/python3.10/site-packages/airflow/example_dags/example_python_decorator.py
[2026-01-29T16:02:16.066+0530] {processor.py:914} INFO - Processing file /home/hp/Desktop/Bigdata_project/BigData-Project/airflow-venv/lib/python3.10/site-packages/airflow/example_dags/example_python_decorator.py for tasks to queue
[2026-01-29T16:02:16.068+0530] {logging_mixin.py:190} INFO - [2026-01-29T16:02:16.068+0530] {dagbag.py:588} INFO - Filling up the DagBag from /home/hp/Desktop/Bigdata_project/BigData-Project/airflow-venv/lib/python3.10/site-packages/airflow/example_dags/example_python_decorator.py
[2026-01-29T16:02:16.078+0530] {logging_mixin.py:190} INFO - [2026-01-29T16:02:16.078+0530] {example_python_decorator.py:80} WARNING - The virtalenv_python example task requires virtualenv, please install it.
[2026-01-29T16:02:16.080+0530] {processor.py:925} INFO - DAG(s) 'example_python_decorator' retrieved from /home/hp/Desktop/Bigdata_project/BigData-Project/airflow-venv/lib/python3.10/site-packages/airflow/example_dags/example_python_decorator.py
[2026-01-29T16:02:16.098+0530] {logging_mixin.py:190} INFO - [2026-01-29T16:02:16.097+0530] {dag.py:3239} INFO - Sync 1 DAGs
[2026-01-29T16:02:16.111+0530] {logging_mixin.py:190} INFO - [2026-01-29T16:02:16.111+0530] {dag.py:4180} INFO - Setting next_dagrun for example_python_decorator to None, run_after=None
[2026-01-29T16:02:16.131+0530] {processor.py:208} INFO - Processing /home/hp/Desktop/Bigdata_project/BigData-Project/airflow-venv/lib/python3.10/site-packages/airflow/example_dags/example_python_decorator.py took 0.072 seconds
[2026-01-29T16:03:10.486+0530] {processor.py:186} INFO - Started process (PID=29998) to work on /home/hp/Desktop/Bigdata_project/BigData-Project/airflow-venv/lib/python3.10/site-packages/airflow/example_dags/example_python_decorator.py
[2026-01-29T16:03:10.492+0530] {processor.py:914} INFO - Processing file /home/hp/Desktop/Bigdata_project/BigData-Project/airflow-venv/lib/python3.10/site-packages/airflow/example_dags/example_python_decorator.py for tasks to queue
[2026-01-29T16:03:10.494+0530] {logging_mixin.py:190} INFO - [2026-01-29T16:03:10.494+0530] {dagbag.py:588} INFO - Filling up the DagBag from /home/hp/Desktop/Bigdata_project/BigData-Project/airflow-venv/lib/python3.10/site-packages/airflow/example_dags/example_python_decorator.py
[2026-01-29T16:03:10.504+0530] {logging_mixin.py:190} INFO - [2026-01-29T16:03:10.504+0530] {example_python_decorator.py:80} WARNING - The virtalenv_python example task requires virtualenv, please install it.
[2026-01-29T16:03:10.506+0530] {processor.py:925} INFO - DAG(s) 'example_python_decorator' retrieved from /home/hp/Desktop/Bigdata_project/BigData-Project/airflow-venv/lib/python3.10/site-packages/airflow/example_dags/example_python_decorator.py
[2026-01-29T16:03:10.524+0530] {logging_mixin.py:190} INFO - [2026-01-29T16:03:10.524+0530] {dag.py:3239} INFO - Sync 1 DAGs
[2026-01-29T16:03:10.537+0530] {logging_mixin.py:190} INFO - [2026-01-29T16:03:10.537+0530] {dag.py:4180} INFO - Setting next_dagrun for example_python_decorator to None, run_after=None
[2026-01-29T16:03:10.558+0530] {processor.py:208} INFO - Processing /home/hp/Desktop/Bigdata_project/BigData-Project/airflow-venv/lib/python3.10/site-packages/airflow/example_dags/example_python_decorator.py took 0.079 seconds
[2026-01-29T16:04:04.872+0530] {processor.py:186} INFO - Started process (PID=30215) to work on /home/hp/Desktop/Bigdata_project/BigData-Project/airflow-venv/lib/python3.10/site-packages/airflow/example_dags/example_python_decorator.py
[2026-01-29T16:04:04.879+0530] {processor.py:914} INFO - Processing file /home/hp/Desktop/Bigdata_project/BigData-Project/airflow-venv/lib/python3.10/site-packages/airflow/example_dags/example_python_decorator.py for tasks to queue
[2026-01-29T16:04:04.882+0530] {logging_mixin.py:190} INFO - [2026-01-29T16:04:04.881+0530] {dagbag.py:588} INFO - Filling up the DagBag from /home/hp/Desktop/Bigdata_project/BigData-Project/airflow-venv/lib/python3.10/site-packages/airflow/example_dags/example_python_decorator.py
[2026-01-29T16:04:04.891+0530] {logging_mixin.py:190} INFO - [2026-01-29T16:04:04.891+0530] {example_python_decorator.py:80} WARNING - The virtalenv_python example task requires virtualenv, please install it.
[2026-01-29T16:04:04.893+0530] {processor.py:925} INFO - DAG(s) 'example_python_decorator' retrieved from /home/hp/Desktop/Bigdata_project/BigData-Project/airflow-venv/lib/python3.10/site-packages/airflow/example_dags/example_python_decorator.py
[2026-01-29T16:04:04.912+0530] {logging_mixin.py:190} INFO - [2026-01-29T16:04:04.912+0530] {dag.py:3239} INFO - Sync 1 DAGs
[2026-01-29T16:04:04.926+0530] {logging_mixin.py:190} INFO - [2026-01-29T16:04:04.926+0530] {dag.py:4180} INFO - Setting next_dagrun for example_python_decorator to None, run_after=None
[2026-01-29T16:04:04.948+0530] {processor.py:208} INFO - Processing /home/hp/Desktop/Bigdata_project/BigData-Project/airflow-venv/lib/python3.10/site-packages/airflow/example_dags/example_python_decorator.py took 0.082 seconds
[2026-01-29T16:05:01.736+0530] {processor.py:186} INFO - Started process (PID=30480) to work on /home/hp/Desktop/Bigdata_project/BigData-Project/airflow-venv/lib/python3.10/site-packages/airflow/example_dags/example_python_decorator.py
[2026-01-29T16:05:01.742+0530] {processor.py:914} INFO - Processing file /home/hp/Desktop/Bigdata_project/BigData-Project/airflow-venv/lib/python3.10/site-packages/airflow/example_dags/example_python_decorator.py for tasks to queue
[2026-01-29T16:05:01.745+0530] {logging_mixin.py:190} INFO - [2026-01-29T16:05:01.745+0530] {dagbag.py:588} INFO - Filling up the DagBag from /home/hp/Desktop/Bigdata_project/BigData-Project/airflow-venv/lib/python3.10/site-packages/airflow/example_dags/example_python_decorator.py
[2026-01-29T16:05:01.755+0530] {logging_mixin.py:190} INFO - [2026-01-29T16:05:01.754+0530] {example_python_decorator.py:80} WARNING - The virtalenv_python example task requires virtualenv, please install it.
[2026-01-29T16:05:01.757+0530] {processor.py:925} INFO - DAG(s) 'example_python_decorator' retrieved from /home/hp/Desktop/Bigdata_project/BigData-Project/airflow-venv/lib/python3.10/site-packages/airflow/example_dags/example_python_decorator.py
[2026-01-29T16:05:01.775+0530] {logging_mixin.py:190} INFO - [2026-01-29T16:05:01.774+0530] {dag.py:3239} INFO - Sync 1 DAGs
[2026-01-29T16:05:01.788+0530] {logging_mixin.py:190} INFO - [2026-01-29T16:05:01.787+0530] {dag.py:4180} INFO - Setting next_dagrun for example_python_decorator to None, run_after=None
[2026-01-29T16:05:01.808+0530] {processor.py:208} INFO - Processing /home/hp/Desktop/Bigdata_project/BigData-Project/airflow-venv/lib/python3.10/site-packages/airflow/example_dags/example_python_decorator.py took 0.079 seconds
[2026-01-29T16:05:58.069+0530] {processor.py:186} INFO - Started process (PID=30723) to work on /home/hp/Desktop/Bigdata_project/BigData-Project/airflow-venv/lib/python3.10/site-packages/airflow/example_dags/example_python_decorator.py
[2026-01-29T16:05:58.076+0530] {processor.py:914} INFO - Processing file /home/hp/Desktop/Bigdata_project/BigData-Project/airflow-venv/lib/python3.10/site-packages/airflow/example_dags/example_python_decorator.py for tasks to queue
[2026-01-29T16:05:58.079+0530] {logging_mixin.py:190} INFO - [2026-01-29T16:05:58.078+0530] {dagbag.py:588} INFO - Filling up the DagBag from /home/hp/Desktop/Bigdata_project/BigData-Project/airflow-venv/lib/python3.10/site-packages/airflow/example_dags/example_python_decorator.py
[2026-01-29T16:05:58.088+0530] {logging_mixin.py:190} INFO - [2026-01-29T16:05:58.088+0530] {example_python_decorator.py:80} WARNING - The virtalenv_python example task requires virtualenv, please install it.
[2026-01-29T16:05:58.090+0530] {processor.py:925} INFO - DAG(s) 'example_python_decorator' retrieved from /home/hp/Desktop/Bigdata_project/BigData-Project/airflow-venv/lib/python3.10/site-packages/airflow/example_dags/example_python_decorator.py
[2026-01-29T16:05:58.108+0530] {logging_mixin.py:190} INFO - [2026-01-29T16:05:58.108+0530] {dag.py:3239} INFO - Sync 1 DAGs
[2026-01-29T16:05:58.121+0530] {logging_mixin.py:190} INFO - [2026-01-29T16:05:58.121+0530] {dag.py:4180} INFO - Setting next_dagrun for example_python_decorator to None, run_after=None
[2026-01-29T16:05:58.144+0530] {processor.py:208} INFO - Processing /home/hp/Desktop/Bigdata_project/BigData-Project/airflow-venv/lib/python3.10/site-packages/airflow/example_dags/example_python_decorator.py took 0.081 seconds
[2026-01-29T16:06:54.584+0530] {processor.py:186} INFO - Started process (PID=31002) to work on /home/hp/Desktop/Bigdata_project/BigData-Project/airflow-venv/lib/python3.10/site-packages/airflow/example_dags/example_python_decorator.py
[2026-01-29T16:06:54.590+0530] {processor.py:914} INFO - Processing file /home/hp/Desktop/Bigdata_project/BigData-Project/airflow-venv/lib/python3.10/site-packages/airflow/example_dags/example_python_decorator.py for tasks to queue
[2026-01-29T16:06:54.593+0530] {logging_mixin.py:190} INFO - [2026-01-29T16:06:54.593+0530] {dagbag.py:588} INFO - Filling up the DagBag from /home/hp/Desktop/Bigdata_project/BigData-Project/airflow-venv/lib/python3.10/site-packages/airflow/example_dags/example_python_decorator.py
[2026-01-29T16:06:54.603+0530] {logging_mixin.py:190} INFO - [2026-01-29T16:06:54.603+0530] {example_python_decorator.py:80} WARNING - The virtalenv_python example task requires virtualenv, please install it.
[2026-01-29T16:06:54.605+0530] {processor.py:925} INFO - DAG(s) 'example_python_decorator' retrieved from /home/hp/Desktop/Bigdata_project/BigData-Project/airflow-venv/lib/python3.10/site-packages/airflow/example_dags/example_python_decorator.py
[2026-01-29T16:06:54.623+0530] {logging_mixin.py:190} INFO - [2026-01-29T16:06:54.623+0530] {dag.py:3239} INFO - Sync 1 DAGs
[2026-01-29T16:06:54.637+0530] {logging_mixin.py:190} INFO - [2026-01-29T16:06:54.636+0530] {dag.py:4180} INFO - Setting next_dagrun for example_python_decorator to None, run_after=None
[2026-01-29T16:06:54.657+0530] {processor.py:208} INFO - Processing /home/hp/Desktop/Bigdata_project/BigData-Project/airflow-venv/lib/python3.10/site-packages/airflow/example_dags/example_python_decorator.py took 0.080 seconds
[2026-01-29T16:07:52.657+0530] {processor.py:186} INFO - Started process (PID=31265) to work on /home/hp/Desktop/Bigdata_project/BigData-Project/airflow-venv/lib/python3.10/site-packages/airflow/example_dags/example_python_decorator.py
[2026-01-29T16:07:52.663+0530] {processor.py:914} INFO - Processing file /home/hp/Desktop/Bigdata_project/BigData-Project/airflow-venv/lib/python3.10/site-packages/airflow/example_dags/example_python_decorator.py for tasks to queue
[2026-01-29T16:07:52.666+0530] {logging_mixin.py:190} INFO - [2026-01-29T16:07:52.665+0530] {dagbag.py:588} INFO - Filling up the DagBag from /home/hp/Desktop/Bigdata_project/BigData-Project/airflow-venv/lib/python3.10/site-packages/airflow/example_dags/example_python_decorator.py
[2026-01-29T16:07:52.675+0530] {logging_mixin.py:190} INFO - [2026-01-29T16:07:52.675+0530] {example_python_decorator.py:80} WARNING - The virtalenv_python example task requires virtualenv, please install it.
[2026-01-29T16:07:52.677+0530] {processor.py:925} INFO - DAG(s) 'example_python_decorator' retrieved from /home/hp/Desktop/Bigdata_project/BigData-Project/airflow-venv/lib/python3.10/site-packages/airflow/example_dags/example_python_decorator.py
[2026-01-29T16:07:52.696+0530] {logging_mixin.py:190} INFO - [2026-01-29T16:07:52.696+0530] {dag.py:3239} INFO - Sync 1 DAGs
[2026-01-29T16:07:52.711+0530] {logging_mixin.py:190} INFO - [2026-01-29T16:07:52.710+0530] {dag.py:4180} INFO - Setting next_dagrun for example_python_decorator to None, run_after=None
[2026-01-29T16:07:52.733+0530] {processor.py:208} INFO - Processing /home/hp/Desktop/Bigdata_project/BigData-Project/airflow-venv/lib/python3.10/site-packages/airflow/example_dags/example_python_decorator.py took 0.083 seconds
[2026-01-29T16:08:57.225+0530] {processor.py:186} INFO - Started process (PID=31571) to work on /home/hp/Desktop/Bigdata_project/BigData-Project/airflow-venv/lib/python3.10/site-packages/airflow/example_dags/example_python_decorator.py
[2026-01-29T16:08:57.226+0530] {processor.py:914} INFO - Processing file /home/hp/Desktop/Bigdata_project/BigData-Project/airflow-venv/lib/python3.10/site-packages/airflow/example_dags/example_python_decorator.py for tasks to queue
[2026-01-29T16:08:57.229+0530] {logging_mixin.py:190} INFO - [2026-01-29T16:08:57.229+0530] {dagbag.py:588} INFO - Filling up the DagBag from /home/hp/Desktop/Bigdata_project/BigData-Project/airflow-venv/lib/python3.10/site-packages/airflow/example_dags/example_python_decorator.py
[2026-01-29T16:08:57.239+0530] {logging_mixin.py:190} INFO - [2026-01-29T16:08:57.239+0530] {example_python_decorator.py:80} WARNING - The virtalenv_python example task requires virtualenv, please install it.
[2026-01-29T16:08:57.241+0530] {processor.py:925} INFO - DAG(s) 'example_python_decorator' retrieved from /home/hp/Desktop/Bigdata_project/BigData-Project/airflow-venv/lib/python3.10/site-packages/airflow/example_dags/example_python_decorator.py
[2026-01-29T16:08:57.358+0530] {logging_mixin.py:190} INFO - [2026-01-29T16:08:57.357+0530] {override.py:1930} INFO - Created Permission View: can edit on DAG:example_python_decorator
[2026-01-29T16:08:57.369+0530] {logging_mixin.py:190} INFO - [2026-01-29T16:08:57.369+0530] {override.py:1930} INFO - Created Permission View: can delete on DAG:example_python_decorator
[2026-01-29T16:08:57.377+0530] {logging_mixin.py:190} INFO - [2026-01-29T16:08:57.377+0530] {override.py:1930} INFO - Created Permission View: can read on DAG:example_python_decorator
[2026-01-29T16:08:57.392+0530] {logging_mixin.py:190} INFO - [2026-01-29T16:08:57.391+0530] {override.py:1930} INFO - Created Permission View: menu access on DAG Run:example_python_decorator
[2026-01-29T16:08:57.403+0530] {logging_mixin.py:190} INFO - [2026-01-29T16:08:57.403+0530] {override.py:1930} INFO - Created Permission View: can delete on DAG Run:example_python_decorator
[2026-01-29T16:08:57.420+0530] {logging_mixin.py:190} INFO - [2026-01-29T16:08:57.419+0530] {override.py:1930} INFO - Created Permission View: can create on DAG Run:example_python_decorator
[2026-01-29T16:08:57.429+0530] {logging_mixin.py:190} INFO - [2026-01-29T16:08:57.428+0530] {override.py:1930} INFO - Created Permission View: can read on DAG Run:example_python_decorator
[2026-01-29T16:08:57.429+0530] {logging_mixin.py:190} INFO - [2026-01-29T16:08:57.429+0530] {dag.py:3239} INFO - Sync 1 DAGs
[2026-01-29T16:08:57.561+0530] {logging_mixin.py:190} INFO - [2026-01-29T16:08:57.561+0530] {dag.py:3262} INFO - Creating ORM DAG for example_python_decorator
[2026-01-29T16:08:57.562+0530] {logging_mixin.py:190} INFO - [2026-01-29T16:08:57.562+0530] {dag.py:4180} INFO - Setting next_dagrun for example_python_decorator to None, run_after=None
[2026-01-29T16:08:57.580+0530] {processor.py:208} INFO - Processing /home/hp/Desktop/Bigdata_project/BigData-Project/airflow-venv/lib/python3.10/site-packages/airflow/example_dags/example_python_decorator.py took 0.362 seconds
