[2026-01-29T15:55:49.709+0530] {processor.py:186} INFO - Started process (PID=28361) to work on /home/hp/Desktop/Bigdata_project/BigData-Project/airflow-venv/lib/python3.10/site-packages/airflow/example_dags/example_sensors.py
[2026-01-29T15:55:49.710+0530] {processor.py:914} INFO - Processing file /home/hp/Desktop/Bigdata_project/BigData-Project/airflow-venv/lib/python3.10/site-packages/airflow/example_dags/example_sensors.py for tasks to queue
[2026-01-29T15:55:49.713+0530] {logging_mixin.py:190} INFO - [2026-01-29T15:55:49.712+0530] {dagbag.py:588} INFO - Filling up the DagBag from /home/hp/Desktop/Bigdata_project/BigData-Project/airflow-venv/lib/python3.10/site-packages/airflow/example_dags/example_sensors.py
[2026-01-29T15:55:49.728+0530] {processor.py:925} INFO - DAG(s) 'example_sensors' retrieved from /home/hp/Desktop/Bigdata_project/BigData-Project/airflow-venv/lib/python3.10/site-packages/airflow/example_dags/example_sensors.py
[2026-01-29T15:55:49.845+0530] {logging_mixin.py:190} INFO - [2026-01-29T15:55:49.844+0530] {override.py:1930} INFO - Created Permission View: can edit on DAG:example_sensors
[2026-01-29T15:55:49.857+0530] {logging_mixin.py:190} INFO - [2026-01-29T15:55:49.856+0530] {override.py:1930} INFO - Created Permission View: can delete on DAG:example_sensors
[2026-01-29T15:55:49.865+0530] {logging_mixin.py:190} INFO - [2026-01-29T15:55:49.865+0530] {override.py:1930} INFO - Created Permission View: can read on DAG:example_sensors
[2026-01-29T15:55:49.877+0530] {logging_mixin.py:190} INFO - [2026-01-29T15:55:49.876+0530] {override.py:1930} INFO - Created Permission View: can delete on DAG Run:example_sensors
[2026-01-29T15:55:49.885+0530] {logging_mixin.py:190} INFO - [2026-01-29T15:55:49.885+0530] {override.py:1930} INFO - Created Permission View: can read on DAG Run:example_sensors
[2026-01-29T15:55:49.893+0530] {logging_mixin.py:190} INFO - [2026-01-29T15:55:49.893+0530] {override.py:1930} INFO - Created Permission View: menu access on DAG Run:example_sensors
[2026-01-29T15:55:49.901+0530] {logging_mixin.py:190} INFO - [2026-01-29T15:55:49.901+0530] {override.py:1930} INFO - Created Permission View: can create on DAG Run:example_sensors
[2026-01-29T15:55:49.901+0530] {logging_mixin.py:190} INFO - [2026-01-29T15:55:49.901+0530] {dag.py:3239} INFO - Sync 1 DAGs
[2026-01-29T15:55:49.914+0530] {logging_mixin.py:190} INFO - [2026-01-29T15:55:49.914+0530] {dag.py:3262} INFO - Creating ORM DAG for example_sensors
[2026-01-29T15:55:49.915+0530] {logging_mixin.py:190} INFO - [2026-01-29T15:55:49.915+0530] {dag.py:4180} INFO - Setting next_dagrun for example_sensors to None, run_after=None
[2026-01-29T15:55:49.937+0530] {processor.py:208} INFO - Processing /home/hp/Desktop/Bigdata_project/BigData-Project/airflow-venv/lib/python3.10/site-packages/airflow/example_dags/example_sensors.py took 0.236 seconds
[2026-01-29T15:56:52.317+0530] {processor.py:186} INFO - Started process (PID=28601) to work on /home/hp/Desktop/Bigdata_project/BigData-Project/airflow-venv/lib/python3.10/site-packages/airflow/example_dags/example_sensors.py
[2026-01-29T15:56:52.324+0530] {processor.py:914} INFO - Processing file /home/hp/Desktop/Bigdata_project/BigData-Project/airflow-venv/lib/python3.10/site-packages/airflow/example_dags/example_sensors.py for tasks to queue
[2026-01-29T15:56:52.327+0530] {logging_mixin.py:190} INFO - [2026-01-29T15:56:52.327+0530] {dagbag.py:588} INFO - Filling up the DagBag from /home/hp/Desktop/Bigdata_project/BigData-Project/airflow-venv/lib/python3.10/site-packages/airflow/example_dags/example_sensors.py
[2026-01-29T15:56:52.339+0530] {processor.py:925} INFO - DAG(s) 'example_sensors' retrieved from /home/hp/Desktop/Bigdata_project/BigData-Project/airflow-venv/lib/python3.10/site-packages/airflow/example_dags/example_sensors.py
[2026-01-29T15:56:52.362+0530] {logging_mixin.py:190} INFO - [2026-01-29T15:56:52.362+0530] {dag.py:3239} INFO - Sync 1 DAGs
[2026-01-29T15:56:52.375+0530] {logging_mixin.py:190} INFO - [2026-01-29T15:56:52.374+0530] {dag.py:4180} INFO - Setting next_dagrun for example_sensors to None, run_after=None
[2026-01-29T15:56:52.395+0530] {processor.py:208} INFO - Processing /home/hp/Desktop/Bigdata_project/BigData-Project/airflow-venv/lib/python3.10/site-packages/airflow/example_dags/example_sensors.py took 0.084 seconds
[2026-01-29T16:00:27.410+0530] {processor.py:186} INFO - Started process (PID=29300) to work on /home/hp/Desktop/Bigdata_project/BigData-Project/airflow-venv/lib/python3.10/site-packages/airflow/example_dags/example_sensors.py
[2026-01-29T16:00:27.416+0530] {processor.py:914} INFO - Processing file /home/hp/Desktop/Bigdata_project/BigData-Project/airflow-venv/lib/python3.10/site-packages/airflow/example_dags/example_sensors.py for tasks to queue
[2026-01-29T16:00:27.419+0530] {logging_mixin.py:190} INFO - [2026-01-29T16:00:27.418+0530] {dagbag.py:588} INFO - Filling up the DagBag from /home/hp/Desktop/Bigdata_project/BigData-Project/airflow-venv/lib/python3.10/site-packages/airflow/example_dags/example_sensors.py
[2026-01-29T16:00:27.430+0530] {processor.py:925} INFO - DAG(s) 'example_sensors' retrieved from /home/hp/Desktop/Bigdata_project/BigData-Project/airflow-venv/lib/python3.10/site-packages/airflow/example_dags/example_sensors.py
[2026-01-29T16:00:27.454+0530] {logging_mixin.py:190} INFO - [2026-01-29T16:00:27.453+0530] {dag.py:3239} INFO - Sync 1 DAGs
[2026-01-29T16:00:27.466+0530] {logging_mixin.py:190} INFO - [2026-01-29T16:00:27.466+0530] {dag.py:4180} INFO - Setting next_dagrun for example_sensors to None, run_after=None
[2026-01-29T16:00:27.486+0530] {processor.py:208} INFO - Processing /home/hp/Desktop/Bigdata_project/BigData-Project/airflow-venv/lib/python3.10/site-packages/airflow/example_dags/example_sensors.py took 0.082 seconds
[2026-01-29T16:01:22.938+0530] {processor.py:186} INFO - Started process (PID=29553) to work on /home/hp/Desktop/Bigdata_project/BigData-Project/airflow-venv/lib/python3.10/site-packages/airflow/example_dags/example_sensors.py
[2026-01-29T16:01:22.945+0530] {processor.py:914} INFO - Processing file /home/hp/Desktop/Bigdata_project/BigData-Project/airflow-venv/lib/python3.10/site-packages/airflow/example_dags/example_sensors.py for tasks to queue
[2026-01-29T16:01:22.947+0530] {logging_mixin.py:190} INFO - [2026-01-29T16:01:22.947+0530] {dagbag.py:588} INFO - Filling up the DagBag from /home/hp/Desktop/Bigdata_project/BigData-Project/airflow-venv/lib/python3.10/site-packages/airflow/example_dags/example_sensors.py
[2026-01-29T16:01:22.959+0530] {processor.py:925} INFO - DAG(s) 'example_sensors' retrieved from /home/hp/Desktop/Bigdata_project/BigData-Project/airflow-venv/lib/python3.10/site-packages/airflow/example_dags/example_sensors.py
[2026-01-29T16:01:22.981+0530] {logging_mixin.py:190} INFO - [2026-01-29T16:01:22.981+0530] {dag.py:3239} INFO - Sync 1 DAGs
[2026-01-29T16:01:22.993+0530] {logging_mixin.py:190} INFO - [2026-01-29T16:01:22.993+0530] {dag.py:4180} INFO - Setting next_dagrun for example_sensors to None, run_after=None
[2026-01-29T16:01:23.013+0530] {processor.py:208} INFO - Processing /home/hp/Desktop/Bigdata_project/BigData-Project/airflow-venv/lib/python3.10/site-packages/airflow/example_dags/example_sensors.py took 0.081 seconds
[2026-01-29T16:02:19.660+0530] {processor.py:186} INFO - Started process (PID=29797) to work on /home/hp/Desktop/Bigdata_project/BigData-Project/airflow-venv/lib/python3.10/site-packages/airflow/example_dags/example_sensors.py
[2026-01-29T16:02:19.666+0530] {processor.py:914} INFO - Processing file /home/hp/Desktop/Bigdata_project/BigData-Project/airflow-venv/lib/python3.10/site-packages/airflow/example_dags/example_sensors.py for tasks to queue
[2026-01-29T16:02:19.669+0530] {logging_mixin.py:190} INFO - [2026-01-29T16:02:19.668+0530] {dagbag.py:588} INFO - Filling up the DagBag from /home/hp/Desktop/Bigdata_project/BigData-Project/airflow-venv/lib/python3.10/site-packages/airflow/example_dags/example_sensors.py
[2026-01-29T16:02:19.680+0530] {processor.py:925} INFO - DAG(s) 'example_sensors' retrieved from /home/hp/Desktop/Bigdata_project/BigData-Project/airflow-venv/lib/python3.10/site-packages/airflow/example_dags/example_sensors.py
[2026-01-29T16:02:19.702+0530] {logging_mixin.py:190} INFO - [2026-01-29T16:02:19.702+0530] {dag.py:3239} INFO - Sync 1 DAGs
[2026-01-29T16:02:19.715+0530] {logging_mixin.py:190} INFO - [2026-01-29T16:02:19.714+0530] {dag.py:4180} INFO - Setting next_dagrun for example_sensors to None, run_after=None
[2026-01-29T16:02:19.734+0530] {processor.py:208} INFO - Processing /home/hp/Desktop/Bigdata_project/BigData-Project/airflow-venv/lib/python3.10/site-packages/airflow/example_dags/example_sensors.py took 0.081 seconds
[2026-01-29T16:03:14.237+0530] {processor.py:186} INFO - Started process (PID=30030) to work on /home/hp/Desktop/Bigdata_project/BigData-Project/airflow-venv/lib/python3.10/site-packages/airflow/example_dags/example_sensors.py
[2026-01-29T16:03:14.243+0530] {processor.py:914} INFO - Processing file /home/hp/Desktop/Bigdata_project/BigData-Project/airflow-venv/lib/python3.10/site-packages/airflow/example_dags/example_sensors.py for tasks to queue
[2026-01-29T16:03:14.246+0530] {logging_mixin.py:190} INFO - [2026-01-29T16:03:14.245+0530] {dagbag.py:588} INFO - Filling up the DagBag from /home/hp/Desktop/Bigdata_project/BigData-Project/airflow-venv/lib/python3.10/site-packages/airflow/example_dags/example_sensors.py
[2026-01-29T16:03:14.258+0530] {processor.py:925} INFO - DAG(s) 'example_sensors' retrieved from /home/hp/Desktop/Bigdata_project/BigData-Project/airflow-venv/lib/python3.10/site-packages/airflow/example_dags/example_sensors.py
[2026-01-29T16:03:14.282+0530] {logging_mixin.py:190} INFO - [2026-01-29T16:03:14.282+0530] {dag.py:3239} INFO - Sync 1 DAGs
[2026-01-29T16:03:14.296+0530] {logging_mixin.py:190} INFO - [2026-01-29T16:03:14.296+0530] {dag.py:4180} INFO - Setting next_dagrun for example_sensors to None, run_after=None
[2026-01-29T16:03:14.318+0530] {processor.py:208} INFO - Processing /home/hp/Desktop/Bigdata_project/BigData-Project/airflow-venv/lib/python3.10/site-packages/airflow/example_dags/example_sensors.py took 0.089 seconds
[2026-01-29T16:04:08.610+0530] {processor.py:186} INFO - Started process (PID=30228) to work on /home/hp/Desktop/Bigdata_project/BigData-Project/airflow-venv/lib/python3.10/site-packages/airflow/example_dags/example_sensors.py
[2026-01-29T16:04:08.616+0530] {processor.py:914} INFO - Processing file /home/hp/Desktop/Bigdata_project/BigData-Project/airflow-venv/lib/python3.10/site-packages/airflow/example_dags/example_sensors.py for tasks to queue
[2026-01-29T16:04:08.619+0530] {logging_mixin.py:190} INFO - [2026-01-29T16:04:08.619+0530] {dagbag.py:588} INFO - Filling up the DagBag from /home/hp/Desktop/Bigdata_project/BigData-Project/airflow-venv/lib/python3.10/site-packages/airflow/example_dags/example_sensors.py
[2026-01-29T16:04:08.632+0530] {processor.py:925} INFO - DAG(s) 'example_sensors' retrieved from /home/hp/Desktop/Bigdata_project/BigData-Project/airflow-venv/lib/python3.10/site-packages/airflow/example_dags/example_sensors.py
[2026-01-29T16:04:08.657+0530] {logging_mixin.py:190} INFO - [2026-01-29T16:04:08.657+0530] {dag.py:3239} INFO - Sync 1 DAGs
[2026-01-29T16:04:08.671+0530] {logging_mixin.py:190} INFO - [2026-01-29T16:04:08.671+0530] {dag.py:4180} INFO - Setting next_dagrun for example_sensors to None, run_after=None
[2026-01-29T16:04:08.693+0530] {processor.py:208} INFO - Processing /home/hp/Desktop/Bigdata_project/BigData-Project/airflow-venv/lib/python3.10/site-packages/airflow/example_dags/example_sensors.py took 0.091 seconds
[2026-01-29T16:05:05.872+0530] {processor.py:186} INFO - Started process (PID=30525) to work on /home/hp/Desktop/Bigdata_project/BigData-Project/airflow-venv/lib/python3.10/site-packages/airflow/example_dags/example_sensors.py
[2026-01-29T16:05:05.878+0530] {processor.py:914} INFO - Processing file /home/hp/Desktop/Bigdata_project/BigData-Project/airflow-venv/lib/python3.10/site-packages/airflow/example_dags/example_sensors.py for tasks to queue
[2026-01-29T16:05:05.881+0530] {logging_mixin.py:190} INFO - [2026-01-29T16:05:05.881+0530] {dagbag.py:588} INFO - Filling up the DagBag from /home/hp/Desktop/Bigdata_project/BigData-Project/airflow-venv/lib/python3.10/site-packages/airflow/example_dags/example_sensors.py
[2026-01-29T16:05:05.892+0530] {processor.py:925} INFO - DAG(s) 'example_sensors' retrieved from /home/hp/Desktop/Bigdata_project/BigData-Project/airflow-venv/lib/python3.10/site-packages/airflow/example_dags/example_sensors.py
[2026-01-29T16:05:05.915+0530] {logging_mixin.py:190} INFO - [2026-01-29T16:05:05.914+0530] {dag.py:3239} INFO - Sync 1 DAGs
[2026-01-29T16:05:05.927+0530] {logging_mixin.py:190} INFO - [2026-01-29T16:05:05.927+0530] {dag.py:4180} INFO - Setting next_dagrun for example_sensors to None, run_after=None
[2026-01-29T16:05:05.949+0530] {processor.py:208} INFO - Processing /home/hp/Desktop/Bigdata_project/BigData-Project/airflow-venv/lib/python3.10/site-packages/airflow/example_dags/example_sensors.py took 0.084 seconds
[2026-01-29T16:06:02.339+0530] {processor.py:186} INFO - Started process (PID=30758) to work on /home/hp/Desktop/Bigdata_project/BigData-Project/airflow-venv/lib/python3.10/site-packages/airflow/example_dags/example_sensors.py
[2026-01-29T16:06:02.340+0530] {processor.py:914} INFO - Processing file /home/hp/Desktop/Bigdata_project/BigData-Project/airflow-venv/lib/python3.10/site-packages/airflow/example_dags/example_sensors.py for tasks to queue
[2026-01-29T16:06:02.342+0530] {logging_mixin.py:190} INFO - [2026-01-29T16:06:02.342+0530] {dagbag.py:588} INFO - Filling up the DagBag from /home/hp/Desktop/Bigdata_project/BigData-Project/airflow-venv/lib/python3.10/site-packages/airflow/example_dags/example_sensors.py
[2026-01-29T16:06:02.354+0530] {processor.py:925} INFO - DAG(s) 'example_sensors' retrieved from /home/hp/Desktop/Bigdata_project/BigData-Project/airflow-venv/lib/python3.10/site-packages/airflow/example_dags/example_sensors.py
[2026-01-29T16:06:02.376+0530] {logging_mixin.py:190} INFO - [2026-01-29T16:06:02.376+0530] {dag.py:3239} INFO - Sync 1 DAGs
[2026-01-29T16:06:02.388+0530] {logging_mixin.py:190} INFO - [2026-01-29T16:06:02.388+0530] {dag.py:4180} INFO - Setting next_dagrun for example_sensors to None, run_after=None
[2026-01-29T16:06:02.408+0530] {processor.py:208} INFO - Processing /home/hp/Desktop/Bigdata_project/BigData-Project/airflow-venv/lib/python3.10/site-packages/airflow/example_dags/example_sensors.py took 0.076 seconds
[2026-01-29T16:06:59.299+0530] {processor.py:186} INFO - Started process (PID=31043) to work on /home/hp/Desktop/Bigdata_project/BigData-Project/airflow-venv/lib/python3.10/site-packages/airflow/example_dags/example_sensors.py
[2026-01-29T16:06:59.305+0530] {processor.py:914} INFO - Processing file /home/hp/Desktop/Bigdata_project/BigData-Project/airflow-venv/lib/python3.10/site-packages/airflow/example_dags/example_sensors.py for tasks to queue
[2026-01-29T16:06:59.308+0530] {logging_mixin.py:190} INFO - [2026-01-29T16:06:59.307+0530] {dagbag.py:588} INFO - Filling up the DagBag from /home/hp/Desktop/Bigdata_project/BigData-Project/airflow-venv/lib/python3.10/site-packages/airflow/example_dags/example_sensors.py
[2026-01-29T16:06:59.322+0530] {processor.py:925} INFO - DAG(s) 'example_sensors' retrieved from /home/hp/Desktop/Bigdata_project/BigData-Project/airflow-venv/lib/python3.10/site-packages/airflow/example_dags/example_sensors.py
[2026-01-29T16:06:59.358+0530] {logging_mixin.py:190} INFO - [2026-01-29T16:06:59.358+0530] {dag.py:3239} INFO - Sync 1 DAGs
[2026-01-29T16:06:59.378+0530] {logging_mixin.py:190} INFO - [2026-01-29T16:06:59.377+0530] {dag.py:4180} INFO - Setting next_dagrun for example_sensors to None, run_after=None
[2026-01-29T16:06:59.403+0530] {processor.py:208} INFO - Processing /home/hp/Desktop/Bigdata_project/BigData-Project/airflow-venv/lib/python3.10/site-packages/airflow/example_dags/example_sensors.py took 0.111 seconds
[2026-01-29T16:07:56.777+0530] {processor.py:186} INFO - Started process (PID=31278) to work on /home/hp/Desktop/Bigdata_project/BigData-Project/airflow-venv/lib/python3.10/site-packages/airflow/example_dags/example_sensors.py
[2026-01-29T16:07:56.783+0530] {processor.py:914} INFO - Processing file /home/hp/Desktop/Bigdata_project/BigData-Project/airflow-venv/lib/python3.10/site-packages/airflow/example_dags/example_sensors.py for tasks to queue
[2026-01-29T16:07:56.786+0530] {logging_mixin.py:190} INFO - [2026-01-29T16:07:56.785+0530] {dagbag.py:588} INFO - Filling up the DagBag from /home/hp/Desktop/Bigdata_project/BigData-Project/airflow-venv/lib/python3.10/site-packages/airflow/example_dags/example_sensors.py
[2026-01-29T16:07:56.798+0530] {processor.py:925} INFO - DAG(s) 'example_sensors' retrieved from /home/hp/Desktop/Bigdata_project/BigData-Project/airflow-venv/lib/python3.10/site-packages/airflow/example_dags/example_sensors.py
[2026-01-29T16:07:56.820+0530] {logging_mixin.py:190} INFO - [2026-01-29T16:07:56.820+0530] {dag.py:3239} INFO - Sync 1 DAGs
[2026-01-29T16:07:56.833+0530] {logging_mixin.py:190} INFO - [2026-01-29T16:07:56.833+0530] {dag.py:4180} INFO - Setting next_dagrun for example_sensors to None, run_after=None
[2026-01-29T16:07:56.854+0530] {processor.py:208} INFO - Processing /home/hp/Desktop/Bigdata_project/BigData-Project/airflow-venv/lib/python3.10/site-packages/airflow/example_dags/example_sensors.py took 0.084 seconds
[2026-01-29T16:09:02.079+0530] {processor.py:186} INFO - Started process (PID=31607) to work on /home/hp/Desktop/Bigdata_project/BigData-Project/airflow-venv/lib/python3.10/site-packages/airflow/example_dags/example_sensors.py
[2026-01-29T16:09:02.086+0530] {processor.py:914} INFO - Processing file /home/hp/Desktop/Bigdata_project/BigData-Project/airflow-venv/lib/python3.10/site-packages/airflow/example_dags/example_sensors.py for tasks to queue
[2026-01-29T16:09:02.088+0530] {logging_mixin.py:190} INFO - [2026-01-29T16:09:02.088+0530] {dagbag.py:588} INFO - Filling up the DagBag from /home/hp/Desktop/Bigdata_project/BigData-Project/airflow-venv/lib/python3.10/site-packages/airflow/example_dags/example_sensors.py
[2026-01-29T16:09:02.100+0530] {processor.py:925} INFO - DAG(s) 'example_sensors' retrieved from /home/hp/Desktop/Bigdata_project/BigData-Project/airflow-venv/lib/python3.10/site-packages/airflow/example_dags/example_sensors.py
[2026-01-29T16:09:02.201+0530] {logging_mixin.py:190} INFO - [2026-01-29T16:09:02.200+0530] {override.py:1930} INFO - Created Permission View: can edit on DAG:example_sensors
[2026-01-29T16:09:02.213+0530] {logging_mixin.py:190} INFO - [2026-01-29T16:09:02.212+0530] {override.py:1930} INFO - Created Permission View: can delete on DAG:example_sensors
[2026-01-29T16:09:02.220+0530] {logging_mixin.py:190} INFO - [2026-01-29T16:09:02.220+0530] {override.py:1930} INFO - Created Permission View: can read on DAG:example_sensors
[2026-01-29T16:09:02.231+0530] {logging_mixin.py:190} INFO - [2026-01-29T16:09:02.231+0530] {override.py:1930} INFO - Created Permission View: menu access on DAG Run:example_sensors
[2026-01-29T16:09:02.238+0530] {logging_mixin.py:190} INFO - [2026-01-29T16:09:02.238+0530] {override.py:1930} INFO - Created Permission View: can delete on DAG Run:example_sensors
[2026-01-29T16:09:02.246+0530] {logging_mixin.py:190} INFO - [2026-01-29T16:09:02.245+0530] {override.py:1930} INFO - Created Permission View: can create on DAG Run:example_sensors
[2026-01-29T16:09:02.253+0530] {logging_mixin.py:190} INFO - [2026-01-29T16:09:02.253+0530] {override.py:1930} INFO - Created Permission View: can read on DAG Run:example_sensors
[2026-01-29T16:09:02.253+0530] {logging_mixin.py:190} INFO - [2026-01-29T16:09:02.253+0530] {dag.py:3239} INFO - Sync 1 DAGs
[2026-01-29T16:09:02.376+0530] {logging_mixin.py:190} INFO - [2026-01-29T16:09:02.376+0530] {dag.py:3262} INFO - Creating ORM DAG for example_sensors
[2026-01-29T16:09:02.377+0530] {logging_mixin.py:190} INFO - [2026-01-29T16:09:02.377+0530] {dag.py:4180} INFO - Setting next_dagrun for example_sensors to None, run_after=None
[2026-01-29T16:09:02.401+0530] {processor.py:208} INFO - Processing /home/hp/Desktop/Bigdata_project/BigData-Project/airflow-venv/lib/python3.10/site-packages/airflow/example_dags/example_sensors.py took 0.329 seconds
