[2026-01-29T15:56:16.343+0530] {processor.py:186} INFO - Started process (PID=28485) to work on /home/hp/Desktop/Bigdata_project/BigData-Project/airflow-venv/lib/python3.10/site-packages/airflow/example_dags/example_branch_datetime_operator.py
[2026-01-29T15:56:16.344+0530] {processor.py:914} INFO - Processing file /home/hp/Desktop/Bigdata_project/BigData-Project/airflow-venv/lib/python3.10/site-packages/airflow/example_dags/example_branch_datetime_operator.py for tasks to queue
[2026-01-29T15:56:16.346+0530] {logging_mixin.py:190} INFO - [2026-01-29T15:56:16.346+0530] {dagbag.py:588} INFO - Filling up the DagBag from /home/hp/Desktop/Bigdata_project/BigData-Project/airflow-venv/lib/python3.10/site-packages/airflow/example_dags/example_branch_datetime_operator.py
[2026-01-29T15:56:16.359+0530] {processor.py:925} INFO - DAG(s) 'example_branch_datetime_operator', 'example_branch_datetime_operator_3', 'example_branch_datetime_operator_2' retrieved from /home/hp/Desktop/Bigdata_project/BigData-Project/airflow-venv/lib/python3.10/site-packages/airflow/example_dags/example_branch_datetime_operator.py
[2026-01-29T15:56:16.464+0530] {logging_mixin.py:190} INFO - [2026-01-29T15:56:16.463+0530] {override.py:1930} INFO - Created Permission View: can edit on DAG:example_branch_datetime_operator
[2026-01-29T15:56:16.474+0530] {logging_mixin.py:190} INFO - [2026-01-29T15:56:16.474+0530] {override.py:1930} INFO - Created Permission View: can delete on DAG:example_branch_datetime_operator
[2026-01-29T15:56:16.481+0530] {logging_mixin.py:190} INFO - [2026-01-29T15:56:16.481+0530] {override.py:1930} INFO - Created Permission View: can read on DAG:example_branch_datetime_operator
[2026-01-29T15:56:16.492+0530] {logging_mixin.py:190} INFO - [2026-01-29T15:56:16.492+0530] {override.py:1930} INFO - Created Permission View: can delete on DAG Run:example_branch_datetime_operator
[2026-01-29T15:56:16.499+0530] {logging_mixin.py:190} INFO - [2026-01-29T15:56:16.499+0530] {override.py:1930} INFO - Created Permission View: can read on DAG Run:example_branch_datetime_operator
[2026-01-29T15:56:16.506+0530] {logging_mixin.py:190} INFO - [2026-01-29T15:56:16.506+0530] {override.py:1930} INFO - Created Permission View: menu access on DAG Run:example_branch_datetime_operator
[2026-01-29T15:56:16.515+0530] {logging_mixin.py:190} INFO - [2026-01-29T15:56:16.514+0530] {override.py:1930} INFO - Created Permission View: can create on DAG Run:example_branch_datetime_operator
[2026-01-29T15:56:16.531+0530] {logging_mixin.py:190} INFO - [2026-01-29T15:56:16.531+0530] {override.py:1930} INFO - Created Permission View: can edit on DAG:example_branch_datetime_operator_3
[2026-01-29T15:56:16.539+0530] {logging_mixin.py:190} INFO - [2026-01-29T15:56:16.538+0530] {override.py:1930} INFO - Created Permission View: can delete on DAG:example_branch_datetime_operator_3
[2026-01-29T15:56:16.548+0530] {logging_mixin.py:190} INFO - [2026-01-29T15:56:16.547+0530] {override.py:1930} INFO - Created Permission View: can read on DAG:example_branch_datetime_operator_3
[2026-01-29T15:56:16.558+0530] {logging_mixin.py:190} INFO - [2026-01-29T15:56:16.557+0530] {override.py:1930} INFO - Created Permission View: can delete on DAG Run:example_branch_datetime_operator_3
[2026-01-29T15:56:16.565+0530] {logging_mixin.py:190} INFO - [2026-01-29T15:56:16.564+0530] {override.py:1930} INFO - Created Permission View: can read on DAG Run:example_branch_datetime_operator_3
[2026-01-29T15:56:16.572+0530] {logging_mixin.py:190} INFO - [2026-01-29T15:56:16.571+0530] {override.py:1930} INFO - Created Permission View: menu access on DAG Run:example_branch_datetime_operator_3
[2026-01-29T15:56:16.579+0530] {logging_mixin.py:190} INFO - [2026-01-29T15:56:16.579+0530] {override.py:1930} INFO - Created Permission View: can create on DAG Run:example_branch_datetime_operator_3
[2026-01-29T15:56:16.595+0530] {logging_mixin.py:190} INFO - [2026-01-29T15:56:16.594+0530] {override.py:1930} INFO - Created Permission View: can edit on DAG:example_branch_datetime_operator_2
[2026-01-29T15:56:16.602+0530] {logging_mixin.py:190} INFO - [2026-01-29T15:56:16.602+0530] {override.py:1930} INFO - Created Permission View: can delete on DAG:example_branch_datetime_operator_2
[2026-01-29T15:56:16.609+0530] {logging_mixin.py:190} INFO - [2026-01-29T15:56:16.609+0530] {override.py:1930} INFO - Created Permission View: can read on DAG:example_branch_datetime_operator_2
[2026-01-29T15:56:16.619+0530] {logging_mixin.py:190} INFO - [2026-01-29T15:56:16.619+0530] {override.py:1930} INFO - Created Permission View: can delete on DAG Run:example_branch_datetime_operator_2
[2026-01-29T15:56:16.627+0530] {logging_mixin.py:190} INFO - [2026-01-29T15:56:16.626+0530] {override.py:1930} INFO - Created Permission View: can read on DAG Run:example_branch_datetime_operator_2
[2026-01-29T15:56:16.634+0530] {logging_mixin.py:190} INFO - [2026-01-29T15:56:16.633+0530] {override.py:1930} INFO - Created Permission View: menu access on DAG Run:example_branch_datetime_operator_2
[2026-01-29T15:56:16.641+0530] {logging_mixin.py:190} INFO - [2026-01-29T15:56:16.641+0530] {override.py:1930} INFO - Created Permission View: can create on DAG Run:example_branch_datetime_operator_2
[2026-01-29T15:56:16.642+0530] {logging_mixin.py:190} INFO - [2026-01-29T15:56:16.641+0530] {dag.py:3239} INFO - Sync 3 DAGs
[2026-01-29T15:56:16.653+0530] {logging_mixin.py:190} INFO - [2026-01-29T15:56:16.653+0530] {dag.py:3262} INFO - Creating ORM DAG for example_branch_datetime_operator
[2026-01-29T15:56:16.654+0530] {logging_mixin.py:190} INFO - [2026-01-29T15:56:16.653+0530] {dag.py:3262} INFO - Creating ORM DAG for example_branch_datetime_operator_2
[2026-01-29T15:56:16.654+0530] {logging_mixin.py:190} INFO - [2026-01-29T15:56:16.654+0530] {dag.py:3262} INFO - Creating ORM DAG for example_branch_datetime_operator_3
[2026-01-29T15:56:16.664+0530] {logging_mixin.py:190} INFO - [2026-01-29T15:56:16.663+0530] {dag.py:4180} INFO - Setting next_dagrun for example_branch_datetime_operator to 2026-01-28 00:00:00+00:00, run_after=2026-01-29 00:00:00+00:00
[2026-01-29T15:56:16.665+0530] {logging_mixin.py:190} INFO - [2026-01-29T15:56:16.665+0530] {dag.py:4180} INFO - Setting next_dagrun for example_branch_datetime_operator_2 to 2026-01-28 00:00:00+00:00, run_after=2026-01-29 00:00:00+00:00
[2026-01-29T15:56:16.667+0530] {logging_mixin.py:190} INFO - [2026-01-29T15:56:16.667+0530] {dag.py:4180} INFO - Setting next_dagrun for example_branch_datetime_operator_3 to 2026-01-28 00:00:00+00:00, run_after=2026-01-29 00:00:00+00:00
[2026-01-29T15:56:16.687+0530] {processor.py:208} INFO - Processing /home/hp/Desktop/Bigdata_project/BigData-Project/airflow-venv/lib/python3.10/site-packages/airflow/example_dags/example_branch_datetime_operator.py took 0.352 seconds
[2026-01-29T15:57:17.248+0530] {processor.py:186} INFO - Started process (PID=28677) to work on /home/hp/Desktop/Bigdata_project/BigData-Project/airflow-venv/lib/python3.10/site-packages/airflow/example_dags/example_branch_datetime_operator.py
[2026-01-29T15:57:17.254+0530] {processor.py:914} INFO - Processing file /home/hp/Desktop/Bigdata_project/BigData-Project/airflow-venv/lib/python3.10/site-packages/airflow/example_dags/example_branch_datetime_operator.py for tasks to queue
[2026-01-29T15:57:17.257+0530] {logging_mixin.py:190} INFO - [2026-01-29T15:57:17.256+0530] {dagbag.py:588} INFO - Filling up the DagBag from /home/hp/Desktop/Bigdata_project/BigData-Project/airflow-venv/lib/python3.10/site-packages/airflow/example_dags/example_branch_datetime_operator.py
[2026-01-29T15:57:17.270+0530] {processor.py:925} INFO - DAG(s) 'example_branch_datetime_operator_3', 'example_branch_datetime_operator_2', 'example_branch_datetime_operator' retrieved from /home/hp/Desktop/Bigdata_project/BigData-Project/airflow-venv/lib/python3.10/site-packages/airflow/example_dags/example_branch_datetime_operator.py
[2026-01-29T15:57:17.292+0530] {logging_mixin.py:190} INFO - [2026-01-29T15:57:17.292+0530] {dag.py:3239} INFO - Sync 3 DAGs
[2026-01-29T15:57:17.315+0530] {logging_mixin.py:190} INFO - [2026-01-29T15:57:17.315+0530] {dag.py:4180} INFO - Setting next_dagrun for example_branch_datetime_operator to 2026-01-28 00:00:00+00:00, run_after=2026-01-29 00:00:00+00:00
[2026-01-29T15:57:17.321+0530] {logging_mixin.py:190} INFO - [2026-01-29T15:57:17.320+0530] {dag.py:4180} INFO - Setting next_dagrun for example_branch_datetime_operator_2 to 2026-01-28 00:00:00+00:00, run_after=2026-01-29 00:00:00+00:00
[2026-01-29T15:57:17.323+0530] {logging_mixin.py:190} INFO - [2026-01-29T15:57:17.323+0530] {dag.py:4180} INFO - Setting next_dagrun for example_branch_datetime_operator_3 to 2026-01-28 00:00:00+00:00, run_after=2026-01-29 00:00:00+00:00
[2026-01-29T15:57:17.342+0530] {processor.py:208} INFO - Processing /home/hp/Desktop/Bigdata_project/BigData-Project/airflow-venv/lib/python3.10/site-packages/airflow/example_dags/example_branch_datetime_operator.py took 0.101 seconds
[2026-01-29T16:00:48.003+0530] {processor.py:186} INFO - Started process (PID=29397) to work on /home/hp/Desktop/Bigdata_project/BigData-Project/airflow-venv/lib/python3.10/site-packages/airflow/example_dags/example_branch_datetime_operator.py
[2026-01-29T16:00:48.009+0530] {processor.py:914} INFO - Processing file /home/hp/Desktop/Bigdata_project/BigData-Project/airflow-venv/lib/python3.10/site-packages/airflow/example_dags/example_branch_datetime_operator.py for tasks to queue
[2026-01-29T16:00:48.012+0530] {logging_mixin.py:190} INFO - [2026-01-29T16:00:48.012+0530] {dagbag.py:588} INFO - Filling up the DagBag from /home/hp/Desktop/Bigdata_project/BigData-Project/airflow-venv/lib/python3.10/site-packages/airflow/example_dags/example_branch_datetime_operator.py
[2026-01-29T16:00:48.025+0530] {processor.py:925} INFO - DAG(s) 'example_branch_datetime_operator_3', 'example_branch_datetime_operator_2', 'example_branch_datetime_operator' retrieved from /home/hp/Desktop/Bigdata_project/BigData-Project/airflow-venv/lib/python3.10/site-packages/airflow/example_dags/example_branch_datetime_operator.py
[2026-01-29T16:00:48.049+0530] {logging_mixin.py:190} INFO - [2026-01-29T16:00:48.048+0530] {dag.py:3239} INFO - Sync 3 DAGs
[2026-01-29T16:00:48.072+0530] {logging_mixin.py:190} INFO - [2026-01-29T16:00:48.072+0530] {dag.py:4180} INFO - Setting next_dagrun for example_branch_datetime_operator to 2026-01-28 00:00:00+00:00, run_after=2026-01-29 00:00:00+00:00
[2026-01-29T16:00:48.077+0530] {logging_mixin.py:190} INFO - [2026-01-29T16:00:48.076+0530] {dag.py:4180} INFO - Setting next_dagrun for example_branch_datetime_operator_2 to 2026-01-28 00:00:00+00:00, run_after=2026-01-29 00:00:00+00:00
[2026-01-29T16:00:48.079+0530] {logging_mixin.py:190} INFO - [2026-01-29T16:00:48.079+0530] {dag.py:4180} INFO - Setting next_dagrun for example_branch_datetime_operator_3 to 2026-01-28 00:00:00+00:00, run_after=2026-01-29 00:00:00+00:00
[2026-01-29T16:00:48.097+0530] {processor.py:208} INFO - Processing /home/hp/Desktop/Bigdata_project/BigData-Project/airflow-venv/lib/python3.10/site-packages/airflow/example_dags/example_branch_datetime_operator.py took 0.101 seconds
[2026-01-29T16:01:45.372+0530] {processor.py:186} INFO - Started process (PID=29638) to work on /home/hp/Desktop/Bigdata_project/BigData-Project/airflow-venv/lib/python3.10/site-packages/airflow/example_dags/example_branch_datetime_operator.py
[2026-01-29T16:01:45.373+0530] {processor.py:914} INFO - Processing file /home/hp/Desktop/Bigdata_project/BigData-Project/airflow-venv/lib/python3.10/site-packages/airflow/example_dags/example_branch_datetime_operator.py for tasks to queue
[2026-01-29T16:01:45.375+0530] {logging_mixin.py:190} INFO - [2026-01-29T16:01:45.375+0530] {dagbag.py:588} INFO - Filling up the DagBag from /home/hp/Desktop/Bigdata_project/BigData-Project/airflow-venv/lib/python3.10/site-packages/airflow/example_dags/example_branch_datetime_operator.py
[2026-01-29T16:01:45.388+0530] {processor.py:925} INFO - DAG(s) 'example_branch_datetime_operator', 'example_branch_datetime_operator_3', 'example_branch_datetime_operator_2' retrieved from /home/hp/Desktop/Bigdata_project/BigData-Project/airflow-venv/lib/python3.10/site-packages/airflow/example_dags/example_branch_datetime_operator.py
[2026-01-29T16:01:45.411+0530] {logging_mixin.py:190} INFO - [2026-01-29T16:01:45.410+0530] {dag.py:3239} INFO - Sync 3 DAGs
[2026-01-29T16:01:45.433+0530] {logging_mixin.py:190} INFO - [2026-01-29T16:01:45.433+0530] {dag.py:4180} INFO - Setting next_dagrun for example_branch_datetime_operator to 2026-01-28 00:00:00+00:00, run_after=2026-01-29 00:00:00+00:00
[2026-01-29T16:01:45.438+0530] {logging_mixin.py:190} INFO - [2026-01-29T16:01:45.437+0530] {dag.py:4180} INFO - Setting next_dagrun for example_branch_datetime_operator_2 to 2026-01-28 00:00:00+00:00, run_after=2026-01-29 00:00:00+00:00
[2026-01-29T16:01:45.440+0530] {logging_mixin.py:190} INFO - [2026-01-29T16:01:45.440+0530] {dag.py:4180} INFO - Setting next_dagrun for example_branch_datetime_operator_3 to 2026-01-28 00:00:00+00:00, run_after=2026-01-29 00:00:00+00:00
[2026-01-29T16:01:45.458+0530] {processor.py:208} INFO - Processing /home/hp/Desktop/Bigdata_project/BigData-Project/airflow-venv/lib/python3.10/site-packages/airflow/example_dags/example_branch_datetime_operator.py took 0.093 seconds
[2026-01-29T16:03:05.379+0530] {processor.py:186} INFO - Started process (PID=29982) to work on /home/hp/Desktop/Bigdata_project/BigData-Project/airflow-venv/lib/python3.10/site-packages/airflow/example_dags/example_branch_datetime_operator.py
[2026-01-29T16:03:05.386+0530] {processor.py:914} INFO - Processing file /home/hp/Desktop/Bigdata_project/BigData-Project/airflow-venv/lib/python3.10/site-packages/airflow/example_dags/example_branch_datetime_operator.py for tasks to queue
[2026-01-29T16:03:05.388+0530] {logging_mixin.py:190} INFO - [2026-01-29T16:03:05.388+0530] {dagbag.py:588} INFO - Filling up the DagBag from /home/hp/Desktop/Bigdata_project/BigData-Project/airflow-venv/lib/python3.10/site-packages/airflow/example_dags/example_branch_datetime_operator.py
[2026-01-29T16:03:05.401+0530] {processor.py:925} INFO - DAG(s) 'example_branch_datetime_operator_2', 'example_branch_datetime_operator', 'example_branch_datetime_operator_3' retrieved from /home/hp/Desktop/Bigdata_project/BigData-Project/airflow-venv/lib/python3.10/site-packages/airflow/example_dags/example_branch_datetime_operator.py
[2026-01-29T16:03:05.424+0530] {logging_mixin.py:190} INFO - [2026-01-29T16:03:05.424+0530] {dag.py:3239} INFO - Sync 3 DAGs
[2026-01-29T16:03:05.446+0530] {logging_mixin.py:190} INFO - [2026-01-29T16:03:05.446+0530] {dag.py:4180} INFO - Setting next_dagrun for example_branch_datetime_operator to 2026-01-28 00:00:00+00:00, run_after=2026-01-29 00:00:00+00:00
[2026-01-29T16:03:05.451+0530] {logging_mixin.py:190} INFO - [2026-01-29T16:03:05.450+0530] {dag.py:4180} INFO - Setting next_dagrun for example_branch_datetime_operator_2 to 2026-01-28 00:00:00+00:00, run_after=2026-01-29 00:00:00+00:00
[2026-01-29T16:03:05.453+0530] {logging_mixin.py:190} INFO - [2026-01-29T16:03:05.453+0530] {dag.py:4180} INFO - Setting next_dagrun for example_branch_datetime_operator_3 to 2026-01-28 00:00:00+00:00, run_after=2026-01-29 00:00:00+00:00
[2026-01-29T16:03:05.472+0530] {processor.py:208} INFO - Processing /home/hp/Desktop/Bigdata_project/BigData-Project/airflow-venv/lib/python3.10/site-packages/airflow/example_dags/example_branch_datetime_operator.py took 0.099 seconds
[2026-01-29T16:04:27.070+0530] {processor.py:186} INFO - Started process (PID=30305) to work on /home/hp/Desktop/Bigdata_project/BigData-Project/airflow-venv/lib/python3.10/site-packages/airflow/example_dags/example_branch_datetime_operator.py
[2026-01-29T16:04:27.076+0530] {processor.py:914} INFO - Processing file /home/hp/Desktop/Bigdata_project/BigData-Project/airflow-venv/lib/python3.10/site-packages/airflow/example_dags/example_branch_datetime_operator.py for tasks to queue
[2026-01-29T16:04:27.078+0530] {logging_mixin.py:190} INFO - [2026-01-29T16:04:27.078+0530] {dagbag.py:588} INFO - Filling up the DagBag from /home/hp/Desktop/Bigdata_project/BigData-Project/airflow-venv/lib/python3.10/site-packages/airflow/example_dags/example_branch_datetime_operator.py
[2026-01-29T16:04:27.092+0530] {processor.py:925} INFO - DAG(s) 'example_branch_datetime_operator', 'example_branch_datetime_operator_3', 'example_branch_datetime_operator_2' retrieved from /home/hp/Desktop/Bigdata_project/BigData-Project/airflow-venv/lib/python3.10/site-packages/airflow/example_dags/example_branch_datetime_operator.py
[2026-01-29T16:04:27.115+0530] {logging_mixin.py:190} INFO - [2026-01-29T16:04:27.115+0530] {dag.py:3239} INFO - Sync 3 DAGs
[2026-01-29T16:04:27.138+0530] {logging_mixin.py:190} INFO - [2026-01-29T16:04:27.138+0530] {dag.py:4180} INFO - Setting next_dagrun for example_branch_datetime_operator to 2026-01-28 00:00:00+00:00, run_after=2026-01-29 00:00:00+00:00
[2026-01-29T16:04:27.142+0530] {logging_mixin.py:190} INFO - [2026-01-29T16:04:27.142+0530] {dag.py:4180} INFO - Setting next_dagrun for example_branch_datetime_operator_2 to 2026-01-28 00:00:00+00:00, run_after=2026-01-29 00:00:00+00:00
[2026-01-29T16:04:27.145+0530] {logging_mixin.py:190} INFO - [2026-01-29T16:04:27.145+0530] {dag.py:4180} INFO - Setting next_dagrun for example_branch_datetime_operator_3 to 2026-01-28 00:00:00+00:00, run_after=2026-01-29 00:00:00+00:00
[2026-01-29T16:04:27.164+0530] {processor.py:208} INFO - Processing /home/hp/Desktop/Bigdata_project/BigData-Project/airflow-venv/lib/python3.10/site-packages/airflow/example_dags/example_branch_datetime_operator.py took 0.101 seconds
[2026-01-29T16:05:25.461+0530] {processor.py:186} INFO - Started process (PID=30606) to work on /home/hp/Desktop/Bigdata_project/BigData-Project/airflow-venv/lib/python3.10/site-packages/airflow/example_dags/example_branch_datetime_operator.py
[2026-01-29T16:05:25.467+0530] {processor.py:914} INFO - Processing file /home/hp/Desktop/Bigdata_project/BigData-Project/airflow-venv/lib/python3.10/site-packages/airflow/example_dags/example_branch_datetime_operator.py for tasks to queue
[2026-01-29T16:05:25.470+0530] {logging_mixin.py:190} INFO - [2026-01-29T16:05:25.470+0530] {dagbag.py:588} INFO - Filling up the DagBag from /home/hp/Desktop/Bigdata_project/BigData-Project/airflow-venv/lib/python3.10/site-packages/airflow/example_dags/example_branch_datetime_operator.py
[2026-01-29T16:05:25.483+0530] {processor.py:925} INFO - DAG(s) 'example_branch_datetime_operator_3', 'example_branch_datetime_operator', 'example_branch_datetime_operator_2' retrieved from /home/hp/Desktop/Bigdata_project/BigData-Project/airflow-venv/lib/python3.10/site-packages/airflow/example_dags/example_branch_datetime_operator.py
[2026-01-29T16:05:25.506+0530] {logging_mixin.py:190} INFO - [2026-01-29T16:05:25.506+0530] {dag.py:3239} INFO - Sync 3 DAGs
[2026-01-29T16:05:25.528+0530] {logging_mixin.py:190} INFO - [2026-01-29T16:05:25.528+0530] {dag.py:4180} INFO - Setting next_dagrun for example_branch_datetime_operator to 2026-01-28 00:00:00+00:00, run_after=2026-01-29 00:00:00+00:00
[2026-01-29T16:05:25.533+0530] {logging_mixin.py:190} INFO - [2026-01-29T16:05:25.533+0530] {dag.py:4180} INFO - Setting next_dagrun for example_branch_datetime_operator_2 to 2026-01-28 00:00:00+00:00, run_after=2026-01-29 00:00:00+00:00
[2026-01-29T16:05:25.535+0530] {logging_mixin.py:190} INFO - [2026-01-29T16:05:25.535+0530] {dag.py:4180} INFO - Setting next_dagrun for example_branch_datetime_operator_3 to 2026-01-28 00:00:00+00:00, run_after=2026-01-29 00:00:00+00:00
[2026-01-29T16:05:25.554+0530] {processor.py:208} INFO - Processing /home/hp/Desktop/Bigdata_project/BigData-Project/airflow-venv/lib/python3.10/site-packages/airflow/example_dags/example_branch_datetime_operator.py took 0.099 seconds
[2026-01-29T16:06:22.285+0530] {processor.py:186} INFO - Started process (PID=30860) to work on /home/hp/Desktop/Bigdata_project/BigData-Project/airflow-venv/lib/python3.10/site-packages/airflow/example_dags/example_branch_datetime_operator.py
[2026-01-29T16:06:22.292+0530] {processor.py:914} INFO - Processing file /home/hp/Desktop/Bigdata_project/BigData-Project/airflow-venv/lib/python3.10/site-packages/airflow/example_dags/example_branch_datetime_operator.py for tasks to queue
[2026-01-29T16:06:22.295+0530] {logging_mixin.py:190} INFO - [2026-01-29T16:06:22.295+0530] {dagbag.py:588} INFO - Filling up the DagBag from /home/hp/Desktop/Bigdata_project/BigData-Project/airflow-venv/lib/python3.10/site-packages/airflow/example_dags/example_branch_datetime_operator.py
[2026-01-29T16:06:22.309+0530] {processor.py:925} INFO - DAG(s) 'example_branch_datetime_operator_2', 'example_branch_datetime_operator', 'example_branch_datetime_operator_3' retrieved from /home/hp/Desktop/Bigdata_project/BigData-Project/airflow-venv/lib/python3.10/site-packages/airflow/example_dags/example_branch_datetime_operator.py
[2026-01-29T16:06:22.333+0530] {logging_mixin.py:190} INFO - [2026-01-29T16:06:22.332+0530] {dag.py:3239} INFO - Sync 3 DAGs
[2026-01-29T16:06:22.357+0530] {logging_mixin.py:190} INFO - [2026-01-29T16:06:22.357+0530] {dag.py:4180} INFO - Setting next_dagrun for example_branch_datetime_operator to 2026-01-28 00:00:00+00:00, run_after=2026-01-29 00:00:00+00:00
[2026-01-29T16:06:22.362+0530] {logging_mixin.py:190} INFO - [2026-01-29T16:06:22.361+0530] {dag.py:4180} INFO - Setting next_dagrun for example_branch_datetime_operator_2 to 2026-01-28 00:00:00+00:00, run_after=2026-01-29 00:00:00+00:00
[2026-01-29T16:06:22.364+0530] {logging_mixin.py:190} INFO - [2026-01-29T16:06:22.364+0530] {dag.py:4180} INFO - Setting next_dagrun for example_branch_datetime_operator_3 to 2026-01-28 00:00:00+00:00, run_after=2026-01-29 00:00:00+00:00
[2026-01-29T16:06:22.383+0530] {processor.py:208} INFO - Processing /home/hp/Desktop/Bigdata_project/BigData-Project/airflow-venv/lib/python3.10/site-packages/airflow/example_dags/example_branch_datetime_operator.py took 0.105 seconds
[2026-01-29T16:07:18.172+0530] {processor.py:186} INFO - Started process (PID=31129) to work on /home/hp/Desktop/Bigdata_project/BigData-Project/airflow-venv/lib/python3.10/site-packages/airflow/example_dags/example_branch_datetime_operator.py
[2026-01-29T16:07:18.178+0530] {processor.py:914} INFO - Processing file /home/hp/Desktop/Bigdata_project/BigData-Project/airflow-venv/lib/python3.10/site-packages/airflow/example_dags/example_branch_datetime_operator.py for tasks to queue
[2026-01-29T16:07:18.181+0530] {logging_mixin.py:190} INFO - [2026-01-29T16:07:18.181+0530] {dagbag.py:588} INFO - Filling up the DagBag from /home/hp/Desktop/Bigdata_project/BigData-Project/airflow-venv/lib/python3.10/site-packages/airflow/example_dags/example_branch_datetime_operator.py
[2026-01-29T16:07:18.194+0530] {processor.py:925} INFO - DAG(s) 'example_branch_datetime_operator_2', 'example_branch_datetime_operator', 'example_branch_datetime_operator_3' retrieved from /home/hp/Desktop/Bigdata_project/BigData-Project/airflow-venv/lib/python3.10/site-packages/airflow/example_dags/example_branch_datetime_operator.py
[2026-01-29T16:07:18.217+0530] {logging_mixin.py:190} INFO - [2026-01-29T16:07:18.217+0530] {dag.py:3239} INFO - Sync 3 DAGs
[2026-01-29T16:07:18.239+0530] {logging_mixin.py:190} INFO - [2026-01-29T16:07:18.239+0530] {dag.py:4180} INFO - Setting next_dagrun for example_branch_datetime_operator to 2026-01-28 00:00:00+00:00, run_after=2026-01-29 00:00:00+00:00
[2026-01-29T16:07:18.244+0530] {logging_mixin.py:190} INFO - [2026-01-29T16:07:18.244+0530] {dag.py:4180} INFO - Setting next_dagrun for example_branch_datetime_operator_2 to 2026-01-28 00:00:00+00:00, run_after=2026-01-29 00:00:00+00:00
[2026-01-29T16:07:18.246+0530] {logging_mixin.py:190} INFO - [2026-01-29T16:07:18.246+0530] {dag.py:4180} INFO - Setting next_dagrun for example_branch_datetime_operator_3 to 2026-01-28 00:00:00+00:00, run_after=2026-01-29 00:00:00+00:00
[2026-01-29T16:07:18.265+0530] {processor.py:208} INFO - Processing /home/hp/Desktop/Bigdata_project/BigData-Project/airflow-venv/lib/python3.10/site-packages/airflow/example_dags/example_branch_datetime_operator.py took 0.100 seconds
[2026-01-29T16:08:17.179+0530] {processor.py:186} INFO - Started process (PID=31362) to work on /home/hp/Desktop/Bigdata_project/BigData-Project/airflow-venv/lib/python3.10/site-packages/airflow/example_dags/example_branch_datetime_operator.py
[2026-01-29T16:08:17.185+0530] {processor.py:914} INFO - Processing file /home/hp/Desktop/Bigdata_project/BigData-Project/airflow-venv/lib/python3.10/site-packages/airflow/example_dags/example_branch_datetime_operator.py for tasks to queue
[2026-01-29T16:08:17.188+0530] {logging_mixin.py:190} INFO - [2026-01-29T16:08:17.188+0530] {dagbag.py:588} INFO - Filling up the DagBag from /home/hp/Desktop/Bigdata_project/BigData-Project/airflow-venv/lib/python3.10/site-packages/airflow/example_dags/example_branch_datetime_operator.py
[2026-01-29T16:08:17.202+0530] {processor.py:925} INFO - DAG(s) 'example_branch_datetime_operator_3', 'example_branch_datetime_operator_2', 'example_branch_datetime_operator' retrieved from /home/hp/Desktop/Bigdata_project/BigData-Project/airflow-venv/lib/python3.10/site-packages/airflow/example_dags/example_branch_datetime_operator.py
[2026-01-29T16:08:17.226+0530] {logging_mixin.py:190} INFO - [2026-01-29T16:08:17.226+0530] {dag.py:3239} INFO - Sync 3 DAGs
[2026-01-29T16:08:17.250+0530] {logging_mixin.py:190} INFO - [2026-01-29T16:08:17.250+0530] {dag.py:4180} INFO - Setting next_dagrun for example_branch_datetime_operator to 2026-01-28 00:00:00+00:00, run_after=2026-01-29 00:00:00+00:00
[2026-01-29T16:08:17.255+0530] {logging_mixin.py:190} INFO - [2026-01-29T16:08:17.254+0530] {dag.py:4180} INFO - Setting next_dagrun for example_branch_datetime_operator_2 to 2026-01-28 00:00:00+00:00, run_after=2026-01-29 00:00:00+00:00
[2026-01-29T16:08:17.257+0530] {logging_mixin.py:190} INFO - [2026-01-29T16:08:17.257+0530] {dag.py:4180} INFO - Setting next_dagrun for example_branch_datetime_operator_3 to 2026-01-28 00:00:00+00:00, run_after=2026-01-29 00:00:00+00:00
[2026-01-29T16:08:17.277+0530] {processor.py:208} INFO - Processing /home/hp/Desktop/Bigdata_project/BigData-Project/airflow-venv/lib/python3.10/site-packages/airflow/example_dags/example_branch_datetime_operator.py took 0.105 seconds
[2026-01-29T16:09:29.428+0530] {processor.py:186} INFO - Started process (PID=31761) to work on /home/hp/Desktop/Bigdata_project/BigData-Project/airflow-venv/lib/python3.10/site-packages/airflow/example_dags/example_branch_datetime_operator.py
[2026-01-29T16:09:29.434+0530] {processor.py:914} INFO - Processing file /home/hp/Desktop/Bigdata_project/BigData-Project/airflow-venv/lib/python3.10/site-packages/airflow/example_dags/example_branch_datetime_operator.py for tasks to queue
[2026-01-29T16:09:29.437+0530] {logging_mixin.py:190} INFO - [2026-01-29T16:09:29.437+0530] {dagbag.py:588} INFO - Filling up the DagBag from /home/hp/Desktop/Bigdata_project/BigData-Project/airflow-venv/lib/python3.10/site-packages/airflow/example_dags/example_branch_datetime_operator.py
[2026-01-29T16:09:29.450+0530] {processor.py:925} INFO - DAG(s) 'example_branch_datetime_operator_3', 'example_branch_datetime_operator_2', 'example_branch_datetime_operator' retrieved from /home/hp/Desktop/Bigdata_project/BigData-Project/airflow-venv/lib/python3.10/site-packages/airflow/example_dags/example_branch_datetime_operator.py
[2026-01-29T16:09:29.545+0530] {logging_mixin.py:190} INFO - [2026-01-29T16:09:29.544+0530] {override.py:1930} INFO - Created Permission View: can edit on DAG:example_branch_datetime_operator_3
[2026-01-29T16:09:29.555+0530] {logging_mixin.py:190} INFO - [2026-01-29T16:09:29.555+0530] {override.py:1930} INFO - Created Permission View: can delete on DAG:example_branch_datetime_operator_3
[2026-01-29T16:09:29.563+0530] {logging_mixin.py:190} INFO - [2026-01-29T16:09:29.562+0530] {override.py:1930} INFO - Created Permission View: can read on DAG:example_branch_datetime_operator_3
[2026-01-29T16:09:29.575+0530] {logging_mixin.py:190} INFO - [2026-01-29T16:09:29.575+0530] {override.py:1930} INFO - Created Permission View: menu access on DAG Run:example_branch_datetime_operator_3
[2026-01-29T16:09:29.583+0530] {logging_mixin.py:190} INFO - [2026-01-29T16:09:29.583+0530] {override.py:1930} INFO - Created Permission View: can delete on DAG Run:example_branch_datetime_operator_3
[2026-01-29T16:09:29.591+0530] {logging_mixin.py:190} INFO - [2026-01-29T16:09:29.590+0530] {override.py:1930} INFO - Created Permission View: can create on DAG Run:example_branch_datetime_operator_3
[2026-01-29T16:09:29.599+0530] {logging_mixin.py:190} INFO - [2026-01-29T16:09:29.598+0530] {override.py:1930} INFO - Created Permission View: can read on DAG Run:example_branch_datetime_operator_3
[2026-01-29T16:09:29.614+0530] {logging_mixin.py:190} INFO - [2026-01-29T16:09:29.613+0530] {override.py:1930} INFO - Created Permission View: can edit on DAG:example_branch_datetime_operator_2
[2026-01-29T16:09:29.621+0530] {logging_mixin.py:190} INFO - [2026-01-29T16:09:29.621+0530] {override.py:1930} INFO - Created Permission View: can delete on DAG:example_branch_datetime_operator_2
[2026-01-29T16:09:29.628+0530] {logging_mixin.py:190} INFO - [2026-01-29T16:09:29.628+0530] {override.py:1930} INFO - Created Permission View: can read on DAG:example_branch_datetime_operator_2
[2026-01-29T16:09:29.639+0530] {logging_mixin.py:190} INFO - [2026-01-29T16:09:29.638+0530] {override.py:1930} INFO - Created Permission View: menu access on DAG Run:example_branch_datetime_operator_2
[2026-01-29T16:09:29.647+0530] {logging_mixin.py:190} INFO - [2026-01-29T16:09:29.647+0530] {override.py:1930} INFO - Created Permission View: can delete on DAG Run:example_branch_datetime_operator_2
[2026-01-29T16:09:29.657+0530] {logging_mixin.py:190} INFO - [2026-01-29T16:09:29.657+0530] {override.py:1930} INFO - Created Permission View: can create on DAG Run:example_branch_datetime_operator_2
[2026-01-29T16:09:29.664+0530] {logging_mixin.py:190} INFO - [2026-01-29T16:09:29.664+0530] {override.py:1930} INFO - Created Permission View: can read on DAG Run:example_branch_datetime_operator_2
[2026-01-29T16:09:29.679+0530] {logging_mixin.py:190} INFO - [2026-01-29T16:09:29.678+0530] {override.py:1930} INFO - Created Permission View: can edit on DAG:example_branch_datetime_operator
[2026-01-29T16:09:29.687+0530] {logging_mixin.py:190} INFO - [2026-01-29T16:09:29.687+0530] {override.py:1930} INFO - Created Permission View: can delete on DAG:example_branch_datetime_operator
[2026-01-29T16:09:29.695+0530] {logging_mixin.py:190} INFO - [2026-01-29T16:09:29.694+0530] {override.py:1930} INFO - Created Permission View: can read on DAG:example_branch_datetime_operator
[2026-01-29T16:09:29.705+0530] {logging_mixin.py:190} INFO - [2026-01-29T16:09:29.705+0530] {override.py:1930} INFO - Created Permission View: menu access on DAG Run:example_branch_datetime_operator
[2026-01-29T16:09:29.712+0530] {logging_mixin.py:190} INFO - [2026-01-29T16:09:29.712+0530] {override.py:1930} INFO - Created Permission View: can delete on DAG Run:example_branch_datetime_operator
[2026-01-29T16:09:29.719+0530] {logging_mixin.py:190} INFO - [2026-01-29T16:09:29.719+0530] {override.py:1930} INFO - Created Permission View: can create on DAG Run:example_branch_datetime_operator
[2026-01-29T16:09:29.726+0530] {logging_mixin.py:190} INFO - [2026-01-29T16:09:29.726+0530] {override.py:1930} INFO - Created Permission View: can read on DAG Run:example_branch_datetime_operator
[2026-01-29T16:09:29.727+0530] {logging_mixin.py:190} INFO - [2026-01-29T16:09:29.727+0530] {dag.py:3239} INFO - Sync 3 DAGs
[2026-01-29T16:09:29.738+0530] {logging_mixin.py:190} INFO - [2026-01-29T16:09:29.738+0530] {dag.py:3262} INFO - Creating ORM DAG for example_branch_datetime_operator_2
[2026-01-29T16:09:29.739+0530] {logging_mixin.py:190} INFO - [2026-01-29T16:09:29.739+0530] {dag.py:3262} INFO - Creating ORM DAG for example_branch_datetime_operator_3
[2026-01-29T16:09:29.740+0530] {logging_mixin.py:190} INFO - [2026-01-29T16:09:29.739+0530] {dag.py:3262} INFO - Creating ORM DAG for example_branch_datetime_operator
[2026-01-29T16:09:29.749+0530] {logging_mixin.py:190} INFO - [2026-01-29T16:09:29.749+0530] {dag.py:4180} INFO - Setting next_dagrun for example_branch_datetime_operator to 2026-01-28 00:00:00+00:00, run_after=2026-01-29 00:00:00+00:00
[2026-01-29T16:09:29.752+0530] {logging_mixin.py:190} INFO - [2026-01-29T16:09:29.751+0530] {dag.py:4180} INFO - Setting next_dagrun for example_branch_datetime_operator_2 to 2026-01-28 00:00:00+00:00, run_after=2026-01-29 00:00:00+00:00
[2026-01-29T16:09:29.754+0530] {logging_mixin.py:190} INFO - [2026-01-29T16:09:29.753+0530] {dag.py:4180} INFO - Setting next_dagrun for example_branch_datetime_operator_3 to 2026-01-28 00:00:00+00:00, run_after=2026-01-29 00:00:00+00:00
[2026-01-29T16:09:29.774+0530] {processor.py:208} INFO - Processing /home/hp/Desktop/Bigdata_project/BigData-Project/airflow-venv/lib/python3.10/site-packages/airflow/example_dags/example_branch_datetime_operator.py took 0.353 seconds
