[2026-01-29T15:56:11.174+0530] {processor.py:186} INFO - Started process (PID=28447) to work on /home/hp/Desktop/Bigdata_project/BigData-Project/airflow-venv/lib/python3.10/site-packages/airflow/example_dags/example_datasets.py
[2026-01-29T15:56:11.175+0530] {processor.py:914} INFO - Processing file /home/hp/Desktop/Bigdata_project/BigData-Project/airflow-venv/lib/python3.10/site-packages/airflow/example_dags/example_datasets.py for tasks to queue
[2026-01-29T15:56:11.178+0530] {logging_mixin.py:190} INFO - [2026-01-29T15:56:11.178+0530] {dagbag.py:588} INFO - Filling up the DagBag from /home/hp/Desktop/Bigdata_project/BigData-Project/airflow-venv/lib/python3.10/site-packages/airflow/example_dags/example_datasets.py
[2026-01-29T15:56:11.198+0530] {processor.py:925} INFO - DAG(s) 'dataset_produces_2', 'dataset_consumes_1_and_2', 'dataset_consumes_unknown_never_scheduled', 'dataset_produces_1', 'consume_1_and_2_with_dataset_expressions', 'dataset_consumes_1', 'consume_1_or_2_with_dataset_expressions', 'conditional_dataset_and_time_based_timetable', 'dataset_consumes_1_never_scheduled', 'consume_1_or_both_2_and_3_with_dataset_expressions' retrieved from /home/hp/Desktop/Bigdata_project/BigData-Project/airflow-venv/lib/python3.10/site-packages/airflow/example_dags/example_datasets.py
[2026-01-29T15:56:11.305+0530] {logging_mixin.py:190} INFO - [2026-01-29T15:56:11.305+0530] {override.py:1930} INFO - Created Permission View: can edit on DAG:dataset_produces_2
[2026-01-29T15:56:11.317+0530] {logging_mixin.py:190} INFO - [2026-01-29T15:56:11.316+0530] {override.py:1930} INFO - Created Permission View: can delete on DAG:dataset_produces_2
[2026-01-29T15:56:11.325+0530] {logging_mixin.py:190} INFO - [2026-01-29T15:56:11.325+0530] {override.py:1930} INFO - Created Permission View: can read on DAG:dataset_produces_2
[2026-01-29T15:56:11.337+0530] {logging_mixin.py:190} INFO - [2026-01-29T15:56:11.336+0530] {override.py:1930} INFO - Created Permission View: can delete on DAG Run:dataset_produces_2
[2026-01-29T15:56:11.345+0530] {logging_mixin.py:190} INFO - [2026-01-29T15:56:11.344+0530] {override.py:1930} INFO - Created Permission View: can read on DAG Run:dataset_produces_2
[2026-01-29T15:56:11.356+0530] {logging_mixin.py:190} INFO - [2026-01-29T15:56:11.355+0530] {override.py:1930} INFO - Created Permission View: menu access on DAG Run:dataset_produces_2
[2026-01-29T15:56:11.364+0530] {logging_mixin.py:190} INFO - [2026-01-29T15:56:11.364+0530] {override.py:1930} INFO - Created Permission View: can create on DAG Run:dataset_produces_2
[2026-01-29T15:56:11.381+0530] {logging_mixin.py:190} INFO - [2026-01-29T15:56:11.380+0530] {override.py:1930} INFO - Created Permission View: can edit on DAG:dataset_consumes_1_and_2
[2026-01-29T15:56:11.389+0530] {logging_mixin.py:190} INFO - [2026-01-29T15:56:11.388+0530] {override.py:1930} INFO - Created Permission View: can delete on DAG:dataset_consumes_1_and_2
[2026-01-29T15:56:11.397+0530] {logging_mixin.py:190} INFO - [2026-01-29T15:56:11.397+0530] {override.py:1930} INFO - Created Permission View: can read on DAG:dataset_consumes_1_and_2
[2026-01-29T15:56:11.409+0530] {logging_mixin.py:190} INFO - [2026-01-29T15:56:11.409+0530] {override.py:1930} INFO - Created Permission View: can delete on DAG Run:dataset_consumes_1_and_2
[2026-01-29T15:56:11.417+0530] {logging_mixin.py:190} INFO - [2026-01-29T15:56:11.417+0530] {override.py:1930} INFO - Created Permission View: can read on DAG Run:dataset_consumes_1_and_2
[2026-01-29T15:56:11.426+0530] {logging_mixin.py:190} INFO - [2026-01-29T15:56:11.425+0530] {override.py:1930} INFO - Created Permission View: menu access on DAG Run:dataset_consumes_1_and_2
[2026-01-29T15:56:11.434+0530] {logging_mixin.py:190} INFO - [2026-01-29T15:56:11.433+0530] {override.py:1930} INFO - Created Permission View: can create on DAG Run:dataset_consumes_1_and_2
[2026-01-29T15:56:11.451+0530] {logging_mixin.py:190} INFO - [2026-01-29T15:56:11.451+0530] {override.py:1930} INFO - Created Permission View: can edit on DAG:dataset_consumes_unknown_never_scheduled
[2026-01-29T15:56:11.459+0530] {logging_mixin.py:190} INFO - [2026-01-29T15:56:11.459+0530] {override.py:1930} INFO - Created Permission View: can delete on DAG:dataset_consumes_unknown_never_scheduled
[2026-01-29T15:56:11.467+0530] {logging_mixin.py:190} INFO - [2026-01-29T15:56:11.467+0530] {override.py:1930} INFO - Created Permission View: can read on DAG:dataset_consumes_unknown_never_scheduled
[2026-01-29T15:56:11.481+0530] {logging_mixin.py:190} INFO - [2026-01-29T15:56:11.480+0530] {override.py:1930} INFO - Created Permission View: can delete on DAG Run:dataset_consumes_unknown_never_scheduled
[2026-01-29T15:56:11.489+0530] {logging_mixin.py:190} INFO - [2026-01-29T15:56:11.488+0530] {override.py:1930} INFO - Created Permission View: can read on DAG Run:dataset_consumes_unknown_never_scheduled
[2026-01-29T15:56:11.496+0530] {logging_mixin.py:190} INFO - [2026-01-29T15:56:11.496+0530] {override.py:1930} INFO - Created Permission View: menu access on DAG Run:dataset_consumes_unknown_never_scheduled
[2026-01-29T15:56:11.505+0530] {logging_mixin.py:190} INFO - [2026-01-29T15:56:11.504+0530] {override.py:1930} INFO - Created Permission View: can create on DAG Run:dataset_consumes_unknown_never_scheduled
[2026-01-29T15:56:11.521+0530] {logging_mixin.py:190} INFO - [2026-01-29T15:56:11.520+0530] {override.py:1930} INFO - Created Permission View: can edit on DAG:dataset_produces_1
[2026-01-29T15:56:11.529+0530] {logging_mixin.py:190} INFO - [2026-01-29T15:56:11.528+0530] {override.py:1930} INFO - Created Permission View: can delete on DAG:dataset_produces_1
[2026-01-29T15:56:11.536+0530] {logging_mixin.py:190} INFO - [2026-01-29T15:56:11.536+0530] {override.py:1930} INFO - Created Permission View: can read on DAG:dataset_produces_1
[2026-01-29T15:56:11.548+0530] {logging_mixin.py:190} INFO - [2026-01-29T15:56:11.548+0530] {override.py:1930} INFO - Created Permission View: can delete on DAG Run:dataset_produces_1
[2026-01-29T15:56:11.556+0530] {logging_mixin.py:190} INFO - [2026-01-29T15:56:11.556+0530] {override.py:1930} INFO - Created Permission View: can read on DAG Run:dataset_produces_1
[2026-01-29T15:56:11.564+0530] {logging_mixin.py:190} INFO - [2026-01-29T15:56:11.564+0530] {override.py:1930} INFO - Created Permission View: menu access on DAG Run:dataset_produces_1
[2026-01-29T15:56:11.572+0530] {logging_mixin.py:190} INFO - [2026-01-29T15:56:11.572+0530] {override.py:1930} INFO - Created Permission View: can create on DAG Run:dataset_produces_1
[2026-01-29T15:56:11.589+0530] {logging_mixin.py:190} INFO - [2026-01-29T15:56:11.588+0530] {override.py:1930} INFO - Created Permission View: can edit on DAG:consume_1_and_2_with_dataset_expressions
[2026-01-29T15:56:11.597+0530] {logging_mixin.py:190} INFO - [2026-01-29T15:56:11.597+0530] {override.py:1930} INFO - Created Permission View: can delete on DAG:consume_1_and_2_with_dataset_expressions
[2026-01-29T15:56:11.605+0530] {logging_mixin.py:190} INFO - [2026-01-29T15:56:11.605+0530] {override.py:1930} INFO - Created Permission View: can read on DAG:consume_1_and_2_with_dataset_expressions
[2026-01-29T15:56:11.616+0530] {logging_mixin.py:190} INFO - [2026-01-29T15:56:11.616+0530] {override.py:1930} INFO - Created Permission View: can delete on DAG Run:consume_1_and_2_with_dataset_expressions
[2026-01-29T15:56:11.624+0530] {logging_mixin.py:190} INFO - [2026-01-29T15:56:11.624+0530] {override.py:1930} INFO - Created Permission View: can read on DAG Run:consume_1_and_2_with_dataset_expressions
[2026-01-29T15:56:11.632+0530] {logging_mixin.py:190} INFO - [2026-01-29T15:56:11.632+0530] {override.py:1930} INFO - Created Permission View: menu access on DAG Run:consume_1_and_2_with_dataset_expressions
[2026-01-29T15:56:11.640+0530] {logging_mixin.py:190} INFO - [2026-01-29T15:56:11.639+0530] {override.py:1930} INFO - Created Permission View: can create on DAG Run:consume_1_and_2_with_dataset_expressions
[2026-01-29T15:56:11.656+0530] {logging_mixin.py:190} INFO - [2026-01-29T15:56:11.655+0530] {override.py:1930} INFO - Created Permission View: can edit on DAG:dataset_consumes_1
[2026-01-29T15:56:11.664+0530] {logging_mixin.py:190} INFO - [2026-01-29T15:56:11.663+0530] {override.py:1930} INFO - Created Permission View: can delete on DAG:dataset_consumes_1
[2026-01-29T15:56:11.671+0530] {logging_mixin.py:190} INFO - [2026-01-29T15:56:11.671+0530] {override.py:1930} INFO - Created Permission View: can read on DAG:dataset_consumes_1
[2026-01-29T15:56:11.682+0530] {logging_mixin.py:190} INFO - [2026-01-29T15:56:11.682+0530] {override.py:1930} INFO - Created Permission View: can delete on DAG Run:dataset_consumes_1
[2026-01-29T15:56:11.690+0530] {logging_mixin.py:190} INFO - [2026-01-29T15:56:11.690+0530] {override.py:1930} INFO - Created Permission View: can read on DAG Run:dataset_consumes_1
[2026-01-29T15:56:11.698+0530] {logging_mixin.py:190} INFO - [2026-01-29T15:56:11.698+0530] {override.py:1930} INFO - Created Permission View: menu access on DAG Run:dataset_consumes_1
[2026-01-29T15:56:11.707+0530] {logging_mixin.py:190} INFO - [2026-01-29T15:56:11.707+0530] {override.py:1930} INFO - Created Permission View: can create on DAG Run:dataset_consumes_1
[2026-01-29T15:56:11.725+0530] {logging_mixin.py:190} INFO - [2026-01-29T15:56:11.724+0530] {override.py:1930} INFO - Created Permission View: can edit on DAG:consume_1_or_2_with_dataset_expressions
[2026-01-29T15:56:11.732+0530] {logging_mixin.py:190} INFO - [2026-01-29T15:56:11.732+0530] {override.py:1930} INFO - Created Permission View: can delete on DAG:consume_1_or_2_with_dataset_expressions
[2026-01-29T15:56:11.740+0530] {logging_mixin.py:190} INFO - [2026-01-29T15:56:11.740+0530] {override.py:1930} INFO - Created Permission View: can read on DAG:consume_1_or_2_with_dataset_expressions
[2026-01-29T15:56:11.752+0530] {logging_mixin.py:190} INFO - [2026-01-29T15:56:11.751+0530] {override.py:1930} INFO - Created Permission View: can delete on DAG Run:consume_1_or_2_with_dataset_expressions
[2026-01-29T15:56:11.760+0530] {logging_mixin.py:190} INFO - [2026-01-29T15:56:11.759+0530] {override.py:1930} INFO - Created Permission View: can read on DAG Run:consume_1_or_2_with_dataset_expressions
[2026-01-29T15:56:11.767+0530] {logging_mixin.py:190} INFO - [2026-01-29T15:56:11.767+0530] {override.py:1930} INFO - Created Permission View: menu access on DAG Run:consume_1_or_2_with_dataset_expressions
[2026-01-29T15:56:11.776+0530] {logging_mixin.py:190} INFO - [2026-01-29T15:56:11.776+0530] {override.py:1930} INFO - Created Permission View: can create on DAG Run:consume_1_or_2_with_dataset_expressions
[2026-01-29T15:56:11.792+0530] {logging_mixin.py:190} INFO - [2026-01-29T15:56:11.791+0530] {override.py:1930} INFO - Created Permission View: can edit on DAG:conditional_dataset_and_time_based_timetable
[2026-01-29T15:56:11.800+0530] {logging_mixin.py:190} INFO - [2026-01-29T15:56:11.799+0530] {override.py:1930} INFO - Created Permission View: can delete on DAG:conditional_dataset_and_time_based_timetable
[2026-01-29T15:56:11.808+0530] {logging_mixin.py:190} INFO - [2026-01-29T15:56:11.807+0530] {override.py:1930} INFO - Created Permission View: can read on DAG:conditional_dataset_and_time_based_timetable
[2026-01-29T15:56:11.820+0530] {logging_mixin.py:190} INFO - [2026-01-29T15:56:11.820+0530] {override.py:1930} INFO - Created Permission View: can delete on DAG Run:conditional_dataset_and_time_based_timetable
[2026-01-29T15:56:11.829+0530] {logging_mixin.py:190} INFO - [2026-01-29T15:56:11.829+0530] {override.py:1930} INFO - Created Permission View: can read on DAG Run:conditional_dataset_and_time_based_timetable
[2026-01-29T15:56:11.838+0530] {logging_mixin.py:190} INFO - [2026-01-29T15:56:11.837+0530] {override.py:1930} INFO - Created Permission View: menu access on DAG Run:conditional_dataset_and_time_based_timetable
[2026-01-29T15:56:11.846+0530] {logging_mixin.py:190} INFO - [2026-01-29T15:56:11.845+0530] {override.py:1930} INFO - Created Permission View: can create on DAG Run:conditional_dataset_and_time_based_timetable
[2026-01-29T15:56:11.864+0530] {logging_mixin.py:190} INFO - [2026-01-29T15:56:11.863+0530] {override.py:1930} INFO - Created Permission View: can edit on DAG:dataset_consumes_1_never_scheduled
[2026-01-29T15:56:11.873+0530] {logging_mixin.py:190} INFO - [2026-01-29T15:56:11.872+0530] {override.py:1930} INFO - Created Permission View: can delete on DAG:dataset_consumes_1_never_scheduled
[2026-01-29T15:56:11.882+0530] {logging_mixin.py:190} INFO - [2026-01-29T15:56:11.881+0530] {override.py:1930} INFO - Created Permission View: can read on DAG:dataset_consumes_1_never_scheduled
[2026-01-29T15:56:11.895+0530] {logging_mixin.py:190} INFO - [2026-01-29T15:56:11.895+0530] {override.py:1930} INFO - Created Permission View: can delete on DAG Run:dataset_consumes_1_never_scheduled
[2026-01-29T15:56:11.904+0530] {logging_mixin.py:190} INFO - [2026-01-29T15:56:11.904+0530] {override.py:1930} INFO - Created Permission View: can read on DAG Run:dataset_consumes_1_never_scheduled
[2026-01-29T15:56:11.913+0530] {logging_mixin.py:190} INFO - [2026-01-29T15:56:11.913+0530] {override.py:1930} INFO - Created Permission View: menu access on DAG Run:dataset_consumes_1_never_scheduled
[2026-01-29T15:56:11.923+0530] {logging_mixin.py:190} INFO - [2026-01-29T15:56:11.923+0530] {override.py:1930} INFO - Created Permission View: can create on DAG Run:dataset_consumes_1_never_scheduled
[2026-01-29T15:56:11.942+0530] {logging_mixin.py:190} INFO - [2026-01-29T15:56:11.942+0530] {override.py:1930} INFO - Created Permission View: can edit on DAG:consume_1_or_both_2_and_3_with_dataset_expressions
[2026-01-29T15:56:11.952+0530] {logging_mixin.py:190} INFO - [2026-01-29T15:56:11.952+0530] {override.py:1930} INFO - Created Permission View: can delete on DAG:consume_1_or_both_2_and_3_with_dataset_expressions
[2026-01-29T15:56:11.963+0530] {logging_mixin.py:190} INFO - [2026-01-29T15:56:11.962+0530] {override.py:1930} INFO - Created Permission View: can read on DAG:consume_1_or_both_2_and_3_with_dataset_expressions
[2026-01-29T15:56:11.974+0530] {logging_mixin.py:190} INFO - [2026-01-29T15:56:11.974+0530] {override.py:1930} INFO - Created Permission View: can delete on DAG Run:consume_1_or_both_2_and_3_with_dataset_expressions
[2026-01-29T15:56:11.983+0530] {logging_mixin.py:190} INFO - [2026-01-29T15:56:11.982+0530] {override.py:1930} INFO - Created Permission View: can read on DAG Run:consume_1_or_both_2_and_3_with_dataset_expressions
[2026-01-29T15:56:11.991+0530] {logging_mixin.py:190} INFO - [2026-01-29T15:56:11.990+0530] {override.py:1930} INFO - Created Permission View: menu access on DAG Run:consume_1_or_both_2_and_3_with_dataset_expressions
[2026-01-29T15:56:11.999+0530] {logging_mixin.py:190} INFO - [2026-01-29T15:56:11.999+0530] {override.py:1930} INFO - Created Permission View: can create on DAG Run:consume_1_or_both_2_and_3_with_dataset_expressions
[2026-01-29T15:56:12.000+0530] {logging_mixin.py:190} INFO - [2026-01-29T15:56:11.999+0530] {dag.py:3239} INFO - Sync 10 DAGs
[2026-01-29T15:56:12.013+0530] {logging_mixin.py:190} INFO - [2026-01-29T15:56:12.013+0530] {dag.py:3262} INFO - Creating ORM DAG for dataset_produces_2
[2026-01-29T15:56:12.014+0530] {logging_mixin.py:190} INFO - [2026-01-29T15:56:12.014+0530] {dag.py:3262} INFO - Creating ORM DAG for consume_1_and_2_with_dataset_expressions
[2026-01-29T15:56:12.015+0530] {logging_mixin.py:190} INFO - [2026-01-29T15:56:12.014+0530] {dag.py:3262} INFO - Creating ORM DAG for dataset_produces_1
[2026-01-29T15:56:12.015+0530] {logging_mixin.py:190} INFO - [2026-01-29T15:56:12.015+0530] {dag.py:3262} INFO - Creating ORM DAG for conditional_dataset_and_time_based_timetable
[2026-01-29T15:56:12.016+0530] {logging_mixin.py:190} INFO - [2026-01-29T15:56:12.016+0530] {dag.py:3262} INFO - Creating ORM DAG for consume_1_or_both_2_and_3_with_dataset_expressions
[2026-01-29T15:56:12.016+0530] {logging_mixin.py:190} INFO - [2026-01-29T15:56:12.016+0530] {dag.py:3262} INFO - Creating ORM DAG for dataset_consumes_unknown_never_scheduled
[2026-01-29T15:56:12.017+0530] {logging_mixin.py:190} INFO - [2026-01-29T15:56:12.017+0530] {dag.py:3262} INFO - Creating ORM DAG for dataset_consumes_1_never_scheduled
[2026-01-29T15:56:12.017+0530] {logging_mixin.py:190} INFO - [2026-01-29T15:56:12.017+0530] {dag.py:3262} INFO - Creating ORM DAG for dataset_consumes_1
[2026-01-29T15:56:12.018+0530] {logging_mixin.py:190} INFO - [2026-01-29T15:56:12.018+0530] {dag.py:3262} INFO - Creating ORM DAG for dataset_consumes_1_and_2
[2026-01-29T15:56:12.018+0530] {logging_mixin.py:190} INFO - [2026-01-29T15:56:12.018+0530] {dag.py:3262} INFO - Creating ORM DAG for consume_1_or_2_with_dataset_expressions
[2026-01-29T15:56:12.029+0530] {logging_mixin.py:190} INFO - [2026-01-29T15:56:12.029+0530] {dag.py:4180} INFO - Setting next_dagrun for conditional_dataset_and_time_based_timetable to 2026-01-28 01:00:00+00:00, run_after=2026-01-28 01:00:00+00:00
[2026-01-29T15:56:12.030+0530] {logging_mixin.py:190} INFO - [2026-01-29T15:56:12.029+0530] {dag.py:4180} INFO - Setting next_dagrun for consume_1_and_2_with_dataset_expressions to None, run_after=None
[2026-01-29T15:56:12.030+0530] {logging_mixin.py:190} INFO - [2026-01-29T15:56:12.030+0530] {dag.py:4180} INFO - Setting next_dagrun for consume_1_or_2_with_dataset_expressions to None, run_after=None
[2026-01-29T15:56:12.030+0530] {logging_mixin.py:190} INFO - [2026-01-29T15:56:12.030+0530] {dag.py:4180} INFO - Setting next_dagrun for consume_1_or_both_2_and_3_with_dataset_expressions to None, run_after=None
[2026-01-29T15:56:12.031+0530] {logging_mixin.py:190} INFO - [2026-01-29T15:56:12.031+0530] {dag.py:4180} INFO - Setting next_dagrun for dataset_consumes_1 to None, run_after=None
[2026-01-29T15:56:12.031+0530] {logging_mixin.py:190} INFO - [2026-01-29T15:56:12.031+0530] {dag.py:4180} INFO - Setting next_dagrun for dataset_consumes_1_and_2 to None, run_after=None
[2026-01-29T15:56:12.032+0530] {logging_mixin.py:190} INFO - [2026-01-29T15:56:12.032+0530] {dag.py:4180} INFO - Setting next_dagrun for dataset_consumes_1_never_scheduled to None, run_after=None
[2026-01-29T15:56:12.032+0530] {logging_mixin.py:190} INFO - [2026-01-29T15:56:12.032+0530] {dag.py:4180} INFO - Setting next_dagrun for dataset_consumes_unknown_never_scheduled to None, run_after=None
[2026-01-29T15:56:12.034+0530] {logging_mixin.py:190} INFO - [2026-01-29T15:56:12.034+0530] {dag.py:4180} INFO - Setting next_dagrun for dataset_produces_1 to 2026-01-28 00:00:00+00:00, run_after=2026-01-29 00:00:00+00:00
[2026-01-29T15:56:12.035+0530] {logging_mixin.py:190} INFO - [2026-01-29T15:56:12.035+0530] {dag.py:4180} INFO - Setting next_dagrun for dataset_produces_2 to None, run_after=None
[2026-01-29T15:56:12.074+0530] {processor.py:208} INFO - Processing /home/hp/Desktop/Bigdata_project/BigData-Project/airflow-venv/lib/python3.10/site-packages/airflow/example_dags/example_datasets.py took 0.908 seconds
[2026-01-29T15:57:13.055+0530] {processor.py:186} INFO - Started process (PID=28666) to work on /home/hp/Desktop/Bigdata_project/BigData-Project/airflow-venv/lib/python3.10/site-packages/airflow/example_dags/example_datasets.py
[2026-01-29T15:57:13.061+0530] {processor.py:914} INFO - Processing file /home/hp/Desktop/Bigdata_project/BigData-Project/airflow-venv/lib/python3.10/site-packages/airflow/example_dags/example_datasets.py for tasks to queue
[2026-01-29T15:57:13.065+0530] {logging_mixin.py:190} INFO - [2026-01-29T15:57:13.064+0530] {dagbag.py:588} INFO - Filling up the DagBag from /home/hp/Desktop/Bigdata_project/BigData-Project/airflow-venv/lib/python3.10/site-packages/airflow/example_dags/example_datasets.py
[2026-01-29T15:57:13.081+0530] {processor.py:925} INFO - DAG(s) 'consume_1_and_2_with_dataset_expressions', 'conditional_dataset_and_time_based_timetable', 'dataset_consumes_unknown_never_scheduled', 'dataset_consumes_1_never_scheduled', 'dataset_produces_1', 'dataset_consumes_1_and_2', 'dataset_consumes_1', 'consume_1_or_2_with_dataset_expressions', 'consume_1_or_both_2_and_3_with_dataset_expressions', 'dataset_produces_2' retrieved from /home/hp/Desktop/Bigdata_project/BigData-Project/airflow-venv/lib/python3.10/site-packages/airflow/example_dags/example_datasets.py
[2026-01-29T15:57:13.120+0530] {logging_mixin.py:190} INFO - [2026-01-29T15:57:13.119+0530] {dag.py:3239} INFO - Sync 10 DAGs
[2026-01-29T15:57:13.151+0530] {logging_mixin.py:190} INFO - [2026-01-29T15:57:13.150+0530] {dag.py:4180} INFO - Setting next_dagrun for conditional_dataset_and_time_based_timetable to 2026-01-28 01:00:00+00:00, run_after=2026-01-28 01:00:00+00:00
[2026-01-29T15:57:13.154+0530] {logging_mixin.py:190} INFO - [2026-01-29T15:57:13.154+0530] {dag.py:4180} INFO - Setting next_dagrun for consume_1_and_2_with_dataset_expressions to None, run_after=None
[2026-01-29T15:57:13.155+0530] {logging_mixin.py:190} INFO - [2026-01-29T15:57:13.155+0530] {dag.py:4180} INFO - Setting next_dagrun for consume_1_or_2_with_dataset_expressions to None, run_after=None
[2026-01-29T15:57:13.156+0530] {logging_mixin.py:190} INFO - [2026-01-29T15:57:13.156+0530] {dag.py:4180} INFO - Setting next_dagrun for consume_1_or_both_2_and_3_with_dataset_expressions to None, run_after=None
[2026-01-29T15:57:13.157+0530] {logging_mixin.py:190} INFO - [2026-01-29T15:57:13.157+0530] {dag.py:4180} INFO - Setting next_dagrun for dataset_consumes_1 to None, run_after=None
[2026-01-29T15:57:13.158+0530] {logging_mixin.py:190} INFO - [2026-01-29T15:57:13.158+0530] {dag.py:4180} INFO - Setting next_dagrun for dataset_consumes_1_and_2 to None, run_after=None
[2026-01-29T15:57:13.159+0530] {logging_mixin.py:190} INFO - [2026-01-29T15:57:13.159+0530] {dag.py:4180} INFO - Setting next_dagrun for dataset_consumes_1_never_scheduled to None, run_after=None
[2026-01-29T15:57:13.160+0530] {logging_mixin.py:190} INFO - [2026-01-29T15:57:13.159+0530] {dag.py:4180} INFO - Setting next_dagrun for dataset_consumes_unknown_never_scheduled to None, run_after=None
[2026-01-29T15:57:13.162+0530] {logging_mixin.py:190} INFO - [2026-01-29T15:57:13.162+0530] {dag.py:4180} INFO - Setting next_dagrun for dataset_produces_1 to 2026-01-28 00:00:00+00:00, run_after=2026-01-29 00:00:00+00:00
[2026-01-29T15:57:13.163+0530] {logging_mixin.py:190} INFO - [2026-01-29T15:57:13.163+0530] {dag.py:4180} INFO - Setting next_dagrun for dataset_produces_2 to None, run_after=None
[2026-01-29T15:57:13.198+0530] {processor.py:208} INFO - Processing /home/hp/Desktop/Bigdata_project/BigData-Project/airflow-venv/lib/python3.10/site-packages/airflow/example_dags/example_datasets.py took 0.150 seconds
[2026-01-29T16:00:42.565+0530] {processor.py:186} INFO - Started process (PID=29378) to work on /home/hp/Desktop/Bigdata_project/BigData-Project/airflow-venv/lib/python3.10/site-packages/airflow/example_dags/example_datasets.py
[2026-01-29T16:00:42.571+0530] {processor.py:914} INFO - Processing file /home/hp/Desktop/Bigdata_project/BigData-Project/airflow-venv/lib/python3.10/site-packages/airflow/example_dags/example_datasets.py for tasks to queue
[2026-01-29T16:00:42.574+0530] {logging_mixin.py:190} INFO - [2026-01-29T16:00:42.574+0530] {dagbag.py:588} INFO - Filling up the DagBag from /home/hp/Desktop/Bigdata_project/BigData-Project/airflow-venv/lib/python3.10/site-packages/airflow/example_dags/example_datasets.py
[2026-01-29T16:00:42.590+0530] {processor.py:925} INFO - DAG(s) 'dataset_consumes_1', 'dataset_produces_2', 'dataset_consumes_1_and_2', 'dataset_produces_1', 'consume_1_or_2_with_dataset_expressions', 'dataset_consumes_unknown_never_scheduled', 'consume_1_or_both_2_and_3_with_dataset_expressions', 'dataset_consumes_1_never_scheduled', 'conditional_dataset_and_time_based_timetable', 'consume_1_and_2_with_dataset_expressions' retrieved from /home/hp/Desktop/Bigdata_project/BigData-Project/airflow-venv/lib/python3.10/site-packages/airflow/example_dags/example_datasets.py
[2026-01-29T16:00:42.628+0530] {logging_mixin.py:190} INFO - [2026-01-29T16:00:42.628+0530] {dag.py:3239} INFO - Sync 10 DAGs
[2026-01-29T16:00:42.652+0530] {logging_mixin.py:190} INFO - [2026-01-29T16:00:42.652+0530] {dag.py:4180} INFO - Setting next_dagrun for conditional_dataset_and_time_based_timetable to 2026-01-28 01:00:00+00:00, run_after=2026-01-28 01:00:00+00:00
[2026-01-29T16:00:42.656+0530] {logging_mixin.py:190} INFO - [2026-01-29T16:00:42.656+0530] {dag.py:4180} INFO - Setting next_dagrun for consume_1_and_2_with_dataset_expressions to None, run_after=None
[2026-01-29T16:00:42.657+0530] {logging_mixin.py:190} INFO - [2026-01-29T16:00:42.657+0530] {dag.py:4180} INFO - Setting next_dagrun for consume_1_or_2_with_dataset_expressions to None, run_after=None
[2026-01-29T16:00:42.658+0530] {logging_mixin.py:190} INFO - [2026-01-29T16:00:42.658+0530] {dag.py:4180} INFO - Setting next_dagrun for consume_1_or_both_2_and_3_with_dataset_expressions to None, run_after=None
[2026-01-29T16:00:42.659+0530] {logging_mixin.py:190} INFO - [2026-01-29T16:00:42.659+0530] {dag.py:4180} INFO - Setting next_dagrun for dataset_consumes_1 to None, run_after=None
[2026-01-29T16:00:42.660+0530] {logging_mixin.py:190} INFO - [2026-01-29T16:00:42.660+0530] {dag.py:4180} INFO - Setting next_dagrun for dataset_consumes_1_and_2 to None, run_after=None
[2026-01-29T16:00:42.661+0530] {logging_mixin.py:190} INFO - [2026-01-29T16:00:42.660+0530] {dag.py:4180} INFO - Setting next_dagrun for dataset_consumes_1_never_scheduled to None, run_after=None
[2026-01-29T16:00:42.661+0530] {logging_mixin.py:190} INFO - [2026-01-29T16:00:42.661+0530] {dag.py:4180} INFO - Setting next_dagrun for dataset_consumes_unknown_never_scheduled to None, run_after=None
[2026-01-29T16:00:42.664+0530] {logging_mixin.py:190} INFO - [2026-01-29T16:00:42.663+0530] {dag.py:4180} INFO - Setting next_dagrun for dataset_produces_1 to 2026-01-28 00:00:00+00:00, run_after=2026-01-29 00:00:00+00:00
[2026-01-29T16:00:42.665+0530] {logging_mixin.py:190} INFO - [2026-01-29T16:00:42.665+0530] {dag.py:4180} INFO - Setting next_dagrun for dataset_produces_2 to None, run_after=None
[2026-01-29T16:00:42.694+0530] {processor.py:208} INFO - Processing /home/hp/Desktop/Bigdata_project/BigData-Project/airflow-venv/lib/python3.10/site-packages/airflow/example_dags/example_datasets.py took 0.136 seconds
[2026-01-29T16:01:40.116+0530] {processor.py:186} INFO - Started process (PID=29621) to work on /home/hp/Desktop/Bigdata_project/BigData-Project/airflow-venv/lib/python3.10/site-packages/airflow/example_dags/example_datasets.py
[2026-01-29T16:01:40.122+0530] {processor.py:914} INFO - Processing file /home/hp/Desktop/Bigdata_project/BigData-Project/airflow-venv/lib/python3.10/site-packages/airflow/example_dags/example_datasets.py for tasks to queue
[2026-01-29T16:01:40.125+0530] {logging_mixin.py:190} INFO - [2026-01-29T16:01:40.125+0530] {dagbag.py:588} INFO - Filling up the DagBag from /home/hp/Desktop/Bigdata_project/BigData-Project/airflow-venv/lib/python3.10/site-packages/airflow/example_dags/example_datasets.py
[2026-01-29T16:01:40.142+0530] {processor.py:925} INFO - DAG(s) 'dataset_consumes_1_and_2', 'conditional_dataset_and_time_based_timetable', 'dataset_consumes_1_never_scheduled', 'consume_1_or_both_2_and_3_with_dataset_expressions', 'dataset_produces_2', 'dataset_consumes_unknown_never_scheduled', 'dataset_consumes_1', 'consume_1_and_2_with_dataset_expressions', 'consume_1_or_2_with_dataset_expressions', 'dataset_produces_1' retrieved from /home/hp/Desktop/Bigdata_project/BigData-Project/airflow-venv/lib/python3.10/site-packages/airflow/example_dags/example_datasets.py
[2026-01-29T16:01:40.180+0530] {logging_mixin.py:190} INFO - [2026-01-29T16:01:40.180+0530] {dag.py:3239} INFO - Sync 10 DAGs
[2026-01-29T16:01:40.204+0530] {logging_mixin.py:190} INFO - [2026-01-29T16:01:40.204+0530] {dag.py:4180} INFO - Setting next_dagrun for conditional_dataset_and_time_based_timetable to 2026-01-28 01:00:00+00:00, run_after=2026-01-28 01:00:00+00:00
[2026-01-29T16:01:40.208+0530] {logging_mixin.py:190} INFO - [2026-01-29T16:01:40.207+0530] {dag.py:4180} INFO - Setting next_dagrun for consume_1_and_2_with_dataset_expressions to None, run_after=None
[2026-01-29T16:01:40.209+0530] {logging_mixin.py:190} INFO - [2026-01-29T16:01:40.208+0530] {dag.py:4180} INFO - Setting next_dagrun for consume_1_or_2_with_dataset_expressions to None, run_after=None
[2026-01-29T16:01:40.210+0530] {logging_mixin.py:190} INFO - [2026-01-29T16:01:40.209+0530] {dag.py:4180} INFO - Setting next_dagrun for consume_1_or_both_2_and_3_with_dataset_expressions to None, run_after=None
[2026-01-29T16:01:40.211+0530] {logging_mixin.py:190} INFO - [2026-01-29T16:01:40.211+0530] {dag.py:4180} INFO - Setting next_dagrun for dataset_consumes_1 to None, run_after=None
[2026-01-29T16:01:40.212+0530] {logging_mixin.py:190} INFO - [2026-01-29T16:01:40.212+0530] {dag.py:4180} INFO - Setting next_dagrun for dataset_consumes_1_and_2 to None, run_after=None
[2026-01-29T16:01:40.213+0530] {logging_mixin.py:190} INFO - [2026-01-29T16:01:40.213+0530] {dag.py:4180} INFO - Setting next_dagrun for dataset_consumes_1_never_scheduled to None, run_after=None
[2026-01-29T16:01:40.214+0530] {logging_mixin.py:190} INFO - [2026-01-29T16:01:40.214+0530] {dag.py:4180} INFO - Setting next_dagrun for dataset_consumes_unknown_never_scheduled to None, run_after=None
[2026-01-29T16:01:40.216+0530] {logging_mixin.py:190} INFO - [2026-01-29T16:01:40.216+0530] {dag.py:4180} INFO - Setting next_dagrun for dataset_produces_1 to 2026-01-28 00:00:00+00:00, run_after=2026-01-29 00:00:00+00:00
[2026-01-29T16:01:40.217+0530] {logging_mixin.py:190} INFO - [2026-01-29T16:01:40.217+0530] {dag.py:4180} INFO - Setting next_dagrun for dataset_produces_2 to None, run_after=None
[2026-01-29T16:01:40.249+0530] {processor.py:208} INFO - Processing /home/hp/Desktop/Bigdata_project/BigData-Project/airflow-venv/lib/python3.10/site-packages/airflow/example_dags/example_datasets.py took 0.139 seconds
[2026-01-29T16:02:37.184+0530] {processor.py:186} INFO - Started process (PID=29876) to work on /home/hp/Desktop/Bigdata_project/BigData-Project/airflow-venv/lib/python3.10/site-packages/airflow/example_dags/example_datasets.py
[2026-01-29T16:02:37.191+0530] {processor.py:914} INFO - Processing file /home/hp/Desktop/Bigdata_project/BigData-Project/airflow-venv/lib/python3.10/site-packages/airflow/example_dags/example_datasets.py for tasks to queue
[2026-01-29T16:02:37.194+0530] {logging_mixin.py:190} INFO - [2026-01-29T16:02:37.193+0530] {dagbag.py:588} INFO - Filling up the DagBag from /home/hp/Desktop/Bigdata_project/BigData-Project/airflow-venv/lib/python3.10/site-packages/airflow/example_dags/example_datasets.py
[2026-01-29T16:02:37.210+0530] {processor.py:925} INFO - DAG(s) 'dataset_produces_2', 'dataset_produces_1', 'dataset_consumes_1', 'consume_1_and_2_with_dataset_expressions', 'consume_1_or_2_with_dataset_expressions', 'dataset_consumes_1_never_scheduled', 'dataset_consumes_unknown_never_scheduled', 'conditional_dataset_and_time_based_timetable', 'consume_1_or_both_2_and_3_with_dataset_expressions', 'dataset_consumes_1_and_2' retrieved from /home/hp/Desktop/Bigdata_project/BigData-Project/airflow-venv/lib/python3.10/site-packages/airflow/example_dags/example_datasets.py
[2026-01-29T16:02:37.249+0530] {logging_mixin.py:190} INFO - [2026-01-29T16:02:37.248+0530] {dag.py:3239} INFO - Sync 10 DAGs
[2026-01-29T16:02:37.273+0530] {logging_mixin.py:190} INFO - [2026-01-29T16:02:37.273+0530] {dag.py:4180} INFO - Setting next_dagrun for conditional_dataset_and_time_based_timetable to 2026-01-28 01:00:00+00:00, run_after=2026-01-28 01:00:00+00:00
[2026-01-29T16:02:37.276+0530] {logging_mixin.py:190} INFO - [2026-01-29T16:02:37.276+0530] {dag.py:4180} INFO - Setting next_dagrun for consume_1_and_2_with_dataset_expressions to None, run_after=None
[2026-01-29T16:02:37.278+0530] {logging_mixin.py:190} INFO - [2026-01-29T16:02:37.277+0530] {dag.py:4180} INFO - Setting next_dagrun for consume_1_or_2_with_dataset_expressions to None, run_after=None
[2026-01-29T16:02:37.278+0530] {logging_mixin.py:190} INFO - [2026-01-29T16:02:37.278+0530] {dag.py:4180} INFO - Setting next_dagrun for consume_1_or_both_2_and_3_with_dataset_expressions to None, run_after=None
[2026-01-29T16:02:37.279+0530] {logging_mixin.py:190} INFO - [2026-01-29T16:02:37.279+0530] {dag.py:4180} INFO - Setting next_dagrun for dataset_consumes_1 to None, run_after=None
[2026-01-29T16:02:37.280+0530] {logging_mixin.py:190} INFO - [2026-01-29T16:02:37.280+0530] {dag.py:4180} INFO - Setting next_dagrun for dataset_consumes_1_and_2 to None, run_after=None
[2026-01-29T16:02:37.281+0530] {logging_mixin.py:190} INFO - [2026-01-29T16:02:37.281+0530] {dag.py:4180} INFO - Setting next_dagrun for dataset_consumes_1_never_scheduled to None, run_after=None
[2026-01-29T16:02:37.282+0530] {logging_mixin.py:190} INFO - [2026-01-29T16:02:37.282+0530] {dag.py:4180} INFO - Setting next_dagrun for dataset_consumes_unknown_never_scheduled to None, run_after=None
[2026-01-29T16:02:37.284+0530] {logging_mixin.py:190} INFO - [2026-01-29T16:02:37.284+0530] {dag.py:4180} INFO - Setting next_dagrun for dataset_produces_1 to 2026-01-28 00:00:00+00:00, run_after=2026-01-29 00:00:00+00:00
[2026-01-29T16:02:37.285+0530] {logging_mixin.py:190} INFO - [2026-01-29T16:02:37.285+0530] {dag.py:4180} INFO - Setting next_dagrun for dataset_produces_2 to None, run_after=None
[2026-01-29T16:02:37.320+0530] {processor.py:208} INFO - Processing /home/hp/Desktop/Bigdata_project/BigData-Project/airflow-venv/lib/python3.10/site-packages/airflow/example_dags/example_datasets.py took 0.142 seconds
[2026-01-29T16:03:30.883+0530] {processor.py:186} INFO - Started process (PID=30084) to work on /home/hp/Desktop/Bigdata_project/BigData-Project/airflow-venv/lib/python3.10/site-packages/airflow/example_dags/example_datasets.py
[2026-01-29T16:03:30.889+0530] {processor.py:914} INFO - Processing file /home/hp/Desktop/Bigdata_project/BigData-Project/airflow-venv/lib/python3.10/site-packages/airflow/example_dags/example_datasets.py for tasks to queue
[2026-01-29T16:03:30.892+0530] {logging_mixin.py:190} INFO - [2026-01-29T16:03:30.892+0530] {dagbag.py:588} INFO - Filling up the DagBag from /home/hp/Desktop/Bigdata_project/BigData-Project/airflow-venv/lib/python3.10/site-packages/airflow/example_dags/example_datasets.py
[2026-01-29T16:03:30.909+0530] {processor.py:925} INFO - DAG(s) 'dataset_produces_2', 'consume_1_or_2_with_dataset_expressions', 'conditional_dataset_and_time_based_timetable', 'dataset_consumes_1', 'consume_1_or_both_2_and_3_with_dataset_expressions', 'dataset_consumes_unknown_never_scheduled', 'dataset_produces_1', 'consume_1_and_2_with_dataset_expressions', 'dataset_consumes_1_and_2', 'dataset_consumes_1_never_scheduled' retrieved from /home/hp/Desktop/Bigdata_project/BigData-Project/airflow-venv/lib/python3.10/site-packages/airflow/example_dags/example_datasets.py
[2026-01-29T16:03:30.948+0530] {logging_mixin.py:190} INFO - [2026-01-29T16:03:30.947+0530] {dag.py:3239} INFO - Sync 10 DAGs
[2026-01-29T16:03:30.972+0530] {logging_mixin.py:190} INFO - [2026-01-29T16:03:30.971+0530] {dag.py:4180} INFO - Setting next_dagrun for conditional_dataset_and_time_based_timetable to 2026-01-28 01:00:00+00:00, run_after=2026-01-28 01:00:00+00:00
[2026-01-29T16:03:30.975+0530] {logging_mixin.py:190} INFO - [2026-01-29T16:03:30.975+0530] {dag.py:4180} INFO - Setting next_dagrun for consume_1_and_2_with_dataset_expressions to None, run_after=None
[2026-01-29T16:03:30.976+0530] {logging_mixin.py:190} INFO - [2026-01-29T16:03:30.976+0530] {dag.py:4180} INFO - Setting next_dagrun for consume_1_or_2_with_dataset_expressions to None, run_after=None
[2026-01-29T16:03:30.977+0530] {logging_mixin.py:190} INFO - [2026-01-29T16:03:30.977+0530] {dag.py:4180} INFO - Setting next_dagrun for consume_1_or_both_2_and_3_with_dataset_expressions to None, run_after=None
[2026-01-29T16:03:30.978+0530] {logging_mixin.py:190} INFO - [2026-01-29T16:03:30.978+0530] {dag.py:4180} INFO - Setting next_dagrun for dataset_consumes_1 to None, run_after=None
[2026-01-29T16:03:30.979+0530] {logging_mixin.py:190} INFO - [2026-01-29T16:03:30.979+0530] {dag.py:4180} INFO - Setting next_dagrun for dataset_consumes_1_and_2 to None, run_after=None
[2026-01-29T16:03:30.980+0530] {logging_mixin.py:190} INFO - [2026-01-29T16:03:30.980+0530] {dag.py:4180} INFO - Setting next_dagrun for dataset_consumes_1_never_scheduled to None, run_after=None
[2026-01-29T16:03:30.981+0530] {logging_mixin.py:190} INFO - [2026-01-29T16:03:30.981+0530] {dag.py:4180} INFO - Setting next_dagrun for dataset_consumes_unknown_never_scheduled to None, run_after=None
[2026-01-29T16:03:30.983+0530] {logging_mixin.py:190} INFO - [2026-01-29T16:03:30.983+0530] {dag.py:4180} INFO - Setting next_dagrun for dataset_produces_1 to 2026-01-28 00:00:00+00:00, run_after=2026-01-29 00:00:00+00:00
[2026-01-29T16:03:30.984+0530] {logging_mixin.py:190} INFO - [2026-01-29T16:03:30.984+0530] {dag.py:4180} INFO - Setting next_dagrun for dataset_produces_2 to None, run_after=None
[2026-01-29T16:03:31.021+0530] {processor.py:208} INFO - Processing /home/hp/Desktop/Bigdata_project/BigData-Project/airflow-venv/lib/python3.10/site-packages/airflow/example_dags/example_datasets.py took 0.145 seconds
[2026-01-29T16:04:25.803+0530] {processor.py:186} INFO - Started process (PID=30300) to work on /home/hp/Desktop/Bigdata_project/BigData-Project/airflow-venv/lib/python3.10/site-packages/airflow/example_dags/example_datasets.py
[2026-01-29T16:04:25.809+0530] {processor.py:914} INFO - Processing file /home/hp/Desktop/Bigdata_project/BigData-Project/airflow-venv/lib/python3.10/site-packages/airflow/example_dags/example_datasets.py for tasks to queue
[2026-01-29T16:04:25.812+0530] {logging_mixin.py:190} INFO - [2026-01-29T16:04:25.811+0530] {dagbag.py:588} INFO - Filling up the DagBag from /home/hp/Desktop/Bigdata_project/BigData-Project/airflow-venv/lib/python3.10/site-packages/airflow/example_dags/example_datasets.py
[2026-01-29T16:04:25.836+0530] {processor.py:925} INFO - DAG(s) 'dataset_consumes_1_never_scheduled', 'dataset_consumes_1', 'consume_1_and_2_with_dataset_expressions', 'conditional_dataset_and_time_based_timetable', 'consume_1_or_2_with_dataset_expressions', 'dataset_produces_2', 'consume_1_or_both_2_and_3_with_dataset_expressions', 'dataset_consumes_1_and_2', 'dataset_consumes_unknown_never_scheduled', 'dataset_produces_1' retrieved from /home/hp/Desktop/Bigdata_project/BigData-Project/airflow-venv/lib/python3.10/site-packages/airflow/example_dags/example_datasets.py
[2026-01-29T16:04:25.878+0530] {logging_mixin.py:190} INFO - [2026-01-29T16:04:25.877+0530] {dag.py:3239} INFO - Sync 10 DAGs
[2026-01-29T16:04:25.903+0530] {logging_mixin.py:190} INFO - [2026-01-29T16:04:25.903+0530] {dag.py:4180} INFO - Setting next_dagrun for conditional_dataset_and_time_based_timetable to 2026-01-28 01:00:00+00:00, run_after=2026-01-28 01:00:00+00:00
[2026-01-29T16:04:25.907+0530] {logging_mixin.py:190} INFO - [2026-01-29T16:04:25.906+0530] {dag.py:4180} INFO - Setting next_dagrun for consume_1_and_2_with_dataset_expressions to None, run_after=None
[2026-01-29T16:04:25.908+0530] {logging_mixin.py:190} INFO - [2026-01-29T16:04:25.908+0530] {dag.py:4180} INFO - Setting next_dagrun for consume_1_or_2_with_dataset_expressions to None, run_after=None
[2026-01-29T16:04:25.909+0530] {logging_mixin.py:190} INFO - [2026-01-29T16:04:25.909+0530] {dag.py:4180} INFO - Setting next_dagrun for consume_1_or_both_2_and_3_with_dataset_expressions to None, run_after=None
[2026-01-29T16:04:25.910+0530] {logging_mixin.py:190} INFO - [2026-01-29T16:04:25.910+0530] {dag.py:4180} INFO - Setting next_dagrun for dataset_consumes_1 to None, run_after=None
[2026-01-29T16:04:25.911+0530] {logging_mixin.py:190} INFO - [2026-01-29T16:04:25.911+0530] {dag.py:4180} INFO - Setting next_dagrun for dataset_consumes_1_and_2 to None, run_after=None
[2026-01-29T16:04:25.913+0530] {logging_mixin.py:190} INFO - [2026-01-29T16:04:25.912+0530] {dag.py:4180} INFO - Setting next_dagrun for dataset_consumes_1_never_scheduled to None, run_after=None
[2026-01-29T16:04:25.914+0530] {logging_mixin.py:190} INFO - [2026-01-29T16:04:25.913+0530] {dag.py:4180} INFO - Setting next_dagrun for dataset_consumes_unknown_never_scheduled to None, run_after=None
[2026-01-29T16:04:25.916+0530] {logging_mixin.py:190} INFO - [2026-01-29T16:04:25.916+0530] {dag.py:4180} INFO - Setting next_dagrun for dataset_produces_1 to 2026-01-28 00:00:00+00:00, run_after=2026-01-29 00:00:00+00:00
[2026-01-29T16:04:25.918+0530] {logging_mixin.py:190} INFO - [2026-01-29T16:04:25.917+0530] {dag.py:4180} INFO - Setting next_dagrun for dataset_produces_2 to None, run_after=None
[2026-01-29T16:04:25.957+0530] {processor.py:208} INFO - Processing /home/hp/Desktop/Bigdata_project/BigData-Project/airflow-venv/lib/python3.10/site-packages/airflow/example_dags/example_datasets.py took 0.162 seconds
[2026-01-29T16:05:22.729+0530] {processor.py:186} INFO - Started process (PID=30595) to work on /home/hp/Desktop/Bigdata_project/BigData-Project/airflow-venv/lib/python3.10/site-packages/airflow/example_dags/example_datasets.py
[2026-01-29T16:05:22.736+0530] {processor.py:914} INFO - Processing file /home/hp/Desktop/Bigdata_project/BigData-Project/airflow-venv/lib/python3.10/site-packages/airflow/example_dags/example_datasets.py for tasks to queue
[2026-01-29T16:05:22.738+0530] {logging_mixin.py:190} INFO - [2026-01-29T16:05:22.738+0530] {dagbag.py:588} INFO - Filling up the DagBag from /home/hp/Desktop/Bigdata_project/BigData-Project/airflow-venv/lib/python3.10/site-packages/airflow/example_dags/example_datasets.py
[2026-01-29T16:05:22.755+0530] {processor.py:925} INFO - DAG(s) 'consume_1_or_2_with_dataset_expressions', 'conditional_dataset_and_time_based_timetable', 'dataset_produces_1', 'dataset_consumes_1_never_scheduled', 'dataset_consumes_1_and_2', 'dataset_produces_2', 'dataset_consumes_1', 'consume_1_or_both_2_and_3_with_dataset_expressions', 'dataset_consumes_unknown_never_scheduled', 'consume_1_and_2_with_dataset_expressions' retrieved from /home/hp/Desktop/Bigdata_project/BigData-Project/airflow-venv/lib/python3.10/site-packages/airflow/example_dags/example_datasets.py
[2026-01-29T16:05:22.794+0530] {logging_mixin.py:190} INFO - [2026-01-29T16:05:22.794+0530] {dag.py:3239} INFO - Sync 10 DAGs
[2026-01-29T16:05:22.819+0530] {logging_mixin.py:190} INFO - [2026-01-29T16:05:22.819+0530] {dag.py:4180} INFO - Setting next_dagrun for conditional_dataset_and_time_based_timetable to 2026-01-28 01:00:00+00:00, run_after=2026-01-28 01:00:00+00:00
[2026-01-29T16:05:22.822+0530] {logging_mixin.py:190} INFO - [2026-01-29T16:05:22.822+0530] {dag.py:4180} INFO - Setting next_dagrun for consume_1_and_2_with_dataset_expressions to None, run_after=None
[2026-01-29T16:05:22.823+0530] {logging_mixin.py:190} INFO - [2026-01-29T16:05:22.823+0530] {dag.py:4180} INFO - Setting next_dagrun for consume_1_or_2_with_dataset_expressions to None, run_after=None
[2026-01-29T16:05:22.824+0530] {logging_mixin.py:190} INFO - [2026-01-29T16:05:22.824+0530] {dag.py:4180} INFO - Setting next_dagrun for consume_1_or_both_2_and_3_with_dataset_expressions to None, run_after=None
[2026-01-29T16:05:22.825+0530] {logging_mixin.py:190} INFO - [2026-01-29T16:05:22.825+0530] {dag.py:4180} INFO - Setting next_dagrun for dataset_consumes_1 to None, run_after=None
[2026-01-29T16:05:22.826+0530] {logging_mixin.py:190} INFO - [2026-01-29T16:05:22.826+0530] {dag.py:4180} INFO - Setting next_dagrun for dataset_consumes_1_and_2 to None, run_after=None
[2026-01-29T16:05:22.827+0530] {logging_mixin.py:190} INFO - [2026-01-29T16:05:22.827+0530] {dag.py:4180} INFO - Setting next_dagrun for dataset_consumes_1_never_scheduled to None, run_after=None
[2026-01-29T16:05:22.828+0530] {logging_mixin.py:190} INFO - [2026-01-29T16:05:22.828+0530] {dag.py:4180} INFO - Setting next_dagrun for dataset_consumes_unknown_never_scheduled to None, run_after=None
[2026-01-29T16:05:22.830+0530] {logging_mixin.py:190} INFO - [2026-01-29T16:05:22.830+0530] {dag.py:4180} INFO - Setting next_dagrun for dataset_produces_1 to 2026-01-28 00:00:00+00:00, run_after=2026-01-29 00:00:00+00:00
[2026-01-29T16:05:22.831+0530] {logging_mixin.py:190} INFO - [2026-01-29T16:05:22.831+0530] {dag.py:4180} INFO - Setting next_dagrun for dataset_produces_2 to None, run_after=None
[2026-01-29T16:05:22.867+0530] {processor.py:208} INFO - Processing /home/hp/Desktop/Bigdata_project/BigData-Project/airflow-venv/lib/python3.10/site-packages/airflow/example_dags/example_datasets.py took 0.145 seconds
[2026-01-29T16:06:18.734+0530] {processor.py:186} INFO - Started process (PID=30844) to work on /home/hp/Desktop/Bigdata_project/BigData-Project/airflow-venv/lib/python3.10/site-packages/airflow/example_dags/example_datasets.py
[2026-01-29T16:06:18.740+0530] {processor.py:914} INFO - Processing file /home/hp/Desktop/Bigdata_project/BigData-Project/airflow-venv/lib/python3.10/site-packages/airflow/example_dags/example_datasets.py for tasks to queue
[2026-01-29T16:06:18.744+0530] {logging_mixin.py:190} INFO - [2026-01-29T16:06:18.743+0530] {dagbag.py:588} INFO - Filling up the DagBag from /home/hp/Desktop/Bigdata_project/BigData-Project/airflow-venv/lib/python3.10/site-packages/airflow/example_dags/example_datasets.py
[2026-01-29T16:06:18.760+0530] {processor.py:925} INFO - DAG(s) 'dataset_consumes_unknown_never_scheduled', 'dataset_produces_1', 'dataset_consumes_1_and_2', 'conditional_dataset_and_time_based_timetable', 'dataset_consumes_1_never_scheduled', 'consume_1_or_2_with_dataset_expressions', 'dataset_produces_2', 'consume_1_or_both_2_and_3_with_dataset_expressions', 'consume_1_and_2_with_dataset_expressions', 'dataset_consumes_1' retrieved from /home/hp/Desktop/Bigdata_project/BigData-Project/airflow-venv/lib/python3.10/site-packages/airflow/example_dags/example_datasets.py
[2026-01-29T16:06:18.799+0530] {logging_mixin.py:190} INFO - [2026-01-29T16:06:18.798+0530] {dag.py:3239} INFO - Sync 10 DAGs
[2026-01-29T16:06:18.823+0530] {logging_mixin.py:190} INFO - [2026-01-29T16:06:18.823+0530] {dag.py:4180} INFO - Setting next_dagrun for conditional_dataset_and_time_based_timetable to 2026-01-28 01:00:00+00:00, run_after=2026-01-28 01:00:00+00:00
[2026-01-29T16:06:18.826+0530] {logging_mixin.py:190} INFO - [2026-01-29T16:06:18.826+0530] {dag.py:4180} INFO - Setting next_dagrun for consume_1_and_2_with_dataset_expressions to None, run_after=None
[2026-01-29T16:06:18.828+0530] {logging_mixin.py:190} INFO - [2026-01-29T16:06:18.827+0530] {dag.py:4180} INFO - Setting next_dagrun for consume_1_or_2_with_dataset_expressions to None, run_after=None
[2026-01-29T16:06:18.829+0530] {logging_mixin.py:190} INFO - [2026-01-29T16:06:18.829+0530] {dag.py:4180} INFO - Setting next_dagrun for consume_1_or_both_2_and_3_with_dataset_expressions to None, run_after=None
[2026-01-29T16:06:18.830+0530] {logging_mixin.py:190} INFO - [2026-01-29T16:06:18.830+0530] {dag.py:4180} INFO - Setting next_dagrun for dataset_consumes_1 to None, run_after=None
[2026-01-29T16:06:18.831+0530] {logging_mixin.py:190} INFO - [2026-01-29T16:06:18.830+0530] {dag.py:4180} INFO - Setting next_dagrun for dataset_consumes_1_and_2 to None, run_after=None
[2026-01-29T16:06:18.832+0530] {logging_mixin.py:190} INFO - [2026-01-29T16:06:18.831+0530] {dag.py:4180} INFO - Setting next_dagrun for dataset_consumes_1_never_scheduled to None, run_after=None
[2026-01-29T16:06:18.832+0530] {logging_mixin.py:190} INFO - [2026-01-29T16:06:18.832+0530] {dag.py:4180} INFO - Setting next_dagrun for dataset_consumes_unknown_never_scheduled to None, run_after=None
[2026-01-29T16:06:18.835+0530] {logging_mixin.py:190} INFO - [2026-01-29T16:06:18.834+0530] {dag.py:4180} INFO - Setting next_dagrun for dataset_produces_1 to 2026-01-28 00:00:00+00:00, run_after=2026-01-29 00:00:00+00:00
[2026-01-29T16:06:18.836+0530] {logging_mixin.py:190} INFO - [2026-01-29T16:06:18.835+0530] {dag.py:4180} INFO - Setting next_dagrun for dataset_produces_2 to None, run_after=None
[2026-01-29T16:06:18.871+0530] {processor.py:208} INFO - Processing /home/hp/Desktop/Bigdata_project/BigData-Project/airflow-venv/lib/python3.10/site-packages/airflow/example_dags/example_datasets.py took 0.143 seconds
[2026-01-29T16:07:16.231+0530] {processor.py:186} INFO - Started process (PID=31120) to work on /home/hp/Desktop/Bigdata_project/BigData-Project/airflow-venv/lib/python3.10/site-packages/airflow/example_dags/example_datasets.py
[2026-01-29T16:07:16.238+0530] {processor.py:914} INFO - Processing file /home/hp/Desktop/Bigdata_project/BigData-Project/airflow-venv/lib/python3.10/site-packages/airflow/example_dags/example_datasets.py for tasks to queue
[2026-01-29T16:07:16.240+0530] {logging_mixin.py:190} INFO - [2026-01-29T16:07:16.240+0530] {dagbag.py:588} INFO - Filling up the DagBag from /home/hp/Desktop/Bigdata_project/BigData-Project/airflow-venv/lib/python3.10/site-packages/airflow/example_dags/example_datasets.py
[2026-01-29T16:07:16.257+0530] {processor.py:925} INFO - DAG(s) 'dataset_produces_2', 'consume_1_or_both_2_and_3_with_dataset_expressions', 'dataset_consumes_unknown_never_scheduled', 'dataset_consumes_1_and_2', 'consume_1_and_2_with_dataset_expressions', 'consume_1_or_2_with_dataset_expressions', 'conditional_dataset_and_time_based_timetable', 'dataset_consumes_1', 'dataset_produces_1', 'dataset_consumes_1_never_scheduled' retrieved from /home/hp/Desktop/Bigdata_project/BigData-Project/airflow-venv/lib/python3.10/site-packages/airflow/example_dags/example_datasets.py
[2026-01-29T16:07:16.294+0530] {logging_mixin.py:190} INFO - [2026-01-29T16:07:16.294+0530] {dag.py:3239} INFO - Sync 10 DAGs
[2026-01-29T16:07:16.317+0530] {logging_mixin.py:190} INFO - [2026-01-29T16:07:16.317+0530] {dag.py:4180} INFO - Setting next_dagrun for conditional_dataset_and_time_based_timetable to 2026-01-28 01:00:00+00:00, run_after=2026-01-28 01:00:00+00:00
[2026-01-29T16:07:16.322+0530] {logging_mixin.py:190} INFO - [2026-01-29T16:07:16.321+0530] {dag.py:4180} INFO - Setting next_dagrun for consume_1_and_2_with_dataset_expressions to None, run_after=None
[2026-01-29T16:07:16.323+0530] {logging_mixin.py:190} INFO - [2026-01-29T16:07:16.323+0530] {dag.py:4180} INFO - Setting next_dagrun for consume_1_or_2_with_dataset_expressions to None, run_after=None
[2026-01-29T16:07:16.324+0530] {logging_mixin.py:190} INFO - [2026-01-29T16:07:16.323+0530] {dag.py:4180} INFO - Setting next_dagrun for consume_1_or_both_2_and_3_with_dataset_expressions to None, run_after=None
[2026-01-29T16:07:16.325+0530] {logging_mixin.py:190} INFO - [2026-01-29T16:07:16.324+0530] {dag.py:4180} INFO - Setting next_dagrun for dataset_consumes_1 to None, run_after=None
[2026-01-29T16:07:16.326+0530] {logging_mixin.py:190} INFO - [2026-01-29T16:07:16.325+0530] {dag.py:4180} INFO - Setting next_dagrun for dataset_consumes_1_and_2 to None, run_after=None
[2026-01-29T16:07:16.326+0530] {logging_mixin.py:190} INFO - [2026-01-29T16:07:16.326+0530] {dag.py:4180} INFO - Setting next_dagrun for dataset_consumes_1_never_scheduled to None, run_after=None
[2026-01-29T16:07:16.327+0530] {logging_mixin.py:190} INFO - [2026-01-29T16:07:16.327+0530] {dag.py:4180} INFO - Setting next_dagrun for dataset_consumes_unknown_never_scheduled to None, run_after=None
[2026-01-29T16:07:16.330+0530] {logging_mixin.py:190} INFO - [2026-01-29T16:07:16.329+0530] {dag.py:4180} INFO - Setting next_dagrun for dataset_produces_1 to 2026-01-28 00:00:00+00:00, run_after=2026-01-29 00:00:00+00:00
[2026-01-29T16:07:16.331+0530] {logging_mixin.py:190} INFO - [2026-01-29T16:07:16.331+0530] {dag.py:4180} INFO - Setting next_dagrun for dataset_produces_2 to None, run_after=None
[2026-01-29T16:07:16.366+0530] {processor.py:208} INFO - Processing /home/hp/Desktop/Bigdata_project/BigData-Project/airflow-venv/lib/python3.10/site-packages/airflow/example_dags/example_datasets.py took 0.141 seconds
[2026-01-29T16:08:14.438+0530] {processor.py:186} INFO - Started process (PID=31354) to work on /home/hp/Desktop/Bigdata_project/BigData-Project/airflow-venv/lib/python3.10/site-packages/airflow/example_dags/example_datasets.py
[2026-01-29T16:08:14.439+0530] {processor.py:914} INFO - Processing file /home/hp/Desktop/Bigdata_project/BigData-Project/airflow-venv/lib/python3.10/site-packages/airflow/example_dags/example_datasets.py for tasks to queue
[2026-01-29T16:08:14.441+0530] {logging_mixin.py:190} INFO - [2026-01-29T16:08:14.440+0530] {dagbag.py:588} INFO - Filling up the DagBag from /home/hp/Desktop/Bigdata_project/BigData-Project/airflow-venv/lib/python3.10/site-packages/airflow/example_dags/example_datasets.py
[2026-01-29T16:08:14.457+0530] {processor.py:925} INFO - DAG(s) 'consume_1_or_2_with_dataset_expressions', 'dataset_consumes_1_never_scheduled', 'dataset_consumes_1', 'dataset_consumes_unknown_never_scheduled', 'dataset_produces_2', 'dataset_consumes_1_and_2', 'consume_1_and_2_with_dataset_expressions', 'dataset_produces_1', 'consume_1_or_both_2_and_3_with_dataset_expressions', 'conditional_dataset_and_time_based_timetable' retrieved from /home/hp/Desktop/Bigdata_project/BigData-Project/airflow-venv/lib/python3.10/site-packages/airflow/example_dags/example_datasets.py
[2026-01-29T16:08:14.494+0530] {logging_mixin.py:190} INFO - [2026-01-29T16:08:14.494+0530] {dag.py:3239} INFO - Sync 10 DAGs
[2026-01-29T16:08:14.517+0530] {logging_mixin.py:190} INFO - [2026-01-29T16:08:14.517+0530] {dag.py:4180} INFO - Setting next_dagrun for conditional_dataset_and_time_based_timetable to 2026-01-28 01:00:00+00:00, run_after=2026-01-28 01:00:00+00:00
[2026-01-29T16:08:14.521+0530] {logging_mixin.py:190} INFO - [2026-01-29T16:08:14.520+0530] {dag.py:4180} INFO - Setting next_dagrun for consume_1_and_2_with_dataset_expressions to None, run_after=None
[2026-01-29T16:08:14.522+0530] {logging_mixin.py:190} INFO - [2026-01-29T16:08:14.522+0530] {dag.py:4180} INFO - Setting next_dagrun for consume_1_or_2_with_dataset_expressions to None, run_after=None
[2026-01-29T16:08:14.523+0530] {logging_mixin.py:190} INFO - [2026-01-29T16:08:14.522+0530] {dag.py:4180} INFO - Setting next_dagrun for consume_1_or_both_2_and_3_with_dataset_expressions to None, run_after=None
[2026-01-29T16:08:14.524+0530] {logging_mixin.py:190} INFO - [2026-01-29T16:08:14.523+0530] {dag.py:4180} INFO - Setting next_dagrun for dataset_consumes_1 to None, run_after=None
[2026-01-29T16:08:14.524+0530] {logging_mixin.py:190} INFO - [2026-01-29T16:08:14.524+0530] {dag.py:4180} INFO - Setting next_dagrun for dataset_consumes_1_and_2 to None, run_after=None
[2026-01-29T16:08:14.525+0530] {logging_mixin.py:190} INFO - [2026-01-29T16:08:14.525+0530] {dag.py:4180} INFO - Setting next_dagrun for dataset_consumes_1_never_scheduled to None, run_after=None
[2026-01-29T16:08:14.526+0530] {logging_mixin.py:190} INFO - [2026-01-29T16:08:14.526+0530] {dag.py:4180} INFO - Setting next_dagrun for dataset_consumes_unknown_never_scheduled to None, run_after=None
[2026-01-29T16:08:14.528+0530] {logging_mixin.py:190} INFO - [2026-01-29T16:08:14.528+0530] {dag.py:4180} INFO - Setting next_dagrun for dataset_produces_1 to 2026-01-28 00:00:00+00:00, run_after=2026-01-29 00:00:00+00:00
[2026-01-29T16:08:14.530+0530] {logging_mixin.py:190} INFO - [2026-01-29T16:08:14.529+0530] {dag.py:4180} INFO - Setting next_dagrun for dataset_produces_2 to None, run_after=None
[2026-01-29T16:08:14.560+0530] {processor.py:208} INFO - Processing /home/hp/Desktop/Bigdata_project/BigData-Project/airflow-venv/lib/python3.10/site-packages/airflow/example_dags/example_datasets.py took 0.129 seconds
[2026-01-29T16:09:24.681+0530] {processor.py:186} INFO - Started process (PID=31739) to work on /home/hp/Desktop/Bigdata_project/BigData-Project/airflow-venv/lib/python3.10/site-packages/airflow/example_dags/example_datasets.py
[2026-01-29T16:09:24.688+0530] {processor.py:914} INFO - Processing file /home/hp/Desktop/Bigdata_project/BigData-Project/airflow-venv/lib/python3.10/site-packages/airflow/example_dags/example_datasets.py for tasks to queue
[2026-01-29T16:09:24.690+0530] {logging_mixin.py:190} INFO - [2026-01-29T16:09:24.690+0530] {dagbag.py:588} INFO - Filling up the DagBag from /home/hp/Desktop/Bigdata_project/BigData-Project/airflow-venv/lib/python3.10/site-packages/airflow/example_dags/example_datasets.py
[2026-01-29T16:09:24.707+0530] {processor.py:925} INFO - DAG(s) 'conditional_dataset_and_time_based_timetable', 'consume_1_and_2_with_dataset_expressions', 'dataset_consumes_unknown_never_scheduled', 'dataset_consumes_1_never_scheduled', 'consume_1_or_2_with_dataset_expressions', 'dataset_produces_1', 'dataset_consumes_1_and_2', 'dataset_consumes_1', 'dataset_produces_2', 'consume_1_or_both_2_and_3_with_dataset_expressions' retrieved from /home/hp/Desktop/Bigdata_project/BigData-Project/airflow-venv/lib/python3.10/site-packages/airflow/example_dags/example_datasets.py
[2026-01-29T16:09:24.801+0530] {logging_mixin.py:190} INFO - [2026-01-29T16:09:24.800+0530] {override.py:1930} INFO - Created Permission View: can edit on DAG:conditional_dataset_and_time_based_timetable
[2026-01-29T16:09:24.811+0530] {logging_mixin.py:190} INFO - [2026-01-29T16:09:24.810+0530] {override.py:1930} INFO - Created Permission View: can delete on DAG:conditional_dataset_and_time_based_timetable
[2026-01-29T16:09:24.819+0530] {logging_mixin.py:190} INFO - [2026-01-29T16:09:24.818+0530] {override.py:1930} INFO - Created Permission View: can read on DAG:conditional_dataset_and_time_based_timetable
[2026-01-29T16:09:24.829+0530] {logging_mixin.py:190} INFO - [2026-01-29T16:09:24.829+0530] {override.py:1930} INFO - Created Permission View: menu access on DAG Run:conditional_dataset_and_time_based_timetable
[2026-01-29T16:09:24.837+0530] {logging_mixin.py:190} INFO - [2026-01-29T16:09:24.836+0530] {override.py:1930} INFO - Created Permission View: can delete on DAG Run:conditional_dataset_and_time_based_timetable
[2026-01-29T16:09:24.844+0530] {logging_mixin.py:190} INFO - [2026-01-29T16:09:24.843+0530] {override.py:1930} INFO - Created Permission View: can create on DAG Run:conditional_dataset_and_time_based_timetable
[2026-01-29T16:09:24.851+0530] {logging_mixin.py:190} INFO - [2026-01-29T16:09:24.851+0530] {override.py:1930} INFO - Created Permission View: can read on DAG Run:conditional_dataset_and_time_based_timetable
[2026-01-29T16:09:24.867+0530] {logging_mixin.py:190} INFO - [2026-01-29T16:09:24.867+0530] {override.py:1930} INFO - Created Permission View: can edit on DAG:consume_1_and_2_with_dataset_expressions
[2026-01-29T16:09:24.874+0530] {logging_mixin.py:190} INFO - [2026-01-29T16:09:24.874+0530] {override.py:1930} INFO - Created Permission View: can delete on DAG:consume_1_and_2_with_dataset_expressions
[2026-01-29T16:09:24.881+0530] {logging_mixin.py:190} INFO - [2026-01-29T16:09:24.881+0530] {override.py:1930} INFO - Created Permission View: can read on DAG:consume_1_and_2_with_dataset_expressions
[2026-01-29T16:09:24.892+0530] {logging_mixin.py:190} INFO - [2026-01-29T16:09:24.892+0530] {override.py:1930} INFO - Created Permission View: menu access on DAG Run:consume_1_and_2_with_dataset_expressions
[2026-01-29T16:09:24.903+0530] {logging_mixin.py:190} INFO - [2026-01-29T16:09:24.903+0530] {override.py:1930} INFO - Created Permission View: can delete on DAG Run:consume_1_and_2_with_dataset_expressions
[2026-01-29T16:09:24.914+0530] {logging_mixin.py:190} INFO - [2026-01-29T16:09:24.913+0530] {override.py:1930} INFO - Created Permission View: can create on DAG Run:consume_1_and_2_with_dataset_expressions
[2026-01-29T16:09:24.921+0530] {logging_mixin.py:190} INFO - [2026-01-29T16:09:24.921+0530] {override.py:1930} INFO - Created Permission View: can read on DAG Run:consume_1_and_2_with_dataset_expressions
[2026-01-29T16:09:24.935+0530] {logging_mixin.py:190} INFO - [2026-01-29T16:09:24.935+0530] {override.py:1930} INFO - Created Permission View: can edit on DAG:dataset_consumes_unknown_never_scheduled
[2026-01-29T16:09:24.942+0530] {logging_mixin.py:190} INFO - [2026-01-29T16:09:24.942+0530] {override.py:1930} INFO - Created Permission View: can delete on DAG:dataset_consumes_unknown_never_scheduled
[2026-01-29T16:09:24.950+0530] {logging_mixin.py:190} INFO - [2026-01-29T16:09:24.949+0530] {override.py:1930} INFO - Created Permission View: can read on DAG:dataset_consumes_unknown_never_scheduled
[2026-01-29T16:09:24.960+0530] {logging_mixin.py:190} INFO - [2026-01-29T16:09:24.960+0530] {override.py:1930} INFO - Created Permission View: menu access on DAG Run:dataset_consumes_unknown_never_scheduled
[2026-01-29T16:09:24.968+0530] {logging_mixin.py:190} INFO - [2026-01-29T16:09:24.967+0530] {override.py:1930} INFO - Created Permission View: can delete on DAG Run:dataset_consumes_unknown_never_scheduled
[2026-01-29T16:09:24.976+0530] {logging_mixin.py:190} INFO - [2026-01-29T16:09:24.976+0530] {override.py:1930} INFO - Created Permission View: can create on DAG Run:dataset_consumes_unknown_never_scheduled
[2026-01-29T16:09:24.983+0530] {logging_mixin.py:190} INFO - [2026-01-29T16:09:24.983+0530] {override.py:1930} INFO - Created Permission View: can read on DAG Run:dataset_consumes_unknown_never_scheduled
[2026-01-29T16:09:24.998+0530] {logging_mixin.py:190} INFO - [2026-01-29T16:09:24.997+0530] {override.py:1930} INFO - Created Permission View: can edit on DAG:dataset_consumes_1_never_scheduled
[2026-01-29T16:09:25.006+0530] {logging_mixin.py:190} INFO - [2026-01-29T16:09:25.005+0530] {override.py:1930} INFO - Created Permission View: can delete on DAG:dataset_consumes_1_never_scheduled
[2026-01-29T16:09:25.016+0530] {logging_mixin.py:190} INFO - [2026-01-29T16:09:25.015+0530] {override.py:1930} INFO - Created Permission View: can read on DAG:dataset_consumes_1_never_scheduled
[2026-01-29T16:09:25.027+0530] {logging_mixin.py:190} INFO - [2026-01-29T16:09:25.027+0530] {override.py:1930} INFO - Created Permission View: menu access on DAG Run:dataset_consumes_1_never_scheduled
[2026-01-29T16:09:25.034+0530] {logging_mixin.py:190} INFO - [2026-01-29T16:09:25.033+0530] {override.py:1930} INFO - Created Permission View: can delete on DAG Run:dataset_consumes_1_never_scheduled
[2026-01-29T16:09:25.041+0530] {logging_mixin.py:190} INFO - [2026-01-29T16:09:25.040+0530] {override.py:1930} INFO - Created Permission View: can create on DAG Run:dataset_consumes_1_never_scheduled
[2026-01-29T16:09:25.048+0530] {logging_mixin.py:190} INFO - [2026-01-29T16:09:25.047+0530] {override.py:1930} INFO - Created Permission View: can read on DAG Run:dataset_consumes_1_never_scheduled
[2026-01-29T16:09:25.061+0530] {logging_mixin.py:190} INFO - [2026-01-29T16:09:25.061+0530] {override.py:1930} INFO - Created Permission View: can edit on DAG:consume_1_or_2_with_dataset_expressions
[2026-01-29T16:09:25.068+0530] {logging_mixin.py:190} INFO - [2026-01-29T16:09:25.068+0530] {override.py:1930} INFO - Created Permission View: can delete on DAG:consume_1_or_2_with_dataset_expressions
[2026-01-29T16:09:25.075+0530] {logging_mixin.py:190} INFO - [2026-01-29T16:09:25.075+0530] {override.py:1930} INFO - Created Permission View: can read on DAG:consume_1_or_2_with_dataset_expressions
[2026-01-29T16:09:25.087+0530] {logging_mixin.py:190} INFO - [2026-01-29T16:09:25.086+0530] {override.py:1930} INFO - Created Permission View: menu access on DAG Run:consume_1_or_2_with_dataset_expressions
[2026-01-29T16:09:25.094+0530] {logging_mixin.py:190} INFO - [2026-01-29T16:09:25.094+0530] {override.py:1930} INFO - Created Permission View: can delete on DAG Run:consume_1_or_2_with_dataset_expressions
[2026-01-29T16:09:25.103+0530] {logging_mixin.py:190} INFO - [2026-01-29T16:09:25.102+0530] {override.py:1930} INFO - Created Permission View: can create on DAG Run:consume_1_or_2_with_dataset_expressions
[2026-01-29T16:09:25.110+0530] {logging_mixin.py:190} INFO - [2026-01-29T16:09:25.110+0530] {override.py:1930} INFO - Created Permission View: can read on DAG Run:consume_1_or_2_with_dataset_expressions
[2026-01-29T16:09:25.124+0530] {logging_mixin.py:190} INFO - [2026-01-29T16:09:25.124+0530] {override.py:1930} INFO - Created Permission View: can edit on DAG:dataset_produces_1
[2026-01-29T16:09:25.131+0530] {logging_mixin.py:190} INFO - [2026-01-29T16:09:25.131+0530] {override.py:1930} INFO - Created Permission View: can delete on DAG:dataset_produces_1
[2026-01-29T16:09:25.138+0530] {logging_mixin.py:190} INFO - [2026-01-29T16:09:25.138+0530] {override.py:1930} INFO - Created Permission View: can read on DAG:dataset_produces_1
[2026-01-29T16:09:25.149+0530] {logging_mixin.py:190} INFO - [2026-01-29T16:09:25.148+0530] {override.py:1930} INFO - Created Permission View: menu access on DAG Run:dataset_produces_1
[2026-01-29T16:09:25.156+0530] {logging_mixin.py:190} INFO - [2026-01-29T16:09:25.156+0530] {override.py:1930} INFO - Created Permission View: can delete on DAG Run:dataset_produces_1
[2026-01-29T16:09:25.163+0530] {logging_mixin.py:190} INFO - [2026-01-29T16:09:25.163+0530] {override.py:1930} INFO - Created Permission View: can create on DAG Run:dataset_produces_1
[2026-01-29T16:09:25.171+0530] {logging_mixin.py:190} INFO - [2026-01-29T16:09:25.170+0530] {override.py:1930} INFO - Created Permission View: can read on DAG Run:dataset_produces_1
[2026-01-29T16:09:25.186+0530] {logging_mixin.py:190} INFO - [2026-01-29T16:09:25.185+0530] {override.py:1930} INFO - Created Permission View: can edit on DAG:dataset_consumes_1_and_2
[2026-01-29T16:09:25.194+0530] {logging_mixin.py:190} INFO - [2026-01-29T16:09:25.193+0530] {override.py:1930} INFO - Created Permission View: can delete on DAG:dataset_consumes_1_and_2
[2026-01-29T16:09:25.204+0530] {logging_mixin.py:190} INFO - [2026-01-29T16:09:25.203+0530] {override.py:1930} INFO - Created Permission View: can read on DAG:dataset_consumes_1_and_2
[2026-01-29T16:09:25.216+0530] {logging_mixin.py:190} INFO - [2026-01-29T16:09:25.215+0530] {override.py:1930} INFO - Created Permission View: menu access on DAG Run:dataset_consumes_1_and_2
[2026-01-29T16:09:25.224+0530] {logging_mixin.py:190} INFO - [2026-01-29T16:09:25.224+0530] {override.py:1930} INFO - Created Permission View: can delete on DAG Run:dataset_consumes_1_and_2
[2026-01-29T16:09:25.231+0530] {logging_mixin.py:190} INFO - [2026-01-29T16:09:25.231+0530] {override.py:1930} INFO - Created Permission View: can create on DAG Run:dataset_consumes_1_and_2
[2026-01-29T16:09:25.239+0530] {logging_mixin.py:190} INFO - [2026-01-29T16:09:25.238+0530] {override.py:1930} INFO - Created Permission View: can read on DAG Run:dataset_consumes_1_and_2
[2026-01-29T16:09:25.252+0530] {logging_mixin.py:190} INFO - [2026-01-29T16:09:25.252+0530] {override.py:1930} INFO - Created Permission View: can edit on DAG:dataset_consumes_1
[2026-01-29T16:09:25.259+0530] {logging_mixin.py:190} INFO - [2026-01-29T16:09:25.259+0530] {override.py:1930} INFO - Created Permission View: can delete on DAG:dataset_consumes_1
[2026-01-29T16:09:25.267+0530] {logging_mixin.py:190} INFO - [2026-01-29T16:09:25.266+0530] {override.py:1930} INFO - Created Permission View: can read on DAG:dataset_consumes_1
[2026-01-29T16:09:25.276+0530] {logging_mixin.py:190} INFO - [2026-01-29T16:09:25.276+0530] {override.py:1930} INFO - Created Permission View: menu access on DAG Run:dataset_consumes_1
[2026-01-29T16:09:25.284+0530] {logging_mixin.py:190} INFO - [2026-01-29T16:09:25.284+0530] {override.py:1930} INFO - Created Permission View: can delete on DAG Run:dataset_consumes_1
[2026-01-29T16:09:25.291+0530] {logging_mixin.py:190} INFO - [2026-01-29T16:09:25.291+0530] {override.py:1930} INFO - Created Permission View: can create on DAG Run:dataset_consumes_1
[2026-01-29T16:09:25.300+0530] {logging_mixin.py:190} INFO - [2026-01-29T16:09:25.299+0530] {override.py:1930} INFO - Created Permission View: can read on DAG Run:dataset_consumes_1
[2026-01-29T16:09:25.317+0530] {logging_mixin.py:190} INFO - [2026-01-29T16:09:25.316+0530] {override.py:1930} INFO - Created Permission View: can edit on DAG:dataset_produces_2
[2026-01-29T16:09:25.326+0530] {logging_mixin.py:190} INFO - [2026-01-29T16:09:25.326+0530] {override.py:1930} INFO - Created Permission View: can delete on DAG:dataset_produces_2
[2026-01-29T16:09:25.334+0530] {logging_mixin.py:190} INFO - [2026-01-29T16:09:25.334+0530] {override.py:1930} INFO - Created Permission View: can read on DAG:dataset_produces_2
[2026-01-29T16:09:25.345+0530] {logging_mixin.py:190} INFO - [2026-01-29T16:09:25.345+0530] {override.py:1930} INFO - Created Permission View: menu access on DAG Run:dataset_produces_2
[2026-01-29T16:09:25.353+0530] {logging_mixin.py:190} INFO - [2026-01-29T16:09:25.353+0530] {override.py:1930} INFO - Created Permission View: can delete on DAG Run:dataset_produces_2
[2026-01-29T16:09:25.361+0530] {logging_mixin.py:190} INFO - [2026-01-29T16:09:25.360+0530] {override.py:1930} INFO - Created Permission View: can create on DAG Run:dataset_produces_2
[2026-01-29T16:09:25.368+0530] {logging_mixin.py:190} INFO - [2026-01-29T16:09:25.368+0530] {override.py:1930} INFO - Created Permission View: can read on DAG Run:dataset_produces_2
[2026-01-29T16:09:25.381+0530] {logging_mixin.py:190} INFO - [2026-01-29T16:09:25.381+0530] {override.py:1930} INFO - Created Permission View: can edit on DAG:consume_1_or_both_2_and_3_with_dataset_expressions
[2026-01-29T16:09:25.388+0530] {logging_mixin.py:190} INFO - [2026-01-29T16:09:25.388+0530] {override.py:1930} INFO - Created Permission View: can delete on DAG:consume_1_or_both_2_and_3_with_dataset_expressions
[2026-01-29T16:09:25.395+0530] {logging_mixin.py:190} INFO - [2026-01-29T16:09:25.395+0530] {override.py:1930} INFO - Created Permission View: can read on DAG:consume_1_or_both_2_and_3_with_dataset_expressions
[2026-01-29T16:09:25.406+0530] {logging_mixin.py:190} INFO - [2026-01-29T16:09:25.405+0530] {override.py:1930} INFO - Created Permission View: menu access on DAG Run:consume_1_or_both_2_and_3_with_dataset_expressions
[2026-01-29T16:09:25.414+0530] {logging_mixin.py:190} INFO - [2026-01-29T16:09:25.414+0530] {override.py:1930} INFO - Created Permission View: can delete on DAG Run:consume_1_or_both_2_and_3_with_dataset_expressions
[2026-01-29T16:09:25.421+0530] {logging_mixin.py:190} INFO - [2026-01-29T16:09:25.421+0530] {override.py:1930} INFO - Created Permission View: can create on DAG Run:consume_1_or_both_2_and_3_with_dataset_expressions
[2026-01-29T16:09:25.429+0530] {logging_mixin.py:190} INFO - [2026-01-29T16:09:25.428+0530] {override.py:1930} INFO - Created Permission View: can read on DAG Run:consume_1_or_both_2_and_3_with_dataset_expressions
[2026-01-29T16:09:25.430+0530] {logging_mixin.py:190} INFO - [2026-01-29T16:09:25.429+0530] {dag.py:3239} INFO - Sync 10 DAGs
[2026-01-29T16:09:25.443+0530] {logging_mixin.py:190} INFO - [2026-01-29T16:09:25.442+0530] {dag.py:3262} INFO - Creating ORM DAG for dataset_consumes_1_never_scheduled
[2026-01-29T16:09:25.443+0530] {logging_mixin.py:190} INFO - [2026-01-29T16:09:25.443+0530] {dag.py:3262} INFO - Creating ORM DAG for dataset_consumes_1
[2026-01-29T16:09:25.444+0530] {logging_mixin.py:190} INFO - [2026-01-29T16:09:25.444+0530] {dag.py:3262} INFO - Creating ORM DAG for dataset_consumes_1_and_2
[2026-01-29T16:09:25.444+0530] {logging_mixin.py:190} INFO - [2026-01-29T16:09:25.444+0530] {dag.py:3262} INFO - Creating ORM DAG for dataset_produces_1
[2026-01-29T16:09:25.445+0530] {logging_mixin.py:190} INFO - [2026-01-29T16:09:25.445+0530] {dag.py:3262} INFO - Creating ORM DAG for conditional_dataset_and_time_based_timetable
[2026-01-29T16:09:25.445+0530] {logging_mixin.py:190} INFO - [2026-01-29T16:09:25.445+0530] {dag.py:3262} INFO - Creating ORM DAG for dataset_produces_2
[2026-01-29T16:09:25.446+0530] {logging_mixin.py:190} INFO - [2026-01-29T16:09:25.446+0530] {dag.py:3262} INFO - Creating ORM DAG for dataset_consumes_unknown_never_scheduled
[2026-01-29T16:09:25.446+0530] {logging_mixin.py:190} INFO - [2026-01-29T16:09:25.446+0530] {dag.py:3262} INFO - Creating ORM DAG for consume_1_or_both_2_and_3_with_dataset_expressions
[2026-01-29T16:09:25.447+0530] {logging_mixin.py:190} INFO - [2026-01-29T16:09:25.446+0530] {dag.py:3262} INFO - Creating ORM DAG for consume_1_and_2_with_dataset_expressions
[2026-01-29T16:09:25.447+0530] {logging_mixin.py:190} INFO - [2026-01-29T16:09:25.447+0530] {dag.py:3262} INFO - Creating ORM DAG for consume_1_or_2_with_dataset_expressions
[2026-01-29T16:09:25.569+0530] {logging_mixin.py:190} INFO - [2026-01-29T16:09:25.569+0530] {dag.py:4180} INFO - Setting next_dagrun for conditional_dataset_and_time_based_timetable to 2026-01-28 01:00:00+00:00, run_after=2026-01-28 01:00:00+00:00
[2026-01-29T16:09:25.570+0530] {logging_mixin.py:190} INFO - [2026-01-29T16:09:25.570+0530] {dag.py:4180} INFO - Setting next_dagrun for consume_1_and_2_with_dataset_expressions to None, run_after=None
[2026-01-29T16:09:25.570+0530] {logging_mixin.py:190} INFO - [2026-01-29T16:09:25.570+0530] {dag.py:4180} INFO - Setting next_dagrun for consume_1_or_2_with_dataset_expressions to None, run_after=None
[2026-01-29T16:09:25.570+0530] {logging_mixin.py:190} INFO - [2026-01-29T16:09:25.570+0530] {dag.py:4180} INFO - Setting next_dagrun for consume_1_or_both_2_and_3_with_dataset_expressions to None, run_after=None
[2026-01-29T16:09:25.571+0530] {logging_mixin.py:190} INFO - [2026-01-29T16:09:25.571+0530] {dag.py:4180} INFO - Setting next_dagrun for dataset_consumes_1 to None, run_after=None
[2026-01-29T16:09:25.571+0530] {logging_mixin.py:190} INFO - [2026-01-29T16:09:25.571+0530] {dag.py:4180} INFO - Setting next_dagrun for dataset_consumes_1_and_2 to None, run_after=None
[2026-01-29T16:09:25.572+0530] {logging_mixin.py:190} INFO - [2026-01-29T16:09:25.572+0530] {dag.py:4180} INFO - Setting next_dagrun for dataset_consumes_1_never_scheduled to None, run_after=None
[2026-01-29T16:09:25.572+0530] {logging_mixin.py:190} INFO - [2026-01-29T16:09:25.572+0530] {dag.py:4180} INFO - Setting next_dagrun for dataset_consumes_unknown_never_scheduled to None, run_after=None
[2026-01-29T16:09:25.574+0530] {logging_mixin.py:190} INFO - [2026-01-29T16:09:25.574+0530] {dag.py:4180} INFO - Setting next_dagrun for dataset_produces_1 to 2026-01-28 00:00:00+00:00, run_after=2026-01-29 00:00:00+00:00
[2026-01-29T16:09:25.574+0530] {logging_mixin.py:190} INFO - [2026-01-29T16:09:25.574+0530] {dag.py:4180} INFO - Setting next_dagrun for dataset_produces_2 to None, run_after=None
[2026-01-29T16:09:25.611+0530] {processor.py:208} INFO - Processing /home/hp/Desktop/Bigdata_project/BigData-Project/airflow-venv/lib/python3.10/site-packages/airflow/example_dags/example_datasets.py took 0.937 seconds
