[2026-01-29T15:55:53.724+0530] {processor.py:186} INFO - Started process (PID=28369) to work on /home/hp/Desktop/Bigdata_project/BigData-Project/airflow-venv/lib/python3.10/site-packages/airflow/example_dags/example_params_trigger_ui.py
[2026-01-29T15:55:53.725+0530] {processor.py:914} INFO - Processing file /home/hp/Desktop/Bigdata_project/BigData-Project/airflow-venv/lib/python3.10/site-packages/airflow/example_dags/example_params_trigger_ui.py for tasks to queue
[2026-01-29T15:55:53.727+0530] {logging_mixin.py:190} INFO - [2026-01-29T15:55:53.727+0530] {dagbag.py:588} INFO - Filling up the DagBag from /home/hp/Desktop/Bigdata_project/BigData-Project/airflow-venv/lib/python3.10/site-packages/airflow/example_dags/example_params_trigger_ui.py
[2026-01-29T15:55:53.742+0530] {processor.py:925} INFO - DAG(s) 'example_params_trigger_ui' retrieved from /home/hp/Desktop/Bigdata_project/BigData-Project/airflow-venv/lib/python3.10/site-packages/airflow/example_dags/example_params_trigger_ui.py
[2026-01-29T15:55:53.878+0530] {logging_mixin.py:190} INFO - [2026-01-29T15:55:53.878+0530] {override.py:1930} INFO - Created Permission View: can edit on DAG:example_params_trigger_ui
[2026-01-29T15:55:53.890+0530] {logging_mixin.py:190} INFO - [2026-01-29T15:55:53.890+0530] {override.py:1930} INFO - Created Permission View: can delete on DAG:example_params_trigger_ui
[2026-01-29T15:55:53.899+0530] {logging_mixin.py:190} INFO - [2026-01-29T15:55:53.898+0530] {override.py:1930} INFO - Created Permission View: can read on DAG:example_params_trigger_ui
[2026-01-29T15:55:53.911+0530] {logging_mixin.py:190} INFO - [2026-01-29T15:55:53.910+0530] {override.py:1930} INFO - Created Permission View: can delete on DAG Run:example_params_trigger_ui
[2026-01-29T15:55:53.919+0530] {logging_mixin.py:190} INFO - [2026-01-29T15:55:53.918+0530] {override.py:1930} INFO - Created Permission View: can read on DAG Run:example_params_trigger_ui
[2026-01-29T15:55:53.927+0530] {logging_mixin.py:190} INFO - [2026-01-29T15:55:53.926+0530] {override.py:1930} INFO - Created Permission View: menu access on DAG Run:example_params_trigger_ui
[2026-01-29T15:55:53.934+0530] {logging_mixin.py:190} INFO - [2026-01-29T15:55:53.934+0530] {override.py:1930} INFO - Created Permission View: can create on DAG Run:example_params_trigger_ui
[2026-01-29T15:55:53.935+0530] {logging_mixin.py:190} INFO - [2026-01-29T15:55:53.935+0530] {dag.py:3239} INFO - Sync 1 DAGs
[2026-01-29T15:55:53.948+0530] {logging_mixin.py:190} INFO - [2026-01-29T15:55:53.947+0530] {dag.py:3262} INFO - Creating ORM DAG for example_params_trigger_ui
[2026-01-29T15:55:53.948+0530] {logging_mixin.py:190} INFO - [2026-01-29T15:55:53.948+0530] {dag.py:4180} INFO - Setting next_dagrun for example_params_trigger_ui to None, run_after=None
[2026-01-29T15:55:53.971+0530] {processor.py:208} INFO - Processing /home/hp/Desktop/Bigdata_project/BigData-Project/airflow-venv/lib/python3.10/site-packages/airflow/example_dags/example_params_trigger_ui.py took 0.256 seconds
[2026-01-29T15:56:58.028+0530] {processor.py:186} INFO - Started process (PID=28615) to work on /home/hp/Desktop/Bigdata_project/BigData-Project/airflow-venv/lib/python3.10/site-packages/airflow/example_dags/example_params_trigger_ui.py
[2026-01-29T15:56:58.029+0530] {processor.py:914} INFO - Processing file /home/hp/Desktop/Bigdata_project/BigData-Project/airflow-venv/lib/python3.10/site-packages/airflow/example_dags/example_params_trigger_ui.py for tasks to queue
[2026-01-29T15:56:58.031+0530] {logging_mixin.py:190} INFO - [2026-01-29T15:56:58.031+0530] {dagbag.py:588} INFO - Filling up the DagBag from /home/hp/Desktop/Bigdata_project/BigData-Project/airflow-venv/lib/python3.10/site-packages/airflow/example_dags/example_params_trigger_ui.py
[2026-01-29T15:56:58.043+0530] {processor.py:925} INFO - DAG(s) 'example_params_trigger_ui' retrieved from /home/hp/Desktop/Bigdata_project/BigData-Project/airflow-venv/lib/python3.10/site-packages/airflow/example_dags/example_params_trigger_ui.py
[2026-01-29T15:56:58.086+0530] {logging_mixin.py:190} INFO - [2026-01-29T15:56:58.085+0530] {dag.py:3239} INFO - Sync 1 DAGs
[2026-01-29T15:56:58.098+0530] {logging_mixin.py:190} INFO - [2026-01-29T15:56:58.098+0530] {dag.py:4180} INFO - Setting next_dagrun for example_params_trigger_ui to None, run_after=None
[2026-01-29T15:56:58.118+0530] {processor.py:208} INFO - Processing /home/hp/Desktop/Bigdata_project/BigData-Project/airflow-venv/lib/python3.10/site-packages/airflow/example_dags/example_params_trigger_ui.py took 0.096 seconds
[2026-01-29T16:00:29.017+0530] {processor.py:186} INFO - Started process (PID=29308) to work on /home/hp/Desktop/Bigdata_project/BigData-Project/airflow-venv/lib/python3.10/site-packages/airflow/example_dags/example_params_trigger_ui.py
[2026-01-29T16:00:29.018+0530] {processor.py:914} INFO - Processing file /home/hp/Desktop/Bigdata_project/BigData-Project/airflow-venv/lib/python3.10/site-packages/airflow/example_dags/example_params_trigger_ui.py for tasks to queue
[2026-01-29T16:00:29.021+0530] {logging_mixin.py:190} INFO - [2026-01-29T16:00:29.020+0530] {dagbag.py:588} INFO - Filling up the DagBag from /home/hp/Desktop/Bigdata_project/BigData-Project/airflow-venv/lib/python3.10/site-packages/airflow/example_dags/example_params_trigger_ui.py
[2026-01-29T16:00:29.032+0530] {processor.py:925} INFO - DAG(s) 'example_params_trigger_ui' retrieved from /home/hp/Desktop/Bigdata_project/BigData-Project/airflow-venv/lib/python3.10/site-packages/airflow/example_dags/example_params_trigger_ui.py
[2026-01-29T16:00:29.077+0530] {logging_mixin.py:190} INFO - [2026-01-29T16:00:29.077+0530] {dag.py:3239} INFO - Sync 1 DAGs
[2026-01-29T16:00:29.089+0530] {logging_mixin.py:190} INFO - [2026-01-29T16:00:29.089+0530] {dag.py:4180} INFO - Setting next_dagrun for example_params_trigger_ui to None, run_after=None
[2026-01-29T16:00:29.109+0530] {processor.py:208} INFO - Processing /home/hp/Desktop/Bigdata_project/BigData-Project/airflow-venv/lib/python3.10/site-packages/airflow/example_dags/example_params_trigger_ui.py took 0.098 seconds
[2026-01-29T16:01:25.807+0530] {processor.py:186} INFO - Started process (PID=29564) to work on /home/hp/Desktop/Bigdata_project/BigData-Project/airflow-venv/lib/python3.10/site-packages/airflow/example_dags/example_params_trigger_ui.py
[2026-01-29T16:01:25.813+0530] {processor.py:914} INFO - Processing file /home/hp/Desktop/Bigdata_project/BigData-Project/airflow-venv/lib/python3.10/site-packages/airflow/example_dags/example_params_trigger_ui.py for tasks to queue
[2026-01-29T16:01:25.816+0530] {logging_mixin.py:190} INFO - [2026-01-29T16:01:25.816+0530] {dagbag.py:588} INFO - Filling up the DagBag from /home/hp/Desktop/Bigdata_project/BigData-Project/airflow-venv/lib/python3.10/site-packages/airflow/example_dags/example_params_trigger_ui.py
[2026-01-29T16:01:25.828+0530] {processor.py:925} INFO - DAG(s) 'example_params_trigger_ui' retrieved from /home/hp/Desktop/Bigdata_project/BigData-Project/airflow-venv/lib/python3.10/site-packages/airflow/example_dags/example_params_trigger_ui.py
[2026-01-29T16:01:25.872+0530] {logging_mixin.py:190} INFO - [2026-01-29T16:01:25.872+0530] {dag.py:3239} INFO - Sync 1 DAGs
[2026-01-29T16:01:25.885+0530] {logging_mixin.py:190} INFO - [2026-01-29T16:01:25.884+0530] {dag.py:4180} INFO - Setting next_dagrun for example_params_trigger_ui to None, run_after=None
[2026-01-29T16:01:25.906+0530] {processor.py:208} INFO - Processing /home/hp/Desktop/Bigdata_project/BigData-Project/airflow-venv/lib/python3.10/site-packages/airflow/example_dags/example_params_trigger_ui.py took 0.106 seconds
[2026-01-29T16:02:22.865+0530] {processor.py:186} INFO - Started process (PID=29813) to work on /home/hp/Desktop/Bigdata_project/BigData-Project/airflow-venv/lib/python3.10/site-packages/airflow/example_dags/example_params_trigger_ui.py
[2026-01-29T16:02:22.871+0530] {processor.py:914} INFO - Processing file /home/hp/Desktop/Bigdata_project/BigData-Project/airflow-venv/lib/python3.10/site-packages/airflow/example_dags/example_params_trigger_ui.py for tasks to queue
[2026-01-29T16:02:22.874+0530] {logging_mixin.py:190} INFO - [2026-01-29T16:02:22.873+0530] {dagbag.py:588} INFO - Filling up the DagBag from /home/hp/Desktop/Bigdata_project/BigData-Project/airflow-venv/lib/python3.10/site-packages/airflow/example_dags/example_params_trigger_ui.py
[2026-01-29T16:02:22.885+0530] {processor.py:925} INFO - DAG(s) 'example_params_trigger_ui' retrieved from /home/hp/Desktop/Bigdata_project/BigData-Project/airflow-venv/lib/python3.10/site-packages/airflow/example_dags/example_params_trigger_ui.py
[2026-01-29T16:02:22.929+0530] {logging_mixin.py:190} INFO - [2026-01-29T16:02:22.929+0530] {dag.py:3239} INFO - Sync 1 DAGs
[2026-01-29T16:02:22.942+0530] {logging_mixin.py:190} INFO - [2026-01-29T16:02:22.942+0530] {dag.py:4180} INFO - Setting next_dagrun for example_params_trigger_ui to None, run_after=None
[2026-01-29T16:02:22.963+0530] {processor.py:208} INFO - Processing /home/hp/Desktop/Bigdata_project/BigData-Project/airflow-venv/lib/python3.10/site-packages/airflow/example_dags/example_params_trigger_ui.py took 0.104 seconds
[2026-01-29T16:03:17.678+0530] {processor.py:186} INFO - Started process (PID=30039) to work on /home/hp/Desktop/Bigdata_project/BigData-Project/airflow-venv/lib/python3.10/site-packages/airflow/example_dags/example_params_trigger_ui.py
[2026-01-29T16:03:17.684+0530] {processor.py:914} INFO - Processing file /home/hp/Desktop/Bigdata_project/BigData-Project/airflow-venv/lib/python3.10/site-packages/airflow/example_dags/example_params_trigger_ui.py for tasks to queue
[2026-01-29T16:03:17.686+0530] {logging_mixin.py:190} INFO - [2026-01-29T16:03:17.686+0530] {dagbag.py:588} INFO - Filling up the DagBag from /home/hp/Desktop/Bigdata_project/BigData-Project/airflow-venv/lib/python3.10/site-packages/airflow/example_dags/example_params_trigger_ui.py
[2026-01-29T16:03:17.698+0530] {processor.py:925} INFO - DAG(s) 'example_params_trigger_ui' retrieved from /home/hp/Desktop/Bigdata_project/BigData-Project/airflow-venv/lib/python3.10/site-packages/airflow/example_dags/example_params_trigger_ui.py
[2026-01-29T16:03:17.741+0530] {logging_mixin.py:190} INFO - [2026-01-29T16:03:17.741+0530] {dag.py:3239} INFO - Sync 1 DAGs
[2026-01-29T16:03:17.754+0530] {logging_mixin.py:190} INFO - [2026-01-29T16:03:17.754+0530] {dag.py:4180} INFO - Setting next_dagrun for example_params_trigger_ui to None, run_after=None
[2026-01-29T16:03:17.774+0530] {processor.py:208} INFO - Processing /home/hp/Desktop/Bigdata_project/BigData-Project/airflow-venv/lib/python3.10/site-packages/airflow/example_dags/example_params_trigger_ui.py took 0.103 seconds
[2026-01-29T16:04:11.474+0530] {processor.py:186} INFO - Started process (PID=30236) to work on /home/hp/Desktop/Bigdata_project/BigData-Project/airflow-venv/lib/python3.10/site-packages/airflow/example_dags/example_params_trigger_ui.py
[2026-01-29T16:04:11.480+0530] {processor.py:914} INFO - Processing file /home/hp/Desktop/Bigdata_project/BigData-Project/airflow-venv/lib/python3.10/site-packages/airflow/example_dags/example_params_trigger_ui.py for tasks to queue
[2026-01-29T16:04:11.484+0530] {logging_mixin.py:190} INFO - [2026-01-29T16:04:11.483+0530] {dagbag.py:588} INFO - Filling up the DagBag from /home/hp/Desktop/Bigdata_project/BigData-Project/airflow-venv/lib/python3.10/site-packages/airflow/example_dags/example_params_trigger_ui.py
[2026-01-29T16:04:11.495+0530] {processor.py:925} INFO - DAG(s) 'example_params_trigger_ui' retrieved from /home/hp/Desktop/Bigdata_project/BigData-Project/airflow-venv/lib/python3.10/site-packages/airflow/example_dags/example_params_trigger_ui.py
[2026-01-29T16:04:11.539+0530] {logging_mixin.py:190} INFO - [2026-01-29T16:04:11.539+0530] {dag.py:3239} INFO - Sync 1 DAGs
[2026-01-29T16:04:11.553+0530] {logging_mixin.py:190} INFO - [2026-01-29T16:04:11.552+0530] {dag.py:4180} INFO - Setting next_dagrun for example_params_trigger_ui to None, run_after=None
[2026-01-29T16:04:11.573+0530] {processor.py:208} INFO - Processing /home/hp/Desktop/Bigdata_project/BigData-Project/airflow-venv/lib/python3.10/site-packages/airflow/example_dags/example_params_trigger_ui.py took 0.106 seconds
[2026-01-29T16:05:08.739+0530] {processor.py:186} INFO - Started process (PID=30535) to work on /home/hp/Desktop/Bigdata_project/BigData-Project/airflow-venv/lib/python3.10/site-packages/airflow/example_dags/example_params_trigger_ui.py
[2026-01-29T16:05:08.745+0530] {processor.py:914} INFO - Processing file /home/hp/Desktop/Bigdata_project/BigData-Project/airflow-venv/lib/python3.10/site-packages/airflow/example_dags/example_params_trigger_ui.py for tasks to queue
[2026-01-29T16:05:08.748+0530] {logging_mixin.py:190} INFO - [2026-01-29T16:05:08.748+0530] {dagbag.py:588} INFO - Filling up the DagBag from /home/hp/Desktop/Bigdata_project/BigData-Project/airflow-venv/lib/python3.10/site-packages/airflow/example_dags/example_params_trigger_ui.py
[2026-01-29T16:05:08.760+0530] {processor.py:925} INFO - DAG(s) 'example_params_trigger_ui' retrieved from /home/hp/Desktop/Bigdata_project/BigData-Project/airflow-venv/lib/python3.10/site-packages/airflow/example_dags/example_params_trigger_ui.py
[2026-01-29T16:05:08.803+0530] {logging_mixin.py:190} INFO - [2026-01-29T16:05:08.803+0530] {dag.py:3239} INFO - Sync 1 DAGs
[2026-01-29T16:05:08.816+0530] {logging_mixin.py:190} INFO - [2026-01-29T16:05:08.816+0530] {dag.py:4180} INFO - Setting next_dagrun for example_params_trigger_ui to None, run_after=None
[2026-01-29T16:05:08.837+0530] {processor.py:208} INFO - Processing /home/hp/Desktop/Bigdata_project/BigData-Project/airflow-venv/lib/python3.10/site-packages/airflow/example_dags/example_params_trigger_ui.py took 0.104 seconds
[2026-01-29T16:06:04.484+0530] {processor.py:186} INFO - Started process (PID=30765) to work on /home/hp/Desktop/Bigdata_project/BigData-Project/airflow-venv/lib/python3.10/site-packages/airflow/example_dags/example_params_trigger_ui.py
[2026-01-29T16:06:04.490+0530] {processor.py:914} INFO - Processing file /home/hp/Desktop/Bigdata_project/BigData-Project/airflow-venv/lib/python3.10/site-packages/airflow/example_dags/example_params_trigger_ui.py for tasks to queue
[2026-01-29T16:06:04.493+0530] {logging_mixin.py:190} INFO - [2026-01-29T16:06:04.492+0530] {dagbag.py:588} INFO - Filling up the DagBag from /home/hp/Desktop/Bigdata_project/BigData-Project/airflow-venv/lib/python3.10/site-packages/airflow/example_dags/example_params_trigger_ui.py
[2026-01-29T16:06:04.504+0530] {processor.py:925} INFO - DAG(s) 'example_params_trigger_ui' retrieved from /home/hp/Desktop/Bigdata_project/BigData-Project/airflow-venv/lib/python3.10/site-packages/airflow/example_dags/example_params_trigger_ui.py
[2026-01-29T16:06:04.547+0530] {logging_mixin.py:190} INFO - [2026-01-29T16:06:04.547+0530] {dag.py:3239} INFO - Sync 1 DAGs
[2026-01-29T16:06:04.560+0530] {logging_mixin.py:190} INFO - [2026-01-29T16:06:04.559+0530] {dag.py:4180} INFO - Setting next_dagrun for example_params_trigger_ui to None, run_after=None
[2026-01-29T16:06:04.580+0530] {processor.py:208} INFO - Processing /home/hp/Desktop/Bigdata_project/BigData-Project/airflow-venv/lib/python3.10/site-packages/airflow/example_dags/example_params_trigger_ui.py took 0.103 seconds
[2026-01-29T16:07:01.767+0530] {processor.py:186} INFO - Started process (PID=31065) to work on /home/hp/Desktop/Bigdata_project/BigData-Project/airflow-venv/lib/python3.10/site-packages/airflow/example_dags/example_params_trigger_ui.py
[2026-01-29T16:07:01.773+0530] {processor.py:914} INFO - Processing file /home/hp/Desktop/Bigdata_project/BigData-Project/airflow-venv/lib/python3.10/site-packages/airflow/example_dags/example_params_trigger_ui.py for tasks to queue
[2026-01-29T16:07:01.777+0530] {logging_mixin.py:190} INFO - [2026-01-29T16:07:01.776+0530] {dagbag.py:588} INFO - Filling up the DagBag from /home/hp/Desktop/Bigdata_project/BigData-Project/airflow-venv/lib/python3.10/site-packages/airflow/example_dags/example_params_trigger_ui.py
[2026-01-29T16:07:01.789+0530] {processor.py:925} INFO - DAG(s) 'example_params_trigger_ui' retrieved from /home/hp/Desktop/Bigdata_project/BigData-Project/airflow-venv/lib/python3.10/site-packages/airflow/example_dags/example_params_trigger_ui.py
[2026-01-29T16:07:01.834+0530] {logging_mixin.py:190} INFO - [2026-01-29T16:07:01.834+0530] {dag.py:3239} INFO - Sync 1 DAGs
[2026-01-29T16:07:01.848+0530] {logging_mixin.py:190} INFO - [2026-01-29T16:07:01.848+0530] {dag.py:4180} INFO - Setting next_dagrun for example_params_trigger_ui to None, run_after=None
[2026-01-29T16:07:01.868+0530] {processor.py:208} INFO - Processing /home/hp/Desktop/Bigdata_project/BigData-Project/airflow-venv/lib/python3.10/site-packages/airflow/example_dags/example_params_trigger_ui.py took 0.108 seconds
[2026-01-29T16:07:59.451+0530] {processor.py:186} INFO - Started process (PID=31305) to work on /home/hp/Desktop/Bigdata_project/BigData-Project/airflow-venv/lib/python3.10/site-packages/airflow/example_dags/example_params_trigger_ui.py
[2026-01-29T16:07:59.458+0530] {processor.py:914} INFO - Processing file /home/hp/Desktop/Bigdata_project/BigData-Project/airflow-venv/lib/python3.10/site-packages/airflow/example_dags/example_params_trigger_ui.py for tasks to queue
[2026-01-29T16:07:59.460+0530] {logging_mixin.py:190} INFO - [2026-01-29T16:07:59.460+0530] {dagbag.py:588} INFO - Filling up the DagBag from /home/hp/Desktop/Bigdata_project/BigData-Project/airflow-venv/lib/python3.10/site-packages/airflow/example_dags/example_params_trigger_ui.py
[2026-01-29T16:07:59.472+0530] {processor.py:925} INFO - DAG(s) 'example_params_trigger_ui' retrieved from /home/hp/Desktop/Bigdata_project/BigData-Project/airflow-venv/lib/python3.10/site-packages/airflow/example_dags/example_params_trigger_ui.py
[2026-01-29T16:07:59.517+0530] {logging_mixin.py:190} INFO - [2026-01-29T16:07:59.517+0530] {dag.py:3239} INFO - Sync 1 DAGs
[2026-01-29T16:07:59.530+0530] {logging_mixin.py:190} INFO - [2026-01-29T16:07:59.530+0530] {dag.py:4180} INFO - Setting next_dagrun for example_params_trigger_ui to None, run_after=None
[2026-01-29T16:07:59.550+0530] {processor.py:208} INFO - Processing /home/hp/Desktop/Bigdata_project/BigData-Project/airflow-venv/lib/python3.10/site-packages/airflow/example_dags/example_params_trigger_ui.py took 0.105 seconds
[2026-01-29T16:09:06.023+0530] {processor.py:186} INFO - Started process (PID=31627) to work on /home/hp/Desktop/Bigdata_project/BigData-Project/airflow-venv/lib/python3.10/site-packages/airflow/example_dags/example_params_trigger_ui.py
[2026-01-29T16:09:06.030+0530] {processor.py:914} INFO - Processing file /home/hp/Desktop/Bigdata_project/BigData-Project/airflow-venv/lib/python3.10/site-packages/airflow/example_dags/example_params_trigger_ui.py for tasks to queue
[2026-01-29T16:09:06.033+0530] {logging_mixin.py:190} INFO - [2026-01-29T16:09:06.032+0530] {dagbag.py:588} INFO - Filling up the DagBag from /home/hp/Desktop/Bigdata_project/BigData-Project/airflow-venv/lib/python3.10/site-packages/airflow/example_dags/example_params_trigger_ui.py
[2026-01-29T16:09:06.045+0530] {processor.py:925} INFO - DAG(s) 'example_params_trigger_ui' retrieved from /home/hp/Desktop/Bigdata_project/BigData-Project/airflow-venv/lib/python3.10/site-packages/airflow/example_dags/example_params_trigger_ui.py
[2026-01-29T16:09:06.176+0530] {logging_mixin.py:190} INFO - [2026-01-29T16:09:06.175+0530] {override.py:1930} INFO - Created Permission View: can edit on DAG:example_params_trigger_ui
[2026-01-29T16:09:06.304+0530] {logging_mixin.py:190} INFO - [2026-01-29T16:09:06.303+0530] {override.py:1930} INFO - Created Permission View: can delete on DAG:example_params_trigger_ui
[2026-01-29T16:09:06.312+0530] {logging_mixin.py:190} INFO - [2026-01-29T16:09:06.312+0530] {override.py:1930} INFO - Created Permission View: can read on DAG:example_params_trigger_ui
[2026-01-29T16:09:06.322+0530] {logging_mixin.py:190} INFO - [2026-01-29T16:09:06.322+0530] {override.py:1930} INFO - Created Permission View: menu access on DAG Run:example_params_trigger_ui
[2026-01-29T16:09:06.330+0530] {logging_mixin.py:190} INFO - [2026-01-29T16:09:06.330+0530] {override.py:1930} INFO - Created Permission View: can delete on DAG Run:example_params_trigger_ui
[2026-01-29T16:09:06.339+0530] {logging_mixin.py:190} INFO - [2026-01-29T16:09:06.338+0530] {override.py:1930} INFO - Created Permission View: can create on DAG Run:example_params_trigger_ui
[2026-01-29T16:09:06.347+0530] {logging_mixin.py:190} INFO - [2026-01-29T16:09:06.346+0530] {override.py:1930} INFO - Created Permission View: can read on DAG Run:example_params_trigger_ui
[2026-01-29T16:09:06.347+0530] {logging_mixin.py:190} INFO - [2026-01-29T16:09:06.347+0530] {dag.py:3239} INFO - Sync 1 DAGs
[2026-01-29T16:09:06.359+0530] {logging_mixin.py:190} INFO - [2026-01-29T16:09:06.358+0530] {dag.py:3262} INFO - Creating ORM DAG for example_params_trigger_ui
[2026-01-29T16:09:06.359+0530] {logging_mixin.py:190} INFO - [2026-01-29T16:09:06.359+0530] {dag.py:4180} INFO - Setting next_dagrun for example_params_trigger_ui to None, run_after=None
[2026-01-29T16:09:06.377+0530] {processor.py:208} INFO - Processing /home/hp/Desktop/Bigdata_project/BigData-Project/airflow-venv/lib/python3.10/site-packages/airflow/example_dags/example_params_trigger_ui.py took 0.360 seconds
