[2026-01-29T15:55:33.523+0530] {processor.py:186} INFO - Started process (PID=28291) to work on /home/hp/Desktop/Bigdata_project/BigData-Project/airflow-venv/lib/python3.10/site-packages/airflow/example_dags/example_task_group_decorator.py
[2026-01-29T15:55:33.524+0530] {processor.py:914} INFO - Processing file /home/hp/Desktop/Bigdata_project/BigData-Project/airflow-venv/lib/python3.10/site-packages/airflow/example_dags/example_task_group_decorator.py for tasks to queue
[2026-01-29T15:55:33.526+0530] {logging_mixin.py:190} INFO - [2026-01-29T15:55:33.526+0530] {dagbag.py:588} INFO - Filling up the DagBag from /home/hp/Desktop/Bigdata_project/BigData-Project/airflow-venv/lib/python3.10/site-packages/airflow/example_dags/example_task_group_decorator.py
[2026-01-29T15:55:33.544+0530] {processor.py:925} INFO - DAG(s) 'example_task_group_decorator' retrieved from /home/hp/Desktop/Bigdata_project/BigData-Project/airflow-venv/lib/python3.10/site-packages/airflow/example_dags/example_task_group_decorator.py
[2026-01-29T15:55:33.670+0530] {logging_mixin.py:190} INFO - [2026-01-29T15:55:33.669+0530] {override.py:1930} INFO - Created Permission View: can edit on DAG:example_task_group_decorator
[2026-01-29T15:55:33.682+0530] {logging_mixin.py:190} INFO - [2026-01-29T15:55:33.681+0530] {override.py:1930} INFO - Created Permission View: can delete on DAG:example_task_group_decorator
[2026-01-29T15:55:33.690+0530] {logging_mixin.py:190} INFO - [2026-01-29T15:55:33.689+0530] {override.py:1930} INFO - Created Permission View: can read on DAG:example_task_group_decorator
[2026-01-29T15:55:33.702+0530] {logging_mixin.py:190} INFO - [2026-01-29T15:55:33.701+0530] {override.py:1930} INFO - Created Permission View: can delete on DAG Run:example_task_group_decorator
[2026-01-29T15:55:33.710+0530] {logging_mixin.py:190} INFO - [2026-01-29T15:55:33.710+0530] {override.py:1930} INFO - Created Permission View: can read on DAG Run:example_task_group_decorator
[2026-01-29T15:55:33.719+0530] {logging_mixin.py:190} INFO - [2026-01-29T15:55:33.718+0530] {override.py:1930} INFO - Created Permission View: menu access on DAG Run:example_task_group_decorator
[2026-01-29T15:55:33.727+0530] {logging_mixin.py:190} INFO - [2026-01-29T15:55:33.726+0530] {override.py:1930} INFO - Created Permission View: can create on DAG Run:example_task_group_decorator
[2026-01-29T15:55:33.727+0530] {logging_mixin.py:190} INFO - [2026-01-29T15:55:33.727+0530] {dag.py:3239} INFO - Sync 1 DAGs
[2026-01-29T15:55:33.740+0530] {logging_mixin.py:190} INFO - [2026-01-29T15:55:33.739+0530] {dag.py:3262} INFO - Creating ORM DAG for example_task_group_decorator
[2026-01-29T15:55:33.740+0530] {logging_mixin.py:190} INFO - [2026-01-29T15:55:33.740+0530] {dag.py:4180} INFO - Setting next_dagrun for example_task_group_decorator to None, run_after=None
[2026-01-29T15:55:33.760+0530] {processor.py:208} INFO - Processing /home/hp/Desktop/Bigdata_project/BigData-Project/airflow-venv/lib/python3.10/site-packages/airflow/example_dags/example_task_group_decorator.py took 0.246 seconds
[2026-01-29T15:56:37.729+0530] {processor.py:186} INFO - Started process (PID=28547) to work on /home/hp/Desktop/Bigdata_project/BigData-Project/airflow-venv/lib/python3.10/site-packages/airflow/example_dags/example_task_group_decorator.py
[2026-01-29T15:56:37.735+0530] {processor.py:914} INFO - Processing file /home/hp/Desktop/Bigdata_project/BigData-Project/airflow-venv/lib/python3.10/site-packages/airflow/example_dags/example_task_group_decorator.py for tasks to queue
[2026-01-29T15:56:37.739+0530] {logging_mixin.py:190} INFO - [2026-01-29T15:56:37.738+0530] {dagbag.py:588} INFO - Filling up the DagBag from /home/hp/Desktop/Bigdata_project/BigData-Project/airflow-venv/lib/python3.10/site-packages/airflow/example_dags/example_task_group_decorator.py
[2026-01-29T15:56:37.755+0530] {processor.py:925} INFO - DAG(s) 'example_task_group_decorator' retrieved from /home/hp/Desktop/Bigdata_project/BigData-Project/airflow-venv/lib/python3.10/site-packages/airflow/example_dags/example_task_group_decorator.py
[2026-01-29T15:56:37.776+0530] {logging_mixin.py:190} INFO - [2026-01-29T15:56:37.776+0530] {dag.py:3239} INFO - Sync 1 DAGs
[2026-01-29T15:56:37.789+0530] {logging_mixin.py:190} INFO - [2026-01-29T15:56:37.789+0530] {dag.py:4180} INFO - Setting next_dagrun for example_task_group_decorator to None, run_after=None
[2026-01-29T15:56:37.809+0530] {processor.py:208} INFO - Processing /home/hp/Desktop/Bigdata_project/BigData-Project/airflow-venv/lib/python3.10/site-packages/airflow/example_dags/example_task_group_decorator.py took 0.087 seconds
[2026-01-29T16:00:12.446+0530] {processor.py:186} INFO - Started process (PID=29125) to work on /home/hp/Desktop/Bigdata_project/BigData-Project/airflow-venv/lib/python3.10/site-packages/airflow/example_dags/example_task_group_decorator.py
[2026-01-29T16:00:12.447+0530] {processor.py:914} INFO - Processing file /home/hp/Desktop/Bigdata_project/BigData-Project/airflow-venv/lib/python3.10/site-packages/airflow/example_dags/example_task_group_decorator.py for tasks to queue
[2026-01-29T16:00:12.449+0530] {logging_mixin.py:190} INFO - [2026-01-29T16:00:12.449+0530] {dagbag.py:588} INFO - Filling up the DagBag from /home/hp/Desktop/Bigdata_project/BigData-Project/airflow-venv/lib/python3.10/site-packages/airflow/example_dags/example_task_group_decorator.py
[2026-01-29T16:00:12.466+0530] {processor.py:925} INFO - DAG(s) 'example_task_group_decorator' retrieved from /home/hp/Desktop/Bigdata_project/BigData-Project/airflow-venv/lib/python3.10/site-packages/airflow/example_dags/example_task_group_decorator.py
[2026-01-29T16:00:12.494+0530] {logging_mixin.py:190} INFO - [2026-01-29T16:00:12.494+0530] {dag.py:3239} INFO - Sync 1 DAGs
[2026-01-29T16:00:12.506+0530] {logging_mixin.py:190} INFO - [2026-01-29T16:00:12.506+0530] {dag.py:4180} INFO - Setting next_dagrun for example_task_group_decorator to None, run_after=None
[2026-01-29T16:00:12.526+0530] {processor.py:208} INFO - Processing /home/hp/Desktop/Bigdata_project/BigData-Project/airflow-venv/lib/python3.10/site-packages/airflow/example_dags/example_task_group_decorator.py took 0.086 seconds
[2026-01-29T16:01:08.405+0530] {processor.py:186} INFO - Started process (PID=29483) to work on /home/hp/Desktop/Bigdata_project/BigData-Project/airflow-venv/lib/python3.10/site-packages/airflow/example_dags/example_task_group_decorator.py
[2026-01-29T16:01:08.411+0530] {processor.py:914} INFO - Processing file /home/hp/Desktop/Bigdata_project/BigData-Project/airflow-venv/lib/python3.10/site-packages/airflow/example_dags/example_task_group_decorator.py for tasks to queue
[2026-01-29T16:01:08.414+0530] {logging_mixin.py:190} INFO - [2026-01-29T16:01:08.414+0530] {dagbag.py:588} INFO - Filling up the DagBag from /home/hp/Desktop/Bigdata_project/BigData-Project/airflow-venv/lib/python3.10/site-packages/airflow/example_dags/example_task_group_decorator.py
[2026-01-29T16:01:08.431+0530] {processor.py:925} INFO - DAG(s) 'example_task_group_decorator' retrieved from /home/hp/Desktop/Bigdata_project/BigData-Project/airflow-venv/lib/python3.10/site-packages/airflow/example_dags/example_task_group_decorator.py
[2026-01-29T16:01:08.455+0530] {logging_mixin.py:190} INFO - [2026-01-29T16:01:08.455+0530] {dag.py:3239} INFO - Sync 1 DAGs
[2026-01-29T16:01:08.469+0530] {logging_mixin.py:190} INFO - [2026-01-29T16:01:08.469+0530] {dag.py:4180} INFO - Setting next_dagrun for example_task_group_decorator to None, run_after=None
[2026-01-29T16:01:08.492+0530] {processor.py:208} INFO - Processing /home/hp/Desktop/Bigdata_project/BigData-Project/airflow-venv/lib/python3.10/site-packages/airflow/example_dags/example_task_group_decorator.py took 0.096 seconds
[2026-01-29T16:02:00.845+0530] {processor.py:186} INFO - Started process (PID=29703) to work on /home/hp/Desktop/Bigdata_project/BigData-Project/airflow-venv/lib/python3.10/site-packages/airflow/example_dags/example_task_group_decorator.py
[2026-01-29T16:02:00.852+0530] {processor.py:914} INFO - Processing file /home/hp/Desktop/Bigdata_project/BigData-Project/airflow-venv/lib/python3.10/site-packages/airflow/example_dags/example_task_group_decorator.py for tasks to queue
[2026-01-29T16:02:00.855+0530] {logging_mixin.py:190} INFO - [2026-01-29T16:02:00.854+0530] {dagbag.py:588} INFO - Filling up the DagBag from /home/hp/Desktop/Bigdata_project/BigData-Project/airflow-venv/lib/python3.10/site-packages/airflow/example_dags/example_task_group_decorator.py
[2026-01-29T16:02:00.870+0530] {processor.py:925} INFO - DAG(s) 'example_task_group_decorator' retrieved from /home/hp/Desktop/Bigdata_project/BigData-Project/airflow-venv/lib/python3.10/site-packages/airflow/example_dags/example_task_group_decorator.py
[2026-01-29T16:02:00.891+0530] {logging_mixin.py:190} INFO - [2026-01-29T16:02:00.891+0530] {dag.py:3239} INFO - Sync 1 DAGs
[2026-01-29T16:02:00.904+0530] {logging_mixin.py:190} INFO - [2026-01-29T16:02:00.904+0530] {dag.py:4180} INFO - Setting next_dagrun for example_task_group_decorator to None, run_after=None
[2026-01-29T16:02:00.925+0530] {processor.py:208} INFO - Processing /home/hp/Desktop/Bigdata_project/BigData-Project/airflow-venv/lib/python3.10/site-packages/airflow/example_dags/example_task_group_decorator.py took 0.086 seconds
[2026-01-29T16:02:56.216+0530] {processor.py:186} INFO - Started process (PID=29951) to work on /home/hp/Desktop/Bigdata_project/BigData-Project/airflow-venv/lib/python3.10/site-packages/airflow/example_dags/example_task_group_decorator.py
[2026-01-29T16:02:56.222+0530] {processor.py:914} INFO - Processing file /home/hp/Desktop/Bigdata_project/BigData-Project/airflow-venv/lib/python3.10/site-packages/airflow/example_dags/example_task_group_decorator.py for tasks to queue
[2026-01-29T16:02:56.225+0530] {logging_mixin.py:190} INFO - [2026-01-29T16:02:56.225+0530] {dagbag.py:588} INFO - Filling up the DagBag from /home/hp/Desktop/Bigdata_project/BigData-Project/airflow-venv/lib/python3.10/site-packages/airflow/example_dags/example_task_group_decorator.py
[2026-01-29T16:02:56.241+0530] {processor.py:925} INFO - DAG(s) 'example_task_group_decorator' retrieved from /home/hp/Desktop/Bigdata_project/BigData-Project/airflow-venv/lib/python3.10/site-packages/airflow/example_dags/example_task_group_decorator.py
[2026-01-29T16:02:56.264+0530] {logging_mixin.py:190} INFO - [2026-01-29T16:02:56.263+0530] {dag.py:3239} INFO - Sync 1 DAGs
[2026-01-29T16:02:56.277+0530] {logging_mixin.py:190} INFO - [2026-01-29T16:02:56.277+0530] {dag.py:4180} INFO - Setting next_dagrun for example_task_group_decorator to None, run_after=None
[2026-01-29T16:02:56.298+0530] {processor.py:208} INFO - Processing /home/hp/Desktop/Bigdata_project/BigData-Project/airflow-venv/lib/python3.10/site-packages/airflow/example_dags/example_task_group_decorator.py took 0.088 seconds
[2026-01-29T16:03:50.738+0530] {processor.py:186} INFO - Started process (PID=30155) to work on /home/hp/Desktop/Bigdata_project/BigData-Project/airflow-venv/lib/python3.10/site-packages/airflow/example_dags/example_task_group_decorator.py
[2026-01-29T16:03:50.745+0530] {processor.py:914} INFO - Processing file /home/hp/Desktop/Bigdata_project/BigData-Project/airflow-venv/lib/python3.10/site-packages/airflow/example_dags/example_task_group_decorator.py for tasks to queue
[2026-01-29T16:03:50.747+0530] {logging_mixin.py:190} INFO - [2026-01-29T16:03:50.747+0530] {dagbag.py:588} INFO - Filling up the DagBag from /home/hp/Desktop/Bigdata_project/BigData-Project/airflow-venv/lib/python3.10/site-packages/airflow/example_dags/example_task_group_decorator.py
[2026-01-29T16:03:50.763+0530] {processor.py:925} INFO - DAG(s) 'example_task_group_decorator' retrieved from /home/hp/Desktop/Bigdata_project/BigData-Project/airflow-venv/lib/python3.10/site-packages/airflow/example_dags/example_task_group_decorator.py
[2026-01-29T16:03:50.785+0530] {logging_mixin.py:190} INFO - [2026-01-29T16:03:50.785+0530] {dag.py:3239} INFO - Sync 1 DAGs
[2026-01-29T16:03:50.798+0530] {logging_mixin.py:190} INFO - [2026-01-29T16:03:50.797+0530] {dag.py:4180} INFO - Setting next_dagrun for example_task_group_decorator to None, run_after=None
[2026-01-29T16:03:50.818+0530] {processor.py:208} INFO - Processing /home/hp/Desktop/Bigdata_project/BigData-Project/airflow-venv/lib/python3.10/site-packages/airflow/example_dags/example_task_group_decorator.py took 0.086 seconds
[2026-01-29T16:04:46.540+0530] {processor.py:186} INFO - Started process (PID=30374) to work on /home/hp/Desktop/Bigdata_project/BigData-Project/airflow-venv/lib/python3.10/site-packages/airflow/example_dags/example_task_group_decorator.py
[2026-01-29T16:04:46.541+0530] {processor.py:914} INFO - Processing file /home/hp/Desktop/Bigdata_project/BigData-Project/airflow-venv/lib/python3.10/site-packages/airflow/example_dags/example_task_group_decorator.py for tasks to queue
[2026-01-29T16:04:46.544+0530] {logging_mixin.py:190} INFO - [2026-01-29T16:04:46.544+0530] {dagbag.py:588} INFO - Filling up the DagBag from /home/hp/Desktop/Bigdata_project/BigData-Project/airflow-venv/lib/python3.10/site-packages/airflow/example_dags/example_task_group_decorator.py
[2026-01-29T16:04:46.560+0530] {processor.py:925} INFO - DAG(s) 'example_task_group_decorator' retrieved from /home/hp/Desktop/Bigdata_project/BigData-Project/airflow-venv/lib/python3.10/site-packages/airflow/example_dags/example_task_group_decorator.py
[2026-01-29T16:04:46.583+0530] {logging_mixin.py:190} INFO - [2026-01-29T16:04:46.582+0530] {dag.py:3239} INFO - Sync 1 DAGs
[2026-01-29T16:04:46.596+0530] {logging_mixin.py:190} INFO - [2026-01-29T16:04:46.596+0530] {dag.py:4180} INFO - Setting next_dagrun for example_task_group_decorator to None, run_after=None
[2026-01-29T16:04:46.617+0530] {processor.py:208} INFO - Processing /home/hp/Desktop/Bigdata_project/BigData-Project/airflow-venv/lib/python3.10/site-packages/airflow/example_dags/example_task_group_decorator.py took 0.083 seconds
[2026-01-29T16:05:43.133+0530] {processor.py:186} INFO - Started process (PID=30669) to work on /home/hp/Desktop/Bigdata_project/BigData-Project/airflow-venv/lib/python3.10/site-packages/airflow/example_dags/example_task_group_decorator.py
[2026-01-29T16:05:43.139+0530] {processor.py:914} INFO - Processing file /home/hp/Desktop/Bigdata_project/BigData-Project/airflow-venv/lib/python3.10/site-packages/airflow/example_dags/example_task_group_decorator.py for tasks to queue
[2026-01-29T16:05:43.142+0530] {logging_mixin.py:190} INFO - [2026-01-29T16:05:43.142+0530] {dagbag.py:588} INFO - Filling up the DagBag from /home/hp/Desktop/Bigdata_project/BigData-Project/airflow-venv/lib/python3.10/site-packages/airflow/example_dags/example_task_group_decorator.py
[2026-01-29T16:05:43.159+0530] {processor.py:925} INFO - DAG(s) 'example_task_group_decorator' retrieved from /home/hp/Desktop/Bigdata_project/BigData-Project/airflow-venv/lib/python3.10/site-packages/airflow/example_dags/example_task_group_decorator.py
[2026-01-29T16:05:43.181+0530] {logging_mixin.py:190} INFO - [2026-01-29T16:05:43.180+0530] {dag.py:3239} INFO - Sync 1 DAGs
[2026-01-29T16:05:43.193+0530] {logging_mixin.py:190} INFO - [2026-01-29T16:05:43.193+0530] {dag.py:4180} INFO - Setting next_dagrun for example_task_group_decorator to None, run_after=None
[2026-01-29T16:05:43.214+0530] {processor.py:208} INFO - Processing /home/hp/Desktop/Bigdata_project/BigData-Project/airflow-venv/lib/python3.10/site-packages/airflow/example_dags/example_task_group_decorator.py took 0.088 seconds
[2026-01-29T16:06:40.024+0530] {processor.py:186} INFO - Started process (PID=30945) to work on /home/hp/Desktop/Bigdata_project/BigData-Project/airflow-venv/lib/python3.10/site-packages/airflow/example_dags/example_task_group_decorator.py
[2026-01-29T16:06:40.030+0530] {processor.py:914} INFO - Processing file /home/hp/Desktop/Bigdata_project/BigData-Project/airflow-venv/lib/python3.10/site-packages/airflow/example_dags/example_task_group_decorator.py for tasks to queue
[2026-01-29T16:06:40.034+0530] {logging_mixin.py:190} INFO - [2026-01-29T16:06:40.034+0530] {dagbag.py:588} INFO - Filling up the DagBag from /home/hp/Desktop/Bigdata_project/BigData-Project/airflow-venv/lib/python3.10/site-packages/airflow/example_dags/example_task_group_decorator.py
[2026-01-29T16:06:40.051+0530] {processor.py:925} INFO - DAG(s) 'example_task_group_decorator' retrieved from /home/hp/Desktop/Bigdata_project/BigData-Project/airflow-venv/lib/python3.10/site-packages/airflow/example_dags/example_task_group_decorator.py
[2026-01-29T16:06:40.074+0530] {logging_mixin.py:190} INFO - [2026-01-29T16:06:40.074+0530] {dag.py:3239} INFO - Sync 1 DAGs
[2026-01-29T16:06:40.087+0530] {logging_mixin.py:190} INFO - [2026-01-29T16:06:40.087+0530] {dag.py:4180} INFO - Setting next_dagrun for example_task_group_decorator to None, run_after=None
[2026-01-29T16:06:40.110+0530] {processor.py:208} INFO - Processing /home/hp/Desktop/Bigdata_project/BigData-Project/airflow-venv/lib/python3.10/site-packages/airflow/example_dags/example_task_group_decorator.py took 0.093 seconds
[2026-01-29T16:07:37.195+0530] {processor.py:186} INFO - Started process (PID=31200) to work on /home/hp/Desktop/Bigdata_project/BigData-Project/airflow-venv/lib/python3.10/site-packages/airflow/example_dags/example_task_group_decorator.py
[2026-01-29T16:07:37.202+0530] {processor.py:914} INFO - Processing file /home/hp/Desktop/Bigdata_project/BigData-Project/airflow-venv/lib/python3.10/site-packages/airflow/example_dags/example_task_group_decorator.py for tasks to queue
[2026-01-29T16:07:37.206+0530] {logging_mixin.py:190} INFO - [2026-01-29T16:07:37.205+0530] {dagbag.py:588} INFO - Filling up the DagBag from /home/hp/Desktop/Bigdata_project/BigData-Project/airflow-venv/lib/python3.10/site-packages/airflow/example_dags/example_task_group_decorator.py
[2026-01-29T16:07:37.222+0530] {processor.py:925} INFO - DAG(s) 'example_task_group_decorator' retrieved from /home/hp/Desktop/Bigdata_project/BigData-Project/airflow-venv/lib/python3.10/site-packages/airflow/example_dags/example_task_group_decorator.py
[2026-01-29T16:07:37.244+0530] {logging_mixin.py:190} INFO - [2026-01-29T16:07:37.244+0530] {dag.py:3239} INFO - Sync 1 DAGs
[2026-01-29T16:07:37.257+0530] {logging_mixin.py:190} INFO - [2026-01-29T16:07:37.257+0530] {dag.py:4180} INFO - Setting next_dagrun for example_task_group_decorator to None, run_after=None
[2026-01-29T16:07:37.279+0530] {processor.py:208} INFO - Processing /home/hp/Desktop/Bigdata_project/BigData-Project/airflow-venv/lib/python3.10/site-packages/airflow/example_dags/example_task_group_decorator.py took 0.090 seconds
[2026-01-29T16:08:36.325+0530] {processor.py:186} INFO - Started process (PID=31442) to work on /home/hp/Desktop/Bigdata_project/BigData-Project/airflow-venv/lib/python3.10/site-packages/airflow/example_dags/example_task_group_decorator.py
[2026-01-29T16:08:36.331+0530] {processor.py:914} INFO - Processing file /home/hp/Desktop/Bigdata_project/BigData-Project/airflow-venv/lib/python3.10/site-packages/airflow/example_dags/example_task_group_decorator.py for tasks to queue
[2026-01-29T16:08:36.333+0530] {logging_mixin.py:190} INFO - [2026-01-29T16:08:36.332+0530] {dagbag.py:588} INFO - Filling up the DagBag from /home/hp/Desktop/Bigdata_project/BigData-Project/airflow-venv/lib/python3.10/site-packages/airflow/example_dags/example_task_group_decorator.py
[2026-01-29T16:08:36.350+0530] {processor.py:925} INFO - DAG(s) 'example_task_group_decorator' retrieved from /home/hp/Desktop/Bigdata_project/BigData-Project/airflow-venv/lib/python3.10/site-packages/airflow/example_dags/example_task_group_decorator.py
[2026-01-29T16:08:36.453+0530] {logging_mixin.py:190} INFO - [2026-01-29T16:08:36.453+0530] {override.py:1930} INFO - Created Permission View: can edit on DAG:example_task_group_decorator
[2026-01-29T16:08:36.464+0530] {logging_mixin.py:190} INFO - [2026-01-29T16:08:36.463+0530] {override.py:1930} INFO - Created Permission View: can delete on DAG:example_task_group_decorator
[2026-01-29T16:08:36.472+0530] {logging_mixin.py:190} INFO - [2026-01-29T16:08:36.471+0530] {override.py:1930} INFO - Created Permission View: can read on DAG:example_task_group_decorator
[2026-01-29T16:08:36.484+0530] {logging_mixin.py:190} INFO - [2026-01-29T16:08:36.484+0530] {override.py:1930} INFO - Created Permission View: menu access on DAG Run:example_task_group_decorator
[2026-01-29T16:08:36.491+0530] {logging_mixin.py:190} INFO - [2026-01-29T16:08:36.491+0530] {override.py:1930} INFO - Created Permission View: can delete on DAG Run:example_task_group_decorator
[2026-01-29T16:08:36.499+0530] {logging_mixin.py:190} INFO - [2026-01-29T16:08:36.498+0530] {override.py:1930} INFO - Created Permission View: can create on DAG Run:example_task_group_decorator
[2026-01-29T16:08:36.506+0530] {logging_mixin.py:190} INFO - [2026-01-29T16:08:36.506+0530] {override.py:1930} INFO - Created Permission View: can read on DAG Run:example_task_group_decorator
[2026-01-29T16:08:36.506+0530] {logging_mixin.py:190} INFO - [2026-01-29T16:08:36.506+0530] {dag.py:3239} INFO - Sync 1 DAGs
[2026-01-29T16:08:36.519+0530] {logging_mixin.py:190} INFO - [2026-01-29T16:08:36.519+0530] {dag.py:3262} INFO - Creating ORM DAG for example_task_group_decorator
[2026-01-29T16:08:36.520+0530] {logging_mixin.py:190} INFO - [2026-01-29T16:08:36.520+0530] {dag.py:4180} INFO - Setting next_dagrun for example_task_group_decorator to None, run_after=None
[2026-01-29T16:08:36.655+0530] {processor.py:208} INFO - Processing /home/hp/Desktop/Bigdata_project/BigData-Project/airflow-venv/lib/python3.10/site-packages/airflow/example_dags/example_task_group_decorator.py took 0.337 seconds
