[2026-01-29T15:55:40.251+0530] {processor.py:186} INFO - Started process (PID=28305) to work on /home/hp/Desktop/Bigdata_project/BigData-Project/airflow-venv/lib/python3.10/site-packages/airflow/example_dags/example_sla_dag.py
[2026-01-29T15:55:40.252+0530] {processor.py:914} INFO - Processing file /home/hp/Desktop/Bigdata_project/BigData-Project/airflow-venv/lib/python3.10/site-packages/airflow/example_dags/example_sla_dag.py for tasks to queue
[2026-01-29T15:55:40.254+0530] {logging_mixin.py:190} INFO - [2026-01-29T15:55:40.254+0530] {dagbag.py:588} INFO - Filling up the DagBag from /home/hp/Desktop/Bigdata_project/BigData-Project/airflow-venv/lib/python3.10/site-packages/airflow/example_dags/example_sla_dag.py
[2026-01-29T15:55:40.268+0530] {processor.py:925} INFO - DAG(s) 'example_sla_dag' retrieved from /home/hp/Desktop/Bigdata_project/BigData-Project/airflow-venv/lib/python3.10/site-packages/airflow/example_dags/example_sla_dag.py
[2026-01-29T15:55:40.379+0530] {logging_mixin.py:190} INFO - [2026-01-29T15:55:40.378+0530] {override.py:1930} INFO - Created Permission View: can edit on DAG:example_sla_dag
[2026-01-29T15:55:40.391+0530] {logging_mixin.py:190} INFO - [2026-01-29T15:55:40.390+0530] {override.py:1930} INFO - Created Permission View: can delete on DAG:example_sla_dag
[2026-01-29T15:55:40.400+0530] {logging_mixin.py:190} INFO - [2026-01-29T15:55:40.400+0530] {override.py:1930} INFO - Created Permission View: can read on DAG:example_sla_dag
[2026-01-29T15:55:40.412+0530] {logging_mixin.py:190} INFO - [2026-01-29T15:55:40.411+0530] {override.py:1930} INFO - Created Permission View: can delete on DAG Run:example_sla_dag
[2026-01-29T15:55:40.420+0530] {logging_mixin.py:190} INFO - [2026-01-29T15:55:40.420+0530] {override.py:1930} INFO - Created Permission View: can read on DAG Run:example_sla_dag
[2026-01-29T15:55:40.428+0530] {logging_mixin.py:190} INFO - [2026-01-29T15:55:40.428+0530] {override.py:1930} INFO - Created Permission View: menu access on DAG Run:example_sla_dag
[2026-01-29T15:55:40.436+0530] {logging_mixin.py:190} INFO - [2026-01-29T15:55:40.436+0530] {override.py:1930} INFO - Created Permission View: can create on DAG Run:example_sla_dag
[2026-01-29T15:55:40.437+0530] {logging_mixin.py:190} INFO - [2026-01-29T15:55:40.437+0530] {dag.py:3239} INFO - Sync 1 DAGs
[2026-01-29T15:55:40.449+0530] {logging_mixin.py:190} INFO - [2026-01-29T15:55:40.449+0530] {dag.py:3262} INFO - Creating ORM DAG for example_sla_dag
[2026-01-29T15:55:40.462+0530] {logging_mixin.py:190} INFO - [2026-01-29T15:55:40.462+0530] {dag.py:4180} INFO - Setting next_dagrun for example_sla_dag to 2026-01-29 10:22:00+00:00, run_after=2026-01-29 10:24:00+00:00
[2026-01-29T15:55:40.481+0530] {processor.py:208} INFO - Processing /home/hp/Desktop/Bigdata_project/BigData-Project/airflow-venv/lib/python3.10/site-packages/airflow/example_dags/example_sla_dag.py took 0.238 seconds
[2026-01-29T15:56:44.411+0530] {processor.py:186} INFO - Started process (PID=28564) to work on /home/hp/Desktop/Bigdata_project/BigData-Project/airflow-venv/lib/python3.10/site-packages/airflow/example_dags/example_sla_dag.py
[2026-01-29T15:56:44.417+0530] {processor.py:914} INFO - Processing file /home/hp/Desktop/Bigdata_project/BigData-Project/airflow-venv/lib/python3.10/site-packages/airflow/example_dags/example_sla_dag.py for tasks to queue
[2026-01-29T15:56:44.420+0530] {logging_mixin.py:190} INFO - [2026-01-29T15:56:44.419+0530] {dagbag.py:588} INFO - Filling up the DagBag from /home/hp/Desktop/Bigdata_project/BigData-Project/airflow-venv/lib/python3.10/site-packages/airflow/example_dags/example_sla_dag.py
[2026-01-29T15:56:44.431+0530] {processor.py:925} INFO - DAG(s) 'example_sla_dag' retrieved from /home/hp/Desktop/Bigdata_project/BigData-Project/airflow-venv/lib/python3.10/site-packages/airflow/example_dags/example_sla_dag.py
[2026-01-29T15:56:44.447+0530] {logging_mixin.py:190} INFO - [2026-01-29T15:56:44.447+0530] {dag.py:3239} INFO - Sync 1 DAGs
[2026-01-29T15:56:44.469+0530] {logging_mixin.py:190} INFO - [2026-01-29T15:56:44.469+0530] {dag.py:4180} INFO - Setting next_dagrun for example_sla_dag to 2026-01-29 10:24:00+00:00, run_after=2026-01-29 10:26:00+00:00
[2026-01-29T15:56:44.488+0530] {processor.py:208} INFO - Processing /home/hp/Desktop/Bigdata_project/BigData-Project/airflow-venv/lib/python3.10/site-packages/airflow/example_dags/example_sla_dag.py took 0.084 seconds
[2026-01-29T16:00:18.704+0530] {processor.py:186} INFO - Started process (PID=29251) to work on /home/hp/Desktop/Bigdata_project/BigData-Project/airflow-venv/lib/python3.10/site-packages/airflow/example_dags/example_sla_dag.py
[2026-01-29T16:00:18.710+0530] {processor.py:914} INFO - Processing file /home/hp/Desktop/Bigdata_project/BigData-Project/airflow-venv/lib/python3.10/site-packages/airflow/example_dags/example_sla_dag.py for tasks to queue
[2026-01-29T16:00:18.714+0530] {logging_mixin.py:190} INFO - [2026-01-29T16:00:18.713+0530] {dagbag.py:588} INFO - Filling up the DagBag from /home/hp/Desktop/Bigdata_project/BigData-Project/airflow-venv/lib/python3.10/site-packages/airflow/example_dags/example_sla_dag.py
[2026-01-29T16:00:18.725+0530] {processor.py:925} INFO - DAG(s) 'example_sla_dag' retrieved from /home/hp/Desktop/Bigdata_project/BigData-Project/airflow-venv/lib/python3.10/site-packages/airflow/example_dags/example_sla_dag.py
[2026-01-29T16:00:18.744+0530] {logging_mixin.py:190} INFO - [2026-01-29T16:00:18.744+0530] {dag.py:3239} INFO - Sync 1 DAGs
[2026-01-29T16:00:18.768+0530] {logging_mixin.py:190} INFO - [2026-01-29T16:00:18.767+0530] {dag.py:4180} INFO - Setting next_dagrun for example_sla_dag to 2026-01-29 10:28:00+00:00, run_after=2026-01-29 10:30:00+00:00
[2026-01-29T16:00:18.788+0530] {processor.py:208} INFO - Processing /home/hp/Desktop/Bigdata_project/BigData-Project/airflow-venv/lib/python3.10/site-packages/airflow/example_dags/example_sla_dag.py took 0.091 seconds
[2026-01-29T16:01:14.221+0530] {processor.py:186} INFO - Started process (PID=29522) to work on /home/hp/Desktop/Bigdata_project/BigData-Project/airflow-venv/lib/python3.10/site-packages/airflow/example_dags/example_sla_dag.py
[2026-01-29T16:01:14.228+0530] {processor.py:914} INFO - Processing file /home/hp/Desktop/Bigdata_project/BigData-Project/airflow-venv/lib/python3.10/site-packages/airflow/example_dags/example_sla_dag.py for tasks to queue
[2026-01-29T16:01:14.230+0530] {logging_mixin.py:190} INFO - [2026-01-29T16:01:14.230+0530] {dagbag.py:588} INFO - Filling up the DagBag from /home/hp/Desktop/Bigdata_project/BigData-Project/airflow-venv/lib/python3.10/site-packages/airflow/example_dags/example_sla_dag.py
[2026-01-29T16:01:14.242+0530] {processor.py:925} INFO - DAG(s) 'example_sla_dag' retrieved from /home/hp/Desktop/Bigdata_project/BigData-Project/airflow-venv/lib/python3.10/site-packages/airflow/example_dags/example_sla_dag.py
[2026-01-29T16:01:14.259+0530] {logging_mixin.py:190} INFO - [2026-01-29T16:01:14.259+0530] {dag.py:3239} INFO - Sync 1 DAGs
[2026-01-29T16:01:14.283+0530] {logging_mixin.py:190} INFO - [2026-01-29T16:01:14.283+0530] {dag.py:4180} INFO - Setting next_dagrun for example_sla_dag to 2026-01-29 10:28:00+00:00, run_after=2026-01-29 10:30:00+00:00
[2026-01-29T16:01:14.304+0530] {processor.py:208} INFO - Processing /home/hp/Desktop/Bigdata_project/BigData-Project/airflow-venv/lib/python3.10/site-packages/airflow/example_dags/example_sla_dag.py took 0.090 seconds
[2026-01-29T16:02:07.268+0530] {processor.py:186} INFO - Started process (PID=29720) to work on /home/hp/Desktop/Bigdata_project/BigData-Project/airflow-venv/lib/python3.10/site-packages/airflow/example_dags/example_sla_dag.py
[2026-01-29T16:02:07.275+0530] {processor.py:914} INFO - Processing file /home/hp/Desktop/Bigdata_project/BigData-Project/airflow-venv/lib/python3.10/site-packages/airflow/example_dags/example_sla_dag.py for tasks to queue
[2026-01-29T16:02:07.277+0530] {logging_mixin.py:190} INFO - [2026-01-29T16:02:07.277+0530] {dagbag.py:588} INFO - Filling up the DagBag from /home/hp/Desktop/Bigdata_project/BigData-Project/airflow-venv/lib/python3.10/site-packages/airflow/example_dags/example_sla_dag.py
[2026-01-29T16:02:07.289+0530] {processor.py:925} INFO - DAG(s) 'example_sla_dag' retrieved from /home/hp/Desktop/Bigdata_project/BigData-Project/airflow-venv/lib/python3.10/site-packages/airflow/example_dags/example_sla_dag.py
[2026-01-29T16:02:07.305+0530] {logging_mixin.py:190} INFO - [2026-01-29T16:02:07.305+0530] {dag.py:3239} INFO - Sync 1 DAGs
[2026-01-29T16:02:07.329+0530] {logging_mixin.py:190} INFO - [2026-01-29T16:02:07.329+0530] {dag.py:4180} INFO - Setting next_dagrun for example_sla_dag to 2026-01-29 10:30:00+00:00, run_after=2026-01-29 10:32:00+00:00
[2026-01-29T16:02:07.351+0530] {processor.py:208} INFO - Processing /home/hp/Desktop/Bigdata_project/BigData-Project/airflow-venv/lib/python3.10/site-packages/airflow/example_dags/example_sla_dag.py took 0.090 seconds
[2026-01-29T16:03:01.486+0530] {processor.py:186} INFO - Started process (PID=29969) to work on /home/hp/Desktop/Bigdata_project/BigData-Project/airflow-venv/lib/python3.10/site-packages/airflow/example_dags/example_sla_dag.py
[2026-01-29T16:03:01.492+0530] {processor.py:914} INFO - Processing file /home/hp/Desktop/Bigdata_project/BigData-Project/airflow-venv/lib/python3.10/site-packages/airflow/example_dags/example_sla_dag.py for tasks to queue
[2026-01-29T16:03:01.496+0530] {logging_mixin.py:190} INFO - [2026-01-29T16:03:01.496+0530] {dagbag.py:588} INFO - Filling up the DagBag from /home/hp/Desktop/Bigdata_project/BigData-Project/airflow-venv/lib/python3.10/site-packages/airflow/example_dags/example_sla_dag.py
[2026-01-29T16:03:01.507+0530] {processor.py:925} INFO - DAG(s) 'example_sla_dag' retrieved from /home/hp/Desktop/Bigdata_project/BigData-Project/airflow-venv/lib/python3.10/site-packages/airflow/example_dags/example_sla_dag.py
[2026-01-29T16:03:01.523+0530] {logging_mixin.py:190} INFO - [2026-01-29T16:03:01.523+0530] {dag.py:3239} INFO - Sync 1 DAGs
[2026-01-29T16:03:01.547+0530] {logging_mixin.py:190} INFO - [2026-01-29T16:03:01.547+0530] {dag.py:4180} INFO - Setting next_dagrun for example_sla_dag to 2026-01-29 10:30:00+00:00, run_after=2026-01-29 10:32:00+00:00
[2026-01-29T16:03:01.568+0530] {processor.py:208} INFO - Processing /home/hp/Desktop/Bigdata_project/BigData-Project/airflow-venv/lib/python3.10/site-packages/airflow/example_dags/example_sla_dag.py took 0.089 seconds
[2026-01-29T16:03:57.123+0530] {processor.py:186} INFO - Started process (PID=30191) to work on /home/hp/Desktop/Bigdata_project/BigData-Project/airflow-venv/lib/python3.10/site-packages/airflow/example_dags/example_sla_dag.py
[2026-01-29T16:03:57.129+0530] {processor.py:914} INFO - Processing file /home/hp/Desktop/Bigdata_project/BigData-Project/airflow-venv/lib/python3.10/site-packages/airflow/example_dags/example_sla_dag.py for tasks to queue
[2026-01-29T16:03:57.131+0530] {logging_mixin.py:190} INFO - [2026-01-29T16:03:57.131+0530] {dagbag.py:588} INFO - Filling up the DagBag from /home/hp/Desktop/Bigdata_project/BigData-Project/airflow-venv/lib/python3.10/site-packages/airflow/example_dags/example_sla_dag.py
[2026-01-29T16:03:57.143+0530] {processor.py:925} INFO - DAG(s) 'example_sla_dag' retrieved from /home/hp/Desktop/Bigdata_project/BigData-Project/airflow-venv/lib/python3.10/site-packages/airflow/example_dags/example_sla_dag.py
[2026-01-29T16:03:57.159+0530] {logging_mixin.py:190} INFO - [2026-01-29T16:03:57.159+0530] {dag.py:3239} INFO - Sync 1 DAGs
[2026-01-29T16:03:57.184+0530] {logging_mixin.py:190} INFO - [2026-01-29T16:03:57.184+0530] {dag.py:4180} INFO - Setting next_dagrun for example_sla_dag to 2026-01-29 10:30:00+00:00, run_after=2026-01-29 10:32:00+00:00
[2026-01-29T16:03:57.206+0530] {processor.py:208} INFO - Processing /home/hp/Desktop/Bigdata_project/BigData-Project/airflow-venv/lib/python3.10/site-packages/airflow/example_dags/example_sla_dag.py took 0.091 seconds
[2026-01-29T16:04:52.277+0530] {processor.py:186} INFO - Started process (PID=30427) to work on /home/hp/Desktop/Bigdata_project/BigData-Project/airflow-venv/lib/python3.10/site-packages/airflow/example_dags/example_sla_dag.py
[2026-01-29T16:04:52.283+0530] {processor.py:914} INFO - Processing file /home/hp/Desktop/Bigdata_project/BigData-Project/airflow-venv/lib/python3.10/site-packages/airflow/example_dags/example_sla_dag.py for tasks to queue
[2026-01-29T16:04:52.286+0530] {logging_mixin.py:190} INFO - [2026-01-29T16:04:52.285+0530] {dagbag.py:588} INFO - Filling up the DagBag from /home/hp/Desktop/Bigdata_project/BigData-Project/airflow-venv/lib/python3.10/site-packages/airflow/example_dags/example_sla_dag.py
[2026-01-29T16:04:52.296+0530] {processor.py:925} INFO - DAG(s) 'example_sla_dag' retrieved from /home/hp/Desktop/Bigdata_project/BigData-Project/airflow-venv/lib/python3.10/site-packages/airflow/example_dags/example_sla_dag.py
[2026-01-29T16:04:52.312+0530] {logging_mixin.py:190} INFO - [2026-01-29T16:04:52.311+0530] {dag.py:3239} INFO - Sync 1 DAGs
[2026-01-29T16:04:52.335+0530] {logging_mixin.py:190} INFO - [2026-01-29T16:04:52.334+0530] {dag.py:4180} INFO - Setting next_dagrun for example_sla_dag to 2026-01-29 10:32:00+00:00, run_after=2026-01-29 10:34:00+00:00
[2026-01-29T16:04:52.355+0530] {processor.py:208} INFO - Processing /home/hp/Desktop/Bigdata_project/BigData-Project/airflow-venv/lib/python3.10/site-packages/airflow/example_dags/example_sla_dag.py took 0.085 seconds
[2026-01-29T16:05:48.945+0530] {processor.py:186} INFO - Started process (PID=30692) to work on /home/hp/Desktop/Bigdata_project/BigData-Project/airflow-venv/lib/python3.10/site-packages/airflow/example_dags/example_sla_dag.py
[2026-01-29T16:05:48.952+0530] {processor.py:914} INFO - Processing file /home/hp/Desktop/Bigdata_project/BigData-Project/airflow-venv/lib/python3.10/site-packages/airflow/example_dags/example_sla_dag.py for tasks to queue
[2026-01-29T16:05:48.955+0530] {logging_mixin.py:190} INFO - [2026-01-29T16:05:48.955+0530] {dagbag.py:588} INFO - Filling up the DagBag from /home/hp/Desktop/Bigdata_project/BigData-Project/airflow-venv/lib/python3.10/site-packages/airflow/example_dags/example_sla_dag.py
[2026-01-29T16:05:48.967+0530] {processor.py:925} INFO - DAG(s) 'example_sla_dag' retrieved from /home/hp/Desktop/Bigdata_project/BigData-Project/airflow-venv/lib/python3.10/site-packages/airflow/example_dags/example_sla_dag.py
[2026-01-29T16:05:48.983+0530] {logging_mixin.py:190} INFO - [2026-01-29T16:05:48.983+0530] {dag.py:3239} INFO - Sync 1 DAGs
[2026-01-29T16:05:49.007+0530] {logging_mixin.py:190} INFO - [2026-01-29T16:05:49.007+0530] {dag.py:4180} INFO - Setting next_dagrun for example_sla_dag to 2026-01-29 10:32:00+00:00, run_after=2026-01-29 10:34:00+00:00
[2026-01-29T16:05:49.028+0530] {processor.py:208} INFO - Processing /home/hp/Desktop/Bigdata_project/BigData-Project/airflow-venv/lib/python3.10/site-packages/airflow/example_dags/example_sla_dag.py took 0.090 seconds
[2026-01-29T16:06:45.586+0530] {processor.py:186} INFO - Started process (PID=30968) to work on /home/hp/Desktop/Bigdata_project/BigData-Project/airflow-venv/lib/python3.10/site-packages/airflow/example_dags/example_sla_dag.py
[2026-01-29T16:06:45.592+0530] {processor.py:914} INFO - Processing file /home/hp/Desktop/Bigdata_project/BigData-Project/airflow-venv/lib/python3.10/site-packages/airflow/example_dags/example_sla_dag.py for tasks to queue
[2026-01-29T16:06:45.595+0530] {logging_mixin.py:190} INFO - [2026-01-29T16:06:45.594+0530] {dagbag.py:588} INFO - Filling up the DagBag from /home/hp/Desktop/Bigdata_project/BigData-Project/airflow-venv/lib/python3.10/site-packages/airflow/example_dags/example_sla_dag.py
[2026-01-29T16:06:45.606+0530] {processor.py:925} INFO - DAG(s) 'example_sla_dag' retrieved from /home/hp/Desktop/Bigdata_project/BigData-Project/airflow-venv/lib/python3.10/site-packages/airflow/example_dags/example_sla_dag.py
[2026-01-29T16:06:45.622+0530] {logging_mixin.py:190} INFO - [2026-01-29T16:06:45.621+0530] {dag.py:3239} INFO - Sync 1 DAGs
[2026-01-29T16:06:45.645+0530] {logging_mixin.py:190} INFO - [2026-01-29T16:06:45.645+0530] {dag.py:4180} INFO - Setting next_dagrun for example_sla_dag to 2026-01-29 10:34:00+00:00, run_after=2026-01-29 10:36:00+00:00
[2026-01-29T16:06:45.665+0530] {processor.py:208} INFO - Processing /home/hp/Desktop/Bigdata_project/BigData-Project/airflow-venv/lib/python3.10/site-packages/airflow/example_dags/example_sla_dag.py took 0.087 seconds
[2026-01-29T16:07:43.612+0530] {processor.py:186} INFO - Started process (PID=31234) to work on /home/hp/Desktop/Bigdata_project/BigData-Project/airflow-venv/lib/python3.10/site-packages/airflow/example_dags/example_sla_dag.py
[2026-01-29T16:07:43.618+0530] {processor.py:914} INFO - Processing file /home/hp/Desktop/Bigdata_project/BigData-Project/airflow-venv/lib/python3.10/site-packages/airflow/example_dags/example_sla_dag.py for tasks to queue
[2026-01-29T16:07:43.621+0530] {logging_mixin.py:190} INFO - [2026-01-29T16:07:43.621+0530] {dagbag.py:588} INFO - Filling up the DagBag from /home/hp/Desktop/Bigdata_project/BigData-Project/airflow-venv/lib/python3.10/site-packages/airflow/example_dags/example_sla_dag.py
[2026-01-29T16:07:43.632+0530] {processor.py:925} INFO - DAG(s) 'example_sla_dag' retrieved from /home/hp/Desktop/Bigdata_project/BigData-Project/airflow-venv/lib/python3.10/site-packages/airflow/example_dags/example_sla_dag.py
[2026-01-29T16:07:43.647+0530] {logging_mixin.py:190} INFO - [2026-01-29T16:07:43.647+0530] {dag.py:3239} INFO - Sync 1 DAGs
[2026-01-29T16:07:43.671+0530] {logging_mixin.py:190} INFO - [2026-01-29T16:07:43.671+0530] {dag.py:4180} INFO - Setting next_dagrun for example_sla_dag to 2026-01-29 10:34:00+00:00, run_after=2026-01-29 10:36:00+00:00
[2026-01-29T16:07:43.691+0530] {processor.py:208} INFO - Processing /home/hp/Desktop/Bigdata_project/BigData-Project/airflow-venv/lib/python3.10/site-packages/airflow/example_dags/example_sla_dag.py took 0.086 seconds
[2026-01-29T16:08:44.574+0530] {processor.py:186} INFO - Started process (PID=31498) to work on /home/hp/Desktop/Bigdata_project/BigData-Project/airflow-venv/lib/python3.10/site-packages/airflow/example_dags/example_sla_dag.py
[2026-01-29T16:08:44.580+0530] {processor.py:914} INFO - Processing file /home/hp/Desktop/Bigdata_project/BigData-Project/airflow-venv/lib/python3.10/site-packages/airflow/example_dags/example_sla_dag.py for tasks to queue
[2026-01-29T16:08:44.583+0530] {logging_mixin.py:190} INFO - [2026-01-29T16:08:44.583+0530] {dagbag.py:588} INFO - Filling up the DagBag from /home/hp/Desktop/Bigdata_project/BigData-Project/airflow-venv/lib/python3.10/site-packages/airflow/example_dags/example_sla_dag.py
[2026-01-29T16:08:44.595+0530] {processor.py:925} INFO - DAG(s) 'example_sla_dag' retrieved from /home/hp/Desktop/Bigdata_project/BigData-Project/airflow-venv/lib/python3.10/site-packages/airflow/example_dags/example_sla_dag.py
[2026-01-29T16:08:44.688+0530] {logging_mixin.py:190} INFO - [2026-01-29T16:08:44.688+0530] {override.py:1930} INFO - Created Permission View: can edit on DAG:example_sla_dag
[2026-01-29T16:08:44.699+0530] {logging_mixin.py:190} INFO - [2026-01-29T16:08:44.698+0530] {override.py:1930} INFO - Created Permission View: can delete on DAG:example_sla_dag
[2026-01-29T16:08:44.706+0530] {logging_mixin.py:190} INFO - [2026-01-29T16:08:44.706+0530] {override.py:1930} INFO - Created Permission View: can read on DAG:example_sla_dag
[2026-01-29T16:08:44.717+0530] {logging_mixin.py:190} INFO - [2026-01-29T16:08:44.717+0530] {override.py:1930} INFO - Created Permission View: menu access on DAG Run:example_sla_dag
[2026-01-29T16:08:44.725+0530] {logging_mixin.py:190} INFO - [2026-01-29T16:08:44.724+0530] {override.py:1930} INFO - Created Permission View: can delete on DAG Run:example_sla_dag
[2026-01-29T16:08:44.732+0530] {logging_mixin.py:190} INFO - [2026-01-29T16:08:44.731+0530] {override.py:1930} INFO - Created Permission View: can create on DAG Run:example_sla_dag
[2026-01-29T16:08:44.739+0530] {logging_mixin.py:190} INFO - [2026-01-29T16:08:44.739+0530] {override.py:1930} INFO - Created Permission View: can read on DAG Run:example_sla_dag
[2026-01-29T16:08:44.740+0530] {logging_mixin.py:190} INFO - [2026-01-29T16:08:44.740+0530] {dag.py:3239} INFO - Sync 1 DAGs
[2026-01-29T16:08:44.753+0530] {logging_mixin.py:190} INFO - [2026-01-29T16:08:44.753+0530] {dag.py:3262} INFO - Creating ORM DAG for example_sla_dag
[2026-01-29T16:08:44.878+0530] {logging_mixin.py:190} INFO - [2026-01-29T16:08:44.878+0530] {dag.py:4180} INFO - Setting next_dagrun for example_sla_dag to 2026-01-29 10:36:00+00:00, run_after=2026-01-29 10:38:00+00:00
[2026-01-29T16:08:44.900+0530] {processor.py:208} INFO - Processing /home/hp/Desktop/Bigdata_project/BigData-Project/airflow-venv/lib/python3.10/site-packages/airflow/example_dags/example_sla_dag.py took 0.333 seconds
