[2026-01-29T15:56:04.537+0530] {processor.py:186} INFO - Started process (PID=28414) to work on /home/hp/Desktop/Bigdata_project/BigData-Project/airflow-venv/lib/python3.10/site-packages/airflow/example_dags/example_dynamic_task_mapping.py
[2026-01-29T15:56:04.538+0530] {processor.py:914} INFO - Processing file /home/hp/Desktop/Bigdata_project/BigData-Project/airflow-venv/lib/python3.10/site-packages/airflow/example_dags/example_dynamic_task_mapping.py for tasks to queue
[2026-01-29T15:56:04.541+0530] {logging_mixin.py:190} INFO - [2026-01-29T15:56:04.540+0530] {dagbag.py:588} INFO - Filling up the DagBag from /home/hp/Desktop/Bigdata_project/BigData-Project/airflow-venv/lib/python3.10/site-packages/airflow/example_dags/example_dynamic_task_mapping.py
[2026-01-29T15:56:04.552+0530] {processor.py:925} INFO - DAG(s) 'example_dynamic_task_mapping' retrieved from /home/hp/Desktop/Bigdata_project/BigData-Project/airflow-venv/lib/python3.10/site-packages/airflow/example_dags/example_dynamic_task_mapping.py
[2026-01-29T15:56:04.659+0530] {logging_mixin.py:190} INFO - [2026-01-29T15:56:04.659+0530] {override.py:1930} INFO - Created Permission View: can edit on DAG:example_dynamic_task_mapping
[2026-01-29T15:56:04.671+0530] {logging_mixin.py:190} INFO - [2026-01-29T15:56:04.670+0530] {override.py:1930} INFO - Created Permission View: can delete on DAG:example_dynamic_task_mapping
[2026-01-29T15:56:04.679+0530] {logging_mixin.py:190} INFO - [2026-01-29T15:56:04.679+0530] {override.py:1930} INFO - Created Permission View: can read on DAG:example_dynamic_task_mapping
[2026-01-29T15:56:04.691+0530] {logging_mixin.py:190} INFO - [2026-01-29T15:56:04.690+0530] {override.py:1930} INFO - Created Permission View: can delete on DAG Run:example_dynamic_task_mapping
[2026-01-29T15:56:04.699+0530] {logging_mixin.py:190} INFO - [2026-01-29T15:56:04.698+0530] {override.py:1930} INFO - Created Permission View: can read on DAG Run:example_dynamic_task_mapping
[2026-01-29T15:56:04.707+0530] {logging_mixin.py:190} INFO - [2026-01-29T15:56:04.706+0530] {override.py:1930} INFO - Created Permission View: menu access on DAG Run:example_dynamic_task_mapping
[2026-01-29T15:56:04.715+0530] {logging_mixin.py:190} INFO - [2026-01-29T15:56:04.714+0530] {override.py:1930} INFO - Created Permission View: can create on DAG Run:example_dynamic_task_mapping
[2026-01-29T15:56:04.715+0530] {logging_mixin.py:190} INFO - [2026-01-29T15:56:04.715+0530] {dag.py:3239} INFO - Sync 1 DAGs
[2026-01-29T15:56:04.731+0530] {logging_mixin.py:190} INFO - [2026-01-29T15:56:04.731+0530] {dag.py:3262} INFO - Creating ORM DAG for example_dynamic_task_mapping
[2026-01-29T15:56:04.732+0530] {logging_mixin.py:190} INFO - [2026-01-29T15:56:04.732+0530] {dag.py:4180} INFO - Setting next_dagrun for example_dynamic_task_mapping to None, run_after=None
[2026-01-29T15:56:04.753+0530] {processor.py:208} INFO - Processing /home/hp/Desktop/Bigdata_project/BigData-Project/airflow-venv/lib/python3.10/site-packages/airflow/example_dags/example_dynamic_task_mapping.py took 0.224 seconds
[2026-01-29T15:57:07.799+0530] {processor.py:186} INFO - Started process (PID=28652) to work on /home/hp/Desktop/Bigdata_project/BigData-Project/airflow-venv/lib/python3.10/site-packages/airflow/example_dags/example_dynamic_task_mapping.py
[2026-01-29T15:57:07.806+0530] {processor.py:914} INFO - Processing file /home/hp/Desktop/Bigdata_project/BigData-Project/airflow-venv/lib/python3.10/site-packages/airflow/example_dags/example_dynamic_task_mapping.py for tasks to queue
[2026-01-29T15:57:07.809+0530] {logging_mixin.py:190} INFO - [2026-01-29T15:57:07.808+0530] {dagbag.py:588} INFO - Filling up the DagBag from /home/hp/Desktop/Bigdata_project/BigData-Project/airflow-venv/lib/python3.10/site-packages/airflow/example_dags/example_dynamic_task_mapping.py
[2026-01-29T15:57:07.818+0530] {processor.py:925} INFO - DAG(s) 'example_dynamic_task_mapping' retrieved from /home/hp/Desktop/Bigdata_project/BigData-Project/airflow-venv/lib/python3.10/site-packages/airflow/example_dags/example_dynamic_task_mapping.py
[2026-01-29T15:57:07.834+0530] {logging_mixin.py:190} INFO - [2026-01-29T15:57:07.833+0530] {dag.py:3239} INFO - Sync 1 DAGs
[2026-01-29T15:57:07.846+0530] {logging_mixin.py:190} INFO - [2026-01-29T15:57:07.846+0530] {dag.py:4180} INFO - Setting next_dagrun for example_dynamic_task_mapping to None, run_after=None
[2026-01-29T15:57:07.867+0530] {processor.py:208} INFO - Processing /home/hp/Desktop/Bigdata_project/BigData-Project/airflow-venv/lib/python3.10/site-packages/airflow/example_dags/example_dynamic_task_mapping.py took 0.074 seconds
[2026-01-29T16:00:37.851+0530] {processor.py:186} INFO - Started process (PID=29364) to work on /home/hp/Desktop/Bigdata_project/BigData-Project/airflow-venv/lib/python3.10/site-packages/airflow/example_dags/example_dynamic_task_mapping.py
[2026-01-29T16:00:37.858+0530] {processor.py:914} INFO - Processing file /home/hp/Desktop/Bigdata_project/BigData-Project/airflow-venv/lib/python3.10/site-packages/airflow/example_dags/example_dynamic_task_mapping.py for tasks to queue
[2026-01-29T16:00:37.860+0530] {logging_mixin.py:190} INFO - [2026-01-29T16:00:37.860+0530] {dagbag.py:588} INFO - Filling up the DagBag from /home/hp/Desktop/Bigdata_project/BigData-Project/airflow-venv/lib/python3.10/site-packages/airflow/example_dags/example_dynamic_task_mapping.py
[2026-01-29T16:00:37.869+0530] {processor.py:925} INFO - DAG(s) 'example_dynamic_task_mapping' retrieved from /home/hp/Desktop/Bigdata_project/BigData-Project/airflow-venv/lib/python3.10/site-packages/airflow/example_dags/example_dynamic_task_mapping.py
[2026-01-29T16:00:37.885+0530] {logging_mixin.py:190} INFO - [2026-01-29T16:00:37.885+0530] {dag.py:3239} INFO - Sync 1 DAGs
[2026-01-29T16:00:37.898+0530] {logging_mixin.py:190} INFO - [2026-01-29T16:00:37.898+0530] {dag.py:4180} INFO - Setting next_dagrun for example_dynamic_task_mapping to None, run_after=None
[2026-01-29T16:00:37.919+0530] {processor.py:208} INFO - Processing /home/hp/Desktop/Bigdata_project/BigData-Project/airflow-venv/lib/python3.10/site-packages/airflow/example_dags/example_dynamic_task_mapping.py took 0.074 seconds
[2026-01-29T16:01:34.960+0530] {processor.py:186} INFO - Started process (PID=29606) to work on /home/hp/Desktop/Bigdata_project/BigData-Project/airflow-venv/lib/python3.10/site-packages/airflow/example_dags/example_dynamic_task_mapping.py
[2026-01-29T16:01:34.967+0530] {processor.py:914} INFO - Processing file /home/hp/Desktop/Bigdata_project/BigData-Project/airflow-venv/lib/python3.10/site-packages/airflow/example_dags/example_dynamic_task_mapping.py for tasks to queue
[2026-01-29T16:01:34.971+0530] {logging_mixin.py:190} INFO - [2026-01-29T16:01:34.970+0530] {dagbag.py:588} INFO - Filling up the DagBag from /home/hp/Desktop/Bigdata_project/BigData-Project/airflow-venv/lib/python3.10/site-packages/airflow/example_dags/example_dynamic_task_mapping.py
[2026-01-29T16:01:34.979+0530] {processor.py:925} INFO - DAG(s) 'example_dynamic_task_mapping' retrieved from /home/hp/Desktop/Bigdata_project/BigData-Project/airflow-venv/lib/python3.10/site-packages/airflow/example_dags/example_dynamic_task_mapping.py
[2026-01-29T16:01:34.995+0530] {logging_mixin.py:190} INFO - [2026-01-29T16:01:34.994+0530] {dag.py:3239} INFO - Sync 1 DAGs
[2026-01-29T16:01:35.007+0530] {logging_mixin.py:190} INFO - [2026-01-29T16:01:35.007+0530] {dag.py:4180} INFO - Setting next_dagrun for example_dynamic_task_mapping to None, run_after=None
[2026-01-29T16:01:35.028+0530] {processor.py:208} INFO - Processing /home/hp/Desktop/Bigdata_project/BigData-Project/airflow-venv/lib/python3.10/site-packages/airflow/example_dags/example_dynamic_task_mapping.py took 0.074 seconds
[2026-01-29T16:02:32.030+0530] {processor.py:186} INFO - Started process (PID=29842) to work on /home/hp/Desktop/Bigdata_project/BigData-Project/airflow-venv/lib/python3.10/site-packages/airflow/example_dags/example_dynamic_task_mapping.py
[2026-01-29T16:02:32.037+0530] {processor.py:914} INFO - Processing file /home/hp/Desktop/Bigdata_project/BigData-Project/airflow-venv/lib/python3.10/site-packages/airflow/example_dags/example_dynamic_task_mapping.py for tasks to queue
[2026-01-29T16:02:32.039+0530] {logging_mixin.py:190} INFO - [2026-01-29T16:02:32.039+0530] {dagbag.py:588} INFO - Filling up the DagBag from /home/hp/Desktop/Bigdata_project/BigData-Project/airflow-venv/lib/python3.10/site-packages/airflow/example_dags/example_dynamic_task_mapping.py
[2026-01-29T16:02:32.048+0530] {processor.py:925} INFO - DAG(s) 'example_dynamic_task_mapping' retrieved from /home/hp/Desktop/Bigdata_project/BigData-Project/airflow-venv/lib/python3.10/site-packages/airflow/example_dags/example_dynamic_task_mapping.py
[2026-01-29T16:02:32.064+0530] {logging_mixin.py:190} INFO - [2026-01-29T16:02:32.064+0530] {dag.py:3239} INFO - Sync 1 DAGs
[2026-01-29T16:02:32.077+0530] {logging_mixin.py:190} INFO - [2026-01-29T16:02:32.076+0530] {dag.py:4180} INFO - Setting next_dagrun for example_dynamic_task_mapping to None, run_after=None
[2026-01-29T16:02:32.096+0530] {processor.py:208} INFO - Processing /home/hp/Desktop/Bigdata_project/BigData-Project/airflow-venv/lib/python3.10/site-packages/airflow/example_dags/example_dynamic_task_mapping.py took 0.072 seconds
[2026-01-29T16:03:27.155+0530] {processor.py:186} INFO - Started process (PID=30072) to work on /home/hp/Desktop/Bigdata_project/BigData-Project/airflow-venv/lib/python3.10/site-packages/airflow/example_dags/example_dynamic_task_mapping.py
[2026-01-29T16:03:27.161+0530] {processor.py:914} INFO - Processing file /home/hp/Desktop/Bigdata_project/BigData-Project/airflow-venv/lib/python3.10/site-packages/airflow/example_dags/example_dynamic_task_mapping.py for tasks to queue
[2026-01-29T16:03:27.164+0530] {logging_mixin.py:190} INFO - [2026-01-29T16:03:27.163+0530] {dagbag.py:588} INFO - Filling up the DagBag from /home/hp/Desktop/Bigdata_project/BigData-Project/airflow-venv/lib/python3.10/site-packages/airflow/example_dags/example_dynamic_task_mapping.py
[2026-01-29T16:03:27.173+0530] {processor.py:925} INFO - DAG(s) 'example_dynamic_task_mapping' retrieved from /home/hp/Desktop/Bigdata_project/BigData-Project/airflow-venv/lib/python3.10/site-packages/airflow/example_dags/example_dynamic_task_mapping.py
[2026-01-29T16:03:27.189+0530] {logging_mixin.py:190} INFO - [2026-01-29T16:03:27.189+0530] {dag.py:3239} INFO - Sync 1 DAGs
[2026-01-29T16:03:27.202+0530] {logging_mixin.py:190} INFO - [2026-01-29T16:03:27.202+0530] {dag.py:4180} INFO - Setting next_dagrun for example_dynamic_task_mapping to None, run_after=None
[2026-01-29T16:03:27.222+0530] {processor.py:208} INFO - Processing /home/hp/Desktop/Bigdata_project/BigData-Project/airflow-venv/lib/python3.10/site-packages/airflow/example_dags/example_dynamic_task_mapping.py took 0.074 seconds
[2026-01-29T16:04:20.639+0530] {processor.py:186} INFO - Started process (PID=30280) to work on /home/hp/Desktop/Bigdata_project/BigData-Project/airflow-venv/lib/python3.10/site-packages/airflow/example_dags/example_dynamic_task_mapping.py
[2026-01-29T16:04:20.645+0530] {processor.py:914} INFO - Processing file /home/hp/Desktop/Bigdata_project/BigData-Project/airflow-venv/lib/python3.10/site-packages/airflow/example_dags/example_dynamic_task_mapping.py for tasks to queue
[2026-01-29T16:04:20.648+0530] {logging_mixin.py:190} INFO - [2026-01-29T16:04:20.647+0530] {dagbag.py:588} INFO - Filling up the DagBag from /home/hp/Desktop/Bigdata_project/BigData-Project/airflow-venv/lib/python3.10/site-packages/airflow/example_dags/example_dynamic_task_mapping.py
[2026-01-29T16:04:20.657+0530] {processor.py:925} INFO - DAG(s) 'example_dynamic_task_mapping' retrieved from /home/hp/Desktop/Bigdata_project/BigData-Project/airflow-venv/lib/python3.10/site-packages/airflow/example_dags/example_dynamic_task_mapping.py
[2026-01-29T16:04:20.674+0530] {logging_mixin.py:190} INFO - [2026-01-29T16:04:20.674+0530] {dag.py:3239} INFO - Sync 1 DAGs
[2026-01-29T16:04:20.688+0530] {logging_mixin.py:190} INFO - [2026-01-29T16:04:20.688+0530] {dag.py:4180} INFO - Setting next_dagrun for example_dynamic_task_mapping to None, run_after=None
[2026-01-29T16:04:20.709+0530] {processor.py:208} INFO - Processing /home/hp/Desktop/Bigdata_project/BigData-Project/airflow-venv/lib/python3.10/site-packages/airflow/example_dags/example_dynamic_task_mapping.py took 0.077 seconds
[2026-01-29T16:05:16.886+0530] {processor.py:186} INFO - Started process (PID=30576) to work on /home/hp/Desktop/Bigdata_project/BigData-Project/airflow-venv/lib/python3.10/site-packages/airflow/example_dags/example_dynamic_task_mapping.py
[2026-01-29T16:05:16.892+0530] {processor.py:914} INFO - Processing file /home/hp/Desktop/Bigdata_project/BigData-Project/airflow-venv/lib/python3.10/site-packages/airflow/example_dags/example_dynamic_task_mapping.py for tasks to queue
[2026-01-29T16:05:16.895+0530] {logging_mixin.py:190} INFO - [2026-01-29T16:05:16.894+0530] {dagbag.py:588} INFO - Filling up the DagBag from /home/hp/Desktop/Bigdata_project/BigData-Project/airflow-venv/lib/python3.10/site-packages/airflow/example_dags/example_dynamic_task_mapping.py
[2026-01-29T16:05:16.904+0530] {processor.py:925} INFO - DAG(s) 'example_dynamic_task_mapping' retrieved from /home/hp/Desktop/Bigdata_project/BigData-Project/airflow-venv/lib/python3.10/site-packages/airflow/example_dags/example_dynamic_task_mapping.py
[2026-01-29T16:05:16.921+0530] {logging_mixin.py:190} INFO - [2026-01-29T16:05:16.921+0530] {dag.py:3239} INFO - Sync 1 DAGs
[2026-01-29T16:05:16.935+0530] {logging_mixin.py:190} INFO - [2026-01-29T16:05:16.934+0530] {dag.py:4180} INFO - Setting next_dagrun for example_dynamic_task_mapping to None, run_after=None
[2026-01-29T16:05:16.955+0530] {processor.py:208} INFO - Processing /home/hp/Desktop/Bigdata_project/BigData-Project/airflow-venv/lib/python3.10/site-packages/airflow/example_dags/example_dynamic_task_mapping.py took 0.077 seconds
[2026-01-29T16:06:13.884+0530] {processor.py:186} INFO - Started process (PID=30796) to work on /home/hp/Desktop/Bigdata_project/BigData-Project/airflow-venv/lib/python3.10/site-packages/airflow/example_dags/example_dynamic_task_mapping.py
[2026-01-29T16:06:13.890+0530] {processor.py:914} INFO - Processing file /home/hp/Desktop/Bigdata_project/BigData-Project/airflow-venv/lib/python3.10/site-packages/airflow/example_dags/example_dynamic_task_mapping.py for tasks to queue
[2026-01-29T16:06:13.894+0530] {logging_mixin.py:190} INFO - [2026-01-29T16:06:13.893+0530] {dagbag.py:588} INFO - Filling up the DagBag from /home/hp/Desktop/Bigdata_project/BigData-Project/airflow-venv/lib/python3.10/site-packages/airflow/example_dags/example_dynamic_task_mapping.py
[2026-01-29T16:06:13.903+0530] {processor.py:925} INFO - DAG(s) 'example_dynamic_task_mapping' retrieved from /home/hp/Desktop/Bigdata_project/BigData-Project/airflow-venv/lib/python3.10/site-packages/airflow/example_dags/example_dynamic_task_mapping.py
[2026-01-29T16:06:13.918+0530] {logging_mixin.py:190} INFO - [2026-01-29T16:06:13.918+0530] {dag.py:3239} INFO - Sync 1 DAGs
[2026-01-29T16:06:13.931+0530] {logging_mixin.py:190} INFO - [2026-01-29T16:06:13.931+0530] {dag.py:4180} INFO - Setting next_dagrun for example_dynamic_task_mapping to None, run_after=None
[2026-01-29T16:06:13.951+0530] {processor.py:208} INFO - Processing /home/hp/Desktop/Bigdata_project/BigData-Project/airflow-venv/lib/python3.10/site-packages/airflow/example_dags/example_dynamic_task_mapping.py took 0.075 seconds
[2026-01-29T16:07:10.872+0530] {processor.py:186} INFO - Started process (PID=31097) to work on /home/hp/Desktop/Bigdata_project/BigData-Project/airflow-venv/lib/python3.10/site-packages/airflow/example_dags/example_dynamic_task_mapping.py
[2026-01-29T16:07:10.878+0530] {processor.py:914} INFO - Processing file /home/hp/Desktop/Bigdata_project/BigData-Project/airflow-venv/lib/python3.10/site-packages/airflow/example_dags/example_dynamic_task_mapping.py for tasks to queue
[2026-01-29T16:07:10.881+0530] {logging_mixin.py:190} INFO - [2026-01-29T16:07:10.881+0530] {dagbag.py:588} INFO - Filling up the DagBag from /home/hp/Desktop/Bigdata_project/BigData-Project/airflow-venv/lib/python3.10/site-packages/airflow/example_dags/example_dynamic_task_mapping.py
[2026-01-29T16:07:10.890+0530] {processor.py:925} INFO - DAG(s) 'example_dynamic_task_mapping' retrieved from /home/hp/Desktop/Bigdata_project/BigData-Project/airflow-venv/lib/python3.10/site-packages/airflow/example_dags/example_dynamic_task_mapping.py
[2026-01-29T16:07:10.906+0530] {logging_mixin.py:190} INFO - [2026-01-29T16:07:10.906+0530] {dag.py:3239} INFO - Sync 1 DAGs
[2026-01-29T16:07:10.918+0530] {logging_mixin.py:190} INFO - [2026-01-29T16:07:10.918+0530] {dag.py:4180} INFO - Setting next_dagrun for example_dynamic_task_mapping to None, run_after=None
[2026-01-29T16:07:10.938+0530] {processor.py:208} INFO - Processing /home/hp/Desktop/Bigdata_project/BigData-Project/airflow-venv/lib/python3.10/site-packages/airflow/example_dags/example_dynamic_task_mapping.py took 0.073 seconds
[2026-01-29T16:08:09.181+0530] {processor.py:186} INFO - Started process (PID=31334) to work on /home/hp/Desktop/Bigdata_project/BigData-Project/airflow-venv/lib/python3.10/site-packages/airflow/example_dags/example_dynamic_task_mapping.py
[2026-01-29T16:08:09.187+0530] {processor.py:914} INFO - Processing file /home/hp/Desktop/Bigdata_project/BigData-Project/airflow-venv/lib/python3.10/site-packages/airflow/example_dags/example_dynamic_task_mapping.py for tasks to queue
[2026-01-29T16:08:09.190+0530] {logging_mixin.py:190} INFO - [2026-01-29T16:08:09.190+0530] {dagbag.py:588} INFO - Filling up the DagBag from /home/hp/Desktop/Bigdata_project/BigData-Project/airflow-venv/lib/python3.10/site-packages/airflow/example_dags/example_dynamic_task_mapping.py
[2026-01-29T16:08:09.200+0530] {processor.py:925} INFO - DAG(s) 'example_dynamic_task_mapping' retrieved from /home/hp/Desktop/Bigdata_project/BigData-Project/airflow-venv/lib/python3.10/site-packages/airflow/example_dags/example_dynamic_task_mapping.py
[2026-01-29T16:08:09.216+0530] {logging_mixin.py:190} INFO - [2026-01-29T16:08:09.216+0530] {dag.py:3239} INFO - Sync 1 DAGs
[2026-01-29T16:08:09.229+0530] {logging_mixin.py:190} INFO - [2026-01-29T16:08:09.228+0530] {dag.py:4180} INFO - Setting next_dagrun for example_dynamic_task_mapping to None, run_after=None
[2026-01-29T16:08:09.249+0530] {processor.py:208} INFO - Processing /home/hp/Desktop/Bigdata_project/BigData-Project/airflow-venv/lib/python3.10/site-packages/airflow/example_dags/example_dynamic_task_mapping.py took 0.075 seconds
[2026-01-29T16:09:17.935+0530] {processor.py:186} INFO - Started process (PID=31675) to work on /home/hp/Desktop/Bigdata_project/BigData-Project/airflow-venv/lib/python3.10/site-packages/airflow/example_dags/example_dynamic_task_mapping.py
[2026-01-29T16:09:17.942+0530] {processor.py:914} INFO - Processing file /home/hp/Desktop/Bigdata_project/BigData-Project/airflow-venv/lib/python3.10/site-packages/airflow/example_dags/example_dynamic_task_mapping.py for tasks to queue
[2026-01-29T16:09:17.945+0530] {logging_mixin.py:190} INFO - [2026-01-29T16:09:17.944+0530] {dagbag.py:588} INFO - Filling up the DagBag from /home/hp/Desktop/Bigdata_project/BigData-Project/airflow-venv/lib/python3.10/site-packages/airflow/example_dags/example_dynamic_task_mapping.py
[2026-01-29T16:09:17.954+0530] {processor.py:925} INFO - DAG(s) 'example_dynamic_task_mapping' retrieved from /home/hp/Desktop/Bigdata_project/BigData-Project/airflow-venv/lib/python3.10/site-packages/airflow/example_dags/example_dynamic_task_mapping.py
[2026-01-29T16:09:18.046+0530] {logging_mixin.py:190} INFO - [2026-01-29T16:09:18.046+0530] {override.py:1930} INFO - Created Permission View: can edit on DAG:example_dynamic_task_mapping
[2026-01-29T16:09:18.057+0530] {logging_mixin.py:190} INFO - [2026-01-29T16:09:18.056+0530] {override.py:1930} INFO - Created Permission View: can delete on DAG:example_dynamic_task_mapping
[2026-01-29T16:09:18.064+0530] {logging_mixin.py:190} INFO - [2026-01-29T16:09:18.064+0530] {override.py:1930} INFO - Created Permission View: can read on DAG:example_dynamic_task_mapping
[2026-01-29T16:09:18.075+0530] {logging_mixin.py:190} INFO - [2026-01-29T16:09:18.075+0530] {override.py:1930} INFO - Created Permission View: menu access on DAG Run:example_dynamic_task_mapping
[2026-01-29T16:09:18.082+0530] {logging_mixin.py:190} INFO - [2026-01-29T16:09:18.082+0530] {override.py:1930} INFO - Created Permission View: can delete on DAG Run:example_dynamic_task_mapping
[2026-01-29T16:09:18.089+0530] {logging_mixin.py:190} INFO - [2026-01-29T16:09:18.089+0530] {override.py:1930} INFO - Created Permission View: can create on DAG Run:example_dynamic_task_mapping
[2026-01-29T16:09:18.097+0530] {logging_mixin.py:190} INFO - [2026-01-29T16:09:18.096+0530] {override.py:1930} INFO - Created Permission View: can read on DAG Run:example_dynamic_task_mapping
[2026-01-29T16:09:18.097+0530] {logging_mixin.py:190} INFO - [2026-01-29T16:09:18.097+0530] {dag.py:3239} INFO - Sync 1 DAGs
[2026-01-29T16:09:18.109+0530] {logging_mixin.py:190} INFO - [2026-01-29T16:09:18.109+0530] {dag.py:3262} INFO - Creating ORM DAG for example_dynamic_task_mapping
[2026-01-29T16:09:18.109+0530] {logging_mixin.py:190} INFO - [2026-01-29T16:09:18.109+0530] {dag.py:4180} INFO - Setting next_dagrun for example_dynamic_task_mapping to None, run_after=None
[2026-01-29T16:09:18.125+0530] {processor.py:208} INFO - Processing /home/hp/Desktop/Bigdata_project/BigData-Project/airflow-venv/lib/python3.10/site-packages/airflow/example_dags/example_dynamic_task_mapping.py took 0.197 seconds
