[2026-01-29T15:56:18.975+0530] {processor.py:186} INFO - Started process (PID=28491) to work on /home/hp/Desktop/Bigdata_project/BigData-Project/airflow-venv/lib/python3.10/site-packages/airflow/example_dags/example_branch_operator_decorator.py
[2026-01-29T15:56:18.976+0530] {processor.py:914} INFO - Processing file /home/hp/Desktop/Bigdata_project/BigData-Project/airflow-venv/lib/python3.10/site-packages/airflow/example_dags/example_branch_operator_decorator.py for tasks to queue
[2026-01-29T15:56:18.978+0530] {logging_mixin.py:190} INFO - [2026-01-29T15:56:18.978+0530] {dagbag.py:588} INFO - Filling up the DagBag from /home/hp/Desktop/Bigdata_project/BigData-Project/airflow-venv/lib/python3.10/site-packages/airflow/example_dags/example_branch_operator_decorator.py
[2026-01-29T15:56:18.981+0530] {processor.py:927} WARNING - No viable dags retrieved from /home/hp/Desktop/Bigdata_project/BigData-Project/airflow-venv/lib/python3.10/site-packages/airflow/example_dags/example_branch_operator_decorator.py
[2026-01-29T15:56:18.992+0530] {processor.py:208} INFO - Processing /home/hp/Desktop/Bigdata_project/BigData-Project/airflow-venv/lib/python3.10/site-packages/airflow/example_dags/example_branch_operator_decorator.py took 0.024 seconds
[2026-01-29T15:57:20.734+0530] {processor.py:186} INFO - Started process (PID=28684) to work on /home/hp/Desktop/Bigdata_project/BigData-Project/airflow-venv/lib/python3.10/site-packages/airflow/example_dags/example_branch_operator_decorator.py
[2026-01-29T15:57:20.740+0530] {processor.py:914} INFO - Processing file /home/hp/Desktop/Bigdata_project/BigData-Project/airflow-venv/lib/python3.10/site-packages/airflow/example_dags/example_branch_operator_decorator.py for tasks to queue
[2026-01-29T15:57:20.742+0530] {logging_mixin.py:190} INFO - [2026-01-29T15:57:20.742+0530] {dagbag.py:588} INFO - Filling up the DagBag from /home/hp/Desktop/Bigdata_project/BigData-Project/airflow-venv/lib/python3.10/site-packages/airflow/example_dags/example_branch_operator_decorator.py
[2026-01-29T15:57:20.745+0530] {processor.py:927} WARNING - No viable dags retrieved from /home/hp/Desktop/Bigdata_project/BigData-Project/airflow-venv/lib/python3.10/site-packages/airflow/example_dags/example_branch_operator_decorator.py
[2026-01-29T15:57:20.757+0530] {processor.py:208} INFO - Processing /home/hp/Desktop/Bigdata_project/BigData-Project/airflow-venv/lib/python3.10/site-packages/airflow/example_dags/example_branch_operator_decorator.py took 0.030 seconds
[2026-01-29T16:00:50.794+0530] {processor.py:186} INFO - Started process (PID=29421) to work on /home/hp/Desktop/Bigdata_project/BigData-Project/airflow-venv/lib/python3.10/site-packages/airflow/example_dags/example_branch_operator_decorator.py
[2026-01-29T16:00:50.801+0530] {processor.py:914} INFO - Processing file /home/hp/Desktop/Bigdata_project/BigData-Project/airflow-venv/lib/python3.10/site-packages/airflow/example_dags/example_branch_operator_decorator.py for tasks to queue
[2026-01-29T16:00:50.804+0530] {logging_mixin.py:190} INFO - [2026-01-29T16:00:50.804+0530] {dagbag.py:588} INFO - Filling up the DagBag from /home/hp/Desktop/Bigdata_project/BigData-Project/airflow-venv/lib/python3.10/site-packages/airflow/example_dags/example_branch_operator_decorator.py
[2026-01-29T16:00:50.807+0530] {processor.py:927} WARNING - No viable dags retrieved from /home/hp/Desktop/Bigdata_project/BigData-Project/airflow-venv/lib/python3.10/site-packages/airflow/example_dags/example_branch_operator_decorator.py
[2026-01-29T16:00:50.818+0530] {processor.py:208} INFO - Processing /home/hp/Desktop/Bigdata_project/BigData-Project/airflow-venv/lib/python3.10/site-packages/airflow/example_dags/example_branch_operator_decorator.py took 0.030 seconds
[2026-01-29T16:02:11.270+0530] {processor.py:186} INFO - Started process (PID=29737) to work on /home/hp/Desktop/Bigdata_project/BigData-Project/airflow-venv/lib/python3.10/site-packages/airflow/example_dags/example_branch_operator_decorator.py
[2026-01-29T16:02:11.277+0530] {processor.py:914} INFO - Processing file /home/hp/Desktop/Bigdata_project/BigData-Project/airflow-venv/lib/python3.10/site-packages/airflow/example_dags/example_branch_operator_decorator.py for tasks to queue
[2026-01-29T16:02:11.280+0530] {logging_mixin.py:190} INFO - [2026-01-29T16:02:11.279+0530] {dagbag.py:588} INFO - Filling up the DagBag from /home/hp/Desktop/Bigdata_project/BigData-Project/airflow-venv/lib/python3.10/site-packages/airflow/example_dags/example_branch_operator_decorator.py
[2026-01-29T16:02:11.283+0530] {processor.py:927} WARNING - No viable dags retrieved from /home/hp/Desktop/Bigdata_project/BigData-Project/airflow-venv/lib/python3.10/site-packages/airflow/example_dags/example_branch_operator_decorator.py
[2026-01-29T16:02:11.295+0530] {processor.py:208} INFO - Processing /home/hp/Desktop/Bigdata_project/BigData-Project/airflow-venv/lib/python3.10/site-packages/airflow/example_dags/example_branch_operator_decorator.py took 0.032 seconds
[2026-01-29T16:03:32.133+0530] {processor.py:186} INFO - Started process (PID=30086) to work on /home/hp/Desktop/Bigdata_project/BigData-Project/airflow-venv/lib/python3.10/site-packages/airflow/example_dags/example_branch_operator_decorator.py
[2026-01-29T16:03:32.139+0530] {processor.py:914} INFO - Processing file /home/hp/Desktop/Bigdata_project/BigData-Project/airflow-venv/lib/python3.10/site-packages/airflow/example_dags/example_branch_operator_decorator.py for tasks to queue
[2026-01-29T16:03:32.142+0530] {logging_mixin.py:190} INFO - [2026-01-29T16:03:32.141+0530] {dagbag.py:588} INFO - Filling up the DagBag from /home/hp/Desktop/Bigdata_project/BigData-Project/airflow-venv/lib/python3.10/site-packages/airflow/example_dags/example_branch_operator_decorator.py
[2026-01-29T16:03:32.145+0530] {processor.py:927} WARNING - No viable dags retrieved from /home/hp/Desktop/Bigdata_project/BigData-Project/airflow-venv/lib/python3.10/site-packages/airflow/example_dags/example_branch_operator_decorator.py
[2026-01-29T16:03:32.156+0530] {processor.py:208} INFO - Processing /home/hp/Desktop/Bigdata_project/BigData-Project/airflow-venv/lib/python3.10/site-packages/airflow/example_dags/example_branch_operator_decorator.py took 0.030 seconds
[2026-01-29T16:04:30.278+0530] {processor.py:186} INFO - Started process (PID=30313) to work on /home/hp/Desktop/Bigdata_project/BigData-Project/airflow-venv/lib/python3.10/site-packages/airflow/example_dags/example_branch_operator_decorator.py
[2026-01-29T16:04:30.284+0530] {processor.py:914} INFO - Processing file /home/hp/Desktop/Bigdata_project/BigData-Project/airflow-venv/lib/python3.10/site-packages/airflow/example_dags/example_branch_operator_decorator.py for tasks to queue
[2026-01-29T16:04:30.287+0530] {logging_mixin.py:190} INFO - [2026-01-29T16:04:30.287+0530] {dagbag.py:588} INFO - Filling up the DagBag from /home/hp/Desktop/Bigdata_project/BigData-Project/airflow-venv/lib/python3.10/site-packages/airflow/example_dags/example_branch_operator_decorator.py
[2026-01-29T16:04:30.290+0530] {processor.py:927} WARNING - No viable dags retrieved from /home/hp/Desktop/Bigdata_project/BigData-Project/airflow-venv/lib/python3.10/site-packages/airflow/example_dags/example_branch_operator_decorator.py
[2026-01-29T16:04:30.301+0530] {processor.py:208} INFO - Processing /home/hp/Desktop/Bigdata_project/BigData-Project/airflow-venv/lib/python3.10/site-packages/airflow/example_dags/example_branch_operator_decorator.py took 0.030 seconds
[2026-01-29T16:05:54.102+0530] {processor.py:186} INFO - Started process (PID=30710) to work on /home/hp/Desktop/Bigdata_project/BigData-Project/airflow-venv/lib/python3.10/site-packages/airflow/example_dags/example_branch_operator_decorator.py
[2026-01-29T16:05:54.107+0530] {processor.py:914} INFO - Processing file /home/hp/Desktop/Bigdata_project/BigData-Project/airflow-venv/lib/python3.10/site-packages/airflow/example_dags/example_branch_operator_decorator.py for tasks to queue
[2026-01-29T16:05:54.110+0530] {logging_mixin.py:190} INFO - [2026-01-29T16:05:54.110+0530] {dagbag.py:588} INFO - Filling up the DagBag from /home/hp/Desktop/Bigdata_project/BigData-Project/airflow-venv/lib/python3.10/site-packages/airflow/example_dags/example_branch_operator_decorator.py
[2026-01-29T16:05:54.114+0530] {processor.py:927} WARNING - No viable dags retrieved from /home/hp/Desktop/Bigdata_project/BigData-Project/airflow-venv/lib/python3.10/site-packages/airflow/example_dags/example_branch_operator_decorator.py
[2026-01-29T16:05:54.126+0530] {processor.py:208} INFO - Processing /home/hp/Desktop/Bigdata_project/BigData-Project/airflow-venv/lib/python3.10/site-packages/airflow/example_dags/example_branch_operator_decorator.py took 0.031 seconds
[2026-01-29T16:07:19.418+0530] {processor.py:186} INFO - Started process (PID=31147) to work on /home/hp/Desktop/Bigdata_project/BigData-Project/airflow-venv/lib/python3.10/site-packages/airflow/example_dags/example_branch_operator_decorator.py
[2026-01-29T16:07:19.424+0530] {processor.py:914} INFO - Processing file /home/hp/Desktop/Bigdata_project/BigData-Project/airflow-venv/lib/python3.10/site-packages/airflow/example_dags/example_branch_operator_decorator.py for tasks to queue
[2026-01-29T16:07:19.427+0530] {logging_mixin.py:190} INFO - [2026-01-29T16:07:19.427+0530] {dagbag.py:588} INFO - Filling up the DagBag from /home/hp/Desktop/Bigdata_project/BigData-Project/airflow-venv/lib/python3.10/site-packages/airflow/example_dags/example_branch_operator_decorator.py
[2026-01-29T16:07:19.431+0530] {processor.py:927} WARNING - No viable dags retrieved from /home/hp/Desktop/Bigdata_project/BigData-Project/airflow-venv/lib/python3.10/site-packages/airflow/example_dags/example_branch_operator_decorator.py
[2026-01-29T16:07:19.442+0530] {processor.py:208} INFO - Processing /home/hp/Desktop/Bigdata_project/BigData-Project/airflow-venv/lib/python3.10/site-packages/airflow/example_dags/example_branch_operator_decorator.py took 0.032 seconds
[2026-01-29T16:08:18.438+0530] {processor.py:186} INFO - Started process (PID=31366) to work on /home/hp/Desktop/Bigdata_project/BigData-Project/airflow-venv/lib/python3.10/site-packages/airflow/example_dags/example_branch_operator_decorator.py
[2026-01-29T16:08:18.444+0530] {processor.py:914} INFO - Processing file /home/hp/Desktop/Bigdata_project/BigData-Project/airflow-venv/lib/python3.10/site-packages/airflow/example_dags/example_branch_operator_decorator.py for tasks to queue
[2026-01-29T16:08:18.448+0530] {logging_mixin.py:190} INFO - [2026-01-29T16:08:18.447+0530] {dagbag.py:588} INFO - Filling up the DagBag from /home/hp/Desktop/Bigdata_project/BigData-Project/airflow-venv/lib/python3.10/site-packages/airflow/example_dags/example_branch_operator_decorator.py
[2026-01-29T16:08:18.451+0530] {processor.py:927} WARNING - No viable dags retrieved from /home/hp/Desktop/Bigdata_project/BigData-Project/airflow-venv/lib/python3.10/site-packages/airflow/example_dags/example_branch_operator_decorator.py
[2026-01-29T16:08:18.462+0530] {processor.py:208} INFO - Processing /home/hp/Desktop/Bigdata_project/BigData-Project/airflow-venv/lib/python3.10/site-packages/airflow/example_dags/example_branch_operator_decorator.py took 0.031 seconds
[2026-01-29T16:09:32.026+0530] {processor.py:186} INFO - Started process (PID=31768) to work on /home/hp/Desktop/Bigdata_project/BigData-Project/airflow-venv/lib/python3.10/site-packages/airflow/example_dags/example_branch_operator_decorator.py
[2026-01-29T16:09:32.033+0530] {processor.py:914} INFO - Processing file /home/hp/Desktop/Bigdata_project/BigData-Project/airflow-venv/lib/python3.10/site-packages/airflow/example_dags/example_branch_operator_decorator.py for tasks to queue
[2026-01-29T16:09:32.035+0530] {logging_mixin.py:190} INFO - [2026-01-29T16:09:32.034+0530] {dagbag.py:588} INFO - Filling up the DagBag from /home/hp/Desktop/Bigdata_project/BigData-Project/airflow-venv/lib/python3.10/site-packages/airflow/example_dags/example_branch_operator_decorator.py
[2026-01-29T16:09:32.038+0530] {processor.py:927} WARNING - No viable dags retrieved from /home/hp/Desktop/Bigdata_project/BigData-Project/airflow-venv/lib/python3.10/site-packages/airflow/example_dags/example_branch_operator_decorator.py
[2026-01-29T16:09:32.050+0530] {processor.py:208} INFO - Processing /home/hp/Desktop/Bigdata_project/BigData-Project/airflow-venv/lib/python3.10/site-packages/airflow/example_dags/example_branch_operator_decorator.py took 0.031 seconds
