[2026-01-29T15:56:13.617+0530] {processor.py:186} INFO - Started process (PID=28480) to work on /home/hp/Desktop/Bigdata_project/BigData-Project/airflow-venv/lib/python3.10/site-packages/airflow/example_dags/example_dag_decorator.py
[2026-01-29T15:56:13.618+0530] {processor.py:914} INFO - Processing file /home/hp/Desktop/Bigdata_project/BigData-Project/airflow-venv/lib/python3.10/site-packages/airflow/example_dags/example_dag_decorator.py for tasks to queue
[2026-01-29T15:56:13.620+0530] {logging_mixin.py:190} INFO - [2026-01-29T15:56:13.620+0530] {dagbag.py:588} INFO - Filling up the DagBag from /home/hp/Desktop/Bigdata_project/BigData-Project/airflow-venv/lib/python3.10/site-packages/airflow/example_dags/example_dag_decorator.py
[2026-01-29T15:56:13.697+0530] {processor.py:925} INFO - DAG(s) 'example_dag_decorator' retrieved from /home/hp/Desktop/Bigdata_project/BigData-Project/airflow-venv/lib/python3.10/site-packages/airflow/example_dags/example_dag_decorator.py
[2026-01-29T15:56:13.795+0530] {logging_mixin.py:190} INFO - [2026-01-29T15:56:13.795+0530] {override.py:1930} INFO - Created Permission View: can edit on DAG:example_dag_decorator
[2026-01-29T15:56:13.805+0530] {logging_mixin.py:190} INFO - [2026-01-29T15:56:13.805+0530] {override.py:1930} INFO - Created Permission View: can delete on DAG:example_dag_decorator
[2026-01-29T15:56:13.813+0530] {logging_mixin.py:190} INFO - [2026-01-29T15:56:13.812+0530] {override.py:1930} INFO - Created Permission View: can read on DAG:example_dag_decorator
[2026-01-29T15:56:13.823+0530] {logging_mixin.py:190} INFO - [2026-01-29T15:56:13.822+0530] {override.py:1930} INFO - Created Permission View: can delete on DAG Run:example_dag_decorator
[2026-01-29T15:56:13.830+0530] {logging_mixin.py:190} INFO - [2026-01-29T15:56:13.829+0530] {override.py:1930} INFO - Created Permission View: can read on DAG Run:example_dag_decorator
[2026-01-29T15:56:13.837+0530] {logging_mixin.py:190} INFO - [2026-01-29T15:56:13.836+0530] {override.py:1930} INFO - Created Permission View: menu access on DAG Run:example_dag_decorator
[2026-01-29T15:56:13.844+0530] {logging_mixin.py:190} INFO - [2026-01-29T15:56:13.843+0530] {override.py:1930} INFO - Created Permission View: can create on DAG Run:example_dag_decorator
[2026-01-29T15:56:13.844+0530] {logging_mixin.py:190} INFO - [2026-01-29T15:56:13.844+0530] {dag.py:3239} INFO - Sync 1 DAGs
[2026-01-29T15:56:13.855+0530] {logging_mixin.py:190} INFO - [2026-01-29T15:56:13.855+0530] {dag.py:3262} INFO - Creating ORM DAG for example_dag_decorator
[2026-01-29T15:56:13.856+0530] {logging_mixin.py:190} INFO - [2026-01-29T15:56:13.856+0530] {dag.py:4180} INFO - Setting next_dagrun for example_dag_decorator to None, run_after=None
[2026-01-29T15:56:13.873+0530] {processor.py:208} INFO - Processing /home/hp/Desktop/Bigdata_project/BigData-Project/airflow-venv/lib/python3.10/site-packages/airflow/example_dags/example_dag_decorator.py took 0.262 seconds
[2026-01-29T15:57:15.327+0530] {processor.py:186} INFO - Started process (PID=28671) to work on /home/hp/Desktop/Bigdata_project/BigData-Project/airflow-venv/lib/python3.10/site-packages/airflow/example_dags/example_dag_decorator.py
[2026-01-29T15:57:15.333+0530] {processor.py:914} INFO - Processing file /home/hp/Desktop/Bigdata_project/BigData-Project/airflow-venv/lib/python3.10/site-packages/airflow/example_dags/example_dag_decorator.py for tasks to queue
[2026-01-29T15:57:15.336+0530] {logging_mixin.py:190} INFO - [2026-01-29T15:57:15.335+0530] {dagbag.py:588} INFO - Filling up the DagBag from /home/hp/Desktop/Bigdata_project/BigData-Project/airflow-venv/lib/python3.10/site-packages/airflow/example_dags/example_dag_decorator.py
[2026-01-29T15:57:15.415+0530] {processor.py:925} INFO - DAG(s) 'example_dag_decorator' retrieved from /home/hp/Desktop/Bigdata_project/BigData-Project/airflow-venv/lib/python3.10/site-packages/airflow/example_dags/example_dag_decorator.py
[2026-01-29T15:57:15.518+0530] {logging_mixin.py:190} INFO - [2026-01-29T15:57:15.517+0530] {dag.py:3239} INFO - Sync 1 DAGs
[2026-01-29T15:57:15.529+0530] {logging_mixin.py:190} INFO - [2026-01-29T15:57:15.529+0530] {dag.py:4180} INFO - Setting next_dagrun for example_dag_decorator to None, run_after=None
[2026-01-29T15:57:15.556+0530] {processor.py:208} INFO - Processing /home/hp/Desktop/Bigdata_project/BigData-Project/airflow-venv/lib/python3.10/site-packages/airflow/example_dags/example_dag_decorator.py took 0.236 seconds
[2026-01-29T16:00:44.490+0530] {processor.py:186} INFO - Started process (PID=29387) to work on /home/hp/Desktop/Bigdata_project/BigData-Project/airflow-venv/lib/python3.10/site-packages/airflow/example_dags/example_dag_decorator.py
[2026-01-29T16:00:44.496+0530] {processor.py:914} INFO - Processing file /home/hp/Desktop/Bigdata_project/BigData-Project/airflow-venv/lib/python3.10/site-packages/airflow/example_dags/example_dag_decorator.py for tasks to queue
[2026-01-29T16:00:44.499+0530] {logging_mixin.py:190} INFO - [2026-01-29T16:00:44.499+0530] {dagbag.py:588} INFO - Filling up the DagBag from /home/hp/Desktop/Bigdata_project/BigData-Project/airflow-venv/lib/python3.10/site-packages/airflow/example_dags/example_dag_decorator.py
[2026-01-29T16:00:44.577+0530] {processor.py:925} INFO - DAG(s) 'example_dag_decorator' retrieved from /home/hp/Desktop/Bigdata_project/BigData-Project/airflow-venv/lib/python3.10/site-packages/airflow/example_dags/example_dag_decorator.py
[2026-01-29T16:00:44.673+0530] {logging_mixin.py:190} INFO - [2026-01-29T16:00:44.673+0530] {dag.py:3239} INFO - Sync 1 DAGs
[2026-01-29T16:00:44.684+0530] {logging_mixin.py:190} INFO - [2026-01-29T16:00:44.683+0530] {dag.py:4180} INFO - Setting next_dagrun for example_dag_decorator to None, run_after=None
[2026-01-29T16:00:44.712+0530] {processor.py:208} INFO - Processing /home/hp/Desktop/Bigdata_project/BigData-Project/airflow-venv/lib/python3.10/site-packages/airflow/example_dags/example_dag_decorator.py took 0.229 seconds
[2026-01-29T16:01:42.518+0530] {processor.py:186} INFO - Started process (PID=29628) to work on /home/hp/Desktop/Bigdata_project/BigData-Project/airflow-venv/lib/python3.10/site-packages/airflow/example_dags/example_dag_decorator.py
[2026-01-29T16:01:42.525+0530] {processor.py:914} INFO - Processing file /home/hp/Desktop/Bigdata_project/BigData-Project/airflow-venv/lib/python3.10/site-packages/airflow/example_dags/example_dag_decorator.py for tasks to queue
[2026-01-29T16:01:42.527+0530] {logging_mixin.py:190} INFO - [2026-01-29T16:01:42.527+0530] {dagbag.py:588} INFO - Filling up the DagBag from /home/hp/Desktop/Bigdata_project/BigData-Project/airflow-venv/lib/python3.10/site-packages/airflow/example_dags/example_dag_decorator.py
[2026-01-29T16:01:42.605+0530] {processor.py:925} INFO - DAG(s) 'example_dag_decorator' retrieved from /home/hp/Desktop/Bigdata_project/BigData-Project/airflow-venv/lib/python3.10/site-packages/airflow/example_dags/example_dag_decorator.py
[2026-01-29T16:01:42.699+0530] {logging_mixin.py:190} INFO - [2026-01-29T16:01:42.699+0530] {dag.py:3239} INFO - Sync 1 DAGs
[2026-01-29T16:01:42.710+0530] {logging_mixin.py:190} INFO - [2026-01-29T16:01:42.709+0530] {dag.py:4180} INFO - Setting next_dagrun for example_dag_decorator to None, run_after=None
[2026-01-29T16:01:42.735+0530] {processor.py:208} INFO - Processing /home/hp/Desktop/Bigdata_project/BigData-Project/airflow-venv/lib/python3.10/site-packages/airflow/example_dags/example_dag_decorator.py took 0.224 seconds
[2026-01-29T16:02:39.587+0530] {processor.py:186} INFO - Started process (PID=29883) to work on /home/hp/Desktop/Bigdata_project/BigData-Project/airflow-venv/lib/python3.10/site-packages/airflow/example_dags/example_dag_decorator.py
[2026-01-29T16:02:39.588+0530] {processor.py:914} INFO - Processing file /home/hp/Desktop/Bigdata_project/BigData-Project/airflow-venv/lib/python3.10/site-packages/airflow/example_dags/example_dag_decorator.py for tasks to queue
[2026-01-29T16:02:39.590+0530] {logging_mixin.py:190} INFO - [2026-01-29T16:02:39.590+0530] {dagbag.py:588} INFO - Filling up the DagBag from /home/hp/Desktop/Bigdata_project/BigData-Project/airflow-venv/lib/python3.10/site-packages/airflow/example_dags/example_dag_decorator.py
[2026-01-29T16:02:39.667+0530] {processor.py:925} INFO - DAG(s) 'example_dag_decorator' retrieved from /home/hp/Desktop/Bigdata_project/BigData-Project/airflow-venv/lib/python3.10/site-packages/airflow/example_dags/example_dag_decorator.py
[2026-01-29T16:02:39.871+0530] {logging_mixin.py:190} INFO - [2026-01-29T16:02:39.871+0530] {dag.py:3239} INFO - Sync 1 DAGs
[2026-01-29T16:02:39.881+0530] {logging_mixin.py:190} INFO - [2026-01-29T16:02:39.881+0530] {dag.py:4180} INFO - Setting next_dagrun for example_dag_decorator to None, run_after=None
[2026-01-29T16:02:39.905+0530] {processor.py:208} INFO - Processing /home/hp/Desktop/Bigdata_project/BigData-Project/airflow-venv/lib/python3.10/site-packages/airflow/example_dags/example_dag_decorator.py took 0.325 seconds
[2026-01-29T16:03:59.590+0530] {processor.py:186} INFO - Started process (PID=30200) to work on /home/hp/Desktop/Bigdata_project/BigData-Project/airflow-venv/lib/python3.10/site-packages/airflow/example_dags/example_dag_decorator.py
[2026-01-29T16:03:59.597+0530] {processor.py:914} INFO - Processing file /home/hp/Desktop/Bigdata_project/BigData-Project/airflow-venv/lib/python3.10/site-packages/airflow/example_dags/example_dag_decorator.py for tasks to queue
[2026-01-29T16:03:59.600+0530] {logging_mixin.py:190} INFO - [2026-01-29T16:03:59.599+0530] {dagbag.py:588} INFO - Filling up the DagBag from /home/hp/Desktop/Bigdata_project/BigData-Project/airflow-venv/lib/python3.10/site-packages/airflow/example_dags/example_dag_decorator.py
[2026-01-29T16:03:59.677+0530] {processor.py:925} INFO - DAG(s) 'example_dag_decorator' retrieved from /home/hp/Desktop/Bigdata_project/BigData-Project/airflow-venv/lib/python3.10/site-packages/airflow/example_dags/example_dag_decorator.py
[2026-01-29T16:03:59.884+0530] {logging_mixin.py:190} INFO - [2026-01-29T16:03:59.884+0530] {dag.py:3239} INFO - Sync 1 DAGs
[2026-01-29T16:03:59.894+0530] {logging_mixin.py:190} INFO - [2026-01-29T16:03:59.894+0530] {dag.py:4180} INFO - Setting next_dagrun for example_dag_decorator to None, run_after=None
[2026-01-29T16:03:59.919+0530] {processor.py:208} INFO - Processing /home/hp/Desktop/Bigdata_project/BigData-Project/airflow-venv/lib/python3.10/site-packages/airflow/example_dags/example_dag_decorator.py took 0.335 seconds
[2026-01-29T16:04:56.861+0530] {processor.py:186} INFO - Started process (PID=30439) to work on /home/hp/Desktop/Bigdata_project/BigData-Project/airflow-venv/lib/python3.10/site-packages/airflow/example_dags/example_dag_decorator.py
[2026-01-29T16:04:56.863+0530] {processor.py:914} INFO - Processing file /home/hp/Desktop/Bigdata_project/BigData-Project/airflow-venv/lib/python3.10/site-packages/airflow/example_dags/example_dag_decorator.py for tasks to queue
[2026-01-29T16:04:56.865+0530] {logging_mixin.py:190} INFO - [2026-01-29T16:04:56.864+0530] {dagbag.py:588} INFO - Filling up the DagBag from /home/hp/Desktop/Bigdata_project/BigData-Project/airflow-venv/lib/python3.10/site-packages/airflow/example_dags/example_dag_decorator.py
[2026-01-29T16:04:56.942+0530] {processor.py:925} INFO - DAG(s) 'example_dag_decorator' retrieved from /home/hp/Desktop/Bigdata_project/BigData-Project/airflow-venv/lib/python3.10/site-packages/airflow/example_dags/example_dag_decorator.py
[2026-01-29T16:04:57.163+0530] {logging_mixin.py:190} INFO - [2026-01-29T16:04:57.163+0530] {dag.py:3239} INFO - Sync 1 DAGs
[2026-01-29T16:04:57.174+0530] {logging_mixin.py:190} INFO - [2026-01-29T16:04:57.174+0530] {dag.py:4180} INFO - Setting next_dagrun for example_dag_decorator to None, run_after=None
[2026-01-29T16:04:57.201+0530] {processor.py:208} INFO - Processing /home/hp/Desktop/Bigdata_project/BigData-Project/airflow-venv/lib/python3.10/site-packages/airflow/example_dags/example_dag_decorator.py took 0.346 seconds
[2026-01-29T16:05:53.283+0530] {processor.py:186} INFO - Started process (PID=30707) to work on /home/hp/Desktop/Bigdata_project/BigData-Project/airflow-venv/lib/python3.10/site-packages/airflow/example_dags/example_dag_decorator.py
[2026-01-29T16:05:53.289+0530] {processor.py:914} INFO - Processing file /home/hp/Desktop/Bigdata_project/BigData-Project/airflow-venv/lib/python3.10/site-packages/airflow/example_dags/example_dag_decorator.py for tasks to queue
[2026-01-29T16:05:53.292+0530] {logging_mixin.py:190} INFO - [2026-01-29T16:05:53.291+0530] {dagbag.py:588} INFO - Filling up the DagBag from /home/hp/Desktop/Bigdata_project/BigData-Project/airflow-venv/lib/python3.10/site-packages/airflow/example_dags/example_dag_decorator.py
[2026-01-29T16:05:53.369+0530] {processor.py:925} INFO - DAG(s) 'example_dag_decorator' retrieved from /home/hp/Desktop/Bigdata_project/BigData-Project/airflow-venv/lib/python3.10/site-packages/airflow/example_dags/example_dag_decorator.py
[2026-01-29T16:05:53.574+0530] {logging_mixin.py:190} INFO - [2026-01-29T16:05:53.574+0530] {dag.py:3239} INFO - Sync 1 DAGs
[2026-01-29T16:05:53.585+0530] {logging_mixin.py:190} INFO - [2026-01-29T16:05:53.585+0530] {dag.py:4180} INFO - Setting next_dagrun for example_dag_decorator to None, run_after=None
[2026-01-29T16:05:53.610+0530] {processor.py:208} INFO - Processing /home/hp/Desktop/Bigdata_project/BigData-Project/airflow-venv/lib/python3.10/site-packages/airflow/example_dags/example_dag_decorator.py took 0.334 seconds
[2026-01-29T16:06:50.060+0530] {processor.py:186} INFO - Started process (PID=30987) to work on /home/hp/Desktop/Bigdata_project/BigData-Project/airflow-venv/lib/python3.10/site-packages/airflow/example_dags/example_dag_decorator.py
[2026-01-29T16:06:50.066+0530] {processor.py:914} INFO - Processing file /home/hp/Desktop/Bigdata_project/BigData-Project/airflow-venv/lib/python3.10/site-packages/airflow/example_dags/example_dag_decorator.py for tasks to queue
[2026-01-29T16:06:50.069+0530] {logging_mixin.py:190} INFO - [2026-01-29T16:06:50.069+0530] {dagbag.py:588} INFO - Filling up the DagBag from /home/hp/Desktop/Bigdata_project/BigData-Project/airflow-venv/lib/python3.10/site-packages/airflow/example_dags/example_dag_decorator.py
[2026-01-29T16:06:50.149+0530] {processor.py:925} INFO - DAG(s) 'example_dag_decorator' retrieved from /home/hp/Desktop/Bigdata_project/BigData-Project/airflow-venv/lib/python3.10/site-packages/airflow/example_dags/example_dag_decorator.py
[2026-01-29T16:06:50.357+0530] {logging_mixin.py:190} INFO - [2026-01-29T16:06:50.357+0530] {dag.py:3239} INFO - Sync 1 DAGs
[2026-01-29T16:06:50.368+0530] {logging_mixin.py:190} INFO - [2026-01-29T16:06:50.368+0530] {dag.py:4180} INFO - Setting next_dagrun for example_dag_decorator to None, run_after=None
[2026-01-29T16:06:50.389+0530] {processor.py:208} INFO - Processing /home/hp/Desktop/Bigdata_project/BigData-Project/airflow-venv/lib/python3.10/site-packages/airflow/example_dags/example_dag_decorator.py took 0.337 seconds
[2026-01-29T16:07:47.198+0530] {processor.py:186} INFO - Started process (PID=31247) to work on /home/hp/Desktop/Bigdata_project/BigData-Project/airflow-venv/lib/python3.10/site-packages/airflow/example_dags/example_dag_decorator.py
[2026-01-29T16:07:47.205+0530] {processor.py:914} INFO - Processing file /home/hp/Desktop/Bigdata_project/BigData-Project/airflow-venv/lib/python3.10/site-packages/airflow/example_dags/example_dag_decorator.py for tasks to queue
[2026-01-29T16:07:47.208+0530] {logging_mixin.py:190} INFO - [2026-01-29T16:07:47.208+0530] {dagbag.py:588} INFO - Filling up the DagBag from /home/hp/Desktop/Bigdata_project/BigData-Project/airflow-venv/lib/python3.10/site-packages/airflow/example_dags/example_dag_decorator.py
[2026-01-29T16:07:47.293+0530] {processor.py:925} INFO - DAG(s) 'example_dag_decorator' retrieved from /home/hp/Desktop/Bigdata_project/BigData-Project/airflow-venv/lib/python3.10/site-packages/airflow/example_dags/example_dag_decorator.py
[2026-01-29T16:07:47.511+0530] {logging_mixin.py:190} INFO - [2026-01-29T16:07:47.511+0530] {dag.py:3239} INFO - Sync 1 DAGs
[2026-01-29T16:07:47.522+0530] {logging_mixin.py:190} INFO - [2026-01-29T16:07:47.522+0530] {dag.py:4180} INFO - Setting next_dagrun for example_dag_decorator to None, run_after=None
[2026-01-29T16:07:47.547+0530] {processor.py:208} INFO - Processing /home/hp/Desktop/Bigdata_project/BigData-Project/airflow-venv/lib/python3.10/site-packages/airflow/example_dags/example_dag_decorator.py took 0.356 seconds
[2026-01-29T16:08:49.117+0530] {processor.py:186} INFO - Started process (PID=31521) to work on /home/hp/Desktop/Bigdata_project/BigData-Project/airflow-venv/lib/python3.10/site-packages/airflow/example_dags/example_dag_decorator.py
[2026-01-29T16:08:49.118+0530] {processor.py:914} INFO - Processing file /home/hp/Desktop/Bigdata_project/BigData-Project/airflow-venv/lib/python3.10/site-packages/airflow/example_dags/example_dag_decorator.py for tasks to queue
[2026-01-29T16:08:49.121+0530] {logging_mixin.py:190} INFO - [2026-01-29T16:08:49.121+0530] {dagbag.py:588} INFO - Filling up the DagBag from /home/hp/Desktop/Bigdata_project/BigData-Project/airflow-venv/lib/python3.10/site-packages/airflow/example_dags/example_dag_decorator.py
[2026-01-29T16:08:49.197+0530] {processor.py:925} INFO - DAG(s) 'example_dag_decorator' retrieved from /home/hp/Desktop/Bigdata_project/BigData-Project/airflow-venv/lib/python3.10/site-packages/airflow/example_dags/example_dag_decorator.py
[2026-01-29T16:08:49.406+0530] {logging_mixin.py:190} INFO - [2026-01-29T16:08:49.405+0530] {override.py:1930} INFO - Created Permission View: can edit on DAG:example_dag_decorator
[2026-01-29T16:08:49.416+0530] {logging_mixin.py:190} INFO - [2026-01-29T16:08:49.416+0530] {override.py:1930} INFO - Created Permission View: can delete on DAG:example_dag_decorator
[2026-01-29T16:08:49.424+0530] {logging_mixin.py:190} INFO - [2026-01-29T16:08:49.424+0530] {override.py:1930} INFO - Created Permission View: can read on DAG:example_dag_decorator
[2026-01-29T16:08:49.436+0530] {logging_mixin.py:190} INFO - [2026-01-29T16:08:49.436+0530] {override.py:1930} INFO - Created Permission View: menu access on DAG Run:example_dag_decorator
[2026-01-29T16:08:49.444+0530] {logging_mixin.py:190} INFO - [2026-01-29T16:08:49.443+0530] {override.py:1930} INFO - Created Permission View: can delete on DAG Run:example_dag_decorator
[2026-01-29T16:08:49.452+0530] {logging_mixin.py:190} INFO - [2026-01-29T16:08:49.452+0530] {override.py:1930} INFO - Created Permission View: can create on DAG Run:example_dag_decorator
[2026-01-29T16:08:49.463+0530] {logging_mixin.py:190} INFO - [2026-01-29T16:08:49.462+0530] {override.py:1930} INFO - Created Permission View: can read on DAG Run:example_dag_decorator
[2026-01-29T16:08:49.464+0530] {logging_mixin.py:190} INFO - [2026-01-29T16:08:49.463+0530] {dag.py:3239} INFO - Sync 1 DAGs
[2026-01-29T16:08:49.475+0530] {logging_mixin.py:190} INFO - [2026-01-29T16:08:49.474+0530] {dag.py:3262} INFO - Creating ORM DAG for example_dag_decorator
[2026-01-29T16:08:49.475+0530] {logging_mixin.py:190} INFO - [2026-01-29T16:08:49.475+0530] {dag.py:4180} INFO - Setting next_dagrun for example_dag_decorator to None, run_after=None
[2026-01-29T16:08:49.491+0530] {processor.py:208} INFO - Processing /home/hp/Desktop/Bigdata_project/BigData-Project/airflow-venv/lib/python3.10/site-packages/airflow/example_dags/example_dag_decorator.py took 0.381 seconds
