[2026-01-29T15:55:37.546+0530] {processor.py:186} INFO - Started process (PID=28301) to work on /home/hp/Desktop/Bigdata_project/BigData-Project/airflow-venv/lib/python3.10/site-packages/airflow/example_dags/example_trigger_controller_dag.py
[2026-01-29T15:55:37.547+0530] {processor.py:914} INFO - Processing file /home/hp/Desktop/Bigdata_project/BigData-Project/airflow-venv/lib/python3.10/site-packages/airflow/example_dags/example_trigger_controller_dag.py for tasks to queue
[2026-01-29T15:55:37.550+0530] {logging_mixin.py:190} INFO - [2026-01-29T15:55:37.549+0530] {dagbag.py:588} INFO - Filling up the DagBag from /home/hp/Desktop/Bigdata_project/BigData-Project/airflow-venv/lib/python3.10/site-packages/airflow/example_dags/example_trigger_controller_dag.py
[2026-01-29T15:55:37.559+0530] {processor.py:925} INFO - DAG(s) 'example_trigger_controller_dag' retrieved from /home/hp/Desktop/Bigdata_project/BigData-Project/airflow-venv/lib/python3.10/site-packages/airflow/example_dags/example_trigger_controller_dag.py
[2026-01-29T15:55:37.671+0530] {logging_mixin.py:190} INFO - [2026-01-29T15:55:37.670+0530] {override.py:1930} INFO - Created Permission View: can edit on DAG:example_trigger_controller_dag
[2026-01-29T15:55:37.683+0530] {logging_mixin.py:190} INFO - [2026-01-29T15:55:37.682+0530] {override.py:1930} INFO - Created Permission View: can delete on DAG:example_trigger_controller_dag
[2026-01-29T15:55:37.691+0530] {logging_mixin.py:190} INFO - [2026-01-29T15:55:37.691+0530] {override.py:1930} INFO - Created Permission View: can read on DAG:example_trigger_controller_dag
[2026-01-29T15:55:37.703+0530] {logging_mixin.py:190} INFO - [2026-01-29T15:55:37.702+0530] {override.py:1930} INFO - Created Permission View: can delete on DAG Run:example_trigger_controller_dag
[2026-01-29T15:55:37.711+0530] {logging_mixin.py:190} INFO - [2026-01-29T15:55:37.710+0530] {override.py:1930} INFO - Created Permission View: can read on DAG Run:example_trigger_controller_dag
[2026-01-29T15:55:37.720+0530] {logging_mixin.py:190} INFO - [2026-01-29T15:55:37.719+0530] {override.py:1930} INFO - Created Permission View: menu access on DAG Run:example_trigger_controller_dag
[2026-01-29T15:55:37.728+0530] {logging_mixin.py:190} INFO - [2026-01-29T15:55:37.727+0530] {override.py:1930} INFO - Created Permission View: can create on DAG Run:example_trigger_controller_dag
[2026-01-29T15:55:37.728+0530] {logging_mixin.py:190} INFO - [2026-01-29T15:55:37.728+0530] {dag.py:3239} INFO - Sync 1 DAGs
[2026-01-29T15:55:37.741+0530] {logging_mixin.py:190} INFO - [2026-01-29T15:55:37.741+0530] {dag.py:3262} INFO - Creating ORM DAG for example_trigger_controller_dag
[2026-01-29T15:55:37.750+0530] {logging_mixin.py:190} INFO - [2026-01-29T15:55:37.750+0530] {dag.py:4180} INFO - Setting next_dagrun for example_trigger_controller_dag to 2021-01-01 00:00:00+00:00, run_after=2021-01-01 00:00:00+00:00
[2026-01-29T15:55:37.771+0530] {processor.py:208} INFO - Processing /home/hp/Desktop/Bigdata_project/BigData-Project/airflow-venv/lib/python3.10/site-packages/airflow/example_dags/example_trigger_controller_dag.py took 0.233 seconds
[2026-01-29T15:56:42.019+0530] {processor.py:186} INFO - Started process (PID=28556) to work on /home/hp/Desktop/Bigdata_project/BigData-Project/airflow-venv/lib/python3.10/site-packages/airflow/example_dags/example_trigger_controller_dag.py
[2026-01-29T15:56:42.025+0530] {processor.py:914} INFO - Processing file /home/hp/Desktop/Bigdata_project/BigData-Project/airflow-venv/lib/python3.10/site-packages/airflow/example_dags/example_trigger_controller_dag.py for tasks to queue
[2026-01-29T15:56:42.028+0530] {logging_mixin.py:190} INFO - [2026-01-29T15:56:42.027+0530] {dagbag.py:588} INFO - Filling up the DagBag from /home/hp/Desktop/Bigdata_project/BigData-Project/airflow-venv/lib/python3.10/site-packages/airflow/example_dags/example_trigger_controller_dag.py
[2026-01-29T15:56:42.035+0530] {processor.py:925} INFO - DAG(s) 'example_trigger_controller_dag' retrieved from /home/hp/Desktop/Bigdata_project/BigData-Project/airflow-venv/lib/python3.10/site-packages/airflow/example_dags/example_trigger_controller_dag.py
[2026-01-29T15:56:42.051+0530] {logging_mixin.py:190} INFO - [2026-01-29T15:56:42.051+0530] {dag.py:3239} INFO - Sync 1 DAGs
[2026-01-29T15:56:42.070+0530] {logging_mixin.py:190} INFO - [2026-01-29T15:56:42.070+0530] {dag.py:4180} INFO - Setting next_dagrun for example_trigger_controller_dag to 2021-01-01 00:00:00+00:00, run_after=2021-01-01 00:00:00+00:00
[2026-01-29T15:56:42.089+0530] {processor.py:208} INFO - Processing /home/hp/Desktop/Bigdata_project/BigData-Project/airflow-venv/lib/python3.10/site-packages/airflow/example_dags/example_trigger_controller_dag.py took 0.078 seconds
[2026-01-29T16:00:17.051+0530] {processor.py:186} INFO - Started process (PID=29141) to work on /home/hp/Desktop/Bigdata_project/BigData-Project/airflow-venv/lib/python3.10/site-packages/airflow/example_dags/example_trigger_controller_dag.py
[2026-01-29T16:00:17.058+0530] {processor.py:914} INFO - Processing file /home/hp/Desktop/Bigdata_project/BigData-Project/airflow-venv/lib/python3.10/site-packages/airflow/example_dags/example_trigger_controller_dag.py for tasks to queue
[2026-01-29T16:00:17.061+0530] {logging_mixin.py:190} INFO - [2026-01-29T16:00:17.060+0530] {dagbag.py:588} INFO - Filling up the DagBag from /home/hp/Desktop/Bigdata_project/BigData-Project/airflow-venv/lib/python3.10/site-packages/airflow/example_dags/example_trigger_controller_dag.py
[2026-01-29T16:00:17.068+0530] {processor.py:925} INFO - DAG(s) 'example_trigger_controller_dag' retrieved from /home/hp/Desktop/Bigdata_project/BigData-Project/airflow-venv/lib/python3.10/site-packages/airflow/example_dags/example_trigger_controller_dag.py
[2026-01-29T16:00:17.088+0530] {logging_mixin.py:190} INFO - [2026-01-29T16:00:17.088+0530] {dag.py:3239} INFO - Sync 1 DAGs
[2026-01-29T16:00:17.109+0530] {logging_mixin.py:190} INFO - [2026-01-29T16:00:17.109+0530] {dag.py:4180} INFO - Setting next_dagrun for example_trigger_controller_dag to 2021-01-01 00:00:00+00:00, run_after=2021-01-01 00:00:00+00:00
[2026-01-29T16:00:17.131+0530] {processor.py:208} INFO - Processing /home/hp/Desktop/Bigdata_project/BigData-Project/airflow-venv/lib/python3.10/site-packages/airflow/example_dags/example_trigger_controller_dag.py took 0.087 seconds
[2026-01-29T16:01:12.562+0530] {processor.py:186} INFO - Started process (PID=29515) to work on /home/hp/Desktop/Bigdata_project/BigData-Project/airflow-venv/lib/python3.10/site-packages/airflow/example_dags/example_trigger_controller_dag.py
[2026-01-29T16:01:12.568+0530] {processor.py:914} INFO - Processing file /home/hp/Desktop/Bigdata_project/BigData-Project/airflow-venv/lib/python3.10/site-packages/airflow/example_dags/example_trigger_controller_dag.py for tasks to queue
[2026-01-29T16:01:12.571+0530] {logging_mixin.py:190} INFO - [2026-01-29T16:01:12.571+0530] {dagbag.py:588} INFO - Filling up the DagBag from /home/hp/Desktop/Bigdata_project/BigData-Project/airflow-venv/lib/python3.10/site-packages/airflow/example_dags/example_trigger_controller_dag.py
[2026-01-29T16:01:12.579+0530] {processor.py:925} INFO - DAG(s) 'example_trigger_controller_dag' retrieved from /home/hp/Desktop/Bigdata_project/BigData-Project/airflow-venv/lib/python3.10/site-packages/airflow/example_dags/example_trigger_controller_dag.py
[2026-01-29T16:01:12.595+0530] {logging_mixin.py:190} INFO - [2026-01-29T16:01:12.595+0530] {dag.py:3239} INFO - Sync 1 DAGs
[2026-01-29T16:01:12.615+0530] {logging_mixin.py:190} INFO - [2026-01-29T16:01:12.615+0530] {dag.py:4180} INFO - Setting next_dagrun for example_trigger_controller_dag to 2021-01-01 00:00:00+00:00, run_after=2021-01-01 00:00:00+00:00
[2026-01-29T16:01:12.635+0530] {processor.py:208} INFO - Processing /home/hp/Desktop/Bigdata_project/BigData-Project/airflow-venv/lib/python3.10/site-packages/airflow/example_dags/example_trigger_controller_dag.py took 0.080 seconds
[2026-01-29T16:02:05.446+0530] {processor.py:186} INFO - Started process (PID=29715) to work on /home/hp/Desktop/Bigdata_project/BigData-Project/airflow-venv/lib/python3.10/site-packages/airflow/example_dags/example_trigger_controller_dag.py
[2026-01-29T16:02:05.452+0530] {processor.py:914} INFO - Processing file /home/hp/Desktop/Bigdata_project/BigData-Project/airflow-venv/lib/python3.10/site-packages/airflow/example_dags/example_trigger_controller_dag.py for tasks to queue
[2026-01-29T16:02:05.455+0530] {logging_mixin.py:190} INFO - [2026-01-29T16:02:05.455+0530] {dagbag.py:588} INFO - Filling up the DagBag from /home/hp/Desktop/Bigdata_project/BigData-Project/airflow-venv/lib/python3.10/site-packages/airflow/example_dags/example_trigger_controller_dag.py
[2026-01-29T16:02:05.462+0530] {processor.py:925} INFO - DAG(s) 'example_trigger_controller_dag' retrieved from /home/hp/Desktop/Bigdata_project/BigData-Project/airflow-venv/lib/python3.10/site-packages/airflow/example_dags/example_trigger_controller_dag.py
[2026-01-29T16:02:05.478+0530] {logging_mixin.py:190} INFO - [2026-01-29T16:02:05.477+0530] {dag.py:3239} INFO - Sync 1 DAGs
[2026-01-29T16:02:05.498+0530] {logging_mixin.py:190} INFO - [2026-01-29T16:02:05.497+0530] {dag.py:4180} INFO - Setting next_dagrun for example_trigger_controller_dag to 2021-01-01 00:00:00+00:00, run_after=2021-01-01 00:00:00+00:00
[2026-01-29T16:02:05.517+0530] {processor.py:208} INFO - Processing /home/hp/Desktop/Bigdata_project/BigData-Project/airflow-venv/lib/python3.10/site-packages/airflow/example_dags/example_trigger_controller_dag.py took 0.079 seconds
[2026-01-29T16:02:59.083+0530] {processor.py:186} INFO - Started process (PID=29963) to work on /home/hp/Desktop/Bigdata_project/BigData-Project/airflow-venv/lib/python3.10/site-packages/airflow/example_dags/example_trigger_controller_dag.py
[2026-01-29T16:02:59.085+0530] {processor.py:914} INFO - Processing file /home/hp/Desktop/Bigdata_project/BigData-Project/airflow-venv/lib/python3.10/site-packages/airflow/example_dags/example_trigger_controller_dag.py for tasks to queue
[2026-01-29T16:02:59.087+0530] {logging_mixin.py:190} INFO - [2026-01-29T16:02:59.086+0530] {dagbag.py:588} INFO - Filling up the DagBag from /home/hp/Desktop/Bigdata_project/BigData-Project/airflow-venv/lib/python3.10/site-packages/airflow/example_dags/example_trigger_controller_dag.py
[2026-01-29T16:02:59.093+0530] {processor.py:925} INFO - DAG(s) 'example_trigger_controller_dag' retrieved from /home/hp/Desktop/Bigdata_project/BigData-Project/airflow-venv/lib/python3.10/site-packages/airflow/example_dags/example_trigger_controller_dag.py
[2026-01-29T16:02:59.110+0530] {logging_mixin.py:190} INFO - [2026-01-29T16:02:59.109+0530] {dag.py:3239} INFO - Sync 1 DAGs
[2026-01-29T16:02:59.130+0530] {logging_mixin.py:190} INFO - [2026-01-29T16:02:59.130+0530] {dag.py:4180} INFO - Setting next_dagrun for example_trigger_controller_dag to 2021-01-01 00:00:00+00:00, run_after=2021-01-01 00:00:00+00:00
[2026-01-29T16:02:59.151+0530] {processor.py:208} INFO - Processing /home/hp/Desktop/Bigdata_project/BigData-Project/airflow-venv/lib/python3.10/site-packages/airflow/example_dags/example_trigger_controller_dag.py took 0.076 seconds
[2026-01-29T16:03:54.722+0530] {processor.py:186} INFO - Started process (PID=30182) to work on /home/hp/Desktop/Bigdata_project/BigData-Project/airflow-venv/lib/python3.10/site-packages/airflow/example_dags/example_trigger_controller_dag.py
[2026-01-29T16:03:54.728+0530] {processor.py:914} INFO - Processing file /home/hp/Desktop/Bigdata_project/BigData-Project/airflow-venv/lib/python3.10/site-packages/airflow/example_dags/example_trigger_controller_dag.py for tasks to queue
[2026-01-29T16:03:54.731+0530] {logging_mixin.py:190} INFO - [2026-01-29T16:03:54.730+0530] {dagbag.py:588} INFO - Filling up the DagBag from /home/hp/Desktop/Bigdata_project/BigData-Project/airflow-venv/lib/python3.10/site-packages/airflow/example_dags/example_trigger_controller_dag.py
[2026-01-29T16:03:54.738+0530] {processor.py:925} INFO - DAG(s) 'example_trigger_controller_dag' retrieved from /home/hp/Desktop/Bigdata_project/BigData-Project/airflow-venv/lib/python3.10/site-packages/airflow/example_dags/example_trigger_controller_dag.py
[2026-01-29T16:03:54.754+0530] {logging_mixin.py:190} INFO - [2026-01-29T16:03:54.754+0530] {dag.py:3239} INFO - Sync 1 DAGs
[2026-01-29T16:03:54.775+0530] {logging_mixin.py:190} INFO - [2026-01-29T16:03:54.774+0530] {dag.py:4180} INFO - Setting next_dagrun for example_trigger_controller_dag to 2021-01-01 00:00:00+00:00, run_after=2021-01-01 00:00:00+00:00
[2026-01-29T16:03:54.796+0530] {processor.py:208} INFO - Processing /home/hp/Desktop/Bigdata_project/BigData-Project/airflow-venv/lib/python3.10/site-packages/airflow/example_dags/example_trigger_controller_dag.py took 0.082 seconds
[2026-01-29T16:04:51.133+0530] {processor.py:186} INFO - Started process (PID=30405) to work on /home/hp/Desktop/Bigdata_project/BigData-Project/airflow-venv/lib/python3.10/site-packages/airflow/example_dags/example_trigger_controller_dag.py
[2026-01-29T16:04:51.140+0530] {processor.py:914} INFO - Processing file /home/hp/Desktop/Bigdata_project/BigData-Project/airflow-venv/lib/python3.10/site-packages/airflow/example_dags/example_trigger_controller_dag.py for tasks to queue
[2026-01-29T16:04:51.143+0530] {logging_mixin.py:190} INFO - [2026-01-29T16:04:51.142+0530] {dagbag.py:588} INFO - Filling up the DagBag from /home/hp/Desktop/Bigdata_project/BigData-Project/airflow-venv/lib/python3.10/site-packages/airflow/example_dags/example_trigger_controller_dag.py
[2026-01-29T16:04:51.151+0530] {processor.py:925} INFO - DAG(s) 'example_trigger_controller_dag' retrieved from /home/hp/Desktop/Bigdata_project/BigData-Project/airflow-venv/lib/python3.10/site-packages/airflow/example_dags/example_trigger_controller_dag.py
[2026-01-29T16:04:51.167+0530] {logging_mixin.py:190} INFO - [2026-01-29T16:04:51.167+0530] {dag.py:3239} INFO - Sync 1 DAGs
[2026-01-29T16:04:51.188+0530] {logging_mixin.py:190} INFO - [2026-01-29T16:04:51.188+0530] {dag.py:4180} INFO - Setting next_dagrun for example_trigger_controller_dag to 2021-01-01 00:00:00+00:00, run_after=2021-01-01 00:00:00+00:00
[2026-01-29T16:04:51.210+0530] {processor.py:208} INFO - Processing /home/hp/Desktop/Bigdata_project/BigData-Project/airflow-venv/lib/python3.10/site-packages/airflow/example_dags/example_trigger_controller_dag.py took 0.085 seconds
[2026-01-29T16:05:47.185+0530] {processor.py:186} INFO - Started process (PID=30684) to work on /home/hp/Desktop/Bigdata_project/BigData-Project/airflow-venv/lib/python3.10/site-packages/airflow/example_dags/example_trigger_controller_dag.py
[2026-01-29T16:05:47.191+0530] {processor.py:914} INFO - Processing file /home/hp/Desktop/Bigdata_project/BigData-Project/airflow-venv/lib/python3.10/site-packages/airflow/example_dags/example_trigger_controller_dag.py for tasks to queue
[2026-01-29T16:05:47.194+0530] {logging_mixin.py:190} INFO - [2026-01-29T16:05:47.194+0530] {dagbag.py:588} INFO - Filling up the DagBag from /home/hp/Desktop/Bigdata_project/BigData-Project/airflow-venv/lib/python3.10/site-packages/airflow/example_dags/example_trigger_controller_dag.py
[2026-01-29T16:05:47.201+0530] {processor.py:925} INFO - DAG(s) 'example_trigger_controller_dag' retrieved from /home/hp/Desktop/Bigdata_project/BigData-Project/airflow-venv/lib/python3.10/site-packages/airflow/example_dags/example_trigger_controller_dag.py
[2026-01-29T16:05:47.216+0530] {logging_mixin.py:190} INFO - [2026-01-29T16:05:47.216+0530] {dag.py:3239} INFO - Sync 1 DAGs
[2026-01-29T16:05:47.236+0530] {logging_mixin.py:190} INFO - [2026-01-29T16:05:47.236+0530] {dag.py:4180} INFO - Setting next_dagrun for example_trigger_controller_dag to 2021-01-01 00:00:00+00:00, run_after=2021-01-01 00:00:00+00:00
[2026-01-29T16:05:47.256+0530] {processor.py:208} INFO - Processing /home/hp/Desktop/Bigdata_project/BigData-Project/airflow-venv/lib/python3.10/site-packages/airflow/example_dags/example_trigger_controller_dag.py took 0.078 seconds
[2026-01-29T16:06:43.934+0530] {processor.py:186} INFO - Started process (PID=30958) to work on /home/hp/Desktop/Bigdata_project/BigData-Project/airflow-venv/lib/python3.10/site-packages/airflow/example_dags/example_trigger_controller_dag.py
[2026-01-29T16:06:43.940+0530] {processor.py:914} INFO - Processing file /home/hp/Desktop/Bigdata_project/BigData-Project/airflow-venv/lib/python3.10/site-packages/airflow/example_dags/example_trigger_controller_dag.py for tasks to queue
[2026-01-29T16:06:43.943+0530] {logging_mixin.py:190} INFO - [2026-01-29T16:06:43.943+0530] {dagbag.py:588} INFO - Filling up the DagBag from /home/hp/Desktop/Bigdata_project/BigData-Project/airflow-venv/lib/python3.10/site-packages/airflow/example_dags/example_trigger_controller_dag.py
[2026-01-29T16:06:43.950+0530] {processor.py:925} INFO - DAG(s) 'example_trigger_controller_dag' retrieved from /home/hp/Desktop/Bigdata_project/BigData-Project/airflow-venv/lib/python3.10/site-packages/airflow/example_dags/example_trigger_controller_dag.py
[2026-01-29T16:06:43.966+0530] {logging_mixin.py:190} INFO - [2026-01-29T16:06:43.966+0530] {dag.py:3239} INFO - Sync 1 DAGs
[2026-01-29T16:06:43.989+0530] {logging_mixin.py:190} INFO - [2026-01-29T16:06:43.988+0530] {dag.py:4180} INFO - Setting next_dagrun for example_trigger_controller_dag to 2021-01-01 00:00:00+00:00, run_after=2021-01-01 00:00:00+00:00
[2026-01-29T16:06:44.012+0530] {processor.py:208} INFO - Processing /home/hp/Desktop/Bigdata_project/BigData-Project/airflow-venv/lib/python3.10/site-packages/airflow/example_dags/example_trigger_controller_dag.py took 0.085 seconds
[2026-01-29T16:07:41.790+0530] {processor.py:186} INFO - Started process (PID=31229) to work on /home/hp/Desktop/Bigdata_project/BigData-Project/airflow-venv/lib/python3.10/site-packages/airflow/example_dags/example_trigger_controller_dag.py
[2026-01-29T16:07:41.797+0530] {processor.py:914} INFO - Processing file /home/hp/Desktop/Bigdata_project/BigData-Project/airflow-venv/lib/python3.10/site-packages/airflow/example_dags/example_trigger_controller_dag.py for tasks to queue
[2026-01-29T16:07:41.801+0530] {logging_mixin.py:190} INFO - [2026-01-29T16:07:41.800+0530] {dagbag.py:588} INFO - Filling up the DagBag from /home/hp/Desktop/Bigdata_project/BigData-Project/airflow-venv/lib/python3.10/site-packages/airflow/example_dags/example_trigger_controller_dag.py
[2026-01-29T16:07:41.808+0530] {processor.py:925} INFO - DAG(s) 'example_trigger_controller_dag' retrieved from /home/hp/Desktop/Bigdata_project/BigData-Project/airflow-venv/lib/python3.10/site-packages/airflow/example_dags/example_trigger_controller_dag.py
[2026-01-29T16:07:41.823+0530] {logging_mixin.py:190} INFO - [2026-01-29T16:07:41.823+0530] {dag.py:3239} INFO - Sync 1 DAGs
[2026-01-29T16:07:41.843+0530] {logging_mixin.py:190} INFO - [2026-01-29T16:07:41.843+0530] {dag.py:4180} INFO - Setting next_dagrun for example_trigger_controller_dag to 2021-01-01 00:00:00+00:00, run_after=2021-01-01 00:00:00+00:00
[2026-01-29T16:07:41.864+0530] {processor.py:208} INFO - Processing /home/hp/Desktop/Bigdata_project/BigData-Project/airflow-venv/lib/python3.10/site-packages/airflow/example_dags/example_trigger_controller_dag.py took 0.080 seconds
[2026-01-29T16:08:42.034+0530] {processor.py:186} INFO - Started process (PID=31488) to work on /home/hp/Desktop/Bigdata_project/BigData-Project/airflow-venv/lib/python3.10/site-packages/airflow/example_dags/example_trigger_controller_dag.py
[2026-01-29T16:08:42.040+0530] {processor.py:914} INFO - Processing file /home/hp/Desktop/Bigdata_project/BigData-Project/airflow-venv/lib/python3.10/site-packages/airflow/example_dags/example_trigger_controller_dag.py for tasks to queue
[2026-01-29T16:08:42.043+0530] {logging_mixin.py:190} INFO - [2026-01-29T16:08:42.043+0530] {dagbag.py:588} INFO - Filling up the DagBag from /home/hp/Desktop/Bigdata_project/BigData-Project/airflow-venv/lib/python3.10/site-packages/airflow/example_dags/example_trigger_controller_dag.py
[2026-01-29T16:08:42.050+0530] {processor.py:925} INFO - DAG(s) 'example_trigger_controller_dag' retrieved from /home/hp/Desktop/Bigdata_project/BigData-Project/airflow-venv/lib/python3.10/site-packages/airflow/example_dags/example_trigger_controller_dag.py
[2026-01-29T16:08:42.144+0530] {logging_mixin.py:190} INFO - [2026-01-29T16:08:42.143+0530] {override.py:1930} INFO - Created Permission View: can edit on DAG:example_trigger_controller_dag
[2026-01-29T16:08:42.154+0530] {logging_mixin.py:190} INFO - [2026-01-29T16:08:42.153+0530] {override.py:1930} INFO - Created Permission View: can delete on DAG:example_trigger_controller_dag
[2026-01-29T16:08:42.161+0530] {logging_mixin.py:190} INFO - [2026-01-29T16:08:42.161+0530] {override.py:1930} INFO - Created Permission View: can read on DAG:example_trigger_controller_dag
[2026-01-29T16:08:42.172+0530] {logging_mixin.py:190} INFO - [2026-01-29T16:08:42.172+0530] {override.py:1930} INFO - Created Permission View: menu access on DAG Run:example_trigger_controller_dag
[2026-01-29T16:08:42.180+0530] {logging_mixin.py:190} INFO - [2026-01-29T16:08:42.180+0530] {override.py:1930} INFO - Created Permission View: can delete on DAG Run:example_trigger_controller_dag
[2026-01-29T16:08:42.188+0530] {logging_mixin.py:190} INFO - [2026-01-29T16:08:42.188+0530] {override.py:1930} INFO - Created Permission View: can create on DAG Run:example_trigger_controller_dag
[2026-01-29T16:08:42.195+0530] {logging_mixin.py:190} INFO - [2026-01-29T16:08:42.195+0530] {override.py:1930} INFO - Created Permission View: can read on DAG Run:example_trigger_controller_dag
[2026-01-29T16:08:42.196+0530] {logging_mixin.py:190} INFO - [2026-01-29T16:08:42.196+0530] {dag.py:3239} INFO - Sync 1 DAGs
[2026-01-29T16:08:42.209+0530] {logging_mixin.py:190} INFO - [2026-01-29T16:08:42.208+0530] {dag.py:3262} INFO - Creating ORM DAG for example_trigger_controller_dag
[2026-01-29T16:08:42.327+0530] {logging_mixin.py:190} INFO - [2026-01-29T16:08:42.327+0530] {dag.py:4180} INFO - Setting next_dagrun for example_trigger_controller_dag to 2021-01-01 00:00:00+00:00, run_after=2021-01-01 00:00:00+00:00
[2026-01-29T16:08:42.349+0530] {processor.py:208} INFO - Processing /home/hp/Desktop/Bigdata_project/BigData-Project/airflow-venv/lib/python3.10/site-packages/airflow/example_dags/example_trigger_controller_dag.py took 0.322 seconds
