[2026-01-29T15:56:13.222+0530] {processor.py:186} INFO - Started process (PID=28478) to work on /home/hp/Desktop/Bigdata_project/BigData-Project/airflow-venv/lib/python3.10/site-packages/airflow/example_dags/example_display_name.py
[2026-01-29T15:56:13.223+0530] {processor.py:914} INFO - Processing file /home/hp/Desktop/Bigdata_project/BigData-Project/airflow-venv/lib/python3.10/site-packages/airflow/example_dags/example_display_name.py for tasks to queue
[2026-01-29T15:56:13.225+0530] {logging_mixin.py:190} INFO - [2026-01-29T15:56:13.225+0530] {dagbag.py:588} INFO - Filling up the DagBag from /home/hp/Desktop/Bigdata_project/BigData-Project/airflow-venv/lib/python3.10/site-packages/airflow/example_dags/example_display_name.py
[2026-01-29T15:56:13.234+0530] {processor.py:925} INFO - DAG(s) 'example_display_name' retrieved from /home/hp/Desktop/Bigdata_project/BigData-Project/airflow-venv/lib/python3.10/site-packages/airflow/example_dags/example_display_name.py
[2026-01-29T15:56:13.330+0530] {logging_mixin.py:190} INFO - [2026-01-29T15:56:13.329+0530] {override.py:1930} INFO - Created Permission View: can edit on DAG:example_display_name
[2026-01-29T15:56:13.340+0530] {logging_mixin.py:190} INFO - [2026-01-29T15:56:13.340+0530] {override.py:1930} INFO - Created Permission View: can delete on DAG:example_display_name
[2026-01-29T15:56:13.348+0530] {logging_mixin.py:190} INFO - [2026-01-29T15:56:13.348+0530] {override.py:1930} INFO - Created Permission View: can read on DAG:example_display_name
[2026-01-29T15:56:13.359+0530] {logging_mixin.py:190} INFO - [2026-01-29T15:56:13.358+0530] {override.py:1930} INFO - Created Permission View: can delete on DAG Run:example_display_name
[2026-01-29T15:56:13.366+0530] {logging_mixin.py:190} INFO - [2026-01-29T15:56:13.365+0530] {override.py:1930} INFO - Created Permission View: can read on DAG Run:example_display_name
[2026-01-29T15:56:13.373+0530] {logging_mixin.py:190} INFO - [2026-01-29T15:56:13.373+0530] {override.py:1930} INFO - Created Permission View: menu access on DAG Run:example_display_name
[2026-01-29T15:56:13.381+0530] {logging_mixin.py:190} INFO - [2026-01-29T15:56:13.381+0530] {override.py:1930} INFO - Created Permission View: can create on DAG Run:example_display_name
[2026-01-29T15:56:13.381+0530] {logging_mixin.py:190} INFO - [2026-01-29T15:56:13.381+0530] {dag.py:3239} INFO - Sync 1 DAGs
[2026-01-29T15:56:13.394+0530] {logging_mixin.py:190} INFO - [2026-01-29T15:56:13.394+0530] {dag.py:3262} INFO - Creating ORM DAG for example_display_name
[2026-01-29T15:56:13.395+0530] {logging_mixin.py:190} INFO - [2026-01-29T15:56:13.394+0530] {dag.py:4180} INFO - Setting next_dagrun for example_display_name to None, run_after=None
[2026-01-29T15:56:13.412+0530] {processor.py:208} INFO - Processing /home/hp/Desktop/Bigdata_project/BigData-Project/airflow-venv/lib/python3.10/site-packages/airflow/example_dags/example_display_name.py took 0.196 seconds
[2026-01-29T15:57:14.300+0530] {processor.py:186} INFO - Started process (PID=28669) to work on /home/hp/Desktop/Bigdata_project/BigData-Project/airflow-venv/lib/python3.10/site-packages/airflow/example_dags/example_display_name.py
[2026-01-29T15:57:14.306+0530] {processor.py:914} INFO - Processing file /home/hp/Desktop/Bigdata_project/BigData-Project/airflow-venv/lib/python3.10/site-packages/airflow/example_dags/example_display_name.py for tasks to queue
[2026-01-29T15:57:14.309+0530] {logging_mixin.py:190} INFO - [2026-01-29T15:57:14.308+0530] {dagbag.py:588} INFO - Filling up the DagBag from /home/hp/Desktop/Bigdata_project/BigData-Project/airflow-venv/lib/python3.10/site-packages/airflow/example_dags/example_display_name.py
[2026-01-29T15:57:14.317+0530] {processor.py:925} INFO - DAG(s) 'example_display_name' retrieved from /home/hp/Desktop/Bigdata_project/BigData-Project/airflow-venv/lib/python3.10/site-packages/airflow/example_dags/example_display_name.py
[2026-01-29T15:57:14.332+0530] {logging_mixin.py:190} INFO - [2026-01-29T15:57:14.332+0530] {dag.py:3239} INFO - Sync 1 DAGs
[2026-01-29T15:57:14.344+0530] {logging_mixin.py:190} INFO - [2026-01-29T15:57:14.344+0530] {dag.py:4180} INFO - Setting next_dagrun for example_display_name to None, run_after=None
[2026-01-29T15:57:14.365+0530] {processor.py:208} INFO - Processing /home/hp/Desktop/Bigdata_project/BigData-Project/airflow-venv/lib/python3.10/site-packages/airflow/example_dags/example_display_name.py took 0.072 seconds
[2026-01-29T16:00:43.333+0530] {processor.py:186} INFO - Started process (PID=29381) to work on /home/hp/Desktop/Bigdata_project/BigData-Project/airflow-venv/lib/python3.10/site-packages/airflow/example_dags/example_display_name.py
[2026-01-29T16:00:43.334+0530] {processor.py:914} INFO - Processing file /home/hp/Desktop/Bigdata_project/BigData-Project/airflow-venv/lib/python3.10/site-packages/airflow/example_dags/example_display_name.py for tasks to queue
[2026-01-29T16:00:43.336+0530] {logging_mixin.py:190} INFO - [2026-01-29T16:00:43.336+0530] {dagbag.py:588} INFO - Filling up the DagBag from /home/hp/Desktop/Bigdata_project/BigData-Project/airflow-venv/lib/python3.10/site-packages/airflow/example_dags/example_display_name.py
[2026-01-29T16:00:43.345+0530] {processor.py:925} INFO - DAG(s) 'example_display_name' retrieved from /home/hp/Desktop/Bigdata_project/BigData-Project/airflow-venv/lib/python3.10/site-packages/airflow/example_dags/example_display_name.py
[2026-01-29T16:00:43.361+0530] {logging_mixin.py:190} INFO - [2026-01-29T16:00:43.361+0530] {dag.py:3239} INFO - Sync 1 DAGs
[2026-01-29T16:00:43.375+0530] {logging_mixin.py:190} INFO - [2026-01-29T16:00:43.375+0530] {dag.py:4180} INFO - Setting next_dagrun for example_display_name to None, run_after=None
[2026-01-29T16:00:43.397+0530] {processor.py:208} INFO - Processing /home/hp/Desktop/Bigdata_project/BigData-Project/airflow-venv/lib/python3.10/site-packages/airflow/example_dags/example_display_name.py took 0.071 seconds
[2026-01-29T16:01:41.373+0530] {processor.py:186} INFO - Started process (PID=29625) to work on /home/hp/Desktop/Bigdata_project/BigData-Project/airflow-venv/lib/python3.10/site-packages/airflow/example_dags/example_display_name.py
[2026-01-29T16:01:41.379+0530] {processor.py:914} INFO - Processing file /home/hp/Desktop/Bigdata_project/BigData-Project/airflow-venv/lib/python3.10/site-packages/airflow/example_dags/example_display_name.py for tasks to queue
[2026-01-29T16:01:41.382+0530] {logging_mixin.py:190} INFO - [2026-01-29T16:01:41.382+0530] {dagbag.py:588} INFO - Filling up the DagBag from /home/hp/Desktop/Bigdata_project/BigData-Project/airflow-venv/lib/python3.10/site-packages/airflow/example_dags/example_display_name.py
[2026-01-29T16:01:41.390+0530] {processor.py:925} INFO - DAG(s) 'example_display_name' retrieved from /home/hp/Desktop/Bigdata_project/BigData-Project/airflow-venv/lib/python3.10/site-packages/airflow/example_dags/example_display_name.py
[2026-01-29T16:01:41.406+0530] {logging_mixin.py:190} INFO - [2026-01-29T16:01:41.405+0530] {dag.py:3239} INFO - Sync 1 DAGs
[2026-01-29T16:01:41.418+0530] {logging_mixin.py:190} INFO - [2026-01-29T16:01:41.418+0530] {dag.py:4180} INFO - Setting next_dagrun for example_display_name to None, run_after=None
[2026-01-29T16:01:41.439+0530] {processor.py:208} INFO - Processing /home/hp/Desktop/Bigdata_project/BigData-Project/airflow-venv/lib/python3.10/site-packages/airflow/example_dags/example_display_name.py took 0.073 seconds
[2026-01-29T16:02:38.441+0530] {processor.py:186} INFO - Started process (PID=29878) to work on /home/hp/Desktop/Bigdata_project/BigData-Project/airflow-venv/lib/python3.10/site-packages/airflow/example_dags/example_display_name.py
[2026-01-29T16:02:38.447+0530] {processor.py:914} INFO - Processing file /home/hp/Desktop/Bigdata_project/BigData-Project/airflow-venv/lib/python3.10/site-packages/airflow/example_dags/example_display_name.py for tasks to queue
[2026-01-29T16:02:38.450+0530] {logging_mixin.py:190} INFO - [2026-01-29T16:02:38.450+0530] {dagbag.py:588} INFO - Filling up the DagBag from /home/hp/Desktop/Bigdata_project/BigData-Project/airflow-venv/lib/python3.10/site-packages/airflow/example_dags/example_display_name.py
[2026-01-29T16:02:38.459+0530] {processor.py:925} INFO - DAG(s) 'example_display_name' retrieved from /home/hp/Desktop/Bigdata_project/BigData-Project/airflow-venv/lib/python3.10/site-packages/airflow/example_dags/example_display_name.py
[2026-01-29T16:02:38.474+0530] {logging_mixin.py:190} INFO - [2026-01-29T16:02:38.474+0530] {dag.py:3239} INFO - Sync 1 DAGs
[2026-01-29T16:02:38.487+0530] {logging_mixin.py:190} INFO - [2026-01-29T16:02:38.487+0530] {dag.py:4180} INFO - Setting next_dagrun for example_display_name to None, run_after=None
[2026-01-29T16:02:38.508+0530] {processor.py:208} INFO - Processing /home/hp/Desktop/Bigdata_project/BigData-Project/airflow-venv/lib/python3.10/site-packages/airflow/example_dags/example_display_name.py took 0.074 seconds
[2026-01-29T16:03:58.886+0530] {processor.py:186} INFO - Started process (PID=30198) to work on /home/hp/Desktop/Bigdata_project/BigData-Project/airflow-venv/lib/python3.10/site-packages/airflow/example_dags/example_display_name.py
[2026-01-29T16:03:58.892+0530] {processor.py:914} INFO - Processing file /home/hp/Desktop/Bigdata_project/BigData-Project/airflow-venv/lib/python3.10/site-packages/airflow/example_dags/example_display_name.py for tasks to queue
[2026-01-29T16:03:58.895+0530] {logging_mixin.py:190} INFO - [2026-01-29T16:03:58.895+0530] {dagbag.py:588} INFO - Filling up the DagBag from /home/hp/Desktop/Bigdata_project/BigData-Project/airflow-venv/lib/python3.10/site-packages/airflow/example_dags/example_display_name.py
[2026-01-29T16:03:58.904+0530] {processor.py:925} INFO - DAG(s) 'example_display_name' retrieved from /home/hp/Desktop/Bigdata_project/BigData-Project/airflow-venv/lib/python3.10/site-packages/airflow/example_dags/example_display_name.py
[2026-01-29T16:03:58.920+0530] {logging_mixin.py:190} INFO - [2026-01-29T16:03:58.919+0530] {dag.py:3239} INFO - Sync 1 DAGs
[2026-01-29T16:03:58.933+0530] {logging_mixin.py:190} INFO - [2026-01-29T16:03:58.933+0530] {dag.py:4180} INFO - Setting next_dagrun for example_display_name to None, run_after=None
[2026-01-29T16:03:58.954+0530] {processor.py:208} INFO - Processing /home/hp/Desktop/Bigdata_project/BigData-Project/airflow-venv/lib/python3.10/site-packages/airflow/example_dags/example_display_name.py took 0.074 seconds
[2026-01-29T16:04:55.715+0530] {processor.py:186} INFO - Started process (PID=30435) to work on /home/hp/Desktop/Bigdata_project/BigData-Project/airflow-venv/lib/python3.10/site-packages/airflow/example_dags/example_display_name.py
[2026-01-29T16:04:55.721+0530] {processor.py:914} INFO - Processing file /home/hp/Desktop/Bigdata_project/BigData-Project/airflow-venv/lib/python3.10/site-packages/airflow/example_dags/example_display_name.py for tasks to queue
[2026-01-29T16:04:55.724+0530] {logging_mixin.py:190} INFO - [2026-01-29T16:04:55.723+0530] {dagbag.py:588} INFO - Filling up the DagBag from /home/hp/Desktop/Bigdata_project/BigData-Project/airflow-venv/lib/python3.10/site-packages/airflow/example_dags/example_display_name.py
[2026-01-29T16:04:55.733+0530] {processor.py:925} INFO - DAG(s) 'example_display_name' retrieved from /home/hp/Desktop/Bigdata_project/BigData-Project/airflow-venv/lib/python3.10/site-packages/airflow/example_dags/example_display_name.py
[2026-01-29T16:04:55.749+0530] {logging_mixin.py:190} INFO - [2026-01-29T16:04:55.749+0530] {dag.py:3239} INFO - Sync 1 DAGs
[2026-01-29T16:04:55.763+0530] {logging_mixin.py:190} INFO - [2026-01-29T16:04:55.763+0530] {dag.py:4180} INFO - Setting next_dagrun for example_display_name to None, run_after=None
[2026-01-29T16:04:55.785+0530] {processor.py:208} INFO - Processing /home/hp/Desktop/Bigdata_project/BigData-Project/airflow-venv/lib/python3.10/site-packages/airflow/example_dags/example_display_name.py took 0.077 seconds
[2026-01-29T16:05:52.391+0530] {processor.py:186} INFO - Started process (PID=30704) to work on /home/hp/Desktop/Bigdata_project/BigData-Project/airflow-venv/lib/python3.10/site-packages/airflow/example_dags/example_display_name.py
[2026-01-29T16:05:52.397+0530] {processor.py:914} INFO - Processing file /home/hp/Desktop/Bigdata_project/BigData-Project/airflow-venv/lib/python3.10/site-packages/airflow/example_dags/example_display_name.py for tasks to queue
[2026-01-29T16:05:52.400+0530] {logging_mixin.py:190} INFO - [2026-01-29T16:05:52.400+0530] {dagbag.py:588} INFO - Filling up the DagBag from /home/hp/Desktop/Bigdata_project/BigData-Project/airflow-venv/lib/python3.10/site-packages/airflow/example_dags/example_display_name.py
[2026-01-29T16:05:52.409+0530] {processor.py:925} INFO - DAG(s) 'example_display_name' retrieved from /home/hp/Desktop/Bigdata_project/BigData-Project/airflow-venv/lib/python3.10/site-packages/airflow/example_dags/example_display_name.py
[2026-01-29T16:05:52.426+0530] {logging_mixin.py:190} INFO - [2026-01-29T16:05:52.425+0530] {dag.py:3239} INFO - Sync 1 DAGs
[2026-01-29T16:05:52.439+0530] {logging_mixin.py:190} INFO - [2026-01-29T16:05:52.439+0530] {dag.py:4180} INFO - Setting next_dagrun for example_display_name to None, run_after=None
[2026-01-29T16:05:52.460+0530] {processor.py:208} INFO - Processing /home/hp/Desktop/Bigdata_project/BigData-Project/airflow-venv/lib/python3.10/site-packages/airflow/example_dags/example_display_name.py took 0.076 seconds
[2026-01-29T16:06:48.914+0530] {processor.py:186} INFO - Started process (PID=30982) to work on /home/hp/Desktop/Bigdata_project/BigData-Project/airflow-venv/lib/python3.10/site-packages/airflow/example_dags/example_display_name.py
[2026-01-29T16:06:48.920+0530] {processor.py:914} INFO - Processing file /home/hp/Desktop/Bigdata_project/BigData-Project/airflow-venv/lib/python3.10/site-packages/airflow/example_dags/example_display_name.py for tasks to queue
[2026-01-29T16:06:48.923+0530] {logging_mixin.py:190} INFO - [2026-01-29T16:06:48.923+0530] {dagbag.py:588} INFO - Filling up the DagBag from /home/hp/Desktop/Bigdata_project/BigData-Project/airflow-venv/lib/python3.10/site-packages/airflow/example_dags/example_display_name.py
[2026-01-29T16:06:48.932+0530] {processor.py:925} INFO - DAG(s) 'example_display_name' retrieved from /home/hp/Desktop/Bigdata_project/BigData-Project/airflow-venv/lib/python3.10/site-packages/airflow/example_dags/example_display_name.py
[2026-01-29T16:06:48.948+0530] {logging_mixin.py:190} INFO - [2026-01-29T16:06:48.947+0530] {dag.py:3239} INFO - Sync 1 DAGs
[2026-01-29T16:06:48.961+0530] {logging_mixin.py:190} INFO - [2026-01-29T16:06:48.961+0530] {dag.py:4180} INFO - Setting next_dagrun for example_display_name to None, run_after=None
[2026-01-29T16:06:48.983+0530] {processor.py:208} INFO - Processing /home/hp/Desktop/Bigdata_project/BigData-Project/airflow-venv/lib/python3.10/site-packages/airflow/example_dags/example_display_name.py took 0.076 seconds
[2026-01-29T16:07:46.629+0530] {processor.py:186} INFO - Started process (PID=31244) to work on /home/hp/Desktop/Bigdata_project/BigData-Project/airflow-venv/lib/python3.10/site-packages/airflow/example_dags/example_display_name.py
[2026-01-29T16:07:46.636+0530] {processor.py:914} INFO - Processing file /home/hp/Desktop/Bigdata_project/BigData-Project/airflow-venv/lib/python3.10/site-packages/airflow/example_dags/example_display_name.py for tasks to queue
[2026-01-29T16:07:46.639+0530] {logging_mixin.py:190} INFO - [2026-01-29T16:07:46.638+0530] {dagbag.py:588} INFO - Filling up the DagBag from /home/hp/Desktop/Bigdata_project/BigData-Project/airflow-venv/lib/python3.10/site-packages/airflow/example_dags/example_display_name.py
[2026-01-29T16:07:46.648+0530] {processor.py:925} INFO - DAG(s) 'example_display_name' retrieved from /home/hp/Desktop/Bigdata_project/BigData-Project/airflow-venv/lib/python3.10/site-packages/airflow/example_dags/example_display_name.py
[2026-01-29T16:07:46.664+0530] {logging_mixin.py:190} INFO - [2026-01-29T16:07:46.664+0530] {dag.py:3239} INFO - Sync 1 DAGs
[2026-01-29T16:07:46.678+0530] {logging_mixin.py:190} INFO - [2026-01-29T16:07:46.678+0530] {dag.py:4180} INFO - Setting next_dagrun for example_display_name to None, run_after=None
[2026-01-29T16:07:46.700+0530] {processor.py:208} INFO - Processing /home/hp/Desktop/Bigdata_project/BigData-Project/airflow-venv/lib/python3.10/site-packages/airflow/example_dags/example_display_name.py took 0.077 seconds
[2026-01-29T16:08:48.225+0530] {processor.py:186} INFO - Started process (PID=31511) to work on /home/hp/Desktop/Bigdata_project/BigData-Project/airflow-venv/lib/python3.10/site-packages/airflow/example_dags/example_display_name.py
[2026-01-29T16:08:48.231+0530] {processor.py:914} INFO - Processing file /home/hp/Desktop/Bigdata_project/BigData-Project/airflow-venv/lib/python3.10/site-packages/airflow/example_dags/example_display_name.py for tasks to queue
[2026-01-29T16:08:48.235+0530] {logging_mixin.py:190} INFO - [2026-01-29T16:08:48.234+0530] {dagbag.py:588} INFO - Filling up the DagBag from /home/hp/Desktop/Bigdata_project/BigData-Project/airflow-venv/lib/python3.10/site-packages/airflow/example_dags/example_display_name.py
[2026-01-29T16:08:48.242+0530] {processor.py:925} INFO - DAG(s) 'example_display_name' retrieved from /home/hp/Desktop/Bigdata_project/BigData-Project/airflow-venv/lib/python3.10/site-packages/airflow/example_dags/example_display_name.py
[2026-01-29T16:08:48.336+0530] {logging_mixin.py:190} INFO - [2026-01-29T16:08:48.335+0530] {override.py:1930} INFO - Created Permission View: can edit on DAG:example_display_name
[2026-01-29T16:08:48.347+0530] {logging_mixin.py:190} INFO - [2026-01-29T16:08:48.346+0530] {override.py:1930} INFO - Created Permission View: can delete on DAG:example_display_name
[2026-01-29T16:08:48.355+0530] {logging_mixin.py:190} INFO - [2026-01-29T16:08:48.355+0530] {override.py:1930} INFO - Created Permission View: can read on DAG:example_display_name
[2026-01-29T16:08:48.366+0530] {logging_mixin.py:190} INFO - [2026-01-29T16:08:48.366+0530] {override.py:1930} INFO - Created Permission View: menu access on DAG Run:example_display_name
[2026-01-29T16:08:48.374+0530] {logging_mixin.py:190} INFO - [2026-01-29T16:08:48.374+0530] {override.py:1930} INFO - Created Permission View: can delete on DAG Run:example_display_name
[2026-01-29T16:08:48.382+0530] {logging_mixin.py:190} INFO - [2026-01-29T16:08:48.382+0530] {override.py:1930} INFO - Created Permission View: can create on DAG Run:example_display_name
[2026-01-29T16:08:48.390+0530] {logging_mixin.py:190} INFO - [2026-01-29T16:08:48.390+0530] {override.py:1930} INFO - Created Permission View: can read on DAG Run:example_display_name
[2026-01-29T16:08:48.391+0530] {logging_mixin.py:190} INFO - [2026-01-29T16:08:48.391+0530] {dag.py:3239} INFO - Sync 1 DAGs
[2026-01-29T16:08:48.405+0530] {logging_mixin.py:190} INFO - [2026-01-29T16:08:48.404+0530] {dag.py:3262} INFO - Creating ORM DAG for example_display_name
[2026-01-29T16:08:48.405+0530] {logging_mixin.py:190} INFO - [2026-01-29T16:08:48.405+0530] {dag.py:4180} INFO - Setting next_dagrun for example_display_name to None, run_after=None
[2026-01-29T16:08:48.541+0530] {processor.py:208} INFO - Processing /home/hp/Desktop/Bigdata_project/BigData-Project/airflow-venv/lib/python3.10/site-packages/airflow/example_dags/example_display_name.py took 0.322 seconds
