[2026-01-29T15:55:48.355+0530] {processor.py:186} INFO - Started process (PID=28358) to work on /home/hp/Desktop/Bigdata_project/BigData-Project/airflow-venv/lib/python3.10/site-packages/airflow/example_dags/example_python_operator.py
[2026-01-29T15:55:48.356+0530] {processor.py:914} INFO - Processing file /home/hp/Desktop/Bigdata_project/BigData-Project/airflow-venv/lib/python3.10/site-packages/airflow/example_dags/example_python_operator.py for tasks to queue
[2026-01-29T15:55:48.358+0530] {logging_mixin.py:190} INFO - [2026-01-29T15:55:48.358+0530] {dagbag.py:588} INFO - Filling up the DagBag from /home/hp/Desktop/Bigdata_project/BigData-Project/airflow-venv/lib/python3.10/site-packages/airflow/example_dags/example_python_operator.py
[2026-01-29T15:55:48.365+0530] {logging_mixin.py:190} INFO - [2026-01-29T15:55:48.365+0530] {example_python_operator.py:93} WARNING - The virtalenv_python example task requires virtualenv, please install it.
[2026-01-29T15:55:48.367+0530] {processor.py:925} INFO - DAG(s) 'example_python_operator' retrieved from /home/hp/Desktop/Bigdata_project/BigData-Project/airflow-venv/lib/python3.10/site-packages/airflow/example_dags/example_python_operator.py
[2026-01-29T15:55:48.468+0530] {logging_mixin.py:190} INFO - [2026-01-29T15:55:48.467+0530] {override.py:1930} INFO - Created Permission View: can edit on DAG:example_python_operator
[2026-01-29T15:55:48.478+0530] {logging_mixin.py:190} INFO - [2026-01-29T15:55:48.477+0530] {override.py:1930} INFO - Created Permission View: can delete on DAG:example_python_operator
[2026-01-29T15:55:48.485+0530] {logging_mixin.py:190} INFO - [2026-01-29T15:55:48.485+0530] {override.py:1930} INFO - Created Permission View: can read on DAG:example_python_operator
[2026-01-29T15:55:48.495+0530] {logging_mixin.py:190} INFO - [2026-01-29T15:55:48.495+0530] {override.py:1930} INFO - Created Permission View: can delete on DAG Run:example_python_operator
[2026-01-29T15:55:48.503+0530] {logging_mixin.py:190} INFO - [2026-01-29T15:55:48.502+0530] {override.py:1930} INFO - Created Permission View: can read on DAG Run:example_python_operator
[2026-01-29T15:55:48.510+0530] {logging_mixin.py:190} INFO - [2026-01-29T15:55:48.509+0530] {override.py:1930} INFO - Created Permission View: menu access on DAG Run:example_python_operator
[2026-01-29T15:55:48.517+0530] {logging_mixin.py:190} INFO - [2026-01-29T15:55:48.516+0530] {override.py:1930} INFO - Created Permission View: can create on DAG Run:example_python_operator
[2026-01-29T15:55:48.517+0530] {logging_mixin.py:190} INFO - [2026-01-29T15:55:48.517+0530] {dag.py:3239} INFO - Sync 1 DAGs
[2026-01-29T15:55:48.528+0530] {logging_mixin.py:190} INFO - [2026-01-29T15:55:48.528+0530] {dag.py:3262} INFO - Creating ORM DAG for example_python_operator
[2026-01-29T15:55:48.529+0530] {logging_mixin.py:190} INFO - [2026-01-29T15:55:48.529+0530] {dag.py:4180} INFO - Setting next_dagrun for example_python_operator to None, run_after=None
[2026-01-29T15:55:48.546+0530] {processor.py:208} INFO - Processing /home/hp/Desktop/Bigdata_project/BigData-Project/airflow-venv/lib/python3.10/site-packages/airflow/example_dags/example_python_operator.py took 0.198 seconds
[2026-01-29T15:56:51.172+0530] {processor.py:186} INFO - Started process (PID=28599) to work on /home/hp/Desktop/Bigdata_project/BigData-Project/airflow-venv/lib/python3.10/site-packages/airflow/example_dags/example_python_operator.py
[2026-01-29T15:56:51.178+0530] {processor.py:914} INFO - Processing file /home/hp/Desktop/Bigdata_project/BigData-Project/airflow-venv/lib/python3.10/site-packages/airflow/example_dags/example_python_operator.py for tasks to queue
[2026-01-29T15:56:51.181+0530] {logging_mixin.py:190} INFO - [2026-01-29T15:56:51.180+0530] {dagbag.py:588} INFO - Filling up the DagBag from /home/hp/Desktop/Bigdata_project/BigData-Project/airflow-venv/lib/python3.10/site-packages/airflow/example_dags/example_python_operator.py
[2026-01-29T15:56:51.188+0530] {logging_mixin.py:190} INFO - [2026-01-29T15:56:51.188+0530] {example_python_operator.py:93} WARNING - The virtalenv_python example task requires virtualenv, please install it.
[2026-01-29T15:56:51.190+0530] {processor.py:925} INFO - DAG(s) 'example_python_operator' retrieved from /home/hp/Desktop/Bigdata_project/BigData-Project/airflow-venv/lib/python3.10/site-packages/airflow/example_dags/example_python_operator.py
[2026-01-29T15:56:51.208+0530] {logging_mixin.py:190} INFO - [2026-01-29T15:56:51.208+0530] {dag.py:3239} INFO - Sync 1 DAGs
[2026-01-29T15:56:51.220+0530] {logging_mixin.py:190} INFO - [2026-01-29T15:56:51.220+0530] {dag.py:4180} INFO - Setting next_dagrun for example_python_operator to None, run_after=None
[2026-01-29T15:56:51.240+0530] {processor.py:208} INFO - Processing /home/hp/Desktop/Bigdata_project/BigData-Project/airflow-venv/lib/python3.10/site-packages/airflow/example_dags/example_python_operator.py took 0.075 seconds
[2026-01-29T16:00:26.261+0530] {processor.py:186} INFO - Started process (PID=29292) to work on /home/hp/Desktop/Bigdata_project/BigData-Project/airflow-venv/lib/python3.10/site-packages/airflow/example_dags/example_python_operator.py
[2026-01-29T16:00:26.267+0530] {processor.py:914} INFO - Processing file /home/hp/Desktop/Bigdata_project/BigData-Project/airflow-venv/lib/python3.10/site-packages/airflow/example_dags/example_python_operator.py for tasks to queue
[2026-01-29T16:00:26.270+0530] {logging_mixin.py:190} INFO - [2026-01-29T16:00:26.270+0530] {dagbag.py:588} INFO - Filling up the DagBag from /home/hp/Desktop/Bigdata_project/BigData-Project/airflow-venv/lib/python3.10/site-packages/airflow/example_dags/example_python_operator.py
[2026-01-29T16:00:26.278+0530] {logging_mixin.py:190} INFO - [2026-01-29T16:00:26.278+0530] {example_python_operator.py:93} WARNING - The virtalenv_python example task requires virtualenv, please install it.
[2026-01-29T16:00:26.281+0530] {processor.py:925} INFO - DAG(s) 'example_python_operator' retrieved from /home/hp/Desktop/Bigdata_project/BigData-Project/airflow-venv/lib/python3.10/site-packages/airflow/example_dags/example_python_operator.py
[2026-01-29T16:00:26.300+0530] {logging_mixin.py:190} INFO - [2026-01-29T16:00:26.299+0530] {dag.py:3239} INFO - Sync 1 DAGs
[2026-01-29T16:00:26.312+0530] {logging_mixin.py:190} INFO - [2026-01-29T16:00:26.312+0530] {dag.py:4180} INFO - Setting next_dagrun for example_python_operator to None, run_after=None
[2026-01-29T16:00:26.332+0530] {processor.py:208} INFO - Processing /home/hp/Desktop/Bigdata_project/BigData-Project/airflow-venv/lib/python3.10/site-packages/airflow/example_dags/example_python_operator.py took 0.078 seconds
[2026-01-29T16:01:21.794+0530] {processor.py:186} INFO - Started process (PID=29549) to work on /home/hp/Desktop/Bigdata_project/BigData-Project/airflow-venv/lib/python3.10/site-packages/airflow/example_dags/example_python_operator.py
[2026-01-29T16:01:21.795+0530] {processor.py:914} INFO - Processing file /home/hp/Desktop/Bigdata_project/BigData-Project/airflow-venv/lib/python3.10/site-packages/airflow/example_dags/example_python_operator.py for tasks to queue
[2026-01-29T16:01:21.798+0530] {logging_mixin.py:190} INFO - [2026-01-29T16:01:21.797+0530] {dagbag.py:588} INFO - Filling up the DagBag from /home/hp/Desktop/Bigdata_project/BigData-Project/airflow-venv/lib/python3.10/site-packages/airflow/example_dags/example_python_operator.py
[2026-01-29T16:01:21.805+0530] {logging_mixin.py:190} INFO - [2026-01-29T16:01:21.805+0530] {example_python_operator.py:93} WARNING - The virtalenv_python example task requires virtualenv, please install it.
[2026-01-29T16:01:21.808+0530] {processor.py:925} INFO - DAG(s) 'example_python_operator' retrieved from /home/hp/Desktop/Bigdata_project/BigData-Project/airflow-venv/lib/python3.10/site-packages/airflow/example_dags/example_python_operator.py
[2026-01-29T16:01:21.827+0530] {logging_mixin.py:190} INFO - [2026-01-29T16:01:21.826+0530] {dag.py:3239} INFO - Sync 1 DAGs
[2026-01-29T16:01:21.840+0530] {logging_mixin.py:190} INFO - [2026-01-29T16:01:21.839+0530] {dag.py:4180} INFO - Setting next_dagrun for example_python_operator to None, run_after=None
[2026-01-29T16:01:21.860+0530] {processor.py:208} INFO - Processing /home/hp/Desktop/Bigdata_project/BigData-Project/airflow-venv/lib/python3.10/site-packages/airflow/example_dags/example_python_operator.py took 0.073 seconds
[2026-01-29T16:02:18.845+0530] {processor.py:186} INFO - Started process (PID=29795) to work on /home/hp/Desktop/Bigdata_project/BigData-Project/airflow-venv/lib/python3.10/site-packages/airflow/example_dags/example_python_operator.py
[2026-01-29T16:02:18.851+0530] {processor.py:914} INFO - Processing file /home/hp/Desktop/Bigdata_project/BigData-Project/airflow-venv/lib/python3.10/site-packages/airflow/example_dags/example_python_operator.py for tasks to queue
[2026-01-29T16:02:18.854+0530] {logging_mixin.py:190} INFO - [2026-01-29T16:02:18.853+0530] {dagbag.py:588} INFO - Filling up the DagBag from /home/hp/Desktop/Bigdata_project/BigData-Project/airflow-venv/lib/python3.10/site-packages/airflow/example_dags/example_python_operator.py
[2026-01-29T16:02:18.861+0530] {logging_mixin.py:190} INFO - [2026-01-29T16:02:18.861+0530] {example_python_operator.py:93} WARNING - The virtalenv_python example task requires virtualenv, please install it.
[2026-01-29T16:02:18.863+0530] {processor.py:925} INFO - DAG(s) 'example_python_operator' retrieved from /home/hp/Desktop/Bigdata_project/BigData-Project/airflow-venv/lib/python3.10/site-packages/airflow/example_dags/example_python_operator.py
[2026-01-29T16:02:18.881+0530] {logging_mixin.py:190} INFO - [2026-01-29T16:02:18.881+0530] {dag.py:3239} INFO - Sync 1 DAGs
[2026-01-29T16:02:18.894+0530] {logging_mixin.py:190} INFO - [2026-01-29T16:02:18.894+0530] {dag.py:4180} INFO - Setting next_dagrun for example_python_operator to None, run_after=None
[2026-01-29T16:02:18.913+0530] {processor.py:208} INFO - Processing /home/hp/Desktop/Bigdata_project/BigData-Project/airflow-venv/lib/python3.10/site-packages/airflow/example_dags/example_python_operator.py took 0.075 seconds
[2026-01-29T16:03:13.390+0530] {processor.py:186} INFO - Started process (PID=30025) to work on /home/hp/Desktop/Bigdata_project/BigData-Project/airflow-venv/lib/python3.10/site-packages/airflow/example_dags/example_python_operator.py
[2026-01-29T16:03:13.391+0530] {processor.py:914} INFO - Processing file /home/hp/Desktop/Bigdata_project/BigData-Project/airflow-venv/lib/python3.10/site-packages/airflow/example_dags/example_python_operator.py for tasks to queue
[2026-01-29T16:03:13.393+0530] {logging_mixin.py:190} INFO - [2026-01-29T16:03:13.393+0530] {dagbag.py:588} INFO - Filling up the DagBag from /home/hp/Desktop/Bigdata_project/BigData-Project/airflow-venv/lib/python3.10/site-packages/airflow/example_dags/example_python_operator.py
[2026-01-29T16:03:13.401+0530] {logging_mixin.py:190} INFO - [2026-01-29T16:03:13.400+0530] {example_python_operator.py:93} WARNING - The virtalenv_python example task requires virtualenv, please install it.
[2026-01-29T16:03:13.403+0530] {processor.py:925} INFO - DAG(s) 'example_python_operator' retrieved from /home/hp/Desktop/Bigdata_project/BigData-Project/airflow-venv/lib/python3.10/site-packages/airflow/example_dags/example_python_operator.py
[2026-01-29T16:03:13.422+0530] {logging_mixin.py:190} INFO - [2026-01-29T16:03:13.421+0530] {dag.py:3239} INFO - Sync 1 DAGs
[2026-01-29T16:03:13.435+0530] {logging_mixin.py:190} INFO - [2026-01-29T16:03:13.435+0530] {dag.py:4180} INFO - Setting next_dagrun for example_python_operator to None, run_after=None
[2026-01-29T16:03:13.456+0530] {processor.py:208} INFO - Processing /home/hp/Desktop/Bigdata_project/BigData-Project/airflow-venv/lib/python3.10/site-packages/airflow/example_dags/example_python_operator.py took 0.072 seconds
[2026-01-29T16:04:07.461+0530] {processor.py:186} INFO - Started process (PID=30222) to work on /home/hp/Desktop/Bigdata_project/BigData-Project/airflow-venv/lib/python3.10/site-packages/airflow/example_dags/example_python_operator.py
[2026-01-29T16:04:07.467+0530] {processor.py:914} INFO - Processing file /home/hp/Desktop/Bigdata_project/BigData-Project/airflow-venv/lib/python3.10/site-packages/airflow/example_dags/example_python_operator.py for tasks to queue
[2026-01-29T16:04:07.470+0530] {logging_mixin.py:190} INFO - [2026-01-29T16:04:07.469+0530] {dagbag.py:588} INFO - Filling up the DagBag from /home/hp/Desktop/Bigdata_project/BigData-Project/airflow-venv/lib/python3.10/site-packages/airflow/example_dags/example_python_operator.py
[2026-01-29T16:04:07.477+0530] {logging_mixin.py:190} INFO - [2026-01-29T16:04:07.477+0530] {example_python_operator.py:93} WARNING - The virtalenv_python example task requires virtualenv, please install it.
[2026-01-29T16:04:07.479+0530] {processor.py:925} INFO - DAG(s) 'example_python_operator' retrieved from /home/hp/Desktop/Bigdata_project/BigData-Project/airflow-venv/lib/python3.10/site-packages/airflow/example_dags/example_python_operator.py
[2026-01-29T16:04:07.497+0530] {logging_mixin.py:190} INFO - [2026-01-29T16:04:07.497+0530] {dag.py:3239} INFO - Sync 1 DAGs
[2026-01-29T16:04:07.510+0530] {logging_mixin.py:190} INFO - [2026-01-29T16:04:07.510+0530] {dag.py:4180} INFO - Setting next_dagrun for example_python_operator to None, run_after=None
[2026-01-29T16:04:07.531+0530] {processor.py:208} INFO - Processing /home/hp/Desktop/Bigdata_project/BigData-Project/airflow-venv/lib/python3.10/site-packages/airflow/example_dags/example_python_operator.py took 0.077 seconds
[2026-01-29T16:05:04.727+0530] {processor.py:186} INFO - Started process (PID=30521) to work on /home/hp/Desktop/Bigdata_project/BigData-Project/airflow-venv/lib/python3.10/site-packages/airflow/example_dags/example_python_operator.py
[2026-01-29T16:05:04.733+0530] {processor.py:914} INFO - Processing file /home/hp/Desktop/Bigdata_project/BigData-Project/airflow-venv/lib/python3.10/site-packages/airflow/example_dags/example_python_operator.py for tasks to queue
[2026-01-29T16:05:04.736+0530] {logging_mixin.py:190} INFO - [2026-01-29T16:05:04.735+0530] {dagbag.py:588} INFO - Filling up the DagBag from /home/hp/Desktop/Bigdata_project/BigData-Project/airflow-venv/lib/python3.10/site-packages/airflow/example_dags/example_python_operator.py
[2026-01-29T16:05:04.743+0530] {logging_mixin.py:190} INFO - [2026-01-29T16:05:04.743+0530] {example_python_operator.py:93} WARNING - The virtalenv_python example task requires virtualenv, please install it.
[2026-01-29T16:05:04.746+0530] {processor.py:925} INFO - DAG(s) 'example_python_operator' retrieved from /home/hp/Desktop/Bigdata_project/BigData-Project/airflow-venv/lib/python3.10/site-packages/airflow/example_dags/example_python_operator.py
[2026-01-29T16:05:04.764+0530] {logging_mixin.py:190} INFO - [2026-01-29T16:05:04.764+0530] {dag.py:3239} INFO - Sync 1 DAGs
[2026-01-29T16:05:04.776+0530] {logging_mixin.py:190} INFO - [2026-01-29T16:05:04.776+0530] {dag.py:4180} INFO - Setting next_dagrun for example_python_operator to None, run_after=None
[2026-01-29T16:05:04.798+0530] {processor.py:208} INFO - Processing /home/hp/Desktop/Bigdata_project/BigData-Project/airflow-venv/lib/python3.10/site-packages/airflow/example_dags/example_python_operator.py took 0.078 seconds
[2026-01-29T16:06:01.185+0530] {processor.py:186} INFO - Started process (PID=30754) to work on /home/hp/Desktop/Bigdata_project/BigData-Project/airflow-venv/lib/python3.10/site-packages/airflow/example_dags/example_python_operator.py
[2026-01-29T16:06:01.191+0530] {processor.py:914} INFO - Processing file /home/hp/Desktop/Bigdata_project/BigData-Project/airflow-venv/lib/python3.10/site-packages/airflow/example_dags/example_python_operator.py for tasks to queue
[2026-01-29T16:06:01.194+0530] {logging_mixin.py:190} INFO - [2026-01-29T16:06:01.194+0530] {dagbag.py:588} INFO - Filling up the DagBag from /home/hp/Desktop/Bigdata_project/BigData-Project/airflow-venv/lib/python3.10/site-packages/airflow/example_dags/example_python_operator.py
[2026-01-29T16:06:01.202+0530] {logging_mixin.py:190} INFO - [2026-01-29T16:06:01.201+0530] {example_python_operator.py:93} WARNING - The virtalenv_python example task requires virtualenv, please install it.
[2026-01-29T16:06:01.204+0530] {processor.py:925} INFO - DAG(s) 'example_python_operator' retrieved from /home/hp/Desktop/Bigdata_project/BigData-Project/airflow-venv/lib/python3.10/site-packages/airflow/example_dags/example_python_operator.py
[2026-01-29T16:06:01.222+0530] {logging_mixin.py:190} INFO - [2026-01-29T16:06:01.221+0530] {dag.py:3239} INFO - Sync 1 DAGs
[2026-01-29T16:06:01.235+0530] {logging_mixin.py:190} INFO - [2026-01-29T16:06:01.234+0530] {dag.py:4180} INFO - Setting next_dagrun for example_python_operator to None, run_after=None
[2026-01-29T16:06:01.255+0530] {processor.py:208} INFO - Processing /home/hp/Desktop/Bigdata_project/BigData-Project/airflow-venv/lib/python3.10/site-packages/airflow/example_dags/example_python_operator.py took 0.077 seconds
[2026-01-29T16:06:58.147+0530] {processor.py:186} INFO - Started process (PID=31020) to work on /home/hp/Desktop/Bigdata_project/BigData-Project/airflow-venv/lib/python3.10/site-packages/airflow/example_dags/example_python_operator.py
[2026-01-29T16:06:58.148+0530] {processor.py:914} INFO - Processing file /home/hp/Desktop/Bigdata_project/BigData-Project/airflow-venv/lib/python3.10/site-packages/airflow/example_dags/example_python_operator.py for tasks to queue
[2026-01-29T16:06:58.150+0530] {logging_mixin.py:190} INFO - [2026-01-29T16:06:58.150+0530] {dagbag.py:588} INFO - Filling up the DagBag from /home/hp/Desktop/Bigdata_project/BigData-Project/airflow-venv/lib/python3.10/site-packages/airflow/example_dags/example_python_operator.py
[2026-01-29T16:06:58.157+0530] {logging_mixin.py:190} INFO - [2026-01-29T16:06:58.157+0530] {example_python_operator.py:93} WARNING - The virtalenv_python example task requires virtualenv, please install it.
[2026-01-29T16:06:58.160+0530] {processor.py:925} INFO - DAG(s) 'example_python_operator' retrieved from /home/hp/Desktop/Bigdata_project/BigData-Project/airflow-venv/lib/python3.10/site-packages/airflow/example_dags/example_python_operator.py
[2026-01-29T16:06:58.178+0530] {logging_mixin.py:190} INFO - [2026-01-29T16:06:58.177+0530] {dag.py:3239} INFO - Sync 1 DAGs
[2026-01-29T16:06:58.190+0530] {logging_mixin.py:190} INFO - [2026-01-29T16:06:58.190+0530] {dag.py:4180} INFO - Setting next_dagrun for example_python_operator to None, run_after=None
[2026-01-29T16:06:58.210+0530] {processor.py:208} INFO - Processing /home/hp/Desktop/Bigdata_project/BigData-Project/airflow-venv/lib/python3.10/site-packages/airflow/example_dags/example_python_operator.py took 0.070 seconds
[2026-01-29T16:07:55.627+0530] {processor.py:186} INFO - Started process (PID=31276) to work on /home/hp/Desktop/Bigdata_project/BigData-Project/airflow-venv/lib/python3.10/site-packages/airflow/example_dags/example_python_operator.py
[2026-01-29T16:07:55.634+0530] {processor.py:914} INFO - Processing file /home/hp/Desktop/Bigdata_project/BigData-Project/airflow-venv/lib/python3.10/site-packages/airflow/example_dags/example_python_operator.py for tasks to queue
[2026-01-29T16:07:55.637+0530] {logging_mixin.py:190} INFO - [2026-01-29T16:07:55.636+0530] {dagbag.py:588} INFO - Filling up the DagBag from /home/hp/Desktop/Bigdata_project/BigData-Project/airflow-venv/lib/python3.10/site-packages/airflow/example_dags/example_python_operator.py
[2026-01-29T16:07:55.645+0530] {logging_mixin.py:190} INFO - [2026-01-29T16:07:55.645+0530] {example_python_operator.py:93} WARNING - The virtalenv_python example task requires virtualenv, please install it.
[2026-01-29T16:07:55.647+0530] {processor.py:925} INFO - DAG(s) 'example_python_operator' retrieved from /home/hp/Desktop/Bigdata_project/BigData-Project/airflow-venv/lib/python3.10/site-packages/airflow/example_dags/example_python_operator.py
[2026-01-29T16:07:55.666+0530] {logging_mixin.py:190} INFO - [2026-01-29T16:07:55.665+0530] {dag.py:3239} INFO - Sync 1 DAGs
[2026-01-29T16:07:55.680+0530] {logging_mixin.py:190} INFO - [2026-01-29T16:07:55.679+0530] {dag.py:4180} INFO - Setting next_dagrun for example_python_operator to None, run_after=None
[2026-01-29T16:07:55.700+0530] {processor.py:208} INFO - Processing /home/hp/Desktop/Bigdata_project/BigData-Project/airflow-venv/lib/python3.10/site-packages/airflow/example_dags/example_python_operator.py took 0.080 seconds
[2026-01-29T16:09:00.625+0530] {processor.py:186} INFO - Started process (PID=31604) to work on /home/hp/Desktop/Bigdata_project/BigData-Project/airflow-venv/lib/python3.10/site-packages/airflow/example_dags/example_python_operator.py
[2026-01-29T16:09:00.632+0530] {processor.py:914} INFO - Processing file /home/hp/Desktop/Bigdata_project/BigData-Project/airflow-venv/lib/python3.10/site-packages/airflow/example_dags/example_python_operator.py for tasks to queue
[2026-01-29T16:09:00.634+0530] {logging_mixin.py:190} INFO - [2026-01-29T16:09:00.634+0530] {dagbag.py:588} INFO - Filling up the DagBag from /home/hp/Desktop/Bigdata_project/BigData-Project/airflow-venv/lib/python3.10/site-packages/airflow/example_dags/example_python_operator.py
[2026-01-29T16:09:00.642+0530] {logging_mixin.py:190} INFO - [2026-01-29T16:09:00.641+0530] {example_python_operator.py:93} WARNING - The virtalenv_python example task requires virtualenv, please install it.
[2026-01-29T16:09:00.644+0530] {processor.py:925} INFO - DAG(s) 'example_python_operator' retrieved from /home/hp/Desktop/Bigdata_project/BigData-Project/airflow-venv/lib/python3.10/site-packages/airflow/example_dags/example_python_operator.py
[2026-01-29T16:09:00.738+0530] {logging_mixin.py:190} INFO - [2026-01-29T16:09:00.738+0530] {override.py:1930} INFO - Created Permission View: can edit on DAG:example_python_operator
[2026-01-29T16:09:00.749+0530] {logging_mixin.py:190} INFO - [2026-01-29T16:09:00.748+0530] {override.py:1930} INFO - Created Permission View: can delete on DAG:example_python_operator
[2026-01-29T16:09:00.756+0530] {logging_mixin.py:190} INFO - [2026-01-29T16:09:00.756+0530] {override.py:1930} INFO - Created Permission View: can read on DAG:example_python_operator
[2026-01-29T16:09:00.766+0530] {logging_mixin.py:190} INFO - [2026-01-29T16:09:00.766+0530] {override.py:1930} INFO - Created Permission View: menu access on DAG Run:example_python_operator
[2026-01-29T16:09:00.774+0530] {logging_mixin.py:190} INFO - [2026-01-29T16:09:00.773+0530] {override.py:1930} INFO - Created Permission View: can delete on DAG Run:example_python_operator
[2026-01-29T16:09:00.782+0530] {logging_mixin.py:190} INFO - [2026-01-29T16:09:00.781+0530] {override.py:1930} INFO - Created Permission View: can create on DAG Run:example_python_operator
[2026-01-29T16:09:00.792+0530] {logging_mixin.py:190} INFO - [2026-01-29T16:09:00.791+0530] {override.py:1930} INFO - Created Permission View: can read on DAG Run:example_python_operator
[2026-01-29T16:09:00.792+0530] {logging_mixin.py:190} INFO - [2026-01-29T16:09:00.792+0530] {dag.py:3239} INFO - Sync 1 DAGs
[2026-01-29T16:09:00.915+0530] {logging_mixin.py:190} INFO - [2026-01-29T16:09:00.915+0530] {dag.py:3262} INFO - Creating ORM DAG for example_python_operator
[2026-01-29T16:09:00.916+0530] {logging_mixin.py:190} INFO - [2026-01-29T16:09:00.916+0530] {dag.py:4180} INFO - Setting next_dagrun for example_python_operator to None, run_after=None
[2026-01-29T16:09:00.938+0530] {processor.py:208} INFO - Processing /home/hp/Desktop/Bigdata_project/BigData-Project/airflow-venv/lib/python3.10/site-packages/airflow/example_dags/example_python_operator.py took 0.319 seconds
