[2026-01-29T15:55:35.801+0530] {processor.py:186} INFO - Started process (PID=28297) to work on /home/hp/Desktop/Bigdata_project/BigData-Project/airflow-venv/lib/python3.10/site-packages/airflow/example_dags/example_skip_dag.py
[2026-01-29T15:55:35.802+0530] {processor.py:914} INFO - Processing file /home/hp/Desktop/Bigdata_project/BigData-Project/airflow-venv/lib/python3.10/site-packages/airflow/example_dags/example_skip_dag.py for tasks to queue
[2026-01-29T15:55:35.805+0530] {logging_mixin.py:190} INFO - [2026-01-29T15:55:35.804+0530] {dagbag.py:588} INFO - Filling up the DagBag from /home/hp/Desktop/Bigdata_project/BigData-Project/airflow-venv/lib/python3.10/site-packages/airflow/example_dags/example_skip_dag.py
[2026-01-29T15:55:35.815+0530] {processor.py:925} INFO - DAG(s) 'example_skip_dag' retrieved from /home/hp/Desktop/Bigdata_project/BigData-Project/airflow-venv/lib/python3.10/site-packages/airflow/example_dags/example_skip_dag.py
[2026-01-29T15:55:35.934+0530] {logging_mixin.py:190} INFO - [2026-01-29T15:55:35.933+0530] {override.py:1930} INFO - Created Permission View: can edit on DAG:example_skip_dag
[2026-01-29T15:55:35.946+0530] {logging_mixin.py:190} INFO - [2026-01-29T15:55:35.945+0530] {override.py:1930} INFO - Created Permission View: can delete on DAG:example_skip_dag
[2026-01-29T15:55:35.954+0530] {logging_mixin.py:190} INFO - [2026-01-29T15:55:35.954+0530] {override.py:1930} INFO - Created Permission View: can read on DAG:example_skip_dag
[2026-01-29T15:55:35.967+0530] {logging_mixin.py:190} INFO - [2026-01-29T15:55:35.967+0530] {override.py:1930} INFO - Created Permission View: can delete on DAG Run:example_skip_dag
[2026-01-29T15:55:35.975+0530] {logging_mixin.py:190} INFO - [2026-01-29T15:55:35.975+0530] {override.py:1930} INFO - Created Permission View: can read on DAG Run:example_skip_dag
[2026-01-29T15:55:35.983+0530] {logging_mixin.py:190} INFO - [2026-01-29T15:55:35.983+0530] {override.py:1930} INFO - Created Permission View: menu access on DAG Run:example_skip_dag
[2026-01-29T15:55:35.991+0530] {logging_mixin.py:190} INFO - [2026-01-29T15:55:35.991+0530] {override.py:1930} INFO - Created Permission View: can create on DAG Run:example_skip_dag
[2026-01-29T15:55:35.992+0530] {logging_mixin.py:190} INFO - [2026-01-29T15:55:35.992+0530] {dag.py:3239} INFO - Sync 1 DAGs
[2026-01-29T15:55:36.005+0530] {logging_mixin.py:190} INFO - [2026-01-29T15:55:36.004+0530] {dag.py:3262} INFO - Creating ORM DAG for example_skip_dag
[2026-01-29T15:55:36.014+0530] {logging_mixin.py:190} INFO - [2026-01-29T15:55:36.014+0530] {dag.py:4180} INFO - Setting next_dagrun for example_skip_dag to 2026-01-28 00:00:00+00:00, run_after=2026-01-29 00:00:00+00:00
[2026-01-29T15:55:36.034+0530] {processor.py:208} INFO - Processing /home/hp/Desktop/Bigdata_project/BigData-Project/airflow-venv/lib/python3.10/site-packages/airflow/example_dags/example_skip_dag.py took 0.240 seconds
[2026-01-29T15:56:39.708+0530] {processor.py:186} INFO - Started process (PID=28551) to work on /home/hp/Desktop/Bigdata_project/BigData-Project/airflow-venv/lib/python3.10/site-packages/airflow/example_dags/example_skip_dag.py
[2026-01-29T15:56:39.714+0530] {processor.py:914} INFO - Processing file /home/hp/Desktop/Bigdata_project/BigData-Project/airflow-venv/lib/python3.10/site-packages/airflow/example_dags/example_skip_dag.py for tasks to queue
[2026-01-29T15:56:39.717+0530] {logging_mixin.py:190} INFO - [2026-01-29T15:56:39.717+0530] {dagbag.py:588} INFO - Filling up the DagBag from /home/hp/Desktop/Bigdata_project/BigData-Project/airflow-venv/lib/python3.10/site-packages/airflow/example_dags/example_skip_dag.py
[2026-01-29T15:56:39.726+0530] {processor.py:925} INFO - DAG(s) 'example_skip_dag' retrieved from /home/hp/Desktop/Bigdata_project/BigData-Project/airflow-venv/lib/python3.10/site-packages/airflow/example_dags/example_skip_dag.py
[2026-01-29T15:56:39.745+0530] {logging_mixin.py:190} INFO - [2026-01-29T15:56:39.745+0530] {dag.py:3239} INFO - Sync 1 DAGs
[2026-01-29T15:56:39.766+0530] {logging_mixin.py:190} INFO - [2026-01-29T15:56:39.766+0530] {dag.py:4180} INFO - Setting next_dagrun for example_skip_dag to 2026-01-28 00:00:00+00:00, run_after=2026-01-29 00:00:00+00:00
[2026-01-29T15:56:39.788+0530] {processor.py:208} INFO - Processing /home/hp/Desktop/Bigdata_project/BigData-Project/airflow-venv/lib/python3.10/site-packages/airflow/example_dags/example_skip_dag.py took 0.087 seconds
[2026-01-29T16:00:14.749+0530] {processor.py:186} INFO - Started process (PID=29134) to work on /home/hp/Desktop/Bigdata_project/BigData-Project/airflow-venv/lib/python3.10/site-packages/airflow/example_dags/example_skip_dag.py
[2026-01-29T16:00:14.755+0530] {processor.py:914} INFO - Processing file /home/hp/Desktop/Bigdata_project/BigData-Project/airflow-venv/lib/python3.10/site-packages/airflow/example_dags/example_skip_dag.py for tasks to queue
[2026-01-29T16:00:14.758+0530] {logging_mixin.py:190} INFO - [2026-01-29T16:00:14.758+0530] {dagbag.py:588} INFO - Filling up the DagBag from /home/hp/Desktop/Bigdata_project/BigData-Project/airflow-venv/lib/python3.10/site-packages/airflow/example_dags/example_skip_dag.py
[2026-01-29T16:00:14.767+0530] {processor.py:925} INFO - DAG(s) 'example_skip_dag' retrieved from /home/hp/Desktop/Bigdata_project/BigData-Project/airflow-venv/lib/python3.10/site-packages/airflow/example_dags/example_skip_dag.py
[2026-01-29T16:00:14.792+0530] {logging_mixin.py:190} INFO - [2026-01-29T16:00:14.792+0530] {dag.py:3239} INFO - Sync 1 DAGs
[2026-01-29T16:00:14.812+0530] {logging_mixin.py:190} INFO - [2026-01-29T16:00:14.811+0530] {dag.py:4180} INFO - Setting next_dagrun for example_skip_dag to 2026-01-28 00:00:00+00:00, run_after=2026-01-29 00:00:00+00:00
[2026-01-29T16:00:14.832+0530] {processor.py:208} INFO - Processing /home/hp/Desktop/Bigdata_project/BigData-Project/airflow-venv/lib/python3.10/site-packages/airflow/example_dags/example_skip_dag.py took 0.090 seconds
[2026-01-29T16:01:10.269+0530] {processor.py:186} INFO - Started process (PID=29492) to work on /home/hp/Desktop/Bigdata_project/BigData-Project/airflow-venv/lib/python3.10/site-packages/airflow/example_dags/example_skip_dag.py
[2026-01-29T16:01:10.276+0530] {processor.py:914} INFO - Processing file /home/hp/Desktop/Bigdata_project/BigData-Project/airflow-venv/lib/python3.10/site-packages/airflow/example_dags/example_skip_dag.py for tasks to queue
[2026-01-29T16:01:10.278+0530] {logging_mixin.py:190} INFO - [2026-01-29T16:01:10.277+0530] {dagbag.py:588} INFO - Filling up the DagBag from /home/hp/Desktop/Bigdata_project/BigData-Project/airflow-venv/lib/python3.10/site-packages/airflow/example_dags/example_skip_dag.py
[2026-01-29T16:01:10.287+0530] {processor.py:925} INFO - DAG(s) 'example_skip_dag' retrieved from /home/hp/Desktop/Bigdata_project/BigData-Project/airflow-venv/lib/python3.10/site-packages/airflow/example_dags/example_skip_dag.py
[2026-01-29T16:01:10.306+0530] {logging_mixin.py:190} INFO - [2026-01-29T16:01:10.306+0530] {dag.py:3239} INFO - Sync 1 DAGs
[2026-01-29T16:01:10.328+0530] {logging_mixin.py:190} INFO - [2026-01-29T16:01:10.328+0530] {dag.py:4180} INFO - Setting next_dagrun for example_skip_dag to 2026-01-28 00:00:00+00:00, run_after=2026-01-29 00:00:00+00:00
[2026-01-29T16:01:10.350+0530] {processor.py:208} INFO - Processing /home/hp/Desktop/Bigdata_project/BigData-Project/airflow-venv/lib/python3.10/site-packages/airflow/example_dags/example_skip_dag.py took 0.087 seconds
[2026-01-29T16:02:03.153+0530] {processor.py:186} INFO - Started process (PID=29709) to work on /home/hp/Desktop/Bigdata_project/BigData-Project/airflow-venv/lib/python3.10/site-packages/airflow/example_dags/example_skip_dag.py
[2026-01-29T16:02:03.160+0530] {processor.py:914} INFO - Processing file /home/hp/Desktop/Bigdata_project/BigData-Project/airflow-venv/lib/python3.10/site-packages/airflow/example_dags/example_skip_dag.py for tasks to queue
[2026-01-29T16:02:03.162+0530] {logging_mixin.py:190} INFO - [2026-01-29T16:02:03.162+0530] {dagbag.py:588} INFO - Filling up the DagBag from /home/hp/Desktop/Bigdata_project/BigData-Project/airflow-venv/lib/python3.10/site-packages/airflow/example_dags/example_skip_dag.py
[2026-01-29T16:02:03.171+0530] {processor.py:925} INFO - DAG(s) 'example_skip_dag' retrieved from /home/hp/Desktop/Bigdata_project/BigData-Project/airflow-venv/lib/python3.10/site-packages/airflow/example_dags/example_skip_dag.py
[2026-01-29T16:02:03.190+0530] {logging_mixin.py:190} INFO - [2026-01-29T16:02:03.189+0530] {dag.py:3239} INFO - Sync 1 DAGs
[2026-01-29T16:02:03.212+0530] {logging_mixin.py:190} INFO - [2026-01-29T16:02:03.212+0530] {dag.py:4180} INFO - Setting next_dagrun for example_skip_dag to 2026-01-28 00:00:00+00:00, run_after=2026-01-29 00:00:00+00:00
[2026-01-29T16:02:03.233+0530] {processor.py:208} INFO - Processing /home/hp/Desktop/Bigdata_project/BigData-Project/airflow-venv/lib/python3.10/site-packages/airflow/example_dags/example_skip_dag.py took 0.087 seconds
[2026-01-29T16:02:57.588+0530] {processor.py:186} INFO - Started process (PID=29956) to work on /home/hp/Desktop/Bigdata_project/BigData-Project/airflow-venv/lib/python3.10/site-packages/airflow/example_dags/example_skip_dag.py
[2026-01-29T16:02:57.594+0530] {processor.py:914} INFO - Processing file /home/hp/Desktop/Bigdata_project/BigData-Project/airflow-venv/lib/python3.10/site-packages/airflow/example_dags/example_skip_dag.py for tasks to queue
[2026-01-29T16:02:57.597+0530] {logging_mixin.py:190} INFO - [2026-01-29T16:02:57.597+0530] {dagbag.py:588} INFO - Filling up the DagBag from /home/hp/Desktop/Bigdata_project/BigData-Project/airflow-venv/lib/python3.10/site-packages/airflow/example_dags/example_skip_dag.py
[2026-01-29T16:02:57.606+0530] {processor.py:925} INFO - DAG(s) 'example_skip_dag' retrieved from /home/hp/Desktop/Bigdata_project/BigData-Project/airflow-venv/lib/python3.10/site-packages/airflow/example_dags/example_skip_dag.py
[2026-01-29T16:02:57.624+0530] {logging_mixin.py:190} INFO - [2026-01-29T16:02:57.624+0530] {dag.py:3239} INFO - Sync 1 DAGs
[2026-01-29T16:02:57.649+0530] {logging_mixin.py:190} INFO - [2026-01-29T16:02:57.649+0530] {dag.py:4180} INFO - Setting next_dagrun for example_skip_dag to 2026-01-28 00:00:00+00:00, run_after=2026-01-29 00:00:00+00:00
[2026-01-29T16:02:57.669+0530] {processor.py:208} INFO - Processing /home/hp/Desktop/Bigdata_project/BigData-Project/airflow-venv/lib/python3.10/site-packages/airflow/example_dags/example_skip_dag.py took 0.088 seconds
[2026-01-29T16:03:52.432+0530] {processor.py:186} INFO - Started process (PID=30160) to work on /home/hp/Desktop/Bigdata_project/BigData-Project/airflow-venv/lib/python3.10/site-packages/airflow/example_dags/example_skip_dag.py
[2026-01-29T16:03:52.438+0530] {processor.py:914} INFO - Processing file /home/hp/Desktop/Bigdata_project/BigData-Project/airflow-venv/lib/python3.10/site-packages/airflow/example_dags/example_skip_dag.py for tasks to queue
[2026-01-29T16:03:52.442+0530] {logging_mixin.py:190} INFO - [2026-01-29T16:03:52.441+0530] {dagbag.py:588} INFO - Filling up the DagBag from /home/hp/Desktop/Bigdata_project/BigData-Project/airflow-venv/lib/python3.10/site-packages/airflow/example_dags/example_skip_dag.py
[2026-01-29T16:03:52.450+0530] {processor.py:925} INFO - DAG(s) 'example_skip_dag' retrieved from /home/hp/Desktop/Bigdata_project/BigData-Project/airflow-venv/lib/python3.10/site-packages/airflow/example_dags/example_skip_dag.py
[2026-01-29T16:03:52.469+0530] {logging_mixin.py:190} INFO - [2026-01-29T16:03:52.468+0530] {dag.py:3239} INFO - Sync 1 DAGs
[2026-01-29T16:03:52.489+0530] {logging_mixin.py:190} INFO - [2026-01-29T16:03:52.489+0530] {dag.py:4180} INFO - Setting next_dagrun for example_skip_dag to 2026-01-28 00:00:00+00:00, run_after=2026-01-29 00:00:00+00:00
[2026-01-29T16:03:52.511+0530] {processor.py:208} INFO - Processing /home/hp/Desktop/Bigdata_project/BigData-Project/airflow-venv/lib/python3.10/site-packages/airflow/example_dags/example_skip_dag.py took 0.086 seconds
[2026-01-29T16:04:48.839+0530] {processor.py:186} INFO - Started process (PID=30383) to work on /home/hp/Desktop/Bigdata_project/BigData-Project/airflow-venv/lib/python3.10/site-packages/airflow/example_dags/example_skip_dag.py
[2026-01-29T16:04:48.845+0530] {processor.py:914} INFO - Processing file /home/hp/Desktop/Bigdata_project/BigData-Project/airflow-venv/lib/python3.10/site-packages/airflow/example_dags/example_skip_dag.py for tasks to queue
[2026-01-29T16:04:48.848+0530] {logging_mixin.py:190} INFO - [2026-01-29T16:04:48.848+0530] {dagbag.py:588} INFO - Filling up the DagBag from /home/hp/Desktop/Bigdata_project/BigData-Project/airflow-venv/lib/python3.10/site-packages/airflow/example_dags/example_skip_dag.py
[2026-01-29T16:04:48.857+0530] {processor.py:925} INFO - DAG(s) 'example_skip_dag' retrieved from /home/hp/Desktop/Bigdata_project/BigData-Project/airflow-venv/lib/python3.10/site-packages/airflow/example_dags/example_skip_dag.py
[2026-01-29T16:04:48.875+0530] {logging_mixin.py:190} INFO - [2026-01-29T16:04:48.875+0530] {dag.py:3239} INFO - Sync 1 DAGs
[2026-01-29T16:04:48.895+0530] {logging_mixin.py:190} INFO - [2026-01-29T16:04:48.895+0530] {dag.py:4180} INFO - Setting next_dagrun for example_skip_dag to 2026-01-28 00:00:00+00:00, run_after=2026-01-29 00:00:00+00:00
[2026-01-29T16:04:48.916+0530] {processor.py:208} INFO - Processing /home/hp/Desktop/Bigdata_project/BigData-Project/airflow-venv/lib/python3.10/site-packages/airflow/example_dags/example_skip_dag.py took 0.083 seconds
[2026-01-29T16:05:44.946+0530] {processor.py:186} INFO - Started process (PID=30677) to work on /home/hp/Desktop/Bigdata_project/BigData-Project/airflow-venv/lib/python3.10/site-packages/airflow/example_dags/example_skip_dag.py
[2026-01-29T16:05:44.952+0530] {processor.py:914} INFO - Processing file /home/hp/Desktop/Bigdata_project/BigData-Project/airflow-venv/lib/python3.10/site-packages/airflow/example_dags/example_skip_dag.py for tasks to queue
[2026-01-29T16:05:44.956+0530] {logging_mixin.py:190} INFO - [2026-01-29T16:05:44.956+0530] {dagbag.py:588} INFO - Filling up the DagBag from /home/hp/Desktop/Bigdata_project/BigData-Project/airflow-venv/lib/python3.10/site-packages/airflow/example_dags/example_skip_dag.py
[2026-01-29T16:05:44.965+0530] {processor.py:925} INFO - DAG(s) 'example_skip_dag' retrieved from /home/hp/Desktop/Bigdata_project/BigData-Project/airflow-venv/lib/python3.10/site-packages/airflow/example_dags/example_skip_dag.py
[2026-01-29T16:05:44.983+0530] {logging_mixin.py:190} INFO - [2026-01-29T16:05:44.983+0530] {dag.py:3239} INFO - Sync 1 DAGs
[2026-01-29T16:05:45.004+0530] {logging_mixin.py:190} INFO - [2026-01-29T16:05:45.003+0530] {dag.py:4180} INFO - Setting next_dagrun for example_skip_dag to 2026-01-28 00:00:00+00:00, run_after=2026-01-29 00:00:00+00:00
[2026-01-29T16:05:45.026+0530] {processor.py:208} INFO - Processing /home/hp/Desktop/Bigdata_project/BigData-Project/airflow-venv/lib/python3.10/site-packages/airflow/example_dags/example_skip_dag.py took 0.087 seconds
[2026-01-29T16:06:41.640+0530] {processor.py:186} INFO - Started process (PID=30951) to work on /home/hp/Desktop/Bigdata_project/BigData-Project/airflow-venv/lib/python3.10/site-packages/airflow/example_dags/example_skip_dag.py
[2026-01-29T16:06:41.647+0530] {processor.py:914} INFO - Processing file /home/hp/Desktop/Bigdata_project/BigData-Project/airflow-venv/lib/python3.10/site-packages/airflow/example_dags/example_skip_dag.py for tasks to queue
[2026-01-29T16:06:41.651+0530] {logging_mixin.py:190} INFO - [2026-01-29T16:06:41.650+0530] {dagbag.py:588} INFO - Filling up the DagBag from /home/hp/Desktop/Bigdata_project/BigData-Project/airflow-venv/lib/python3.10/site-packages/airflow/example_dags/example_skip_dag.py
[2026-01-29T16:06:41.660+0530] {processor.py:925} INFO - DAG(s) 'example_skip_dag' retrieved from /home/hp/Desktop/Bigdata_project/BigData-Project/airflow-venv/lib/python3.10/site-packages/airflow/example_dags/example_skip_dag.py
[2026-01-29T16:06:41.678+0530] {logging_mixin.py:190} INFO - [2026-01-29T16:06:41.678+0530] {dag.py:3239} INFO - Sync 1 DAGs
[2026-01-29T16:06:41.700+0530] {logging_mixin.py:190} INFO - [2026-01-29T16:06:41.700+0530] {dag.py:4180} INFO - Setting next_dagrun for example_skip_dag to 2026-01-28 00:00:00+00:00, run_after=2026-01-29 00:00:00+00:00
[2026-01-29T16:06:41.722+0530] {processor.py:208} INFO - Processing /home/hp/Desktop/Bigdata_project/BigData-Project/airflow-venv/lib/python3.10/site-packages/airflow/example_dags/example_skip_dag.py took 0.088 seconds
[2026-01-29T16:07:39.500+0530] {processor.py:186} INFO - Started process (PID=31222) to work on /home/hp/Desktop/Bigdata_project/BigData-Project/airflow-venv/lib/python3.10/site-packages/airflow/example_dags/example_skip_dag.py
[2026-01-29T16:07:39.506+0530] {processor.py:914} INFO - Processing file /home/hp/Desktop/Bigdata_project/BigData-Project/airflow-venv/lib/python3.10/site-packages/airflow/example_dags/example_skip_dag.py for tasks to queue
[2026-01-29T16:07:39.509+0530] {logging_mixin.py:190} INFO - [2026-01-29T16:07:39.509+0530] {dagbag.py:588} INFO - Filling up the DagBag from /home/hp/Desktop/Bigdata_project/BigData-Project/airflow-venv/lib/python3.10/site-packages/airflow/example_dags/example_skip_dag.py
[2026-01-29T16:07:39.517+0530] {processor.py:925} INFO - DAG(s) 'example_skip_dag' retrieved from /home/hp/Desktop/Bigdata_project/BigData-Project/airflow-venv/lib/python3.10/site-packages/airflow/example_dags/example_skip_dag.py
[2026-01-29T16:07:39.535+0530] {logging_mixin.py:190} INFO - [2026-01-29T16:07:39.535+0530] {dag.py:3239} INFO - Sync 1 DAGs
[2026-01-29T16:07:39.555+0530] {logging_mixin.py:190} INFO - [2026-01-29T16:07:39.555+0530] {dag.py:4180} INFO - Setting next_dagrun for example_skip_dag to 2026-01-28 00:00:00+00:00, run_after=2026-01-29 00:00:00+00:00
[2026-01-29T16:07:39.575+0530] {processor.py:208} INFO - Processing /home/hp/Desktop/Bigdata_project/BigData-Project/airflow-venv/lib/python3.10/site-packages/airflow/example_dags/example_skip_dag.py took 0.082 seconds
[2026-01-29T16:08:39.122+0530] {processor.py:186} INFO - Started process (PID=31476) to work on /home/hp/Desktop/Bigdata_project/BigData-Project/airflow-venv/lib/python3.10/site-packages/airflow/example_dags/example_skip_dag.py
[2026-01-29T16:08:39.123+0530] {processor.py:914} INFO - Processing file /home/hp/Desktop/Bigdata_project/BigData-Project/airflow-venv/lib/python3.10/site-packages/airflow/example_dags/example_skip_dag.py for tasks to queue
[2026-01-29T16:08:39.126+0530] {logging_mixin.py:190} INFO - [2026-01-29T16:08:39.125+0530] {dagbag.py:588} INFO - Filling up the DagBag from /home/hp/Desktop/Bigdata_project/BigData-Project/airflow-venv/lib/python3.10/site-packages/airflow/example_dags/example_skip_dag.py
[2026-01-29T16:08:39.134+0530] {processor.py:925} INFO - DAG(s) 'example_skip_dag' retrieved from /home/hp/Desktop/Bigdata_project/BigData-Project/airflow-venv/lib/python3.10/site-packages/airflow/example_dags/example_skip_dag.py
[2026-01-29T16:08:39.232+0530] {logging_mixin.py:190} INFO - [2026-01-29T16:08:39.231+0530] {override.py:1930} INFO - Created Permission View: can edit on DAG:example_skip_dag
[2026-01-29T16:08:39.243+0530] {logging_mixin.py:190} INFO - [2026-01-29T16:08:39.243+0530] {override.py:1930} INFO - Created Permission View: can delete on DAG:example_skip_dag
[2026-01-29T16:08:39.250+0530] {logging_mixin.py:190} INFO - [2026-01-29T16:08:39.250+0530] {override.py:1930} INFO - Created Permission View: can read on DAG:example_skip_dag
[2026-01-29T16:08:39.261+0530] {logging_mixin.py:190} INFO - [2026-01-29T16:08:39.260+0530] {override.py:1930} INFO - Created Permission View: menu access on DAG Run:example_skip_dag
[2026-01-29T16:08:39.268+0530] {logging_mixin.py:190} INFO - [2026-01-29T16:08:39.267+0530] {override.py:1930} INFO - Created Permission View: can delete on DAG Run:example_skip_dag
[2026-01-29T16:08:39.276+0530] {logging_mixin.py:190} INFO - [2026-01-29T16:08:39.275+0530] {override.py:1930} INFO - Created Permission View: can create on DAG Run:example_skip_dag
[2026-01-29T16:08:39.282+0530] {logging_mixin.py:190} INFO - [2026-01-29T16:08:39.282+0530] {override.py:1930} INFO - Created Permission View: can read on DAG Run:example_skip_dag
[2026-01-29T16:08:39.283+0530] {logging_mixin.py:190} INFO - [2026-01-29T16:08:39.283+0530] {dag.py:3239} INFO - Sync 1 DAGs
[2026-01-29T16:08:39.296+0530] {logging_mixin.py:190} INFO - [2026-01-29T16:08:39.295+0530] {dag.py:3262} INFO - Creating ORM DAG for example_skip_dag
[2026-01-29T16:08:39.415+0530] {logging_mixin.py:190} INFO - [2026-01-29T16:08:39.415+0530] {dag.py:4180} INFO - Setting next_dagrun for example_skip_dag to 2026-01-28 00:00:00+00:00, run_after=2026-01-29 00:00:00+00:00
[2026-01-29T16:08:39.439+0530] {processor.py:208} INFO - Processing /home/hp/Desktop/Bigdata_project/BigData-Project/airflow-venv/lib/python3.10/site-packages/airflow/example_dags/example_skip_dag.py took 0.324 seconds
