[2026-01-29T15:56:15.325+0530] {processor.py:186} INFO - Started process (PID=28483) to work on /home/hp/Desktop/Bigdata_project/BigData-Project/airflow-venv/lib/python3.10/site-packages/airflow/example_dags/example_branch_labels.py
[2026-01-29T15:56:15.326+0530] {processor.py:914} INFO - Processing file /home/hp/Desktop/Bigdata_project/BigData-Project/airflow-venv/lib/python3.10/site-packages/airflow/example_dags/example_branch_labels.py for tasks to queue
[2026-01-29T15:56:15.329+0530] {logging_mixin.py:190} INFO - [2026-01-29T15:56:15.328+0530] {dagbag.py:588} INFO - Filling up the DagBag from /home/hp/Desktop/Bigdata_project/BigData-Project/airflow-venv/lib/python3.10/site-packages/airflow/example_dags/example_branch_labels.py
[2026-01-29T15:56:15.339+0530] {processor.py:925} INFO - DAG(s) 'example_branch_labels' retrieved from /home/hp/Desktop/Bigdata_project/BigData-Project/airflow-venv/lib/python3.10/site-packages/airflow/example_dags/example_branch_labels.py
[2026-01-29T15:56:15.443+0530] {logging_mixin.py:190} INFO - [2026-01-29T15:56:15.443+0530] {override.py:1930} INFO - Created Permission View: can edit on DAG:example_branch_labels
[2026-01-29T15:56:15.454+0530] {logging_mixin.py:190} INFO - [2026-01-29T15:56:15.453+0530] {override.py:1930} INFO - Created Permission View: can delete on DAG:example_branch_labels
[2026-01-29T15:56:15.462+0530] {logging_mixin.py:190} INFO - [2026-01-29T15:56:15.461+0530] {override.py:1930} INFO - Created Permission View: can read on DAG:example_branch_labels
[2026-01-29T15:56:15.473+0530] {logging_mixin.py:190} INFO - [2026-01-29T15:56:15.472+0530] {override.py:1930} INFO - Created Permission View: can delete on DAG Run:example_branch_labels
[2026-01-29T15:56:15.480+0530] {logging_mixin.py:190} INFO - [2026-01-29T15:56:15.480+0530] {override.py:1930} INFO - Created Permission View: can read on DAG Run:example_branch_labels
[2026-01-29T15:56:15.487+0530] {logging_mixin.py:190} INFO - [2026-01-29T15:56:15.487+0530] {override.py:1930} INFO - Created Permission View: menu access on DAG Run:example_branch_labels
[2026-01-29T15:56:15.496+0530] {logging_mixin.py:190} INFO - [2026-01-29T15:56:15.496+0530] {override.py:1930} INFO - Created Permission View: can create on DAG Run:example_branch_labels
[2026-01-29T15:56:15.496+0530] {logging_mixin.py:190} INFO - [2026-01-29T15:56:15.496+0530] {dag.py:3239} INFO - Sync 1 DAGs
[2026-01-29T15:56:15.510+0530] {logging_mixin.py:190} INFO - [2026-01-29T15:56:15.509+0530] {dag.py:3262} INFO - Creating ORM DAG for example_branch_labels
[2026-01-29T15:56:15.519+0530] {logging_mixin.py:190} INFO - [2026-01-29T15:56:15.519+0530] {dag.py:4180} INFO - Setting next_dagrun for example_branch_labels to 2026-01-28 00:00:00+00:00, run_after=2026-01-29 00:00:00+00:00
[2026-01-29T15:56:15.536+0530] {processor.py:208} INFO - Processing /home/hp/Desktop/Bigdata_project/BigData-Project/airflow-venv/lib/python3.10/site-packages/airflow/example_dags/example_branch_labels.py took 0.217 seconds
[2026-01-29T15:57:16.842+0530] {processor.py:186} INFO - Started process (PID=28676) to work on /home/hp/Desktop/Bigdata_project/BigData-Project/airflow-venv/lib/python3.10/site-packages/airflow/example_dags/example_branch_labels.py
[2026-01-29T15:57:16.848+0530] {processor.py:914} INFO - Processing file /home/hp/Desktop/Bigdata_project/BigData-Project/airflow-venv/lib/python3.10/site-packages/airflow/example_dags/example_branch_labels.py for tasks to queue
[2026-01-29T15:57:16.852+0530] {logging_mixin.py:190} INFO - [2026-01-29T15:57:16.852+0530] {dagbag.py:588} INFO - Filling up the DagBag from /home/hp/Desktop/Bigdata_project/BigData-Project/airflow-venv/lib/python3.10/site-packages/airflow/example_dags/example_branch_labels.py
[2026-01-29T15:57:16.863+0530] {processor.py:925} INFO - DAG(s) 'example_branch_labels' retrieved from /home/hp/Desktop/Bigdata_project/BigData-Project/airflow-venv/lib/python3.10/site-packages/airflow/example_dags/example_branch_labels.py
[2026-01-29T15:57:16.880+0530] {logging_mixin.py:190} INFO - [2026-01-29T15:57:16.880+0530] {dag.py:3239} INFO - Sync 1 DAGs
[2026-01-29T15:57:16.902+0530] {logging_mixin.py:190} INFO - [2026-01-29T15:57:16.902+0530] {dag.py:4180} INFO - Setting next_dagrun for example_branch_labels to 2026-01-28 00:00:00+00:00, run_after=2026-01-29 00:00:00+00:00
[2026-01-29T15:57:16.922+0530] {processor.py:208} INFO - Processing /home/hp/Desktop/Bigdata_project/BigData-Project/airflow-venv/lib/python3.10/site-packages/airflow/example_dags/example_branch_labels.py took 0.087 seconds
[2026-01-29T16:00:46.985+0530] {processor.py:186} INFO - Started process (PID=29394) to work on /home/hp/Desktop/Bigdata_project/BigData-Project/airflow-venv/lib/python3.10/site-packages/airflow/example_dags/example_branch_labels.py
[2026-01-29T16:00:46.991+0530] {processor.py:914} INFO - Processing file /home/hp/Desktop/Bigdata_project/BigData-Project/airflow-venv/lib/python3.10/site-packages/airflow/example_dags/example_branch_labels.py for tasks to queue
[2026-01-29T16:00:46.995+0530] {logging_mixin.py:190} INFO - [2026-01-29T16:00:46.995+0530] {dagbag.py:588} INFO - Filling up the DagBag from /home/hp/Desktop/Bigdata_project/BigData-Project/airflow-venv/lib/python3.10/site-packages/airflow/example_dags/example_branch_labels.py
[2026-01-29T16:00:47.006+0530] {processor.py:925} INFO - DAG(s) 'example_branch_labels' retrieved from /home/hp/Desktop/Bigdata_project/BigData-Project/airflow-venv/lib/python3.10/site-packages/airflow/example_dags/example_branch_labels.py
[2026-01-29T16:00:47.023+0530] {logging_mixin.py:190} INFO - [2026-01-29T16:00:47.023+0530] {dag.py:3239} INFO - Sync 1 DAGs
[2026-01-29T16:00:47.045+0530] {logging_mixin.py:190} INFO - [2026-01-29T16:00:47.044+0530] {dag.py:4180} INFO - Setting next_dagrun for example_branch_labels to 2026-01-28 00:00:00+00:00, run_after=2026-01-29 00:00:00+00:00
[2026-01-29T16:00:47.064+0530] {processor.py:208} INFO - Processing /home/hp/Desktop/Bigdata_project/BigData-Project/airflow-venv/lib/python3.10/site-packages/airflow/example_dags/example_branch_labels.py took 0.086 seconds
[2026-01-29T16:01:44.513+0530] {processor.py:186} INFO - Started process (PID=29635) to work on /home/hp/Desktop/Bigdata_project/BigData-Project/airflow-venv/lib/python3.10/site-packages/airflow/example_dags/example_branch_labels.py
[2026-01-29T16:01:44.519+0530] {processor.py:914} INFO - Processing file /home/hp/Desktop/Bigdata_project/BigData-Project/airflow-venv/lib/python3.10/site-packages/airflow/example_dags/example_branch_labels.py for tasks to queue
[2026-01-29T16:01:44.522+0530] {logging_mixin.py:190} INFO - [2026-01-29T16:01:44.521+0530] {dagbag.py:588} INFO - Filling up the DagBag from /home/hp/Desktop/Bigdata_project/BigData-Project/airflow-venv/lib/python3.10/site-packages/airflow/example_dags/example_branch_labels.py
[2026-01-29T16:01:44.533+0530] {processor.py:925} INFO - DAG(s) 'example_branch_labels' retrieved from /home/hp/Desktop/Bigdata_project/BigData-Project/airflow-venv/lib/python3.10/site-packages/airflow/example_dags/example_branch_labels.py
[2026-01-29T16:01:44.551+0530] {logging_mixin.py:190} INFO - [2026-01-29T16:01:44.551+0530] {dag.py:3239} INFO - Sync 1 DAGs
[2026-01-29T16:01:44.574+0530] {logging_mixin.py:190} INFO - [2026-01-29T16:01:44.573+0530] {dag.py:4180} INFO - Setting next_dagrun for example_branch_labels to 2026-01-28 00:00:00+00:00, run_after=2026-01-29 00:00:00+00:00
[2026-01-29T16:01:44.594+0530] {processor.py:208} INFO - Processing /home/hp/Desktop/Bigdata_project/BigData-Project/airflow-venv/lib/python3.10/site-packages/airflow/example_dags/example_branch_labels.py took 0.088 seconds
[2026-01-29T16:03:04.234+0530] {processor.py:186} INFO - Started process (PID=29979) to work on /home/hp/Desktop/Bigdata_project/BigData-Project/airflow-venv/lib/python3.10/site-packages/airflow/example_dags/example_branch_labels.py
[2026-01-29T16:03:04.240+0530] {processor.py:914} INFO - Processing file /home/hp/Desktop/Bigdata_project/BigData-Project/airflow-venv/lib/python3.10/site-packages/airflow/example_dags/example_branch_labels.py for tasks to queue
[2026-01-29T16:03:04.243+0530] {logging_mixin.py:190} INFO - [2026-01-29T16:03:04.243+0530] {dagbag.py:588} INFO - Filling up the DagBag from /home/hp/Desktop/Bigdata_project/BigData-Project/airflow-venv/lib/python3.10/site-packages/airflow/example_dags/example_branch_labels.py
[2026-01-29T16:03:04.254+0530] {processor.py:925} INFO - DAG(s) 'example_branch_labels' retrieved from /home/hp/Desktop/Bigdata_project/BigData-Project/airflow-venv/lib/python3.10/site-packages/airflow/example_dags/example_branch_labels.py
[2026-01-29T16:03:04.271+0530] {logging_mixin.py:190} INFO - [2026-01-29T16:03:04.271+0530] {dag.py:3239} INFO - Sync 1 DAGs
[2026-01-29T16:03:04.292+0530] {logging_mixin.py:190} INFO - [2026-01-29T16:03:04.292+0530] {dag.py:4180} INFO - Setting next_dagrun for example_branch_labels to 2026-01-28 00:00:00+00:00, run_after=2026-01-29 00:00:00+00:00
[2026-01-29T16:03:04.313+0530] {processor.py:208} INFO - Processing /home/hp/Desktop/Bigdata_project/BigData-Project/airflow-venv/lib/python3.10/site-packages/airflow/example_dags/example_branch_labels.py took 0.085 seconds
[2026-01-29T16:04:01.431+0530] {processor.py:186} INFO - Started process (PID=30206) to work on /home/hp/Desktop/Bigdata_project/BigData-Project/airflow-venv/lib/python3.10/site-packages/airflow/example_dags/example_branch_labels.py
[2026-01-29T16:04:01.438+0530] {processor.py:914} INFO - Processing file /home/hp/Desktop/Bigdata_project/BigData-Project/airflow-venv/lib/python3.10/site-packages/airflow/example_dags/example_branch_labels.py for tasks to queue
[2026-01-29T16:04:01.441+0530] {logging_mixin.py:190} INFO - [2026-01-29T16:04:01.441+0530] {dagbag.py:588} INFO - Filling up the DagBag from /home/hp/Desktop/Bigdata_project/BigData-Project/airflow-venv/lib/python3.10/site-packages/airflow/example_dags/example_branch_labels.py
[2026-01-29T16:04:01.452+0530] {processor.py:925} INFO - DAG(s) 'example_branch_labels' retrieved from /home/hp/Desktop/Bigdata_project/BigData-Project/airflow-venv/lib/python3.10/site-packages/airflow/example_dags/example_branch_labels.py
[2026-01-29T16:04:01.469+0530] {logging_mixin.py:190} INFO - [2026-01-29T16:04:01.469+0530] {dag.py:3239} INFO - Sync 1 DAGs
[2026-01-29T16:04:01.490+0530] {logging_mixin.py:190} INFO - [2026-01-29T16:04:01.490+0530] {dag.py:4180} INFO - Setting next_dagrun for example_branch_labels to 2026-01-28 00:00:00+00:00, run_after=2026-01-29 00:00:00+00:00
[2026-01-29T16:04:01.511+0530] {processor.py:208} INFO - Processing /home/hp/Desktop/Bigdata_project/BigData-Project/airflow-venv/lib/python3.10/site-packages/airflow/example_dags/example_branch_labels.py took 0.087 seconds
[2026-01-29T16:05:24.315+0530] {processor.py:186} INFO - Started process (PID=30603) to work on /home/hp/Desktop/Bigdata_project/BigData-Project/airflow-venv/lib/python3.10/site-packages/airflow/example_dags/example_branch_labels.py
[2026-01-29T16:05:24.321+0530] {processor.py:914} INFO - Processing file /home/hp/Desktop/Bigdata_project/BigData-Project/airflow-venv/lib/python3.10/site-packages/airflow/example_dags/example_branch_labels.py for tasks to queue
[2026-01-29T16:05:24.323+0530] {logging_mixin.py:190} INFO - [2026-01-29T16:05:24.323+0530] {dagbag.py:588} INFO - Filling up the DagBag from /home/hp/Desktop/Bigdata_project/BigData-Project/airflow-venv/lib/python3.10/site-packages/airflow/example_dags/example_branch_labels.py
[2026-01-29T16:05:24.334+0530] {processor.py:925} INFO - DAG(s) 'example_branch_labels' retrieved from /home/hp/Desktop/Bigdata_project/BigData-Project/airflow-venv/lib/python3.10/site-packages/airflow/example_dags/example_branch_labels.py
[2026-01-29T16:05:24.352+0530] {logging_mixin.py:190} INFO - [2026-01-29T16:05:24.352+0530] {dag.py:3239} INFO - Sync 1 DAGs
[2026-01-29T16:05:24.374+0530] {logging_mixin.py:190} INFO - [2026-01-29T16:05:24.374+0530] {dag.py:4180} INFO - Setting next_dagrun for example_branch_labels to 2026-01-28 00:00:00+00:00, run_after=2026-01-29 00:00:00+00:00
[2026-01-29T16:05:24.395+0530] {processor.py:208} INFO - Processing /home/hp/Desktop/Bigdata_project/BigData-Project/airflow-venv/lib/python3.10/site-packages/airflow/example_dags/example_branch_labels.py took 0.087 seconds
[2026-01-29T16:06:21.140+0530] {processor.py:186} INFO - Started process (PID=30855) to work on /home/hp/Desktop/Bigdata_project/BigData-Project/airflow-venv/lib/python3.10/site-packages/airflow/example_dags/example_branch_labels.py
[2026-01-29T16:06:21.147+0530] {processor.py:914} INFO - Processing file /home/hp/Desktop/Bigdata_project/BigData-Project/airflow-venv/lib/python3.10/site-packages/airflow/example_dags/example_branch_labels.py for tasks to queue
[2026-01-29T16:06:21.150+0530] {logging_mixin.py:190} INFO - [2026-01-29T16:06:21.149+0530] {dagbag.py:588} INFO - Filling up the DagBag from /home/hp/Desktop/Bigdata_project/BigData-Project/airflow-venv/lib/python3.10/site-packages/airflow/example_dags/example_branch_labels.py
[2026-01-29T16:06:21.160+0530] {processor.py:925} INFO - DAG(s) 'example_branch_labels' retrieved from /home/hp/Desktop/Bigdata_project/BigData-Project/airflow-venv/lib/python3.10/site-packages/airflow/example_dags/example_branch_labels.py
[2026-01-29T16:06:21.178+0530] {logging_mixin.py:190} INFO - [2026-01-29T16:06:21.178+0530] {dag.py:3239} INFO - Sync 1 DAGs
[2026-01-29T16:06:21.201+0530] {logging_mixin.py:190} INFO - [2026-01-29T16:06:21.200+0530] {dag.py:4180} INFO - Setting next_dagrun for example_branch_labels to 2026-01-28 00:00:00+00:00, run_after=2026-01-29 00:00:00+00:00
[2026-01-29T16:06:21.221+0530] {processor.py:208} INFO - Processing /home/hp/Desktop/Bigdata_project/BigData-Project/airflow-venv/lib/python3.10/site-packages/airflow/example_dags/example_branch_labels.py took 0.087 seconds
[2026-01-29T16:07:17.023+0530] {processor.py:186} INFO - Started process (PID=31127) to work on /home/hp/Desktop/Bigdata_project/BigData-Project/airflow-venv/lib/python3.10/site-packages/airflow/example_dags/example_branch_labels.py
[2026-01-29T16:07:17.029+0530] {processor.py:914} INFO - Processing file /home/hp/Desktop/Bigdata_project/BigData-Project/airflow-venv/lib/python3.10/site-packages/airflow/example_dags/example_branch_labels.py for tasks to queue
[2026-01-29T16:07:17.032+0530] {logging_mixin.py:190} INFO - [2026-01-29T16:07:17.031+0530] {dagbag.py:588} INFO - Filling up the DagBag from /home/hp/Desktop/Bigdata_project/BigData-Project/airflow-venv/lib/python3.10/site-packages/airflow/example_dags/example_branch_labels.py
[2026-01-29T16:07:17.042+0530] {processor.py:925} INFO - DAG(s) 'example_branch_labels' retrieved from /home/hp/Desktop/Bigdata_project/BigData-Project/airflow-venv/lib/python3.10/site-packages/airflow/example_dags/example_branch_labels.py
[2026-01-29T16:07:17.060+0530] {logging_mixin.py:190} INFO - [2026-01-29T16:07:17.059+0530] {dag.py:3239} INFO - Sync 1 DAGs
[2026-01-29T16:07:17.080+0530] {logging_mixin.py:190} INFO - [2026-01-29T16:07:17.080+0530] {dag.py:4180} INFO - Setting next_dagrun for example_branch_labels to 2026-01-28 00:00:00+00:00, run_after=2026-01-29 00:00:00+00:00
[2026-01-29T16:07:17.100+0530] {processor.py:208} INFO - Processing /home/hp/Desktop/Bigdata_project/BigData-Project/airflow-venv/lib/python3.10/site-packages/airflow/example_dags/example_branch_labels.py took 0.084 seconds
[2026-01-29T16:08:15.927+0530] {processor.py:186} INFO - Started process (PID=31359) to work on /home/hp/Desktop/Bigdata_project/BigData-Project/airflow-venv/lib/python3.10/site-packages/airflow/example_dags/example_branch_labels.py
[2026-01-29T16:08:15.933+0530] {processor.py:914} INFO - Processing file /home/hp/Desktop/Bigdata_project/BigData-Project/airflow-venv/lib/python3.10/site-packages/airflow/example_dags/example_branch_labels.py for tasks to queue
[2026-01-29T16:08:15.936+0530] {logging_mixin.py:190} INFO - [2026-01-29T16:08:15.936+0530] {dagbag.py:588} INFO - Filling up the DagBag from /home/hp/Desktop/Bigdata_project/BigData-Project/airflow-venv/lib/python3.10/site-packages/airflow/example_dags/example_branch_labels.py
[2026-01-29T16:08:15.948+0530] {processor.py:925} INFO - DAG(s) 'example_branch_labels' retrieved from /home/hp/Desktop/Bigdata_project/BigData-Project/airflow-venv/lib/python3.10/site-packages/airflow/example_dags/example_branch_labels.py
[2026-01-29T16:08:15.969+0530] {logging_mixin.py:190} INFO - [2026-01-29T16:08:15.969+0530] {dag.py:3239} INFO - Sync 1 DAGs
[2026-01-29T16:08:15.994+0530] {logging_mixin.py:190} INFO - [2026-01-29T16:08:15.994+0530] {dag.py:4180} INFO - Setting next_dagrun for example_branch_labels to 2026-01-28 00:00:00+00:00, run_after=2026-01-29 00:00:00+00:00
[2026-01-29T16:08:16.017+0530] {processor.py:208} INFO - Processing /home/hp/Desktop/Bigdata_project/BigData-Project/airflow-venv/lib/python3.10/site-packages/airflow/example_dags/example_branch_labels.py took 0.100 seconds
[2026-01-29T16:09:28.079+0530] {processor.py:186} INFO - Started process (PID=31756) to work on /home/hp/Desktop/Bigdata_project/BigData-Project/airflow-venv/lib/python3.10/site-packages/airflow/example_dags/example_branch_labels.py
[2026-01-29T16:09:28.085+0530] {processor.py:914} INFO - Processing file /home/hp/Desktop/Bigdata_project/BigData-Project/airflow-venv/lib/python3.10/site-packages/airflow/example_dags/example_branch_labels.py for tasks to queue
[2026-01-29T16:09:28.087+0530] {logging_mixin.py:190} INFO - [2026-01-29T16:09:28.087+0530] {dagbag.py:588} INFO - Filling up the DagBag from /home/hp/Desktop/Bigdata_project/BigData-Project/airflow-venv/lib/python3.10/site-packages/airflow/example_dags/example_branch_labels.py
[2026-01-29T16:09:28.098+0530] {processor.py:925} INFO - DAG(s) 'example_branch_labels' retrieved from /home/hp/Desktop/Bigdata_project/BigData-Project/airflow-venv/lib/python3.10/site-packages/airflow/example_dags/example_branch_labels.py
[2026-01-29T16:09:28.196+0530] {logging_mixin.py:190} INFO - [2026-01-29T16:09:28.196+0530] {override.py:1930} INFO - Created Permission View: can edit on DAG:example_branch_labels
[2026-01-29T16:09:28.207+0530] {logging_mixin.py:190} INFO - [2026-01-29T16:09:28.206+0530] {override.py:1930} INFO - Created Permission View: can delete on DAG:example_branch_labels
[2026-01-29T16:09:28.214+0530] {logging_mixin.py:190} INFO - [2026-01-29T16:09:28.214+0530] {override.py:1930} INFO - Created Permission View: can read on DAG:example_branch_labels
[2026-01-29T16:09:28.225+0530] {logging_mixin.py:190} INFO - [2026-01-29T16:09:28.224+0530] {override.py:1930} INFO - Created Permission View: menu access on DAG Run:example_branch_labels
[2026-01-29T16:09:28.232+0530] {logging_mixin.py:190} INFO - [2026-01-29T16:09:28.232+0530] {override.py:1930} INFO - Created Permission View: can delete on DAG Run:example_branch_labels
[2026-01-29T16:09:28.239+0530] {logging_mixin.py:190} INFO - [2026-01-29T16:09:28.239+0530] {override.py:1930} INFO - Created Permission View: can create on DAG Run:example_branch_labels
[2026-01-29T16:09:28.247+0530] {logging_mixin.py:190} INFO - [2026-01-29T16:09:28.246+0530] {override.py:1930} INFO - Created Permission View: can read on DAG Run:example_branch_labels
[2026-01-29T16:09:28.247+0530] {logging_mixin.py:190} INFO - [2026-01-29T16:09:28.247+0530] {dag.py:3239} INFO - Sync 1 DAGs
[2026-01-29T16:09:28.259+0530] {logging_mixin.py:190} INFO - [2026-01-29T16:09:28.258+0530] {dag.py:3262} INFO - Creating ORM DAG for example_branch_labels
[2026-01-29T16:09:28.268+0530] {logging_mixin.py:190} INFO - [2026-01-29T16:09:28.268+0530] {dag.py:4180} INFO - Setting next_dagrun for example_branch_labels to 2026-01-28 00:00:00+00:00, run_after=2026-01-29 00:00:00+00:00
[2026-01-29T16:09:28.285+0530] {processor.py:208} INFO - Processing /home/hp/Desktop/Bigdata_project/BigData-Project/airflow-venv/lib/python3.10/site-packages/airflow/example_dags/example_branch_labels.py took 0.213 seconds
