[2026-01-29T15:56:09.622+0530] {processor.py:186} INFO - Started process (PID=28445) to work on /home/hp/Desktop/Bigdata_project/BigData-Project/airflow-venv/lib/python3.10/site-packages/airflow/example_dags/example_dataset_alias_with_no_taskflow.py
[2026-01-29T15:56:09.624+0530] {processor.py:914} INFO - Processing file /home/hp/Desktop/Bigdata_project/BigData-Project/airflow-venv/lib/python3.10/site-packages/airflow/example_dags/example_dataset_alias_with_no_taskflow.py for tasks to queue
[2026-01-29T15:56:09.626+0530] {logging_mixin.py:190} INFO - [2026-01-29T15:56:09.626+0530] {dagbag.py:588} INFO - Filling up the DagBag from /home/hp/Desktop/Bigdata_project/BigData-Project/airflow-venv/lib/python3.10/site-packages/airflow/example_dags/example_dataset_alias_with_no_taskflow.py
[2026-01-29T15:56:09.650+0530] {processor.py:925} INFO - DAG(s) 'dataset_alias_example_alias_producer_with_no_taskflow', 'dataset_s3_bucket_producer_with_no_taskflow', 'dataset_alias_example_alias_consumer_with_no_taskflow', 'dataset_s3_bucket_consumer_with_no_taskflow' retrieved from /home/hp/Desktop/Bigdata_project/BigData-Project/airflow-venv/lib/python3.10/site-packages/airflow/example_dags/example_dataset_alias_with_no_taskflow.py
[2026-01-29T15:56:09.756+0530] {logging_mixin.py:190} INFO - [2026-01-29T15:56:09.756+0530] {override.py:1930} INFO - Created Permission View: can edit on DAG:dataset_alias_example_alias_producer_with_no_taskflow
[2026-01-29T15:56:09.768+0530] {logging_mixin.py:190} INFO - [2026-01-29T15:56:09.767+0530] {override.py:1930} INFO - Created Permission View: can delete on DAG:dataset_alias_example_alias_producer_with_no_taskflow
[2026-01-29T15:56:09.776+0530] {logging_mixin.py:190} INFO - [2026-01-29T15:56:09.776+0530] {override.py:1930} INFO - Created Permission View: can read on DAG:dataset_alias_example_alias_producer_with_no_taskflow
[2026-01-29T15:56:09.788+0530] {logging_mixin.py:190} INFO - [2026-01-29T15:56:09.787+0530] {override.py:1930} INFO - Created Permission View: can delete on DAG Run:dataset_alias_example_alias_producer_with_no_taskflow
[2026-01-29T15:56:09.796+0530] {logging_mixin.py:190} INFO - [2026-01-29T15:56:09.795+0530] {override.py:1930} INFO - Created Permission View: can read on DAG Run:dataset_alias_example_alias_producer_with_no_taskflow
[2026-01-29T15:56:09.804+0530] {logging_mixin.py:190} INFO - [2026-01-29T15:56:09.804+0530] {override.py:1930} INFO - Created Permission View: menu access on DAG Run:dataset_alias_example_alias_producer_with_no_taskflow
[2026-01-29T15:56:09.812+0530] {logging_mixin.py:190} INFO - [2026-01-29T15:56:09.812+0530] {override.py:1930} INFO - Created Permission View: can create on DAG Run:dataset_alias_example_alias_producer_with_no_taskflow
[2026-01-29T15:56:09.830+0530] {logging_mixin.py:190} INFO - [2026-01-29T15:56:09.829+0530] {override.py:1930} INFO - Created Permission View: can edit on DAG:dataset_s3_bucket_producer_with_no_taskflow
[2026-01-29T15:56:09.840+0530] {logging_mixin.py:190} INFO - [2026-01-29T15:56:09.839+0530] {override.py:1930} INFO - Created Permission View: can delete on DAG:dataset_s3_bucket_producer_with_no_taskflow
[2026-01-29T15:56:09.849+0530] {logging_mixin.py:190} INFO - [2026-01-29T15:56:09.849+0530] {override.py:1930} INFO - Created Permission View: can read on DAG:dataset_s3_bucket_producer_with_no_taskflow
[2026-01-29T15:56:09.862+0530] {logging_mixin.py:190} INFO - [2026-01-29T15:56:09.861+0530] {override.py:1930} INFO - Created Permission View: can delete on DAG Run:dataset_s3_bucket_producer_with_no_taskflow
[2026-01-29T15:56:09.870+0530] {logging_mixin.py:190} INFO - [2026-01-29T15:56:09.870+0530] {override.py:1930} INFO - Created Permission View: can read on DAG Run:dataset_s3_bucket_producer_with_no_taskflow
[2026-01-29T15:56:09.879+0530] {logging_mixin.py:190} INFO - [2026-01-29T15:56:09.879+0530] {override.py:1930} INFO - Created Permission View: menu access on DAG Run:dataset_s3_bucket_producer_with_no_taskflow
[2026-01-29T15:56:09.888+0530] {logging_mixin.py:190} INFO - [2026-01-29T15:56:09.887+0530] {override.py:1930} INFO - Created Permission View: can create on DAG Run:dataset_s3_bucket_producer_with_no_taskflow
[2026-01-29T15:56:09.905+0530] {logging_mixin.py:190} INFO - [2026-01-29T15:56:09.904+0530] {override.py:1930} INFO - Created Permission View: can edit on DAG:dataset_alias_example_alias_consumer_with_no_taskflow
[2026-01-29T15:56:09.913+0530] {logging_mixin.py:190} INFO - [2026-01-29T15:56:09.912+0530] {override.py:1930} INFO - Created Permission View: can delete on DAG:dataset_alias_example_alias_consumer_with_no_taskflow
[2026-01-29T15:56:09.921+0530] {logging_mixin.py:190} INFO - [2026-01-29T15:56:09.921+0530] {override.py:1930} INFO - Created Permission View: can read on DAG:dataset_alias_example_alias_consumer_with_no_taskflow
[2026-01-29T15:56:09.933+0530] {logging_mixin.py:190} INFO - [2026-01-29T15:56:09.932+0530] {override.py:1930} INFO - Created Permission View: can delete on DAG Run:dataset_alias_example_alias_consumer_with_no_taskflow
[2026-01-29T15:56:09.940+0530] {logging_mixin.py:190} INFO - [2026-01-29T15:56:09.940+0530] {override.py:1930} INFO - Created Permission View: can read on DAG Run:dataset_alias_example_alias_consumer_with_no_taskflow
[2026-01-29T15:56:09.947+0530] {logging_mixin.py:190} INFO - [2026-01-29T15:56:09.947+0530] {override.py:1930} INFO - Created Permission View: menu access on DAG Run:dataset_alias_example_alias_consumer_with_no_taskflow
[2026-01-29T15:56:09.954+0530] {logging_mixin.py:190} INFO - [2026-01-29T15:56:09.954+0530] {override.py:1930} INFO - Created Permission View: can create on DAG Run:dataset_alias_example_alias_consumer_with_no_taskflow
[2026-01-29T15:56:09.968+0530] {logging_mixin.py:190} INFO - [2026-01-29T15:56:09.968+0530] {override.py:1930} INFO - Created Permission View: can edit on DAG:dataset_s3_bucket_consumer_with_no_taskflow
[2026-01-29T15:56:09.975+0530] {logging_mixin.py:190} INFO - [2026-01-29T15:56:09.975+0530] {override.py:1930} INFO - Created Permission View: can delete on DAG:dataset_s3_bucket_consumer_with_no_taskflow
[2026-01-29T15:56:09.983+0530] {logging_mixin.py:190} INFO - [2026-01-29T15:56:09.983+0530] {override.py:1930} INFO - Created Permission View: can read on DAG:dataset_s3_bucket_consumer_with_no_taskflow
[2026-01-29T15:56:09.994+0530] {logging_mixin.py:190} INFO - [2026-01-29T15:56:09.993+0530] {override.py:1930} INFO - Created Permission View: can delete on DAG Run:dataset_s3_bucket_consumer_with_no_taskflow
[2026-01-29T15:56:10.002+0530] {logging_mixin.py:190} INFO - [2026-01-29T15:56:10.002+0530] {override.py:1930} INFO - Created Permission View: can read on DAG Run:dataset_s3_bucket_consumer_with_no_taskflow
[2026-01-29T15:56:10.009+0530] {logging_mixin.py:190} INFO - [2026-01-29T15:56:10.009+0530] {override.py:1930} INFO - Created Permission View: menu access on DAG Run:dataset_s3_bucket_consumer_with_no_taskflow
[2026-01-29T15:56:10.017+0530] {logging_mixin.py:190} INFO - [2026-01-29T15:56:10.016+0530] {override.py:1930} INFO - Created Permission View: can create on DAG Run:dataset_s3_bucket_consumer_with_no_taskflow
[2026-01-29T15:56:10.017+0530] {logging_mixin.py:190} INFO - [2026-01-29T15:56:10.017+0530] {dag.py:3239} INFO - Sync 4 DAGs
[2026-01-29T15:56:10.031+0530] {logging_mixin.py:190} INFO - [2026-01-29T15:56:10.030+0530] {dag.py:3262} INFO - Creating ORM DAG for dataset_s3_bucket_producer_with_no_taskflow
[2026-01-29T15:56:10.031+0530] {logging_mixin.py:190} INFO - [2026-01-29T15:56:10.031+0530] {dag.py:3262} INFO - Creating ORM DAG for dataset_alias_example_alias_consumer_with_no_taskflow
[2026-01-29T15:56:10.032+0530] {logging_mixin.py:190} INFO - [2026-01-29T15:56:10.032+0530] {dag.py:3262} INFO - Creating ORM DAG for dataset_alias_example_alias_producer_with_no_taskflow
[2026-01-29T15:56:10.032+0530] {logging_mixin.py:190} INFO - [2026-01-29T15:56:10.032+0530] {dag.py:3262} INFO - Creating ORM DAG for dataset_s3_bucket_consumer_with_no_taskflow
[2026-01-29T15:56:10.041+0530] {logging_mixin.py:190} INFO - [2026-01-29T15:56:10.041+0530] {dag.py:4180} INFO - Setting next_dagrun for dataset_alias_example_alias_consumer_with_no_taskflow to None, run_after=None
[2026-01-29T15:56:10.042+0530] {logging_mixin.py:190} INFO - [2026-01-29T15:56:10.042+0530] {dag.py:4180} INFO - Setting next_dagrun for dataset_alias_example_alias_producer_with_no_taskflow to None, run_after=None
[2026-01-29T15:56:10.043+0530] {logging_mixin.py:190} INFO - [2026-01-29T15:56:10.042+0530] {dag.py:4180} INFO - Setting next_dagrun for dataset_s3_bucket_consumer_with_no_taskflow to None, run_after=None
[2026-01-29T15:56:10.043+0530] {logging_mixin.py:190} INFO - [2026-01-29T15:56:10.043+0530] {dag.py:4180} INFO - Setting next_dagrun for dataset_s3_bucket_producer_with_no_taskflow to None, run_after=None
[2026-01-29T15:56:10.075+0530] {processor.py:208} INFO - Processing /home/hp/Desktop/Bigdata_project/BigData-Project/airflow-venv/lib/python3.10/site-packages/airflow/example_dags/example_dataset_alias_with_no_taskflow.py took 0.460 seconds
[2026-01-29T15:57:11.808+0530] {processor.py:186} INFO - Started process (PID=28662) to work on /home/hp/Desktop/Bigdata_project/BigData-Project/airflow-venv/lib/python3.10/site-packages/airflow/example_dags/example_dataset_alias_with_no_taskflow.py
[2026-01-29T15:57:11.815+0530] {processor.py:914} INFO - Processing file /home/hp/Desktop/Bigdata_project/BigData-Project/airflow-venv/lib/python3.10/site-packages/airflow/example_dags/example_dataset_alias_with_no_taskflow.py for tasks to queue
[2026-01-29T15:57:11.817+0530] {logging_mixin.py:190} INFO - [2026-01-29T15:57:11.816+0530] {dagbag.py:588} INFO - Filling up the DagBag from /home/hp/Desktop/Bigdata_project/BigData-Project/airflow-venv/lib/python3.10/site-packages/airflow/example_dags/example_dataset_alias_with_no_taskflow.py
[2026-01-29T15:57:11.841+0530] {processor.py:925} INFO - DAG(s) 'dataset_alias_example_alias_consumer_with_no_taskflow', 'dataset_s3_bucket_producer_with_no_taskflow', 'dataset_s3_bucket_consumer_with_no_taskflow', 'dataset_alias_example_alias_producer_with_no_taskflow' retrieved from /home/hp/Desktop/Bigdata_project/BigData-Project/airflow-venv/lib/python3.10/site-packages/airflow/example_dags/example_dataset_alias_with_no_taskflow.py
[2026-01-29T15:57:11.862+0530] {logging_mixin.py:190} INFO - [2026-01-29T15:57:11.862+0530] {dag.py:3239} INFO - Sync 4 DAGs
[2026-01-29T15:57:11.882+0530] {logging_mixin.py:190} INFO - [2026-01-29T15:57:11.882+0530] {dag.py:4180} INFO - Setting next_dagrun for dataset_alias_example_alias_consumer_with_no_taskflow to None, run_after=None
[2026-01-29T15:57:11.885+0530] {logging_mixin.py:190} INFO - [2026-01-29T15:57:11.884+0530] {dag.py:4180} INFO - Setting next_dagrun for dataset_alias_example_alias_producer_with_no_taskflow to None, run_after=None
[2026-01-29T15:57:11.886+0530] {logging_mixin.py:190} INFO - [2026-01-29T15:57:11.886+0530] {dag.py:4180} INFO - Setting next_dagrun for dataset_s3_bucket_consumer_with_no_taskflow to None, run_after=None
[2026-01-29T15:57:11.887+0530] {logging_mixin.py:190} INFO - [2026-01-29T15:57:11.886+0530] {dag.py:4180} INFO - Setting next_dagrun for dataset_s3_bucket_producer_with_no_taskflow to None, run_after=None
[2026-01-29T15:57:11.910+0530] {processor.py:208} INFO - Processing /home/hp/Desktop/Bigdata_project/BigData-Project/airflow-venv/lib/python3.10/site-packages/airflow/example_dags/example_dataset_alias_with_no_taskflow.py took 0.108 seconds
[2026-01-29T16:00:41.727+0530] {processor.py:186} INFO - Started process (PID=29376) to work on /home/hp/Desktop/Bigdata_project/BigData-Project/airflow-venv/lib/python3.10/site-packages/airflow/example_dags/example_dataset_alias_with_no_taskflow.py
[2026-01-29T16:00:41.733+0530] {processor.py:914} INFO - Processing file /home/hp/Desktop/Bigdata_project/BigData-Project/airflow-venv/lib/python3.10/site-packages/airflow/example_dags/example_dataset_alias_with_no_taskflow.py for tasks to queue
[2026-01-29T16:00:41.736+0530] {logging_mixin.py:190} INFO - [2026-01-29T16:00:41.735+0530] {dagbag.py:588} INFO - Filling up the DagBag from /home/hp/Desktop/Bigdata_project/BigData-Project/airflow-venv/lib/python3.10/site-packages/airflow/example_dags/example_dataset_alias_with_no_taskflow.py
[2026-01-29T16:00:41.760+0530] {processor.py:925} INFO - DAG(s) 'dataset_s3_bucket_consumer_with_no_taskflow', 'dataset_s3_bucket_producer_with_no_taskflow', 'dataset_alias_example_alias_producer_with_no_taskflow', 'dataset_alias_example_alias_consumer_with_no_taskflow' retrieved from /home/hp/Desktop/Bigdata_project/BigData-Project/airflow-venv/lib/python3.10/site-packages/airflow/example_dags/example_dataset_alias_with_no_taskflow.py
[2026-01-29T16:00:41.783+0530] {logging_mixin.py:190} INFO - [2026-01-29T16:00:41.783+0530] {dag.py:3239} INFO - Sync 4 DAGs
[2026-01-29T16:00:41.804+0530] {logging_mixin.py:190} INFO - [2026-01-29T16:00:41.804+0530] {dag.py:4180} INFO - Setting next_dagrun for dataset_alias_example_alias_consumer_with_no_taskflow to None, run_after=None
[2026-01-29T16:00:41.806+0530] {logging_mixin.py:190} INFO - [2026-01-29T16:00:41.806+0530] {dag.py:4180} INFO - Setting next_dagrun for dataset_alias_example_alias_producer_with_no_taskflow to None, run_after=None
[2026-01-29T16:00:41.807+0530] {logging_mixin.py:190} INFO - [2026-01-29T16:00:41.807+0530] {dag.py:4180} INFO - Setting next_dagrun for dataset_s3_bucket_consumer_with_no_taskflow to None, run_after=None
[2026-01-29T16:00:41.809+0530] {logging_mixin.py:190} INFO - [2026-01-29T16:00:41.809+0530] {dag.py:4180} INFO - Setting next_dagrun for dataset_s3_bucket_producer_with_no_taskflow to None, run_after=None
[2026-01-29T16:00:41.833+0530] {processor.py:208} INFO - Processing /home/hp/Desktop/Bigdata_project/BigData-Project/airflow-venv/lib/python3.10/site-packages/airflow/example_dags/example_dataset_alias_with_no_taskflow.py took 0.113 seconds
[2026-01-29T16:01:38.963+0530] {processor.py:186} INFO - Started process (PID=29619) to work on /home/hp/Desktop/Bigdata_project/BigData-Project/airflow-venv/lib/python3.10/site-packages/airflow/example_dags/example_dataset_alias_with_no_taskflow.py
[2026-01-29T16:01:38.969+0530] {processor.py:914} INFO - Processing file /home/hp/Desktop/Bigdata_project/BigData-Project/airflow-venv/lib/python3.10/site-packages/airflow/example_dags/example_dataset_alias_with_no_taskflow.py for tasks to queue
[2026-01-29T16:01:38.972+0530] {logging_mixin.py:190} INFO - [2026-01-29T16:01:38.972+0530] {dagbag.py:588} INFO - Filling up the DagBag from /home/hp/Desktop/Bigdata_project/BigData-Project/airflow-venv/lib/python3.10/site-packages/airflow/example_dags/example_dataset_alias_with_no_taskflow.py
[2026-01-29T16:01:38.995+0530] {processor.py:925} INFO - DAG(s) 'dataset_s3_bucket_producer_with_no_taskflow', 'dataset_alias_example_alias_producer_with_no_taskflow', 'dataset_s3_bucket_consumer_with_no_taskflow', 'dataset_alias_example_alias_consumer_with_no_taskflow' retrieved from /home/hp/Desktop/Bigdata_project/BigData-Project/airflow-venv/lib/python3.10/site-packages/airflow/example_dags/example_dataset_alias_with_no_taskflow.py
[2026-01-29T16:01:39.017+0530] {logging_mixin.py:190} INFO - [2026-01-29T16:01:39.017+0530] {dag.py:3239} INFO - Sync 4 DAGs
[2026-01-29T16:01:39.037+0530] {logging_mixin.py:190} INFO - [2026-01-29T16:01:39.037+0530] {dag.py:4180} INFO - Setting next_dagrun for dataset_alias_example_alias_consumer_with_no_taskflow to None, run_after=None
[2026-01-29T16:01:39.039+0530] {logging_mixin.py:190} INFO - [2026-01-29T16:01:39.039+0530] {dag.py:4180} INFO - Setting next_dagrun for dataset_alias_example_alias_producer_with_no_taskflow to None, run_after=None
[2026-01-29T16:01:39.040+0530] {logging_mixin.py:190} INFO - [2026-01-29T16:01:39.040+0530] {dag.py:4180} INFO - Setting next_dagrun for dataset_s3_bucket_consumer_with_no_taskflow to None, run_after=None
[2026-01-29T16:01:39.041+0530] {logging_mixin.py:190} INFO - [2026-01-29T16:01:39.041+0530] {dag.py:4180} INFO - Setting next_dagrun for dataset_s3_bucket_producer_with_no_taskflow to None, run_after=None
[2026-01-29T16:01:39.065+0530] {processor.py:208} INFO - Processing /home/hp/Desktop/Bigdata_project/BigData-Project/airflow-venv/lib/python3.10/site-packages/airflow/example_dags/example_dataset_alias_with_no_taskflow.py took 0.108 seconds
[2026-01-29T16:02:36.737+0530] {processor.py:186} INFO - Started process (PID=29873) to work on /home/hp/Desktop/Bigdata_project/BigData-Project/airflow-venv/lib/python3.10/site-packages/airflow/example_dags/example_dataset_alias_with_no_taskflow.py
[2026-01-29T16:02:36.744+0530] {processor.py:914} INFO - Processing file /home/hp/Desktop/Bigdata_project/BigData-Project/airflow-venv/lib/python3.10/site-packages/airflow/example_dags/example_dataset_alias_with_no_taskflow.py for tasks to queue
[2026-01-29T16:02:36.746+0530] {logging_mixin.py:190} INFO - [2026-01-29T16:02:36.745+0530] {dagbag.py:588} INFO - Filling up the DagBag from /home/hp/Desktop/Bigdata_project/BigData-Project/airflow-venv/lib/python3.10/site-packages/airflow/example_dags/example_dataset_alias_with_no_taskflow.py
[2026-01-29T16:02:36.770+0530] {processor.py:925} INFO - DAG(s) 'dataset_alias_example_alias_consumer_with_no_taskflow', 'dataset_s3_bucket_consumer_with_no_taskflow', 'dataset_s3_bucket_producer_with_no_taskflow', 'dataset_alias_example_alias_producer_with_no_taskflow' retrieved from /home/hp/Desktop/Bigdata_project/BigData-Project/airflow-venv/lib/python3.10/site-packages/airflow/example_dags/example_dataset_alias_with_no_taskflow.py
[2026-01-29T16:02:36.792+0530] {logging_mixin.py:190} INFO - [2026-01-29T16:02:36.792+0530] {dag.py:3239} INFO - Sync 4 DAGs
[2026-01-29T16:02:36.813+0530] {logging_mixin.py:190} INFO - [2026-01-29T16:02:36.813+0530] {dag.py:4180} INFO - Setting next_dagrun for dataset_alias_example_alias_consumer_with_no_taskflow to None, run_after=None
[2026-01-29T16:02:36.816+0530] {logging_mixin.py:190} INFO - [2026-01-29T16:02:36.815+0530] {dag.py:4180} INFO - Setting next_dagrun for dataset_alias_example_alias_producer_with_no_taskflow to None, run_after=None
[2026-01-29T16:02:36.817+0530] {logging_mixin.py:190} INFO - [2026-01-29T16:02:36.817+0530] {dag.py:4180} INFO - Setting next_dagrun for dataset_s3_bucket_consumer_with_no_taskflow to None, run_after=None
[2026-01-29T16:02:36.818+0530] {logging_mixin.py:190} INFO - [2026-01-29T16:02:36.818+0530] {dag.py:4180} INFO - Setting next_dagrun for dataset_s3_bucket_producer_with_no_taskflow to None, run_after=None
[2026-01-29T16:02:36.842+0530] {processor.py:208} INFO - Processing /home/hp/Desktop/Bigdata_project/BigData-Project/airflow-venv/lib/python3.10/site-packages/airflow/example_dags/example_dataset_alias_with_no_taskflow.py took 0.112 seconds
[2026-01-29T16:03:30.541+0530] {processor.py:186} INFO - Started process (PID=30081) to work on /home/hp/Desktop/Bigdata_project/BigData-Project/airflow-venv/lib/python3.10/site-packages/airflow/example_dags/example_dataset_alias_with_no_taskflow.py
[2026-01-29T16:03:30.547+0530] {processor.py:914} INFO - Processing file /home/hp/Desktop/Bigdata_project/BigData-Project/airflow-venv/lib/python3.10/site-packages/airflow/example_dags/example_dataset_alias_with_no_taskflow.py for tasks to queue
[2026-01-29T16:03:30.550+0530] {logging_mixin.py:190} INFO - [2026-01-29T16:03:30.549+0530] {dagbag.py:588} INFO - Filling up the DagBag from /home/hp/Desktop/Bigdata_project/BigData-Project/airflow-venv/lib/python3.10/site-packages/airflow/example_dags/example_dataset_alias_with_no_taskflow.py
[2026-01-29T16:03:30.575+0530] {processor.py:925} INFO - DAG(s) 'dataset_alias_example_alias_consumer_with_no_taskflow', 'dataset_alias_example_alias_producer_with_no_taskflow', 'dataset_s3_bucket_producer_with_no_taskflow', 'dataset_s3_bucket_consumer_with_no_taskflow' retrieved from /home/hp/Desktop/Bigdata_project/BigData-Project/airflow-venv/lib/python3.10/site-packages/airflow/example_dags/example_dataset_alias_with_no_taskflow.py
[2026-01-29T16:03:30.598+0530] {logging_mixin.py:190} INFO - [2026-01-29T16:03:30.597+0530] {dag.py:3239} INFO - Sync 4 DAGs
[2026-01-29T16:03:30.618+0530] {logging_mixin.py:190} INFO - [2026-01-29T16:03:30.618+0530] {dag.py:4180} INFO - Setting next_dagrun for dataset_alias_example_alias_consumer_with_no_taskflow to None, run_after=None
[2026-01-29T16:03:30.621+0530] {logging_mixin.py:190} INFO - [2026-01-29T16:03:30.621+0530] {dag.py:4180} INFO - Setting next_dagrun for dataset_alias_example_alias_producer_with_no_taskflow to None, run_after=None
[2026-01-29T16:03:30.622+0530] {logging_mixin.py:190} INFO - [2026-01-29T16:03:30.622+0530] {dag.py:4180} INFO - Setting next_dagrun for dataset_s3_bucket_consumer_with_no_taskflow to None, run_after=None
[2026-01-29T16:03:30.624+0530] {logging_mixin.py:190} INFO - [2026-01-29T16:03:30.623+0530] {dag.py:4180} INFO - Setting next_dagrun for dataset_s3_bucket_producer_with_no_taskflow to None, run_after=None
[2026-01-29T16:03:30.650+0530] {processor.py:208} INFO - Processing /home/hp/Desktop/Bigdata_project/BigData-Project/airflow-venv/lib/python3.10/site-packages/airflow/example_dags/example_dataset_alias_with_no_taskflow.py took 0.117 seconds
[2026-01-29T16:04:25.382+0530] {processor.py:186} INFO - Started process (PID=30298) to work on /home/hp/Desktop/Bigdata_project/BigData-Project/airflow-venv/lib/python3.10/site-packages/airflow/example_dags/example_dataset_alias_with_no_taskflow.py
[2026-01-29T16:04:25.388+0530] {processor.py:914} INFO - Processing file /home/hp/Desktop/Bigdata_project/BigData-Project/airflow-venv/lib/python3.10/site-packages/airflow/example_dags/example_dataset_alias_with_no_taskflow.py for tasks to queue
[2026-01-29T16:04:25.391+0530] {logging_mixin.py:190} INFO - [2026-01-29T16:04:25.391+0530] {dagbag.py:588} INFO - Filling up the DagBag from /home/hp/Desktop/Bigdata_project/BigData-Project/airflow-venv/lib/python3.10/site-packages/airflow/example_dags/example_dataset_alias_with_no_taskflow.py
[2026-01-29T16:04:25.416+0530] {processor.py:925} INFO - DAG(s) 'dataset_alias_example_alias_producer_with_no_taskflow', 'dataset_s3_bucket_consumer_with_no_taskflow', 'dataset_s3_bucket_producer_with_no_taskflow', 'dataset_alias_example_alias_consumer_with_no_taskflow' retrieved from /home/hp/Desktop/Bigdata_project/BigData-Project/airflow-venv/lib/python3.10/site-packages/airflow/example_dags/example_dataset_alias_with_no_taskflow.py
[2026-01-29T16:04:25.439+0530] {logging_mixin.py:190} INFO - [2026-01-29T16:04:25.439+0530] {dag.py:3239} INFO - Sync 4 DAGs
[2026-01-29T16:04:25.459+0530] {logging_mixin.py:190} INFO - [2026-01-29T16:04:25.459+0530] {dag.py:4180} INFO - Setting next_dagrun for dataset_alias_example_alias_consumer_with_no_taskflow to None, run_after=None
[2026-01-29T16:04:25.462+0530] {logging_mixin.py:190} INFO - [2026-01-29T16:04:25.462+0530] {dag.py:4180} INFO - Setting next_dagrun for dataset_alias_example_alias_producer_with_no_taskflow to None, run_after=None
[2026-01-29T16:04:25.463+0530] {logging_mixin.py:190} INFO - [2026-01-29T16:04:25.463+0530] {dag.py:4180} INFO - Setting next_dagrun for dataset_s3_bucket_consumer_with_no_taskflow to None, run_after=None
[2026-01-29T16:04:25.464+0530] {logging_mixin.py:190} INFO - [2026-01-29T16:04:25.464+0530] {dag.py:4180} INFO - Setting next_dagrun for dataset_s3_bucket_producer_with_no_taskflow to None, run_after=None
[2026-01-29T16:04:25.489+0530] {processor.py:208} INFO - Processing /home/hp/Desktop/Bigdata_project/BigData-Project/airflow-venv/lib/python3.10/site-packages/airflow/example_dags/example_dataset_alias_with_no_taskflow.py took 0.115 seconds
[2026-01-29T16:05:21.561+0530] {processor.py:186} INFO - Started process (PID=30592) to work on /home/hp/Desktop/Bigdata_project/BigData-Project/airflow-venv/lib/python3.10/site-packages/airflow/example_dags/example_dataset_alias_with_no_taskflow.py
[2026-01-29T16:05:21.568+0530] {processor.py:914} INFO - Processing file /home/hp/Desktop/Bigdata_project/BigData-Project/airflow-venv/lib/python3.10/site-packages/airflow/example_dags/example_dataset_alias_with_no_taskflow.py for tasks to queue
[2026-01-29T16:05:21.571+0530] {logging_mixin.py:190} INFO - [2026-01-29T16:05:21.570+0530] {dagbag.py:588} INFO - Filling up the DagBag from /home/hp/Desktop/Bigdata_project/BigData-Project/airflow-venv/lib/python3.10/site-packages/airflow/example_dags/example_dataset_alias_with_no_taskflow.py
[2026-01-29T16:05:21.602+0530] {processor.py:925} INFO - DAG(s) 'dataset_s3_bucket_producer_with_no_taskflow', 'dataset_s3_bucket_consumer_with_no_taskflow', 'dataset_alias_example_alias_consumer_with_no_taskflow', 'dataset_alias_example_alias_producer_with_no_taskflow' retrieved from /home/hp/Desktop/Bigdata_project/BigData-Project/airflow-venv/lib/python3.10/site-packages/airflow/example_dags/example_dataset_alias_with_no_taskflow.py
[2026-01-29T16:05:21.626+0530] {logging_mixin.py:190} INFO - [2026-01-29T16:05:21.626+0530] {dag.py:3239} INFO - Sync 4 DAGs
[2026-01-29T16:05:21.646+0530] {logging_mixin.py:190} INFO - [2026-01-29T16:05:21.646+0530] {dag.py:4180} INFO - Setting next_dagrun for dataset_alias_example_alias_consumer_with_no_taskflow to None, run_after=None
[2026-01-29T16:05:21.648+0530] {logging_mixin.py:190} INFO - [2026-01-29T16:05:21.648+0530] {dag.py:4180} INFO - Setting next_dagrun for dataset_alias_example_alias_producer_with_no_taskflow to None, run_after=None
[2026-01-29T16:05:21.650+0530] {logging_mixin.py:190} INFO - [2026-01-29T16:05:21.649+0530] {dag.py:4180} INFO - Setting next_dagrun for dataset_s3_bucket_consumer_with_no_taskflow to None, run_after=None
[2026-01-29T16:05:21.651+0530] {logging_mixin.py:190} INFO - [2026-01-29T16:05:21.651+0530] {dag.py:4180} INFO - Setting next_dagrun for dataset_s3_bucket_producer_with_no_taskflow to None, run_after=None
[2026-01-29T16:05:21.675+0530] {processor.py:208} INFO - Processing /home/hp/Desktop/Bigdata_project/BigData-Project/airflow-venv/lib/python3.10/site-packages/airflow/example_dags/example_dataset_alias_with_no_taskflow.py took 0.121 seconds
[2026-01-29T16:06:17.487+0530] {processor.py:186} INFO - Started process (PID=30826) to work on /home/hp/Desktop/Bigdata_project/BigData-Project/airflow-venv/lib/python3.10/site-packages/airflow/example_dags/example_dataset_alias_with_no_taskflow.py
[2026-01-29T16:06:17.493+0530] {processor.py:914} INFO - Processing file /home/hp/Desktop/Bigdata_project/BigData-Project/airflow-venv/lib/python3.10/site-packages/airflow/example_dags/example_dataset_alias_with_no_taskflow.py for tasks to queue
[2026-01-29T16:06:17.495+0530] {logging_mixin.py:190} INFO - [2026-01-29T16:06:17.495+0530] {dagbag.py:588} INFO - Filling up the DagBag from /home/hp/Desktop/Bigdata_project/BigData-Project/airflow-venv/lib/python3.10/site-packages/airflow/example_dags/example_dataset_alias_with_no_taskflow.py
[2026-01-29T16:06:17.520+0530] {processor.py:925} INFO - DAG(s) 'dataset_s3_bucket_producer_with_no_taskflow', 'dataset_alias_example_alias_consumer_with_no_taskflow', 'dataset_s3_bucket_consumer_with_no_taskflow', 'dataset_alias_example_alias_producer_with_no_taskflow' retrieved from /home/hp/Desktop/Bigdata_project/BigData-Project/airflow-venv/lib/python3.10/site-packages/airflow/example_dags/example_dataset_alias_with_no_taskflow.py
[2026-01-29T16:06:17.541+0530] {logging_mixin.py:190} INFO - [2026-01-29T16:06:17.541+0530] {dag.py:3239} INFO - Sync 4 DAGs
[2026-01-29T16:06:17.562+0530] {logging_mixin.py:190} INFO - [2026-01-29T16:06:17.561+0530] {dag.py:4180} INFO - Setting next_dagrun for dataset_alias_example_alias_consumer_with_no_taskflow to None, run_after=None
[2026-01-29T16:06:17.564+0530] {logging_mixin.py:190} INFO - [2026-01-29T16:06:17.564+0530] {dag.py:4180} INFO - Setting next_dagrun for dataset_alias_example_alias_producer_with_no_taskflow to None, run_after=None
[2026-01-29T16:06:17.565+0530] {logging_mixin.py:190} INFO - [2026-01-29T16:06:17.565+0530] {dag.py:4180} INFO - Setting next_dagrun for dataset_s3_bucket_consumer_with_no_taskflow to None, run_after=None
[2026-01-29T16:06:17.566+0530] {logging_mixin.py:190} INFO - [2026-01-29T16:06:17.566+0530] {dag.py:4180} INFO - Setting next_dagrun for dataset_s3_bucket_producer_with_no_taskflow to None, run_after=None
[2026-01-29T16:06:17.589+0530] {processor.py:208} INFO - Processing /home/hp/Desktop/Bigdata_project/BigData-Project/airflow-venv/lib/python3.10/site-packages/airflow/example_dags/example_dataset_alias_with_no_taskflow.py took 0.109 seconds
[2026-01-29T16:07:14.977+0530] {processor.py:186} INFO - Started process (PID=31116) to work on /home/hp/Desktop/Bigdata_project/BigData-Project/airflow-venv/lib/python3.10/site-packages/airflow/example_dags/example_dataset_alias_with_no_taskflow.py
[2026-01-29T16:07:14.984+0530] {processor.py:914} INFO - Processing file /home/hp/Desktop/Bigdata_project/BigData-Project/airflow-venv/lib/python3.10/site-packages/airflow/example_dags/example_dataset_alias_with_no_taskflow.py for tasks to queue
[2026-01-29T16:07:14.986+0530] {logging_mixin.py:190} INFO - [2026-01-29T16:07:14.986+0530] {dagbag.py:588} INFO - Filling up the DagBag from /home/hp/Desktop/Bigdata_project/BigData-Project/airflow-venv/lib/python3.10/site-packages/airflow/example_dags/example_dataset_alias_with_no_taskflow.py
[2026-01-29T16:07:15.011+0530] {processor.py:925} INFO - DAG(s) 'dataset_alias_example_alias_producer_with_no_taskflow', 'dataset_s3_bucket_producer_with_no_taskflow', 'dataset_s3_bucket_consumer_with_no_taskflow', 'dataset_alias_example_alias_consumer_with_no_taskflow' retrieved from /home/hp/Desktop/Bigdata_project/BigData-Project/airflow-venv/lib/python3.10/site-packages/airflow/example_dags/example_dataset_alias_with_no_taskflow.py
[2026-01-29T16:07:15.032+0530] {logging_mixin.py:190} INFO - [2026-01-29T16:07:15.032+0530] {dag.py:3239} INFO - Sync 4 DAGs
[2026-01-29T16:07:15.051+0530] {logging_mixin.py:190} INFO - [2026-01-29T16:07:15.051+0530] {dag.py:4180} INFO - Setting next_dagrun for dataset_alias_example_alias_consumer_with_no_taskflow to None, run_after=None
[2026-01-29T16:07:15.054+0530] {logging_mixin.py:190} INFO - [2026-01-29T16:07:15.054+0530] {dag.py:4180} INFO - Setting next_dagrun for dataset_alias_example_alias_producer_with_no_taskflow to None, run_after=None
[2026-01-29T16:07:15.055+0530] {logging_mixin.py:190} INFO - [2026-01-29T16:07:15.055+0530] {dag.py:4180} INFO - Setting next_dagrun for dataset_s3_bucket_consumer_with_no_taskflow to None, run_after=None
[2026-01-29T16:07:15.056+0530] {logging_mixin.py:190} INFO - [2026-01-29T16:07:15.056+0530] {dag.py:4180} INFO - Setting next_dagrun for dataset_s3_bucket_producer_with_no_taskflow to None, run_after=None
[2026-01-29T16:07:15.080+0530] {processor.py:208} INFO - Processing /home/hp/Desktop/Bigdata_project/BigData-Project/airflow-venv/lib/python3.10/site-packages/airflow/example_dags/example_dataset_alias_with_no_taskflow.py took 0.110 seconds
[2026-01-29T16:08:13.181+0530] {processor.py:186} INFO - Started process (PID=31351) to work on /home/hp/Desktop/Bigdata_project/BigData-Project/airflow-venv/lib/python3.10/site-packages/airflow/example_dags/example_dataset_alias_with_no_taskflow.py
[2026-01-29T16:08:13.187+0530] {processor.py:914} INFO - Processing file /home/hp/Desktop/Bigdata_project/BigData-Project/airflow-venv/lib/python3.10/site-packages/airflow/example_dags/example_dataset_alias_with_no_taskflow.py for tasks to queue
[2026-01-29T16:08:13.190+0530] {logging_mixin.py:190} INFO - [2026-01-29T16:08:13.190+0530] {dagbag.py:588} INFO - Filling up the DagBag from /home/hp/Desktop/Bigdata_project/BigData-Project/airflow-venv/lib/python3.10/site-packages/airflow/example_dags/example_dataset_alias_with_no_taskflow.py
[2026-01-29T16:08:13.215+0530] {processor.py:925} INFO - DAG(s) 'dataset_alias_example_alias_producer_with_no_taskflow', 'dataset_s3_bucket_producer_with_no_taskflow', 'dataset_alias_example_alias_consumer_with_no_taskflow', 'dataset_s3_bucket_consumer_with_no_taskflow' retrieved from /home/hp/Desktop/Bigdata_project/BigData-Project/airflow-venv/lib/python3.10/site-packages/airflow/example_dags/example_dataset_alias_with_no_taskflow.py
[2026-01-29T16:08:13.236+0530] {logging_mixin.py:190} INFO - [2026-01-29T16:08:13.236+0530] {dag.py:3239} INFO - Sync 4 DAGs
[2026-01-29T16:08:13.256+0530] {logging_mixin.py:190} INFO - [2026-01-29T16:08:13.256+0530] {dag.py:4180} INFO - Setting next_dagrun for dataset_alias_example_alias_consumer_with_no_taskflow to None, run_after=None
[2026-01-29T16:08:13.258+0530] {logging_mixin.py:190} INFO - [2026-01-29T16:08:13.258+0530] {dag.py:4180} INFO - Setting next_dagrun for dataset_alias_example_alias_producer_with_no_taskflow to None, run_after=None
[2026-01-29T16:08:13.260+0530] {logging_mixin.py:190} INFO - [2026-01-29T16:08:13.259+0530] {dag.py:4180} INFO - Setting next_dagrun for dataset_s3_bucket_consumer_with_no_taskflow to None, run_after=None
[2026-01-29T16:08:13.261+0530] {logging_mixin.py:190} INFO - [2026-01-29T16:08:13.261+0530] {dag.py:4180} INFO - Setting next_dagrun for dataset_s3_bucket_producer_with_no_taskflow to None, run_after=None
[2026-01-29T16:08:13.285+0530] {processor.py:208} INFO - Processing /home/hp/Desktop/Bigdata_project/BigData-Project/airflow-venv/lib/python3.10/site-packages/airflow/example_dags/example_dataset_alias_with_no_taskflow.py took 0.111 seconds
[2026-01-29T16:09:23.022+0530] {processor.py:186} INFO - Started process (PID=31727) to work on /home/hp/Desktop/Bigdata_project/BigData-Project/airflow-venv/lib/python3.10/site-packages/airflow/example_dags/example_dataset_alias_with_no_taskflow.py
[2026-01-29T16:09:23.023+0530] {processor.py:914} INFO - Processing file /home/hp/Desktop/Bigdata_project/BigData-Project/airflow-venv/lib/python3.10/site-packages/airflow/example_dags/example_dataset_alias_with_no_taskflow.py for tasks to queue
[2026-01-29T16:09:23.025+0530] {logging_mixin.py:190} INFO - [2026-01-29T16:09:23.024+0530] {dagbag.py:588} INFO - Filling up the DagBag from /home/hp/Desktop/Bigdata_project/BigData-Project/airflow-venv/lib/python3.10/site-packages/airflow/example_dags/example_dataset_alias_with_no_taskflow.py
[2026-01-29T16:09:23.044+0530] {processor.py:925} INFO - DAG(s) 'dataset_s3_bucket_producer_with_no_taskflow', 'dataset_alias_example_alias_producer_with_no_taskflow', 'dataset_alias_example_alias_consumer_with_no_taskflow', 'dataset_s3_bucket_consumer_with_no_taskflow' retrieved from /home/hp/Desktop/Bigdata_project/BigData-Project/airflow-venv/lib/python3.10/site-packages/airflow/example_dags/example_dataset_alias_with_no_taskflow.py
[2026-01-29T16:09:23.132+0530] {logging_mixin.py:190} INFO - [2026-01-29T16:09:23.132+0530] {override.py:1930} INFO - Created Permission View: can edit on DAG:dataset_s3_bucket_producer_with_no_taskflow
[2026-01-29T16:09:23.144+0530] {logging_mixin.py:190} INFO - [2026-01-29T16:09:23.143+0530] {override.py:1930} INFO - Created Permission View: can delete on DAG:dataset_s3_bucket_producer_with_no_taskflow
[2026-01-29T16:09:23.151+0530] {logging_mixin.py:190} INFO - [2026-01-29T16:09:23.151+0530] {override.py:1930} INFO - Created Permission View: can read on DAG:dataset_s3_bucket_producer_with_no_taskflow
[2026-01-29T16:09:23.162+0530] {logging_mixin.py:190} INFO - [2026-01-29T16:09:23.162+0530] {override.py:1930} INFO - Created Permission View: menu access on DAG Run:dataset_s3_bucket_producer_with_no_taskflow
[2026-01-29T16:09:23.169+0530] {logging_mixin.py:190} INFO - [2026-01-29T16:09:23.169+0530] {override.py:1930} INFO - Created Permission View: can delete on DAG Run:dataset_s3_bucket_producer_with_no_taskflow
[2026-01-29T16:09:23.176+0530] {logging_mixin.py:190} INFO - [2026-01-29T16:09:23.176+0530] {override.py:1930} INFO - Created Permission View: can create on DAG Run:dataset_s3_bucket_producer_with_no_taskflow
[2026-01-29T16:09:23.184+0530] {logging_mixin.py:190} INFO - [2026-01-29T16:09:23.184+0530] {override.py:1930} INFO - Created Permission View: can read on DAG Run:dataset_s3_bucket_producer_with_no_taskflow
[2026-01-29T16:09:23.201+0530] {logging_mixin.py:190} INFO - [2026-01-29T16:09:23.201+0530] {override.py:1930} INFO - Created Permission View: can edit on DAG:dataset_alias_example_alias_producer_with_no_taskflow
[2026-01-29T16:09:23.209+0530] {logging_mixin.py:190} INFO - [2026-01-29T16:09:23.208+0530] {override.py:1930} INFO - Created Permission View: can delete on DAG:dataset_alias_example_alias_producer_with_no_taskflow
[2026-01-29T16:09:23.216+0530] {logging_mixin.py:190} INFO - [2026-01-29T16:09:23.215+0530] {override.py:1930} INFO - Created Permission View: can read on DAG:dataset_alias_example_alias_producer_with_no_taskflow
[2026-01-29T16:09:23.226+0530] {logging_mixin.py:190} INFO - [2026-01-29T16:09:23.226+0530] {override.py:1930} INFO - Created Permission View: menu access on DAG Run:dataset_alias_example_alias_producer_with_no_taskflow
[2026-01-29T16:09:23.234+0530] {logging_mixin.py:190} INFO - [2026-01-29T16:09:23.233+0530] {override.py:1930} INFO - Created Permission View: can delete on DAG Run:dataset_alias_example_alias_producer_with_no_taskflow
[2026-01-29T16:09:23.241+0530] {logging_mixin.py:190} INFO - [2026-01-29T16:09:23.241+0530] {override.py:1930} INFO - Created Permission View: can create on DAG Run:dataset_alias_example_alias_producer_with_no_taskflow
[2026-01-29T16:09:23.250+0530] {logging_mixin.py:190} INFO - [2026-01-29T16:09:23.249+0530] {override.py:1930} INFO - Created Permission View: can read on DAG Run:dataset_alias_example_alias_producer_with_no_taskflow
[2026-01-29T16:09:23.264+0530] {logging_mixin.py:190} INFO - [2026-01-29T16:09:23.263+0530] {override.py:1930} INFO - Created Permission View: can edit on DAG:dataset_alias_example_alias_consumer_with_no_taskflow
[2026-01-29T16:09:23.271+0530] {logging_mixin.py:190} INFO - [2026-01-29T16:09:23.271+0530] {override.py:1930} INFO - Created Permission View: can delete on DAG:dataset_alias_example_alias_consumer_with_no_taskflow
[2026-01-29T16:09:23.278+0530] {logging_mixin.py:190} INFO - [2026-01-29T16:09:23.278+0530] {override.py:1930} INFO - Created Permission View: can read on DAG:dataset_alias_example_alias_consumer_with_no_taskflow
[2026-01-29T16:09:23.291+0530] {logging_mixin.py:190} INFO - [2026-01-29T16:09:23.291+0530] {override.py:1930} INFO - Created Permission View: menu access on DAG Run:dataset_alias_example_alias_consumer_with_no_taskflow
[2026-01-29T16:09:23.298+0530] {logging_mixin.py:190} INFO - [2026-01-29T16:09:23.298+0530] {override.py:1930} INFO - Created Permission View: can delete on DAG Run:dataset_alias_example_alias_consumer_with_no_taskflow
[2026-01-29T16:09:23.305+0530] {logging_mixin.py:190} INFO - [2026-01-29T16:09:23.305+0530] {override.py:1930} INFO - Created Permission View: can create on DAG Run:dataset_alias_example_alias_consumer_with_no_taskflow
[2026-01-29T16:09:23.313+0530] {logging_mixin.py:190} INFO - [2026-01-29T16:09:23.313+0530] {override.py:1930} INFO - Created Permission View: can read on DAG Run:dataset_alias_example_alias_consumer_with_no_taskflow
[2026-01-29T16:09:23.327+0530] {logging_mixin.py:190} INFO - [2026-01-29T16:09:23.327+0530] {override.py:1930} INFO - Created Permission View: can edit on DAG:dataset_s3_bucket_consumer_with_no_taskflow
[2026-01-29T16:09:23.335+0530] {logging_mixin.py:190} INFO - [2026-01-29T16:09:23.335+0530] {override.py:1930} INFO - Created Permission View: can delete on DAG:dataset_s3_bucket_consumer_with_no_taskflow
[2026-01-29T16:09:23.343+0530] {logging_mixin.py:190} INFO - [2026-01-29T16:09:23.342+0530] {override.py:1930} INFO - Created Permission View: can read on DAG:dataset_s3_bucket_consumer_with_no_taskflow
[2026-01-29T16:09:23.354+0530] {logging_mixin.py:190} INFO - [2026-01-29T16:09:23.354+0530] {override.py:1930} INFO - Created Permission View: menu access on DAG Run:dataset_s3_bucket_consumer_with_no_taskflow
[2026-01-29T16:09:23.362+0530] {logging_mixin.py:190} INFO - [2026-01-29T16:09:23.361+0530] {override.py:1930} INFO - Created Permission View: can delete on DAG Run:dataset_s3_bucket_consumer_with_no_taskflow
[2026-01-29T16:09:23.369+0530] {logging_mixin.py:190} INFO - [2026-01-29T16:09:23.369+0530] {override.py:1930} INFO - Created Permission View: can create on DAG Run:dataset_s3_bucket_consumer_with_no_taskflow
[2026-01-29T16:09:23.377+0530] {logging_mixin.py:190} INFO - [2026-01-29T16:09:23.376+0530] {override.py:1930} INFO - Created Permission View: can read on DAG Run:dataset_s3_bucket_consumer_with_no_taskflow
[2026-01-29T16:09:23.377+0530] {logging_mixin.py:190} INFO - [2026-01-29T16:09:23.377+0530] {dag.py:3239} INFO - Sync 4 DAGs
[2026-01-29T16:09:23.389+0530] {logging_mixin.py:190} INFO - [2026-01-29T16:09:23.389+0530] {dag.py:3262} INFO - Creating ORM DAG for dataset_alias_example_alias_consumer_with_no_taskflow
[2026-01-29T16:09:23.390+0530] {logging_mixin.py:190} INFO - [2026-01-29T16:09:23.389+0530] {dag.py:3262} INFO - Creating ORM DAG for dataset_s3_bucket_consumer_with_no_taskflow
[2026-01-29T16:09:23.390+0530] {logging_mixin.py:190} INFO - [2026-01-29T16:09:23.390+0530] {dag.py:3262} INFO - Creating ORM DAG for dataset_alias_example_alias_producer_with_no_taskflow
[2026-01-29T16:09:23.391+0530] {logging_mixin.py:190} INFO - [2026-01-29T16:09:23.390+0530] {dag.py:3262} INFO - Creating ORM DAG for dataset_s3_bucket_producer_with_no_taskflow
[2026-01-29T16:09:23.398+0530] {logging_mixin.py:190} INFO - [2026-01-29T16:09:23.398+0530] {dag.py:4180} INFO - Setting next_dagrun for dataset_alias_example_alias_consumer_with_no_taskflow to None, run_after=None
[2026-01-29T16:09:23.399+0530] {logging_mixin.py:190} INFO - [2026-01-29T16:09:23.399+0530] {dag.py:4180} INFO - Setting next_dagrun for dataset_alias_example_alias_producer_with_no_taskflow to None, run_after=None
[2026-01-29T16:09:23.400+0530] {logging_mixin.py:190} INFO - [2026-01-29T16:09:23.399+0530] {dag.py:4180} INFO - Setting next_dagrun for dataset_s3_bucket_consumer_with_no_taskflow to None, run_after=None
[2026-01-29T16:09:23.400+0530] {logging_mixin.py:190} INFO - [2026-01-29T16:09:23.400+0530] {dag.py:4180} INFO - Setting next_dagrun for dataset_s3_bucket_producer_with_no_taskflow to None, run_after=None
[2026-01-29T16:09:23.537+0530] {processor.py:208} INFO - Processing /home/hp/Desktop/Bigdata_project/BigData-Project/airflow-venv/lib/python3.10/site-packages/airflow/example_dags/example_dataset_alias_with_no_taskflow.py took 0.522 seconds
