[2026-01-29T15:55:25.329+0530] {processor.py:186} INFO - Started process (PID=28274) to work on /home/hp/Desktop/Bigdata_project/BigData-Project/airflow-venv/lib/python3.10/site-packages/airflow/example_dags/example_xcomargs.py
[2026-01-29T15:55:25.331+0530] {processor.py:914} INFO - Processing file /home/hp/Desktop/Bigdata_project/BigData-Project/airflow-venv/lib/python3.10/site-packages/airflow/example_dags/example_xcomargs.py for tasks to queue
[2026-01-29T15:55:25.333+0530] {logging_mixin.py:190} INFO - [2026-01-29T15:55:25.333+0530] {dagbag.py:588} INFO - Filling up the DagBag from /home/hp/Desktop/Bigdata_project/BigData-Project/airflow-venv/lib/python3.10/site-packages/airflow/example_dags/example_xcomargs.py
[2026-01-29T15:55:25.346+0530] {processor.py:925} INFO - DAG(s) 'example_xcom_args_with_operators', 'example_xcom_args' retrieved from /home/hp/Desktop/Bigdata_project/BigData-Project/airflow-venv/lib/python3.10/site-packages/airflow/example_dags/example_xcomargs.py
[2026-01-29T15:55:25.464+0530] {logging_mixin.py:190} INFO - [2026-01-29T15:55:25.463+0530] {override.py:1930} INFO - Created Permission View: can edit on DAG:example_xcom_args_with_operators
[2026-01-29T15:55:25.476+0530] {logging_mixin.py:190} INFO - [2026-01-29T15:55:25.475+0530] {override.py:1930} INFO - Created Permission View: can delete on DAG:example_xcom_args_with_operators
[2026-01-29T15:55:25.484+0530] {logging_mixin.py:190} INFO - [2026-01-29T15:55:25.484+0530] {override.py:1930} INFO - Created Permission View: can read on DAG:example_xcom_args_with_operators
[2026-01-29T15:55:25.496+0530] {logging_mixin.py:190} INFO - [2026-01-29T15:55:25.496+0530] {override.py:1930} INFO - Created Permission View: can delete on DAG Run:example_xcom_args_with_operators
[2026-01-29T15:55:25.504+0530] {logging_mixin.py:190} INFO - [2026-01-29T15:55:25.504+0530] {override.py:1930} INFO - Created Permission View: can read on DAG Run:example_xcom_args_with_operators
[2026-01-29T15:55:25.513+0530] {logging_mixin.py:190} INFO - [2026-01-29T15:55:25.513+0530] {override.py:1930} INFO - Created Permission View: menu access on DAG Run:example_xcom_args_with_operators
[2026-01-29T15:55:25.522+0530] {logging_mixin.py:190} INFO - [2026-01-29T15:55:25.521+0530] {override.py:1930} INFO - Created Permission View: can create on DAG Run:example_xcom_args_with_operators
[2026-01-29T15:55:25.540+0530] {logging_mixin.py:190} INFO - [2026-01-29T15:55:25.540+0530] {override.py:1930} INFO - Created Permission View: can edit on DAG:example_xcom_args
[2026-01-29T15:55:25.549+0530] {logging_mixin.py:190} INFO - [2026-01-29T15:55:25.549+0530] {override.py:1930} INFO - Created Permission View: can delete on DAG:example_xcom_args
[2026-01-29T15:55:25.558+0530] {logging_mixin.py:190} INFO - [2026-01-29T15:55:25.557+0530] {override.py:1930} INFO - Created Permission View: can read on DAG:example_xcom_args
[2026-01-29T15:55:25.570+0530] {logging_mixin.py:190} INFO - [2026-01-29T15:55:25.569+0530] {override.py:1930} INFO - Created Permission View: can delete on DAG Run:example_xcom_args
[2026-01-29T15:55:25.578+0530] {logging_mixin.py:190} INFO - [2026-01-29T15:55:25.577+0530] {override.py:1930} INFO - Created Permission View: can read on DAG Run:example_xcom_args
[2026-01-29T15:55:25.586+0530] {logging_mixin.py:190} INFO - [2026-01-29T15:55:25.586+0530] {override.py:1930} INFO - Created Permission View: menu access on DAG Run:example_xcom_args
[2026-01-29T15:55:25.594+0530] {logging_mixin.py:190} INFO - [2026-01-29T15:55:25.594+0530] {override.py:1930} INFO - Created Permission View: can create on DAG Run:example_xcom_args
[2026-01-29T15:55:25.595+0530] {logging_mixin.py:190} INFO - [2026-01-29T15:55:25.595+0530] {dag.py:3239} INFO - Sync 2 DAGs
[2026-01-29T15:55:25.608+0530] {logging_mixin.py:190} INFO - [2026-01-29T15:55:25.607+0530] {dag.py:3262} INFO - Creating ORM DAG for example_xcom_args_with_operators
[2026-01-29T15:55:25.608+0530] {logging_mixin.py:190} INFO - [2026-01-29T15:55:25.608+0530] {dag.py:3262} INFO - Creating ORM DAG for example_xcom_args
[2026-01-29T15:55:25.609+0530] {logging_mixin.py:190} INFO - [2026-01-29T15:55:25.609+0530] {dag.py:4180} INFO - Setting next_dagrun for example_xcom_args to None, run_after=None
[2026-01-29T15:55:25.610+0530] {logging_mixin.py:190} INFO - [2026-01-29T15:55:25.609+0530] {dag.py:4180} INFO - Setting next_dagrun for example_xcom_args_with_operators to None, run_after=None
[2026-01-29T15:55:25.630+0530] {processor.py:208} INFO - Processing /home/hp/Desktop/Bigdata_project/BigData-Project/airflow-venv/lib/python3.10/site-packages/airflow/example_dags/example_xcomargs.py took 0.309 seconds
[2026-01-29T15:56:31.594+0530] {processor.py:186} INFO - Started process (PID=28534) to work on /home/hp/Desktop/Bigdata_project/BigData-Project/airflow-venv/lib/python3.10/site-packages/airflow/example_dags/example_xcomargs.py
[2026-01-29T15:56:31.600+0530] {processor.py:914} INFO - Processing file /home/hp/Desktop/Bigdata_project/BigData-Project/airflow-venv/lib/python3.10/site-packages/airflow/example_dags/example_xcomargs.py for tasks to queue
[2026-01-29T15:56:31.603+0530] {logging_mixin.py:190} INFO - [2026-01-29T15:56:31.603+0530] {dagbag.py:588} INFO - Filling up the DagBag from /home/hp/Desktop/Bigdata_project/BigData-Project/airflow-venv/lib/python3.10/site-packages/airflow/example_dags/example_xcomargs.py
[2026-01-29T15:56:31.614+0530] {processor.py:925} INFO - DAG(s) 'example_xcom_args_with_operators', 'example_xcom_args' retrieved from /home/hp/Desktop/Bigdata_project/BigData-Project/airflow-venv/lib/python3.10/site-packages/airflow/example_dags/example_xcomargs.py
[2026-01-29T15:56:31.635+0530] {logging_mixin.py:190} INFO - [2026-01-29T15:56:31.635+0530] {dag.py:3239} INFO - Sync 2 DAGs
[2026-01-29T15:56:31.648+0530] {logging_mixin.py:190} INFO - [2026-01-29T15:56:31.648+0530] {dag.py:4180} INFO - Setting next_dagrun for example_xcom_args to None, run_after=None
[2026-01-29T15:56:31.651+0530] {logging_mixin.py:190} INFO - [2026-01-29T15:56:31.651+0530] {dag.py:4180} INFO - Setting next_dagrun for example_xcom_args_with_operators to None, run_after=None
[2026-01-29T15:56:31.670+0530] {processor.py:208} INFO - Processing /home/hp/Desktop/Bigdata_project/BigData-Project/airflow-venv/lib/python3.10/site-packages/airflow/example_dags/example_xcomargs.py took 0.083 seconds
[2026-01-29T15:57:29.734+0530] {processor.py:186} INFO - Started process (PID=28723) to work on /home/hp/Desktop/Bigdata_project/BigData-Project/airflow-venv/lib/python3.10/site-packages/airflow/example_dags/example_xcomargs.py
[2026-01-29T15:57:29.740+0530] {processor.py:914} INFO - Processing file /home/hp/Desktop/Bigdata_project/BigData-Project/airflow-venv/lib/python3.10/site-packages/airflow/example_dags/example_xcomargs.py for tasks to queue
[2026-01-29T15:57:29.742+0530] {logging_mixin.py:190} INFO - [2026-01-29T15:57:29.742+0530] {dagbag.py:588} INFO - Filling up the DagBag from /home/hp/Desktop/Bigdata_project/BigData-Project/airflow-venv/lib/python3.10/site-packages/airflow/example_dags/example_xcomargs.py
[2026-01-29T15:57:29.753+0530] {processor.py:925} INFO - DAG(s) 'example_xcom_args_with_operators', 'example_xcom_args' retrieved from /home/hp/Desktop/Bigdata_project/BigData-Project/airflow-venv/lib/python3.10/site-packages/airflow/example_dags/example_xcomargs.py
[2026-01-29T15:57:29.773+0530] {logging_mixin.py:190} INFO - [2026-01-29T15:57:29.773+0530] {dag.py:3239} INFO - Sync 2 DAGs
[2026-01-29T15:57:29.787+0530] {logging_mixin.py:190} INFO - [2026-01-29T15:57:29.786+0530] {dag.py:4180} INFO - Setting next_dagrun for example_xcom_args to None, run_after=None
[2026-01-29T15:57:29.790+0530] {logging_mixin.py:190} INFO - [2026-01-29T15:57:29.790+0530] {dag.py:4180} INFO - Setting next_dagrun for example_xcom_args_with_operators to None, run_after=None
[2026-01-29T15:57:29.809+0530] {processor.py:208} INFO - Processing /home/hp/Desktop/Bigdata_project/BigData-Project/airflow-venv/lib/python3.10/site-packages/airflow/example_dags/example_xcomargs.py took 0.082 seconds
[2026-01-29T16:00:06.877+0530] {processor.py:186} INFO - Started process (PID=29088) to work on /home/hp/Desktop/Bigdata_project/BigData-Project/airflow-venv/lib/python3.10/site-packages/airflow/example_dags/example_xcomargs.py
[2026-01-29T16:00:06.884+0530] {processor.py:914} INFO - Processing file /home/hp/Desktop/Bigdata_project/BigData-Project/airflow-venv/lib/python3.10/site-packages/airflow/example_dags/example_xcomargs.py for tasks to queue
[2026-01-29T16:00:06.886+0530] {logging_mixin.py:190} INFO - [2026-01-29T16:00:06.886+0530] {dagbag.py:588} INFO - Filling up the DagBag from /home/hp/Desktop/Bigdata_project/BigData-Project/airflow-venv/lib/python3.10/site-packages/airflow/example_dags/example_xcomargs.py
[2026-01-29T16:00:06.897+0530] {processor.py:925} INFO - DAG(s) 'example_xcom_args', 'example_xcom_args_with_operators' retrieved from /home/hp/Desktop/Bigdata_project/BigData-Project/airflow-venv/lib/python3.10/site-packages/airflow/example_dags/example_xcomargs.py
[2026-01-29T16:00:06.924+0530] {logging_mixin.py:190} INFO - [2026-01-29T16:00:06.924+0530] {dag.py:3239} INFO - Sync 2 DAGs
[2026-01-29T16:00:06.937+0530] {logging_mixin.py:190} INFO - [2026-01-29T16:00:06.937+0530] {dag.py:4180} INFO - Setting next_dagrun for example_xcom_args to None, run_after=None
[2026-01-29T16:00:06.940+0530] {logging_mixin.py:190} INFO - [2026-01-29T16:00:06.940+0530] {dag.py:4180} INFO - Setting next_dagrun for example_xcom_args_with_operators to None, run_after=None
[2026-01-29T16:00:06.959+0530] {processor.py:208} INFO - Processing /home/hp/Desktop/Bigdata_project/BigData-Project/airflow-venv/lib/python3.10/site-packages/airflow/example_dags/example_xcomargs.py took 0.088 seconds
[2026-01-29T16:01:01.109+0530] {processor.py:186} INFO - Started process (PID=29460) to work on /home/hp/Desktop/Bigdata_project/BigData-Project/airflow-venv/lib/python3.10/site-packages/airflow/example_dags/example_xcomargs.py
[2026-01-29T16:01:01.115+0530] {processor.py:914} INFO - Processing file /home/hp/Desktop/Bigdata_project/BigData-Project/airflow-venv/lib/python3.10/site-packages/airflow/example_dags/example_xcomargs.py for tasks to queue
[2026-01-29T16:01:01.118+0530] {logging_mixin.py:190} INFO - [2026-01-29T16:01:01.117+0530] {dagbag.py:588} INFO - Filling up the DagBag from /home/hp/Desktop/Bigdata_project/BigData-Project/airflow-venv/lib/python3.10/site-packages/airflow/example_dags/example_xcomargs.py
[2026-01-29T16:01:01.129+0530] {processor.py:925} INFO - DAG(s) 'example_xcom_args', 'example_xcom_args_with_operators' retrieved from /home/hp/Desktop/Bigdata_project/BigData-Project/airflow-venv/lib/python3.10/site-packages/airflow/example_dags/example_xcomargs.py
[2026-01-29T16:01:01.149+0530] {logging_mixin.py:190} INFO - [2026-01-29T16:01:01.149+0530] {dag.py:3239} INFO - Sync 2 DAGs
[2026-01-29T16:01:01.163+0530] {logging_mixin.py:190} INFO - [2026-01-29T16:01:01.162+0530] {dag.py:4180} INFO - Setting next_dagrun for example_xcom_args to None, run_after=None
[2026-01-29T16:01:01.166+0530] {logging_mixin.py:190} INFO - [2026-01-29T16:01:01.166+0530] {dag.py:4180} INFO - Setting next_dagrun for example_xcom_args_with_operators to None, run_after=None
[2026-01-29T16:01:01.184+0530] {processor.py:208} INFO - Processing /home/hp/Desktop/Bigdata_project/BigData-Project/airflow-venv/lib/python3.10/site-packages/airflow/example_dags/example_xcomargs.py took 0.082 seconds
[2026-01-29T16:01:55.691+0530] {processor.py:186} INFO - Started process (PID=29684) to work on /home/hp/Desktop/Bigdata_project/BigData-Project/airflow-venv/lib/python3.10/site-packages/airflow/example_dags/example_xcomargs.py
[2026-01-29T16:01:55.698+0530] {processor.py:914} INFO - Processing file /home/hp/Desktop/Bigdata_project/BigData-Project/airflow-venv/lib/python3.10/site-packages/airflow/example_dags/example_xcomargs.py for tasks to queue
[2026-01-29T16:01:55.700+0530] {logging_mixin.py:190} INFO - [2026-01-29T16:01:55.700+0530] {dagbag.py:588} INFO - Filling up the DagBag from /home/hp/Desktop/Bigdata_project/BigData-Project/airflow-venv/lib/python3.10/site-packages/airflow/example_dags/example_xcomargs.py
[2026-01-29T16:01:55.711+0530] {processor.py:925} INFO - DAG(s) 'example_xcom_args_with_operators', 'example_xcom_args' retrieved from /home/hp/Desktop/Bigdata_project/BigData-Project/airflow-venv/lib/python3.10/site-packages/airflow/example_dags/example_xcomargs.py
[2026-01-29T16:01:55.731+0530] {logging_mixin.py:190} INFO - [2026-01-29T16:01:55.731+0530] {dag.py:3239} INFO - Sync 2 DAGs
[2026-01-29T16:01:55.745+0530] {logging_mixin.py:190} INFO - [2026-01-29T16:01:55.744+0530] {dag.py:4180} INFO - Setting next_dagrun for example_xcom_args to None, run_after=None
[2026-01-29T16:01:55.748+0530] {logging_mixin.py:190} INFO - [2026-01-29T16:01:55.748+0530] {dag.py:4180} INFO - Setting next_dagrun for example_xcom_args_with_operators to None, run_after=None
[2026-01-29T16:01:55.766+0530] {processor.py:208} INFO - Processing /home/hp/Desktop/Bigdata_project/BigData-Project/airflow-venv/lib/python3.10/site-packages/airflow/example_dags/example_xcomargs.py took 0.082 seconds
[2026-01-29T16:02:49.815+0530] {processor.py:186} INFO - Started process (PID=29918) to work on /home/hp/Desktop/Bigdata_project/BigData-Project/airflow-venv/lib/python3.10/site-packages/airflow/example_dags/example_xcomargs.py
[2026-01-29T16:02:49.821+0530] {processor.py:914} INFO - Processing file /home/hp/Desktop/Bigdata_project/BigData-Project/airflow-venv/lib/python3.10/site-packages/airflow/example_dags/example_xcomargs.py for tasks to queue
[2026-01-29T16:02:49.824+0530] {logging_mixin.py:190} INFO - [2026-01-29T16:02:49.824+0530] {dagbag.py:588} INFO - Filling up the DagBag from /home/hp/Desktop/Bigdata_project/BigData-Project/airflow-venv/lib/python3.10/site-packages/airflow/example_dags/example_xcomargs.py
[2026-01-29T16:02:49.835+0530] {processor.py:925} INFO - DAG(s) 'example_xcom_args_with_operators', 'example_xcom_args' retrieved from /home/hp/Desktop/Bigdata_project/BigData-Project/airflow-venv/lib/python3.10/site-packages/airflow/example_dags/example_xcomargs.py
[2026-01-29T16:02:49.855+0530] {logging_mixin.py:190} INFO - [2026-01-29T16:02:49.854+0530] {dag.py:3239} INFO - Sync 2 DAGs
[2026-01-29T16:02:49.868+0530] {logging_mixin.py:190} INFO - [2026-01-29T16:02:49.868+0530] {dag.py:4180} INFO - Setting next_dagrun for example_xcom_args to None, run_after=None
[2026-01-29T16:02:49.871+0530] {logging_mixin.py:190} INFO - [2026-01-29T16:02:49.871+0530] {dag.py:4180} INFO - Setting next_dagrun for example_xcom_args_with_operators to None, run_after=None
[2026-01-29T16:02:49.889+0530] {processor.py:208} INFO - Processing /home/hp/Desktop/Bigdata_project/BigData-Project/airflow-venv/lib/python3.10/site-packages/airflow/example_dags/example_xcomargs.py took 0.081 seconds
[2026-01-29T16:03:43.427+0530] {processor.py:186} INFO - Started process (PID=30131) to work on /home/hp/Desktop/Bigdata_project/BigData-Project/airflow-venv/lib/python3.10/site-packages/airflow/example_dags/example_xcomargs.py
[2026-01-29T16:03:43.433+0530] {processor.py:914} INFO - Processing file /home/hp/Desktop/Bigdata_project/BigData-Project/airflow-venv/lib/python3.10/site-packages/airflow/example_dags/example_xcomargs.py for tasks to queue
[2026-01-29T16:03:43.436+0530] {logging_mixin.py:190} INFO - [2026-01-29T16:03:43.435+0530] {dagbag.py:588} INFO - Filling up the DagBag from /home/hp/Desktop/Bigdata_project/BigData-Project/airflow-venv/lib/python3.10/site-packages/airflow/example_dags/example_xcomargs.py
[2026-01-29T16:03:43.447+0530] {processor.py:925} INFO - DAG(s) 'example_xcom_args', 'example_xcom_args_with_operators' retrieved from /home/hp/Desktop/Bigdata_project/BigData-Project/airflow-venv/lib/python3.10/site-packages/airflow/example_dags/example_xcomargs.py
[2026-01-29T16:03:43.466+0530] {logging_mixin.py:190} INFO - [2026-01-29T16:03:43.466+0530] {dag.py:3239} INFO - Sync 2 DAGs
[2026-01-29T16:03:43.479+0530] {logging_mixin.py:190} INFO - [2026-01-29T16:03:43.479+0530] {dag.py:4180} INFO - Setting next_dagrun for example_xcom_args to None, run_after=None
[2026-01-29T16:03:43.482+0530] {logging_mixin.py:190} INFO - [2026-01-29T16:03:43.482+0530] {dag.py:4180} INFO - Setting next_dagrun for example_xcom_args_with_operators to None, run_after=None
[2026-01-29T16:03:43.500+0530] {processor.py:208} INFO - Processing /home/hp/Desktop/Bigdata_project/BigData-Project/airflow-venv/lib/python3.10/site-packages/airflow/example_dags/example_xcomargs.py took 0.081 seconds
[2026-01-29T16:04:39.677+0530] {processor.py:186} INFO - Started process (PID=30350) to work on /home/hp/Desktop/Bigdata_project/BigData-Project/airflow-venv/lib/python3.10/site-packages/airflow/example_dags/example_xcomargs.py
[2026-01-29T16:04:39.684+0530] {processor.py:914} INFO - Processing file /home/hp/Desktop/Bigdata_project/BigData-Project/airflow-venv/lib/python3.10/site-packages/airflow/example_dags/example_xcomargs.py for tasks to queue
[2026-01-29T16:04:39.686+0530] {logging_mixin.py:190} INFO - [2026-01-29T16:04:39.686+0530] {dagbag.py:588} INFO - Filling up the DagBag from /home/hp/Desktop/Bigdata_project/BigData-Project/airflow-venv/lib/python3.10/site-packages/airflow/example_dags/example_xcomargs.py
[2026-01-29T16:04:39.697+0530] {processor.py:925} INFO - DAG(s) 'example_xcom_args', 'example_xcom_args_with_operators' retrieved from /home/hp/Desktop/Bigdata_project/BigData-Project/airflow-venv/lib/python3.10/site-packages/airflow/example_dags/example_xcomargs.py
[2026-01-29T16:04:39.717+0530] {logging_mixin.py:190} INFO - [2026-01-29T16:04:39.716+0530] {dag.py:3239} INFO - Sync 2 DAGs
[2026-01-29T16:04:39.730+0530] {logging_mixin.py:190} INFO - [2026-01-29T16:04:39.729+0530] {dag.py:4180} INFO - Setting next_dagrun for example_xcom_args to None, run_after=None
[2026-01-29T16:04:39.733+0530] {logging_mixin.py:190} INFO - [2026-01-29T16:04:39.732+0530] {dag.py:4180} INFO - Setting next_dagrun for example_xcom_args_with_operators to None, run_after=None
[2026-01-29T16:04:39.751+0530] {processor.py:208} INFO - Processing /home/hp/Desktop/Bigdata_project/BigData-Project/airflow-venv/lib/python3.10/site-packages/airflow/example_dags/example_xcomargs.py took 0.080 seconds
[2026-01-29T16:05:35.784+0530] {processor.py:186} INFO - Started process (PID=30631) to work on /home/hp/Desktop/Bigdata_project/BigData-Project/airflow-venv/lib/python3.10/site-packages/airflow/example_dags/example_xcomargs.py
[2026-01-29T16:05:35.790+0530] {processor.py:914} INFO - Processing file /home/hp/Desktop/Bigdata_project/BigData-Project/airflow-venv/lib/python3.10/site-packages/airflow/example_dags/example_xcomargs.py for tasks to queue
[2026-01-29T16:05:35.792+0530] {logging_mixin.py:190} INFO - [2026-01-29T16:05:35.792+0530] {dagbag.py:588} INFO - Filling up the DagBag from /home/hp/Desktop/Bigdata_project/BigData-Project/airflow-venv/lib/python3.10/site-packages/airflow/example_dags/example_xcomargs.py
[2026-01-29T16:05:35.804+0530] {processor.py:925} INFO - DAG(s) 'example_xcom_args', 'example_xcom_args_with_operators' retrieved from /home/hp/Desktop/Bigdata_project/BigData-Project/airflow-venv/lib/python3.10/site-packages/airflow/example_dags/example_xcomargs.py
[2026-01-29T16:05:35.825+0530] {logging_mixin.py:190} INFO - [2026-01-29T16:05:35.825+0530] {dag.py:3239} INFO - Sync 2 DAGs
[2026-01-29T16:05:35.838+0530] {logging_mixin.py:190} INFO - [2026-01-29T16:05:35.838+0530] {dag.py:4180} INFO - Setting next_dagrun for example_xcom_args to None, run_after=None
[2026-01-29T16:05:35.841+0530] {logging_mixin.py:190} INFO - [2026-01-29T16:05:35.841+0530] {dag.py:4180} INFO - Setting next_dagrun for example_xcom_args_with_operators to None, run_after=None
[2026-01-29T16:05:35.860+0530] {processor.py:208} INFO - Processing /home/hp/Desktop/Bigdata_project/BigData-Project/airflow-venv/lib/python3.10/site-packages/airflow/example_dags/example_xcomargs.py took 0.084 seconds
[2026-01-29T16:06:32.615+0530] {processor.py:186} INFO - Started process (PID=30903) to work on /home/hp/Desktop/Bigdata_project/BigData-Project/airflow-venv/lib/python3.10/site-packages/airflow/example_dags/example_xcomargs.py
[2026-01-29T16:06:32.621+0530] {processor.py:914} INFO - Processing file /home/hp/Desktop/Bigdata_project/BigData-Project/airflow-venv/lib/python3.10/site-packages/airflow/example_dags/example_xcomargs.py for tasks to queue
[2026-01-29T16:06:32.625+0530] {logging_mixin.py:190} INFO - [2026-01-29T16:06:32.624+0530] {dagbag.py:588} INFO - Filling up the DagBag from /home/hp/Desktop/Bigdata_project/BigData-Project/airflow-venv/lib/python3.10/site-packages/airflow/example_dags/example_xcomargs.py
[2026-01-29T16:06:32.636+0530] {processor.py:925} INFO - DAG(s) 'example_xcom_args', 'example_xcom_args_with_operators' retrieved from /home/hp/Desktop/Bigdata_project/BigData-Project/airflow-venv/lib/python3.10/site-packages/airflow/example_dags/example_xcomargs.py
[2026-01-29T16:06:32.656+0530] {logging_mixin.py:190} INFO - [2026-01-29T16:06:32.656+0530] {dag.py:3239} INFO - Sync 2 DAGs
[2026-01-29T16:06:32.670+0530] {logging_mixin.py:190} INFO - [2026-01-29T16:06:32.670+0530] {dag.py:4180} INFO - Setting next_dagrun for example_xcom_args to None, run_after=None
[2026-01-29T16:06:32.674+0530] {logging_mixin.py:190} INFO - [2026-01-29T16:06:32.673+0530] {dag.py:4180} INFO - Setting next_dagrun for example_xcom_args_with_operators to None, run_after=None
[2026-01-29T16:06:32.693+0530] {processor.py:208} INFO - Processing /home/hp/Desktop/Bigdata_project/BigData-Project/airflow-venv/lib/python3.10/site-packages/airflow/example_dags/example_xcomargs.py took 0.085 seconds
[2026-01-29T16:07:30.328+0530] {processor.py:186} INFO - Started process (PID=31177) to work on /home/hp/Desktop/Bigdata_project/BigData-Project/airflow-venv/lib/python3.10/site-packages/airflow/example_dags/example_xcomargs.py
[2026-01-29T16:07:30.335+0530] {processor.py:914} INFO - Processing file /home/hp/Desktop/Bigdata_project/BigData-Project/airflow-venv/lib/python3.10/site-packages/airflow/example_dags/example_xcomargs.py for tasks to queue
[2026-01-29T16:07:30.338+0530] {logging_mixin.py:190} INFO - [2026-01-29T16:07:30.337+0530] {dagbag.py:588} INFO - Filling up the DagBag from /home/hp/Desktop/Bigdata_project/BigData-Project/airflow-venv/lib/python3.10/site-packages/airflow/example_dags/example_xcomargs.py
[2026-01-29T16:07:30.348+0530] {processor.py:925} INFO - DAG(s) 'example_xcom_args', 'example_xcom_args_with_operators' retrieved from /home/hp/Desktop/Bigdata_project/BigData-Project/airflow-venv/lib/python3.10/site-packages/airflow/example_dags/example_xcomargs.py
[2026-01-29T16:07:30.368+0530] {logging_mixin.py:190} INFO - [2026-01-29T16:07:30.368+0530] {dag.py:3239} INFO - Sync 2 DAGs
[2026-01-29T16:07:30.381+0530] {logging_mixin.py:190} INFO - [2026-01-29T16:07:30.381+0530] {dag.py:4180} INFO - Setting next_dagrun for example_xcom_args to None, run_after=None
[2026-01-29T16:07:30.385+0530] {logging_mixin.py:190} INFO - [2026-01-29T16:07:30.384+0530] {dag.py:4180} INFO - Setting next_dagrun for example_xcom_args_with_operators to None, run_after=None
[2026-01-29T16:07:30.403+0530] {processor.py:208} INFO - Processing /home/hp/Desktop/Bigdata_project/BigData-Project/airflow-venv/lib/python3.10/site-packages/airflow/example_dags/example_xcomargs.py took 0.082 seconds
[2026-01-29T16:08:28.472+0530] {processor.py:186} INFO - Started process (PID=31408) to work on /home/hp/Desktop/Bigdata_project/BigData-Project/airflow-venv/lib/python3.10/site-packages/airflow/example_dags/example_xcomargs.py
[2026-01-29T16:08:28.479+0530] {processor.py:914} INFO - Processing file /home/hp/Desktop/Bigdata_project/BigData-Project/airflow-venv/lib/python3.10/site-packages/airflow/example_dags/example_xcomargs.py for tasks to queue
[2026-01-29T16:08:28.482+0530] {logging_mixin.py:190} INFO - [2026-01-29T16:08:28.481+0530] {dagbag.py:588} INFO - Filling up the DagBag from /home/hp/Desktop/Bigdata_project/BigData-Project/airflow-venv/lib/python3.10/site-packages/airflow/example_dags/example_xcomargs.py
[2026-01-29T16:08:28.493+0530] {processor.py:925} INFO - DAG(s) 'example_xcom_args_with_operators', 'example_xcom_args' retrieved from /home/hp/Desktop/Bigdata_project/BigData-Project/airflow-venv/lib/python3.10/site-packages/airflow/example_dags/example_xcomargs.py
[2026-01-29T16:08:28.513+0530] {logging_mixin.py:190} INFO - [2026-01-29T16:08:28.512+0530] {dag.py:3239} INFO - Sync 2 DAGs
[2026-01-29T16:08:28.525+0530] {logging_mixin.py:190} INFO - [2026-01-29T16:08:28.525+0530] {dag.py:4180} INFO - Setting next_dagrun for example_xcom_args to None, run_after=None
[2026-01-29T16:08:28.528+0530] {logging_mixin.py:190} INFO - [2026-01-29T16:08:28.528+0530] {dag.py:4180} INFO - Setting next_dagrun for example_xcom_args_with_operators to None, run_after=None
[2026-01-29T16:08:28.546+0530] {processor.py:208} INFO - Processing /home/hp/Desktop/Bigdata_project/BigData-Project/airflow-venv/lib/python3.10/site-packages/airflow/example_dags/example_xcomargs.py took 0.080 seconds
[2026-01-29T16:09:44.078+0530] {processor.py:186} INFO - Started process (PID=31834) to work on /home/hp/Desktop/Bigdata_project/BigData-Project/airflow-venv/lib/python3.10/site-packages/airflow/example_dags/example_xcomargs.py
[2026-01-29T16:09:44.084+0530] {processor.py:914} INFO - Processing file /home/hp/Desktop/Bigdata_project/BigData-Project/airflow-venv/lib/python3.10/site-packages/airflow/example_dags/example_xcomargs.py for tasks to queue
[2026-01-29T16:09:44.087+0530] {logging_mixin.py:190} INFO - [2026-01-29T16:09:44.086+0530] {dagbag.py:588} INFO - Filling up the DagBag from /home/hp/Desktop/Bigdata_project/BigData-Project/airflow-venv/lib/python3.10/site-packages/airflow/example_dags/example_xcomargs.py
[2026-01-29T16:09:44.098+0530] {processor.py:925} INFO - DAG(s) 'example_xcom_args', 'example_xcom_args_with_operators' retrieved from /home/hp/Desktop/Bigdata_project/BigData-Project/airflow-venv/lib/python3.10/site-packages/airflow/example_dags/example_xcomargs.py
[2026-01-29T16:09:44.199+0530] {logging_mixin.py:190} INFO - [2026-01-29T16:09:44.198+0530] {override.py:1930} INFO - Created Permission View: can edit on DAG:example_xcom_args
[2026-01-29T16:09:44.209+0530] {logging_mixin.py:190} INFO - [2026-01-29T16:09:44.209+0530] {override.py:1930} INFO - Created Permission View: can delete on DAG:example_xcom_args
[2026-01-29T16:09:44.218+0530] {logging_mixin.py:190} INFO - [2026-01-29T16:09:44.217+0530] {override.py:1930} INFO - Created Permission View: can read on DAG:example_xcom_args
[2026-01-29T16:09:44.229+0530] {logging_mixin.py:190} INFO - [2026-01-29T16:09:44.228+0530] {override.py:1930} INFO - Created Permission View: menu access on DAG Run:example_xcom_args
[2026-01-29T16:09:44.236+0530] {logging_mixin.py:190} INFO - [2026-01-29T16:09:44.235+0530] {override.py:1930} INFO - Created Permission View: can delete on DAG Run:example_xcom_args
[2026-01-29T16:09:44.243+0530] {logging_mixin.py:190} INFO - [2026-01-29T16:09:44.243+0530] {override.py:1930} INFO - Created Permission View: can create on DAG Run:example_xcom_args
[2026-01-29T16:09:44.250+0530] {logging_mixin.py:190} INFO - [2026-01-29T16:09:44.250+0530] {override.py:1930} INFO - Created Permission View: can read on DAG Run:example_xcom_args
[2026-01-29T16:09:44.268+0530] {logging_mixin.py:190} INFO - [2026-01-29T16:09:44.268+0530] {override.py:1930} INFO - Created Permission View: can edit on DAG:example_xcom_args_with_operators
[2026-01-29T16:09:44.275+0530] {logging_mixin.py:190} INFO - [2026-01-29T16:09:44.275+0530] {override.py:1930} INFO - Created Permission View: can delete on DAG:example_xcom_args_with_operators
[2026-01-29T16:09:44.282+0530] {logging_mixin.py:190} INFO - [2026-01-29T16:09:44.282+0530] {override.py:1930} INFO - Created Permission View: can read on DAG:example_xcom_args_with_operators
[2026-01-29T16:09:44.293+0530] {logging_mixin.py:190} INFO - [2026-01-29T16:09:44.292+0530] {override.py:1930} INFO - Created Permission View: menu access on DAG Run:example_xcom_args_with_operators
[2026-01-29T16:09:44.299+0530] {logging_mixin.py:190} INFO - [2026-01-29T16:09:44.299+0530] {override.py:1930} INFO - Created Permission View: can delete on DAG Run:example_xcom_args_with_operators
[2026-01-29T16:09:44.307+0530] {logging_mixin.py:190} INFO - [2026-01-29T16:09:44.306+0530] {override.py:1930} INFO - Created Permission View: can create on DAG Run:example_xcom_args_with_operators
[2026-01-29T16:09:44.313+0530] {logging_mixin.py:190} INFO - [2026-01-29T16:09:44.313+0530] {override.py:1930} INFO - Created Permission View: can read on DAG Run:example_xcom_args_with_operators
[2026-01-29T16:09:44.314+0530] {logging_mixin.py:190} INFO - [2026-01-29T16:09:44.314+0530] {dag.py:3239} INFO - Sync 2 DAGs
[2026-01-29T16:09:44.325+0530] {logging_mixin.py:190} INFO - [2026-01-29T16:09:44.325+0530] {dag.py:3262} INFO - Creating ORM DAG for example_xcom_args
[2026-01-29T16:09:44.326+0530] {logging_mixin.py:190} INFO - [2026-01-29T16:09:44.326+0530] {dag.py:3262} INFO - Creating ORM DAG for example_xcom_args_with_operators
[2026-01-29T16:09:44.326+0530] {logging_mixin.py:190} INFO - [2026-01-29T16:09:44.326+0530] {dag.py:4180} INFO - Setting next_dagrun for example_xcom_args to None, run_after=None
[2026-01-29T16:09:44.327+0530] {logging_mixin.py:190} INFO - [2026-01-29T16:09:44.327+0530] {dag.py:4180} INFO - Setting next_dagrun for example_xcom_args_with_operators to None, run_after=None
[2026-01-29T16:09:44.346+0530] {processor.py:208} INFO - Processing /home/hp/Desktop/Bigdata_project/BigData-Project/airflow-venv/lib/python3.10/site-packages/airflow/example_dags/example_xcomargs.py took 0.276 seconds
