[2026-01-29T15:55:51.062+0530] {processor.py:186} INFO - Started process (PID=28363) to work on /home/hp/Desktop/Bigdata_project/BigData-Project/airflow-venv/lib/python3.10/site-packages/airflow/example_dags/example_setup_teardown.py
[2026-01-29T15:55:51.063+0530] {processor.py:914} INFO - Processing file /home/hp/Desktop/Bigdata_project/BigData-Project/airflow-venv/lib/python3.10/site-packages/airflow/example_dags/example_setup_teardown.py for tasks to queue
[2026-01-29T15:55:51.066+0530] {logging_mixin.py:190} INFO - [2026-01-29T15:55:51.065+0530] {dagbag.py:588} INFO - Filling up the DagBag from /home/hp/Desktop/Bigdata_project/BigData-Project/airflow-venv/lib/python3.10/site-packages/airflow/example_dags/example_setup_teardown.py
[2026-01-29T15:55:51.078+0530] {processor.py:925} INFO - DAG(s) 'example_setup_teardown' retrieved from /home/hp/Desktop/Bigdata_project/BigData-Project/airflow-venv/lib/python3.10/site-packages/airflow/example_dags/example_setup_teardown.py
[2026-01-29T15:55:51.189+0530] {logging_mixin.py:190} INFO - [2026-01-29T15:55:51.188+0530] {override.py:1930} INFO - Created Permission View: can edit on DAG:example_setup_teardown
[2026-01-29T15:55:51.201+0530] {logging_mixin.py:190} INFO - [2026-01-29T15:55:51.200+0530] {override.py:1930} INFO - Created Permission View: can delete on DAG:example_setup_teardown
[2026-01-29T15:55:51.209+0530] {logging_mixin.py:190} INFO - [2026-01-29T15:55:51.209+0530] {override.py:1930} INFO - Created Permission View: can read on DAG:example_setup_teardown
[2026-01-29T15:55:51.224+0530] {logging_mixin.py:190} INFO - [2026-01-29T15:55:51.223+0530] {override.py:1930} INFO - Created Permission View: can delete on DAG Run:example_setup_teardown
[2026-01-29T15:55:51.232+0530] {logging_mixin.py:190} INFO - [2026-01-29T15:55:51.231+0530] {override.py:1930} INFO - Created Permission View: can read on DAG Run:example_setup_teardown
[2026-01-29T15:55:51.240+0530] {logging_mixin.py:190} INFO - [2026-01-29T15:55:51.239+0530] {override.py:1930} INFO - Created Permission View: menu access on DAG Run:example_setup_teardown
[2026-01-29T15:55:51.248+0530] {logging_mixin.py:190} INFO - [2026-01-29T15:55:51.247+0530] {override.py:1930} INFO - Created Permission View: can create on DAG Run:example_setup_teardown
[2026-01-29T15:55:51.248+0530] {logging_mixin.py:190} INFO - [2026-01-29T15:55:51.248+0530] {dag.py:3239} INFO - Sync 1 DAGs
[2026-01-29T15:55:51.262+0530] {logging_mixin.py:190} INFO - [2026-01-29T15:55:51.262+0530] {dag.py:3262} INFO - Creating ORM DAG for example_setup_teardown
[2026-01-29T15:55:51.263+0530] {logging_mixin.py:190} INFO - [2026-01-29T15:55:51.263+0530] {dag.py:4180} INFO - Setting next_dagrun for example_setup_teardown to None, run_after=None
[2026-01-29T15:55:51.283+0530] {processor.py:208} INFO - Processing /home/hp/Desktop/Bigdata_project/BigData-Project/airflow-venv/lib/python3.10/site-packages/airflow/example_dags/example_setup_teardown.py took 0.229 seconds
[2026-01-29T15:56:53.462+0530] {processor.py:186} INFO - Started process (PID=28603) to work on /home/hp/Desktop/Bigdata_project/BigData-Project/airflow-venv/lib/python3.10/site-packages/airflow/example_dags/example_setup_teardown.py
[2026-01-29T15:56:53.469+0530] {processor.py:914} INFO - Processing file /home/hp/Desktop/Bigdata_project/BigData-Project/airflow-venv/lib/python3.10/site-packages/airflow/example_dags/example_setup_teardown.py for tasks to queue
[2026-01-29T15:56:53.472+0530] {logging_mixin.py:190} INFO - [2026-01-29T15:56:53.471+0530] {dagbag.py:588} INFO - Filling up the DagBag from /home/hp/Desktop/Bigdata_project/BigData-Project/airflow-venv/lib/python3.10/site-packages/airflow/example_dags/example_setup_teardown.py
[2026-01-29T15:56:53.481+0530] {processor.py:925} INFO - DAG(s) 'example_setup_teardown' retrieved from /home/hp/Desktop/Bigdata_project/BigData-Project/airflow-venv/lib/python3.10/site-packages/airflow/example_dags/example_setup_teardown.py
[2026-01-29T15:56:53.498+0530] {logging_mixin.py:190} INFO - [2026-01-29T15:56:53.498+0530] {dag.py:3239} INFO - Sync 1 DAGs
[2026-01-29T15:56:53.510+0530] {logging_mixin.py:190} INFO - [2026-01-29T15:56:53.510+0530] {dag.py:4180} INFO - Setting next_dagrun for example_setup_teardown to None, run_after=None
[2026-01-29T15:56:53.531+0530] {processor.py:208} INFO - Processing /home/hp/Desktop/Bigdata_project/BigData-Project/airflow-venv/lib/python3.10/site-packages/airflow/example_dags/example_setup_teardown.py took 0.075 seconds
[2026-01-29T16:00:27.703+0530] {processor.py:186} INFO - Started process (PID=29303) to work on /home/hp/Desktop/Bigdata_project/BigData-Project/airflow-venv/lib/python3.10/site-packages/airflow/example_dags/example_setup_teardown.py
[2026-01-29T16:00:27.710+0530] {processor.py:914} INFO - Processing file /home/hp/Desktop/Bigdata_project/BigData-Project/airflow-venv/lib/python3.10/site-packages/airflow/example_dags/example_setup_teardown.py for tasks to queue
[2026-01-29T16:00:27.712+0530] {logging_mixin.py:190} INFO - [2026-01-29T16:00:27.712+0530] {dagbag.py:588} INFO - Filling up the DagBag from /home/hp/Desktop/Bigdata_project/BigData-Project/airflow-venv/lib/python3.10/site-packages/airflow/example_dags/example_setup_teardown.py
[2026-01-29T16:00:27.721+0530] {processor.py:925} INFO - DAG(s) 'example_setup_teardown' retrieved from /home/hp/Desktop/Bigdata_project/BigData-Project/airflow-venv/lib/python3.10/site-packages/airflow/example_dags/example_setup_teardown.py
[2026-01-29T16:00:27.740+0530] {logging_mixin.py:190} INFO - [2026-01-29T16:00:27.740+0530] {dag.py:3239} INFO - Sync 1 DAGs
[2026-01-29T16:00:27.753+0530] {logging_mixin.py:190} INFO - [2026-01-29T16:00:27.752+0530] {dag.py:4180} INFO - Setting next_dagrun for example_setup_teardown to None, run_after=None
[2026-01-29T16:00:27.773+0530] {processor.py:208} INFO - Processing /home/hp/Desktop/Bigdata_project/BigData-Project/airflow-venv/lib/python3.10/site-packages/airflow/example_dags/example_setup_teardown.py took 0.076 seconds
[2026-01-29T16:01:24.084+0530] {processor.py:186} INFO - Started process (PID=29556) to work on /home/hp/Desktop/Bigdata_project/BigData-Project/airflow-venv/lib/python3.10/site-packages/airflow/example_dags/example_setup_teardown.py
[2026-01-29T16:01:24.090+0530] {processor.py:914} INFO - Processing file /home/hp/Desktop/Bigdata_project/BigData-Project/airflow-venv/lib/python3.10/site-packages/airflow/example_dags/example_setup_teardown.py for tasks to queue
[2026-01-29T16:01:24.093+0530] {logging_mixin.py:190} INFO - [2026-01-29T16:01:24.092+0530] {dagbag.py:588} INFO - Filling up the DagBag from /home/hp/Desktop/Bigdata_project/BigData-Project/airflow-venv/lib/python3.10/site-packages/airflow/example_dags/example_setup_teardown.py
[2026-01-29T16:01:24.102+0530] {processor.py:925} INFO - DAG(s) 'example_setup_teardown' retrieved from /home/hp/Desktop/Bigdata_project/BigData-Project/airflow-venv/lib/python3.10/site-packages/airflow/example_dags/example_setup_teardown.py
[2026-01-29T16:01:24.118+0530] {logging_mixin.py:190} INFO - [2026-01-29T16:01:24.118+0530] {dag.py:3239} INFO - Sync 1 DAGs
[2026-01-29T16:01:24.131+0530] {logging_mixin.py:190} INFO - [2026-01-29T16:01:24.130+0530] {dag.py:4180} INFO - Setting next_dagrun for example_setup_teardown to None, run_after=None
[2026-01-29T16:01:24.152+0530] {processor.py:208} INFO - Processing /home/hp/Desktop/Bigdata_project/BigData-Project/airflow-venv/lib/python3.10/site-packages/airflow/example_dags/example_setup_teardown.py took 0.074 seconds
[2026-01-29T16:02:20.809+0530] {processor.py:186} INFO - Started process (PID=29801) to work on /home/hp/Desktop/Bigdata_project/BigData-Project/airflow-venv/lib/python3.10/site-packages/airflow/example_dags/example_setup_teardown.py
[2026-01-29T16:02:20.816+0530] {processor.py:914} INFO - Processing file /home/hp/Desktop/Bigdata_project/BigData-Project/airflow-venv/lib/python3.10/site-packages/airflow/example_dags/example_setup_teardown.py for tasks to queue
[2026-01-29T16:02:20.819+0530] {logging_mixin.py:190} INFO - [2026-01-29T16:02:20.818+0530] {dagbag.py:588} INFO - Filling up the DagBag from /home/hp/Desktop/Bigdata_project/BigData-Project/airflow-venv/lib/python3.10/site-packages/airflow/example_dags/example_setup_teardown.py
[2026-01-29T16:02:20.828+0530] {processor.py:925} INFO - DAG(s) 'example_setup_teardown' retrieved from /home/hp/Desktop/Bigdata_project/BigData-Project/airflow-venv/lib/python3.10/site-packages/airflow/example_dags/example_setup_teardown.py
[2026-01-29T16:02:20.845+0530] {logging_mixin.py:190} INFO - [2026-01-29T16:02:20.845+0530] {dag.py:3239} INFO - Sync 1 DAGs
[2026-01-29T16:02:20.858+0530] {logging_mixin.py:190} INFO - [2026-01-29T16:02:20.858+0530] {dag.py:4180} INFO - Setting next_dagrun for example_setup_teardown to None, run_after=None
[2026-01-29T16:02:20.879+0530] {processor.py:208} INFO - Processing /home/hp/Desktop/Bigdata_project/BigData-Project/airflow-venv/lib/python3.10/site-packages/airflow/example_dags/example_setup_teardown.py took 0.077 seconds
[2026-01-29T16:03:15.385+0530] {processor.py:186} INFO - Started process (PID=30033) to work on /home/hp/Desktop/Bigdata_project/BigData-Project/airflow-venv/lib/python3.10/site-packages/airflow/example_dags/example_setup_teardown.py
[2026-01-29T16:03:15.392+0530] {processor.py:914} INFO - Processing file /home/hp/Desktop/Bigdata_project/BigData-Project/airflow-venv/lib/python3.10/site-packages/airflow/example_dags/example_setup_teardown.py for tasks to queue
[2026-01-29T16:03:15.394+0530] {logging_mixin.py:190} INFO - [2026-01-29T16:03:15.394+0530] {dagbag.py:588} INFO - Filling up the DagBag from /home/hp/Desktop/Bigdata_project/BigData-Project/airflow-venv/lib/python3.10/site-packages/airflow/example_dags/example_setup_teardown.py
[2026-01-29T16:03:15.404+0530] {processor.py:925} INFO - DAG(s) 'example_setup_teardown' retrieved from /home/hp/Desktop/Bigdata_project/BigData-Project/airflow-venv/lib/python3.10/site-packages/airflow/example_dags/example_setup_teardown.py
[2026-01-29T16:03:15.421+0530] {logging_mixin.py:190} INFO - [2026-01-29T16:03:15.421+0530] {dag.py:3239} INFO - Sync 1 DAGs
[2026-01-29T16:03:15.434+0530] {logging_mixin.py:190} INFO - [2026-01-29T16:03:15.434+0530] {dag.py:4180} INFO - Setting next_dagrun for example_setup_teardown to None, run_after=None
[2026-01-29T16:03:15.456+0530] {processor.py:208} INFO - Processing /home/hp/Desktop/Bigdata_project/BigData-Project/airflow-venv/lib/python3.10/site-packages/airflow/example_dags/example_setup_teardown.py took 0.077 seconds
[2026-01-29T16:04:09.760+0530] {processor.py:186} INFO - Started process (PID=30231) to work on /home/hp/Desktop/Bigdata_project/BigData-Project/airflow-venv/lib/python3.10/site-packages/airflow/example_dags/example_setup_teardown.py
[2026-01-29T16:04:09.766+0530] {processor.py:914} INFO - Processing file /home/hp/Desktop/Bigdata_project/BigData-Project/airflow-venv/lib/python3.10/site-packages/airflow/example_dags/example_setup_teardown.py for tasks to queue
[2026-01-29T16:04:09.769+0530] {logging_mixin.py:190} INFO - [2026-01-29T16:04:09.768+0530] {dagbag.py:588} INFO - Filling up the DagBag from /home/hp/Desktop/Bigdata_project/BigData-Project/airflow-venv/lib/python3.10/site-packages/airflow/example_dags/example_setup_teardown.py
[2026-01-29T16:04:09.778+0530] {processor.py:925} INFO - DAG(s) 'example_setup_teardown' retrieved from /home/hp/Desktop/Bigdata_project/BigData-Project/airflow-venv/lib/python3.10/site-packages/airflow/example_dags/example_setup_teardown.py
[2026-01-29T16:04:09.796+0530] {logging_mixin.py:190} INFO - [2026-01-29T16:04:09.795+0530] {dag.py:3239} INFO - Sync 1 DAGs
[2026-01-29T16:04:09.808+0530] {logging_mixin.py:190} INFO - [2026-01-29T16:04:09.808+0530] {dag.py:4180} INFO - Setting next_dagrun for example_setup_teardown to None, run_after=None
[2026-01-29T16:04:09.830+0530] {processor.py:208} INFO - Processing /home/hp/Desktop/Bigdata_project/BigData-Project/airflow-venv/lib/python3.10/site-packages/airflow/example_dags/example_setup_teardown.py took 0.077 seconds
[2026-01-29T16:05:07.020+0530] {processor.py:186} INFO - Started process (PID=30528) to work on /home/hp/Desktop/Bigdata_project/BigData-Project/airflow-venv/lib/python3.10/site-packages/airflow/example_dags/example_setup_teardown.py
[2026-01-29T16:05:07.021+0530] {processor.py:914} INFO - Processing file /home/hp/Desktop/Bigdata_project/BigData-Project/airflow-venv/lib/python3.10/site-packages/airflow/example_dags/example_setup_teardown.py for tasks to queue
[2026-01-29T16:05:07.023+0530] {logging_mixin.py:190} INFO - [2026-01-29T16:05:07.022+0530] {dagbag.py:588} INFO - Filling up the DagBag from /home/hp/Desktop/Bigdata_project/BigData-Project/airflow-venv/lib/python3.10/site-packages/airflow/example_dags/example_setup_teardown.py
[2026-01-29T16:05:07.032+0530] {processor.py:925} INFO - DAG(s) 'example_setup_teardown' retrieved from /home/hp/Desktop/Bigdata_project/BigData-Project/airflow-venv/lib/python3.10/site-packages/airflow/example_dags/example_setup_teardown.py
[2026-01-29T16:05:07.050+0530] {logging_mixin.py:190} INFO - [2026-01-29T16:05:07.049+0530] {dag.py:3239} INFO - Sync 1 DAGs
[2026-01-29T16:05:07.063+0530] {logging_mixin.py:190} INFO - [2026-01-29T16:05:07.063+0530] {dag.py:4180} INFO - Setting next_dagrun for example_setup_teardown to None, run_after=None
[2026-01-29T16:05:07.086+0530] {processor.py:208} INFO - Processing /home/hp/Desktop/Bigdata_project/BigData-Project/airflow-venv/lib/python3.10/site-packages/airflow/example_dags/example_setup_teardown.py took 0.073 seconds
[2026-01-29T16:06:03.484+0530] {processor.py:186} INFO - Started process (PID=30761) to work on /home/hp/Desktop/Bigdata_project/BigData-Project/airflow-venv/lib/python3.10/site-packages/airflow/example_dags/example_setup_teardown.py
[2026-01-29T16:06:03.490+0530] {processor.py:914} INFO - Processing file /home/hp/Desktop/Bigdata_project/BigData-Project/airflow-venv/lib/python3.10/site-packages/airflow/example_dags/example_setup_teardown.py for tasks to queue
[2026-01-29T16:06:03.493+0530] {logging_mixin.py:190} INFO - [2026-01-29T16:06:03.493+0530] {dagbag.py:588} INFO - Filling up the DagBag from /home/hp/Desktop/Bigdata_project/BigData-Project/airflow-venv/lib/python3.10/site-packages/airflow/example_dags/example_setup_teardown.py
[2026-01-29T16:06:03.503+0530] {processor.py:925} INFO - DAG(s) 'example_setup_teardown' retrieved from /home/hp/Desktop/Bigdata_project/BigData-Project/airflow-venv/lib/python3.10/site-packages/airflow/example_dags/example_setup_teardown.py
[2026-01-29T16:06:03.521+0530] {logging_mixin.py:190} INFO - [2026-01-29T16:06:03.521+0530] {dag.py:3239} INFO - Sync 1 DAGs
[2026-01-29T16:06:03.534+0530] {logging_mixin.py:190} INFO - [2026-01-29T16:06:03.534+0530] {dag.py:4180} INFO - Setting next_dagrun for example_setup_teardown to None, run_after=None
[2026-01-29T16:06:03.555+0530] {processor.py:208} INFO - Processing /home/hp/Desktop/Bigdata_project/BigData-Project/airflow-venv/lib/python3.10/site-packages/airflow/example_dags/example_setup_teardown.py took 0.078 seconds
[2026-01-29T16:07:00.552+0530] {processor.py:186} INFO - Started process (PID=31052) to work on /home/hp/Desktop/Bigdata_project/BigData-Project/airflow-venv/lib/python3.10/site-packages/airflow/example_dags/example_setup_teardown.py
[2026-01-29T16:07:00.558+0530] {processor.py:914} INFO - Processing file /home/hp/Desktop/Bigdata_project/BigData-Project/airflow-venv/lib/python3.10/site-packages/airflow/example_dags/example_setup_teardown.py for tasks to queue
[2026-01-29T16:07:00.561+0530] {logging_mixin.py:190} INFO - [2026-01-29T16:07:00.560+0530] {dagbag.py:588} INFO - Filling up the DagBag from /home/hp/Desktop/Bigdata_project/BigData-Project/airflow-venv/lib/python3.10/site-packages/airflow/example_dags/example_setup_teardown.py
[2026-01-29T16:07:00.570+0530] {processor.py:925} INFO - DAG(s) 'example_setup_teardown' retrieved from /home/hp/Desktop/Bigdata_project/BigData-Project/airflow-venv/lib/python3.10/site-packages/airflow/example_dags/example_setup_teardown.py
[2026-01-29T16:07:00.587+0530] {logging_mixin.py:190} INFO - [2026-01-29T16:07:00.587+0530] {dag.py:3239} INFO - Sync 1 DAGs
[2026-01-29T16:07:00.599+0530] {logging_mixin.py:190} INFO - [2026-01-29T16:07:00.599+0530] {dag.py:4180} INFO - Setting next_dagrun for example_setup_teardown to None, run_after=None
[2026-01-29T16:07:00.619+0530] {processor.py:208} INFO - Processing /home/hp/Desktop/Bigdata_project/BigData-Project/airflow-venv/lib/python3.10/site-packages/airflow/example_dags/example_setup_teardown.py took 0.075 seconds
[2026-01-29T16:07:57.695+0530] {processor.py:186} INFO - Started process (PID=31282) to work on /home/hp/Desktop/Bigdata_project/BigData-Project/airflow-venv/lib/python3.10/site-packages/airflow/example_dags/example_setup_teardown.py
[2026-01-29T16:07:57.701+0530] {processor.py:914} INFO - Processing file /home/hp/Desktop/Bigdata_project/BigData-Project/airflow-venv/lib/python3.10/site-packages/airflow/example_dags/example_setup_teardown.py for tasks to queue
[2026-01-29T16:07:57.704+0530] {logging_mixin.py:190} INFO - [2026-01-29T16:07:57.703+0530] {dagbag.py:588} INFO - Filling up the DagBag from /home/hp/Desktop/Bigdata_project/BigData-Project/airflow-venv/lib/python3.10/site-packages/airflow/example_dags/example_setup_teardown.py
[2026-01-29T16:07:57.712+0530] {processor.py:925} INFO - DAG(s) 'example_setup_teardown' retrieved from /home/hp/Desktop/Bigdata_project/BigData-Project/airflow-venv/lib/python3.10/site-packages/airflow/example_dags/example_setup_teardown.py
[2026-01-29T16:07:57.730+0530] {logging_mixin.py:190} INFO - [2026-01-29T16:07:57.730+0530] {dag.py:3239} INFO - Sync 1 DAGs
[2026-01-29T16:07:57.746+0530] {logging_mixin.py:190} INFO - [2026-01-29T16:07:57.746+0530] {dag.py:4180} INFO - Setting next_dagrun for example_setup_teardown to None, run_after=None
[2026-01-29T16:07:57.766+0530] {processor.py:208} INFO - Processing /home/hp/Desktop/Bigdata_project/BigData-Project/airflow-venv/lib/python3.10/site-packages/airflow/example_dags/example_setup_teardown.py took 0.078 seconds
[2026-01-29T16:09:03.546+0530] {processor.py:186} INFO - Started process (PID=31613) to work on /home/hp/Desktop/Bigdata_project/BigData-Project/airflow-venv/lib/python3.10/site-packages/airflow/example_dags/example_setup_teardown.py
[2026-01-29T16:09:03.552+0530] {processor.py:914} INFO - Processing file /home/hp/Desktop/Bigdata_project/BigData-Project/airflow-venv/lib/python3.10/site-packages/airflow/example_dags/example_setup_teardown.py for tasks to queue
[2026-01-29T16:09:03.555+0530] {logging_mixin.py:190} INFO - [2026-01-29T16:09:03.555+0530] {dagbag.py:588} INFO - Filling up the DagBag from /home/hp/Desktop/Bigdata_project/BigData-Project/airflow-venv/lib/python3.10/site-packages/airflow/example_dags/example_setup_teardown.py
[2026-01-29T16:09:03.564+0530] {processor.py:925} INFO - DAG(s) 'example_setup_teardown' retrieved from /home/hp/Desktop/Bigdata_project/BigData-Project/airflow-venv/lib/python3.10/site-packages/airflow/example_dags/example_setup_teardown.py
[2026-01-29T16:09:03.657+0530] {logging_mixin.py:190} INFO - [2026-01-29T16:09:03.656+0530] {override.py:1930} INFO - Created Permission View: can edit on DAG:example_setup_teardown
[2026-01-29T16:09:03.667+0530] {logging_mixin.py:190} INFO - [2026-01-29T16:09:03.667+0530] {override.py:1930} INFO - Created Permission View: can delete on DAG:example_setup_teardown
[2026-01-29T16:09:03.675+0530] {logging_mixin.py:190} INFO - [2026-01-29T16:09:03.675+0530] {override.py:1930} INFO - Created Permission View: can read on DAG:example_setup_teardown
[2026-01-29T16:09:03.686+0530] {logging_mixin.py:190} INFO - [2026-01-29T16:09:03.686+0530] {override.py:1930} INFO - Created Permission View: menu access on DAG Run:example_setup_teardown
[2026-01-29T16:09:03.694+0530] {logging_mixin.py:190} INFO - [2026-01-29T16:09:03.694+0530] {override.py:1930} INFO - Created Permission View: can delete on DAG Run:example_setup_teardown
[2026-01-29T16:09:03.701+0530] {logging_mixin.py:190} INFO - [2026-01-29T16:09:03.701+0530] {override.py:1930} INFO - Created Permission View: can create on DAG Run:example_setup_teardown
[2026-01-29T16:09:03.710+0530] {logging_mixin.py:190} INFO - [2026-01-29T16:09:03.709+0530] {override.py:1930} INFO - Created Permission View: can read on DAG Run:example_setup_teardown
[2026-01-29T16:09:03.710+0530] {logging_mixin.py:190} INFO - [2026-01-29T16:09:03.710+0530] {dag.py:3239} INFO - Sync 1 DAGs
[2026-01-29T16:09:03.831+0530] {logging_mixin.py:190} INFO - [2026-01-29T16:09:03.831+0530] {dag.py:3262} INFO - Creating ORM DAG for example_setup_teardown
[2026-01-29T16:09:03.832+0530] {logging_mixin.py:190} INFO - [2026-01-29T16:09:03.832+0530] {dag.py:4180} INFO - Setting next_dagrun for example_setup_teardown to None, run_after=None
[2026-01-29T16:09:03.854+0530] {processor.py:208} INFO - Processing /home/hp/Desktop/Bigdata_project/BigData-Project/airflow-venv/lib/python3.10/site-packages/airflow/example_dags/example_setup_teardown.py took 0.315 seconds
