[2026-01-29T15:55:30.331+0530] {processor.py:186} INFO - Started process (PID=28283) to work on /home/hp/Desktop/Bigdata_project/BigData-Project/airflow-venv/lib/python3.10/site-packages/airflow/example_dags/example_workday_timetable.py
[2026-01-29T15:55:30.332+0530] {processor.py:914} INFO - Processing file /home/hp/Desktop/Bigdata_project/BigData-Project/airflow-venv/lib/python3.10/site-packages/airflow/example_dags/example_workday_timetable.py for tasks to queue
[2026-01-29T15:55:30.335+0530] {logging_mixin.py:190} INFO - [2026-01-29T15:55:30.335+0530] {dagbag.py:588} INFO - Filling up the DagBag from /home/hp/Desktop/Bigdata_project/BigData-Project/airflow-venv/lib/python3.10/site-packages/airflow/example_dags/example_workday_timetable.py
[2026-01-29T15:55:30.343+0530] {processor.py:925} INFO - DAG(s) 'example_workday_timetable' retrieved from /home/hp/Desktop/Bigdata_project/BigData-Project/airflow-venv/lib/python3.10/site-packages/airflow/example_dags/example_workday_timetable.py
[2026-01-29T15:55:30.460+0530] {logging_mixin.py:190} INFO - [2026-01-29T15:55:30.459+0530] {override.py:1930} INFO - Created Permission View: can edit on DAG:example_workday_timetable
[2026-01-29T15:55:30.472+0530] {logging_mixin.py:190} INFO - [2026-01-29T15:55:30.472+0530] {override.py:1930} INFO - Created Permission View: can delete on DAG:example_workday_timetable
[2026-01-29T15:55:30.481+0530] {logging_mixin.py:190} INFO - [2026-01-29T15:55:30.481+0530] {override.py:1930} INFO - Created Permission View: can read on DAG:example_workday_timetable
[2026-01-29T15:55:30.493+0530] {logging_mixin.py:190} INFO - [2026-01-29T15:55:30.493+0530] {override.py:1930} INFO - Created Permission View: can delete on DAG Run:example_workday_timetable
[2026-01-29T15:55:30.501+0530] {logging_mixin.py:190} INFO - [2026-01-29T15:55:30.501+0530] {override.py:1930} INFO - Created Permission View: can read on DAG Run:example_workday_timetable
[2026-01-29T15:55:30.509+0530] {logging_mixin.py:190} INFO - [2026-01-29T15:55:30.509+0530] {override.py:1930} INFO - Created Permission View: menu access on DAG Run:example_workday_timetable
[2026-01-29T15:55:30.518+0530] {logging_mixin.py:190} INFO - [2026-01-29T15:55:30.517+0530] {override.py:1930} INFO - Created Permission View: can create on DAG Run:example_workday_timetable
[2026-01-29T15:55:30.518+0530] {logging_mixin.py:190} INFO - [2026-01-29T15:55:30.518+0530] {dag.py:3239} INFO - Sync 1 DAGs
[2026-01-29T15:55:30.531+0530] {logging_mixin.py:190} INFO - [2026-01-29T15:55:30.530+0530] {dag.py:3262} INFO - Creating ORM DAG for example_workday_timetable
[2026-01-29T15:55:30.579+0530] {logging_mixin.py:190} INFO - [2026-01-29T15:55:30.579+0530] {dag.py:4180} INFO - Setting next_dagrun for example_workday_timetable to 2021-01-04 00:00:00+00:00, run_after=2021-01-05 00:00:00+00:00
[2026-01-29T15:55:30.599+0530] {processor.py:208} INFO - Processing /home/hp/Desktop/Bigdata_project/BigData-Project/airflow-venv/lib/python3.10/site-packages/airflow/example_dags/example_workday_timetable.py took 0.276 seconds
[2026-01-29T15:56:34.447+0530] {processor.py:186} INFO - Started process (PID=28540) to work on /home/hp/Desktop/Bigdata_project/BigData-Project/airflow-venv/lib/python3.10/site-packages/airflow/example_dags/example_workday_timetable.py
[2026-01-29T15:56:34.453+0530] {processor.py:914} INFO - Processing file /home/hp/Desktop/Bigdata_project/BigData-Project/airflow-venv/lib/python3.10/site-packages/airflow/example_dags/example_workday_timetable.py for tasks to queue
[2026-01-29T15:56:34.457+0530] {logging_mixin.py:190} INFO - [2026-01-29T15:56:34.456+0530] {dagbag.py:588} INFO - Filling up the DagBag from /home/hp/Desktop/Bigdata_project/BigData-Project/airflow-venv/lib/python3.10/site-packages/airflow/example_dags/example_workday_timetable.py
[2026-01-29T15:56:34.463+0530] {processor.py:925} INFO - DAG(s) 'example_workday_timetable' retrieved from /home/hp/Desktop/Bigdata_project/BigData-Project/airflow-venv/lib/python3.10/site-packages/airflow/example_dags/example_workday_timetable.py
[2026-01-29T15:56:34.479+0530] {logging_mixin.py:190} INFO - [2026-01-29T15:56:34.479+0530] {dag.py:3239} INFO - Sync 1 DAGs
[2026-01-29T15:56:34.537+0530] {logging_mixin.py:190} INFO - [2026-01-29T15:56:34.537+0530] {dag.py:4180} INFO - Setting next_dagrun for example_workday_timetable to 2021-01-04 00:00:00+00:00, run_after=2021-01-05 00:00:00+00:00
[2026-01-29T15:56:34.557+0530] {processor.py:208} INFO - Processing /home/hp/Desktop/Bigdata_project/BigData-Project/airflow-venv/lib/python3.10/site-packages/airflow/example_dags/example_workday_timetable.py took 0.117 seconds
[2026-01-29T15:57:32.504+0530] {processor.py:186} INFO - Started process (PID=28731) to work on /home/hp/Desktop/Bigdata_project/BigData-Project/airflow-venv/lib/python3.10/site-packages/airflow/example_dags/example_workday_timetable.py
[2026-01-29T15:57:32.510+0530] {processor.py:914} INFO - Processing file /home/hp/Desktop/Bigdata_project/BigData-Project/airflow-venv/lib/python3.10/site-packages/airflow/example_dags/example_workday_timetable.py for tasks to queue
[2026-01-29T15:57:32.513+0530] {logging_mixin.py:190} INFO - [2026-01-29T15:57:32.512+0530] {dagbag.py:588} INFO - Filling up the DagBag from /home/hp/Desktop/Bigdata_project/BigData-Project/airflow-venv/lib/python3.10/site-packages/airflow/example_dags/example_workday_timetable.py
[2026-01-29T15:57:32.520+0530] {processor.py:925} INFO - DAG(s) 'example_workday_timetable' retrieved from /home/hp/Desktop/Bigdata_project/BigData-Project/airflow-venv/lib/python3.10/site-packages/airflow/example_dags/example_workday_timetable.py
[2026-01-29T15:57:32.536+0530] {logging_mixin.py:190} INFO - [2026-01-29T15:57:32.535+0530] {dag.py:3239} INFO - Sync 1 DAGs
[2026-01-29T15:57:32.594+0530] {logging_mixin.py:190} INFO - [2026-01-29T15:57:32.594+0530] {dag.py:4180} INFO - Setting next_dagrun for example_workday_timetable to 2021-01-04 00:00:00+00:00, run_after=2021-01-05 00:00:00+00:00
[2026-01-29T15:57:32.614+0530] {processor.py:208} INFO - Processing /home/hp/Desktop/Bigdata_project/BigData-Project/airflow-venv/lib/python3.10/site-packages/airflow/example_dags/example_workday_timetable.py took 0.117 seconds
[2026-01-29T16:00:10.842+0530] {processor.py:186} INFO - Started process (PID=29102) to work on /home/hp/Desktop/Bigdata_project/BigData-Project/airflow-venv/lib/python3.10/site-packages/airflow/example_dags/example_workday_timetable.py
[2026-01-29T16:00:10.848+0530] {processor.py:914} INFO - Processing file /home/hp/Desktop/Bigdata_project/BigData-Project/airflow-venv/lib/python3.10/site-packages/airflow/example_dags/example_workday_timetable.py for tasks to queue
[2026-01-29T16:00:10.851+0530] {logging_mixin.py:190} INFO - [2026-01-29T16:00:10.850+0530] {dagbag.py:588} INFO - Filling up the DagBag from /home/hp/Desktop/Bigdata_project/BigData-Project/airflow-venv/lib/python3.10/site-packages/airflow/example_dags/example_workday_timetable.py
[2026-01-29T16:00:10.857+0530] {processor.py:925} INFO - DAG(s) 'example_workday_timetable' retrieved from /home/hp/Desktop/Bigdata_project/BigData-Project/airflow-venv/lib/python3.10/site-packages/airflow/example_dags/example_workday_timetable.py
[2026-01-29T16:00:10.879+0530] {logging_mixin.py:190} INFO - [2026-01-29T16:00:10.878+0530] {dag.py:3239} INFO - Sync 1 DAGs
[2026-01-29T16:00:10.939+0530] {logging_mixin.py:190} INFO - [2026-01-29T16:00:10.938+0530] {dag.py:4180} INFO - Setting next_dagrun for example_workday_timetable to 2021-01-04 00:00:00+00:00, run_after=2021-01-05 00:00:00+00:00
[2026-01-29T16:00:10.959+0530] {processor.py:208} INFO - Processing /home/hp/Desktop/Bigdata_project/BigData-Project/airflow-venv/lib/python3.10/site-packages/airflow/example_dags/example_workday_timetable.py took 0.123 seconds
[2026-01-29T16:01:05.115+0530] {processor.py:186} INFO - Started process (PID=29474) to work on /home/hp/Desktop/Bigdata_project/BigData-Project/airflow-venv/lib/python3.10/site-packages/airflow/example_dags/example_workday_timetable.py
[2026-01-29T16:01:05.121+0530] {processor.py:914} INFO - Processing file /home/hp/Desktop/Bigdata_project/BigData-Project/airflow-venv/lib/python3.10/site-packages/airflow/example_dags/example_workday_timetable.py for tasks to queue
[2026-01-29T16:01:05.124+0530] {logging_mixin.py:190} INFO - [2026-01-29T16:01:05.124+0530] {dagbag.py:588} INFO - Filling up the DagBag from /home/hp/Desktop/Bigdata_project/BigData-Project/airflow-venv/lib/python3.10/site-packages/airflow/example_dags/example_workday_timetable.py
[2026-01-29T16:01:05.131+0530] {processor.py:925} INFO - DAG(s) 'example_workday_timetable' retrieved from /home/hp/Desktop/Bigdata_project/BigData-Project/airflow-venv/lib/python3.10/site-packages/airflow/example_dags/example_workday_timetable.py
[2026-01-29T16:01:05.147+0530] {logging_mixin.py:190} INFO - [2026-01-29T16:01:05.146+0530] {dag.py:3239} INFO - Sync 1 DAGs
[2026-01-29T16:01:05.205+0530] {logging_mixin.py:190} INFO - [2026-01-29T16:01:05.205+0530] {dag.py:4180} INFO - Setting next_dagrun for example_workday_timetable to 2021-01-04 00:00:00+00:00, run_after=2021-01-05 00:00:00+00:00
[2026-01-29T16:01:05.226+0530] {processor.py:208} INFO - Processing /home/hp/Desktop/Bigdata_project/BigData-Project/airflow-venv/lib/python3.10/site-packages/airflow/example_dags/example_workday_timetable.py took 0.118 seconds
[2026-01-29T16:01:58.513+0530] {processor.py:186} INFO - Started process (PID=29694) to work on /home/hp/Desktop/Bigdata_project/BigData-Project/airflow-venv/lib/python3.10/site-packages/airflow/example_dags/example_workday_timetable.py
[2026-01-29T16:01:58.519+0530] {processor.py:914} INFO - Processing file /home/hp/Desktop/Bigdata_project/BigData-Project/airflow-venv/lib/python3.10/site-packages/airflow/example_dags/example_workday_timetable.py for tasks to queue
[2026-01-29T16:01:58.522+0530] {logging_mixin.py:190} INFO - [2026-01-29T16:01:58.521+0530] {dagbag.py:588} INFO - Filling up the DagBag from /home/hp/Desktop/Bigdata_project/BigData-Project/airflow-venv/lib/python3.10/site-packages/airflow/example_dags/example_workday_timetable.py
[2026-01-29T16:01:58.528+0530] {processor.py:925} INFO - DAG(s) 'example_workday_timetable' retrieved from /home/hp/Desktop/Bigdata_project/BigData-Project/airflow-venv/lib/python3.10/site-packages/airflow/example_dags/example_workday_timetable.py
[2026-01-29T16:01:58.544+0530] {logging_mixin.py:190} INFO - [2026-01-29T16:01:58.543+0530] {dag.py:3239} INFO - Sync 1 DAGs
[2026-01-29T16:01:58.603+0530] {logging_mixin.py:190} INFO - [2026-01-29T16:01:58.603+0530] {dag.py:4180} INFO - Setting next_dagrun for example_workday_timetable to 2021-01-04 00:00:00+00:00, run_after=2021-01-05 00:00:00+00:00
[2026-01-29T16:01:58.624+0530] {processor.py:208} INFO - Processing /home/hp/Desktop/Bigdata_project/BigData-Project/airflow-venv/lib/python3.10/site-packages/airflow/example_dags/example_workday_timetable.py took 0.118 seconds
[2026-01-29T16:02:52.672+0530] {processor.py:186} INFO - Started process (PID=29927) to work on /home/hp/Desktop/Bigdata_project/BigData-Project/airflow-venv/lib/python3.10/site-packages/airflow/example_dags/example_workday_timetable.py
[2026-01-29T16:02:52.678+0530] {processor.py:914} INFO - Processing file /home/hp/Desktop/Bigdata_project/BigData-Project/airflow-venv/lib/python3.10/site-packages/airflow/example_dags/example_workday_timetable.py for tasks to queue
[2026-01-29T16:02:52.681+0530] {logging_mixin.py:190} INFO - [2026-01-29T16:02:52.680+0530] {dagbag.py:588} INFO - Filling up the DagBag from /home/hp/Desktop/Bigdata_project/BigData-Project/airflow-venv/lib/python3.10/site-packages/airflow/example_dags/example_workday_timetable.py
[2026-01-29T16:02:52.688+0530] {processor.py:925} INFO - DAG(s) 'example_workday_timetable' retrieved from /home/hp/Desktop/Bigdata_project/BigData-Project/airflow-venv/lib/python3.10/site-packages/airflow/example_dags/example_workday_timetable.py
[2026-01-29T16:02:52.704+0530] {logging_mixin.py:190} INFO - [2026-01-29T16:02:52.704+0530] {dag.py:3239} INFO - Sync 1 DAGs
[2026-01-29T16:02:52.764+0530] {logging_mixin.py:190} INFO - [2026-01-29T16:02:52.764+0530] {dag.py:4180} INFO - Setting next_dagrun for example_workday_timetable to 2021-01-04 00:00:00+00:00, run_after=2021-01-05 00:00:00+00:00
[2026-01-29T16:02:52.786+0530] {processor.py:208} INFO - Processing /home/hp/Desktop/Bigdata_project/BigData-Project/airflow-venv/lib/python3.10/site-packages/airflow/example_dags/example_workday_timetable.py took 0.122 seconds
[2026-01-29T16:03:47.878+0530] {processor.py:186} INFO - Started process (PID=30146) to work on /home/hp/Desktop/Bigdata_project/BigData-Project/airflow-venv/lib/python3.10/site-packages/airflow/example_dags/example_workday_timetable.py
[2026-01-29T16:03:47.884+0530] {processor.py:914} INFO - Processing file /home/hp/Desktop/Bigdata_project/BigData-Project/airflow-venv/lib/python3.10/site-packages/airflow/example_dags/example_workday_timetable.py for tasks to queue
[2026-01-29T16:03:47.887+0530] {logging_mixin.py:190} INFO - [2026-01-29T16:03:47.886+0530] {dagbag.py:588} INFO - Filling up the DagBag from /home/hp/Desktop/Bigdata_project/BigData-Project/airflow-venv/lib/python3.10/site-packages/airflow/example_dags/example_workday_timetable.py
[2026-01-29T16:03:47.894+0530] {processor.py:925} INFO - DAG(s) 'example_workday_timetable' retrieved from /home/hp/Desktop/Bigdata_project/BigData-Project/airflow-venv/lib/python3.10/site-packages/airflow/example_dags/example_workday_timetable.py
[2026-01-29T16:03:47.911+0530] {logging_mixin.py:190} INFO - [2026-01-29T16:03:47.910+0530] {dag.py:3239} INFO - Sync 1 DAGs
[2026-01-29T16:03:47.970+0530] {logging_mixin.py:190} INFO - [2026-01-29T16:03:47.969+0530] {dag.py:4180} INFO - Setting next_dagrun for example_workday_timetable to 2021-01-04 00:00:00+00:00, run_after=2021-01-05 00:00:00+00:00
[2026-01-29T16:03:47.991+0530] {processor.py:208} INFO - Processing /home/hp/Desktop/Bigdata_project/BigData-Project/airflow-venv/lib/python3.10/site-packages/airflow/example_dags/example_workday_timetable.py took 0.121 seconds
[2026-01-29T16:04:43.277+0530] {processor.py:186} INFO - Started process (PID=30365) to work on /home/hp/Desktop/Bigdata_project/BigData-Project/airflow-venv/lib/python3.10/site-packages/airflow/example_dags/example_workday_timetable.py
[2026-01-29T16:04:43.283+0530] {processor.py:914} INFO - Processing file /home/hp/Desktop/Bigdata_project/BigData-Project/airflow-venv/lib/python3.10/site-packages/airflow/example_dags/example_workday_timetable.py for tasks to queue
[2026-01-29T16:04:43.287+0530] {logging_mixin.py:190} INFO - [2026-01-29T16:04:43.286+0530] {dagbag.py:588} INFO - Filling up the DagBag from /home/hp/Desktop/Bigdata_project/BigData-Project/airflow-venv/lib/python3.10/site-packages/airflow/example_dags/example_workday_timetable.py
[2026-01-29T16:04:43.293+0530] {processor.py:925} INFO - DAG(s) 'example_workday_timetable' retrieved from /home/hp/Desktop/Bigdata_project/BigData-Project/airflow-venv/lib/python3.10/site-packages/airflow/example_dags/example_workday_timetable.py
[2026-01-29T16:04:43.309+0530] {logging_mixin.py:190} INFO - [2026-01-29T16:04:43.309+0530] {dag.py:3239} INFO - Sync 1 DAGs
[2026-01-29T16:04:43.367+0530] {logging_mixin.py:190} INFO - [2026-01-29T16:04:43.367+0530] {dag.py:4180} INFO - Setting next_dagrun for example_workday_timetable to 2021-01-04 00:00:00+00:00, run_after=2021-01-05 00:00:00+00:00
[2026-01-29T16:04:43.389+0530] {processor.py:208} INFO - Processing /home/hp/Desktop/Bigdata_project/BigData-Project/airflow-venv/lib/python3.10/site-packages/airflow/example_dags/example_workday_timetable.py took 0.119 seconds
[2026-01-29T16:05:39.789+0530] {processor.py:186} INFO - Started process (PID=30658) to work on /home/hp/Desktop/Bigdata_project/BigData-Project/airflow-venv/lib/python3.10/site-packages/airflow/example_dags/example_workday_timetable.py
[2026-01-29T16:05:39.796+0530] {processor.py:914} INFO - Processing file /home/hp/Desktop/Bigdata_project/BigData-Project/airflow-venv/lib/python3.10/site-packages/airflow/example_dags/example_workday_timetable.py for tasks to queue
[2026-01-29T16:05:39.799+0530] {logging_mixin.py:190} INFO - [2026-01-29T16:05:39.798+0530] {dagbag.py:588} INFO - Filling up the DagBag from /home/hp/Desktop/Bigdata_project/BigData-Project/airflow-venv/lib/python3.10/site-packages/airflow/example_dags/example_workday_timetable.py
[2026-01-29T16:05:39.805+0530] {processor.py:925} INFO - DAG(s) 'example_workday_timetable' retrieved from /home/hp/Desktop/Bigdata_project/BigData-Project/airflow-venv/lib/python3.10/site-packages/airflow/example_dags/example_workday_timetable.py
[2026-01-29T16:05:39.821+0530] {logging_mixin.py:190} INFO - [2026-01-29T16:05:39.821+0530] {dag.py:3239} INFO - Sync 1 DAGs
[2026-01-29T16:05:39.878+0530] {logging_mixin.py:190} INFO - [2026-01-29T16:05:39.877+0530] {dag.py:4180} INFO - Setting next_dagrun for example_workday_timetable to 2021-01-04 00:00:00+00:00, run_after=2021-01-05 00:00:00+00:00
[2026-01-29T16:05:39.898+0530] {processor.py:208} INFO - Processing /home/hp/Desktop/Bigdata_project/BigData-Project/airflow-venv/lib/python3.10/site-packages/airflow/example_dags/example_workday_timetable.py took 0.115 seconds
[2026-01-29T16:06:36.485+0530] {processor.py:186} INFO - Started process (PID=30916) to work on /home/hp/Desktop/Bigdata_project/BigData-Project/airflow-venv/lib/python3.10/site-packages/airflow/example_dags/example_workday_timetable.py
[2026-01-29T16:06:36.492+0530] {processor.py:914} INFO - Processing file /home/hp/Desktop/Bigdata_project/BigData-Project/airflow-venv/lib/python3.10/site-packages/airflow/example_dags/example_workday_timetable.py for tasks to queue
[2026-01-29T16:06:36.495+0530] {logging_mixin.py:190} INFO - [2026-01-29T16:06:36.494+0530] {dagbag.py:588} INFO - Filling up the DagBag from /home/hp/Desktop/Bigdata_project/BigData-Project/airflow-venv/lib/python3.10/site-packages/airflow/example_dags/example_workday_timetable.py
[2026-01-29T16:06:36.502+0530] {processor.py:925} INFO - DAG(s) 'example_workday_timetable' retrieved from /home/hp/Desktop/Bigdata_project/BigData-Project/airflow-venv/lib/python3.10/site-packages/airflow/example_dags/example_workday_timetable.py
[2026-01-29T16:06:36.517+0530] {logging_mixin.py:190} INFO - [2026-01-29T16:06:36.517+0530] {dag.py:3239} INFO - Sync 1 DAGs
[2026-01-29T16:06:36.576+0530] {logging_mixin.py:190} INFO - [2026-01-29T16:06:36.576+0530] {dag.py:4180} INFO - Setting next_dagrun for example_workday_timetable to 2021-01-04 00:00:00+00:00, run_after=2021-01-05 00:00:00+00:00
[2026-01-29T16:06:36.596+0530] {processor.py:208} INFO - Processing /home/hp/Desktop/Bigdata_project/BigData-Project/airflow-venv/lib/python3.10/site-packages/airflow/example_dags/example_workday_timetable.py took 0.117 seconds
[2026-01-29T16:07:34.345+0530] {processor.py:186} INFO - Started process (PID=31190) to work on /home/hp/Desktop/Bigdata_project/BigData-Project/airflow-venv/lib/python3.10/site-packages/airflow/example_dags/example_workday_timetable.py
[2026-01-29T16:07:34.351+0530] {processor.py:914} INFO - Processing file /home/hp/Desktop/Bigdata_project/BigData-Project/airflow-venv/lib/python3.10/site-packages/airflow/example_dags/example_workday_timetable.py for tasks to queue
[2026-01-29T16:07:34.353+0530] {logging_mixin.py:190} INFO - [2026-01-29T16:07:34.353+0530] {dagbag.py:588} INFO - Filling up the DagBag from /home/hp/Desktop/Bigdata_project/BigData-Project/airflow-venv/lib/python3.10/site-packages/airflow/example_dags/example_workday_timetable.py
[2026-01-29T16:07:34.360+0530] {processor.py:925} INFO - DAG(s) 'example_workday_timetable' retrieved from /home/hp/Desktop/Bigdata_project/BigData-Project/airflow-venv/lib/python3.10/site-packages/airflow/example_dags/example_workday_timetable.py
[2026-01-29T16:07:34.376+0530] {logging_mixin.py:190} INFO - [2026-01-29T16:07:34.376+0530] {dag.py:3239} INFO - Sync 1 DAGs
[2026-01-29T16:07:34.434+0530] {logging_mixin.py:190} INFO - [2026-01-29T16:07:34.434+0530] {dag.py:4180} INFO - Setting next_dagrun for example_workday_timetable to 2021-01-04 00:00:00+00:00, run_after=2021-01-05 00:00:00+00:00
[2026-01-29T16:07:34.455+0530] {processor.py:208} INFO - Processing /home/hp/Desktop/Bigdata_project/BigData-Project/airflow-venv/lib/python3.10/site-packages/airflow/example_dags/example_workday_timetable.py took 0.117 seconds
[2026-01-29T16:08:32.196+0530] {processor.py:186} INFO - Started process (PID=31422) to work on /home/hp/Desktop/Bigdata_project/BigData-Project/airflow-venv/lib/python3.10/site-packages/airflow/example_dags/example_workday_timetable.py
[2026-01-29T16:08:32.202+0530] {processor.py:914} INFO - Processing file /home/hp/Desktop/Bigdata_project/BigData-Project/airflow-venv/lib/python3.10/site-packages/airflow/example_dags/example_workday_timetable.py for tasks to queue
[2026-01-29T16:08:32.205+0530] {logging_mixin.py:190} INFO - [2026-01-29T16:08:32.204+0530] {dagbag.py:588} INFO - Filling up the DagBag from /home/hp/Desktop/Bigdata_project/BigData-Project/airflow-venv/lib/python3.10/site-packages/airflow/example_dags/example_workday_timetable.py
[2026-01-29T16:08:32.211+0530] {processor.py:925} INFO - DAG(s) 'example_workday_timetable' retrieved from /home/hp/Desktop/Bigdata_project/BigData-Project/airflow-venv/lib/python3.10/site-packages/airflow/example_dags/example_workday_timetable.py
[2026-01-29T16:08:32.227+0530] {logging_mixin.py:190} INFO - [2026-01-29T16:08:32.227+0530] {dag.py:3239} INFO - Sync 1 DAGs
[2026-01-29T16:08:32.282+0530] {logging_mixin.py:190} INFO - [2026-01-29T16:08:32.282+0530] {dag.py:4180} INFO - Setting next_dagrun for example_workday_timetable to 2021-01-04 00:00:00+00:00, run_after=2021-01-05 00:00:00+00:00
[2026-01-29T16:08:32.303+0530] {processor.py:208} INFO - Processing /home/hp/Desktop/Bigdata_project/BigData-Project/airflow-venv/lib/python3.10/site-packages/airflow/example_dags/example_workday_timetable.py took 0.114 seconds
[2026-01-29T16:09:48.576+0530] {processor.py:186} INFO - Started process (PID=31861) to work on /home/hp/Desktop/Bigdata_project/BigData-Project/airflow-venv/lib/python3.10/site-packages/airflow/example_dags/example_workday_timetable.py
[2026-01-29T16:09:48.583+0530] {processor.py:914} INFO - Processing file /home/hp/Desktop/Bigdata_project/BigData-Project/airflow-venv/lib/python3.10/site-packages/airflow/example_dags/example_workday_timetable.py for tasks to queue
[2026-01-29T16:09:48.585+0530] {logging_mixin.py:190} INFO - [2026-01-29T16:09:48.585+0530] {dagbag.py:588} INFO - Filling up the DagBag from /home/hp/Desktop/Bigdata_project/BigData-Project/airflow-venv/lib/python3.10/site-packages/airflow/example_dags/example_workday_timetable.py
[2026-01-29T16:09:48.592+0530] {processor.py:925} INFO - DAG(s) 'example_workday_timetable' retrieved from /home/hp/Desktop/Bigdata_project/BigData-Project/airflow-venv/lib/python3.10/site-packages/airflow/example_dags/example_workday_timetable.py
[2026-01-29T16:09:48.685+0530] {logging_mixin.py:190} INFO - [2026-01-29T16:09:48.685+0530] {override.py:1930} INFO - Created Permission View: can edit on DAG:example_workday_timetable
[2026-01-29T16:09:48.696+0530] {logging_mixin.py:190} INFO - [2026-01-29T16:09:48.695+0530] {override.py:1930} INFO - Created Permission View: can delete on DAG:example_workday_timetable
[2026-01-29T16:09:48.703+0530] {logging_mixin.py:190} INFO - [2026-01-29T16:09:48.703+0530] {override.py:1930} INFO - Created Permission View: can read on DAG:example_workday_timetable
[2026-01-29T16:09:48.714+0530] {logging_mixin.py:190} INFO - [2026-01-29T16:09:48.714+0530] {override.py:1930} INFO - Created Permission View: menu access on DAG Run:example_workday_timetable
[2026-01-29T16:09:48.721+0530] {logging_mixin.py:190} INFO - [2026-01-29T16:09:48.721+0530] {override.py:1930} INFO - Created Permission View: can delete on DAG Run:example_workday_timetable
[2026-01-29T16:09:48.729+0530] {logging_mixin.py:190} INFO - [2026-01-29T16:09:48.728+0530] {override.py:1930} INFO - Created Permission View: can create on DAG Run:example_workday_timetable
[2026-01-29T16:09:48.736+0530] {logging_mixin.py:190} INFO - [2026-01-29T16:09:48.736+0530] {override.py:1930} INFO - Created Permission View: can read on DAG Run:example_workday_timetable
[2026-01-29T16:09:48.736+0530] {logging_mixin.py:190} INFO - [2026-01-29T16:09:48.736+0530] {dag.py:3239} INFO - Sync 1 DAGs
[2026-01-29T16:09:48.748+0530] {logging_mixin.py:190} INFO - [2026-01-29T16:09:48.748+0530] {dag.py:3262} INFO - Creating ORM DAG for example_workday_timetable
[2026-01-29T16:09:48.795+0530] {logging_mixin.py:190} INFO - [2026-01-29T16:09:48.794+0530] {dag.py:4180} INFO - Setting next_dagrun for example_workday_timetable to 2021-01-04 00:00:00+00:00, run_after=2021-01-05 00:00:00+00:00
[2026-01-29T16:09:48.924+0530] {processor.py:208} INFO - Processing /home/hp/Desktop/Bigdata_project/BigData-Project/airflow-venv/lib/python3.10/site-packages/airflow/example_dags/example_workday_timetable.py took 0.355 seconds
