[2026-01-29T15:56:18.609+0530] {processor.py:186} INFO - Started process (PID=28490) to work on /home/hp/Desktop/Bigdata_project/BigData-Project/airflow-venv/lib/python3.10/site-packages/airflow/example_dags/example_branch_operator.py
[2026-01-29T15:56:18.610+0530] {processor.py:914} INFO - Processing file /home/hp/Desktop/Bigdata_project/BigData-Project/airflow-venv/lib/python3.10/site-packages/airflow/example_dags/example_branch_operator.py for tasks to queue
[2026-01-29T15:56:18.612+0530] {logging_mixin.py:190} INFO - [2026-01-29T15:56:18.612+0530] {dagbag.py:588} INFO - Filling up the DagBag from /home/hp/Desktop/Bigdata_project/BigData-Project/airflow-venv/lib/python3.10/site-packages/airflow/example_dags/example_branch_operator.py
[2026-01-29T15:56:18.616+0530] {processor.py:927} WARNING - No viable dags retrieved from /home/hp/Desktop/Bigdata_project/BigData-Project/airflow-venv/lib/python3.10/site-packages/airflow/example_dags/example_branch_operator.py
[2026-01-29T15:56:18.626+0530] {processor.py:208} INFO - Processing /home/hp/Desktop/Bigdata_project/BigData-Project/airflow-venv/lib/python3.10/site-packages/airflow/example_dags/example_branch_operator.py took 0.024 seconds
[2026-01-29T15:57:19.585+0530] {processor.py:186} INFO - Started process (PID=28682) to work on /home/hp/Desktop/Bigdata_project/BigData-Project/airflow-venv/lib/python3.10/site-packages/airflow/example_dags/example_branch_operator.py
[2026-01-29T15:57:19.592+0530] {processor.py:914} INFO - Processing file /home/hp/Desktop/Bigdata_project/BigData-Project/airflow-venv/lib/python3.10/site-packages/airflow/example_dags/example_branch_operator.py for tasks to queue
[2026-01-29T15:57:19.594+0530] {logging_mixin.py:190} INFO - [2026-01-29T15:57:19.594+0530] {dagbag.py:588} INFO - Filling up the DagBag from /home/hp/Desktop/Bigdata_project/BigData-Project/airflow-venv/lib/python3.10/site-packages/airflow/example_dags/example_branch_operator.py
[2026-01-29T15:57:19.598+0530] {processor.py:927} WARNING - No viable dags retrieved from /home/hp/Desktop/Bigdata_project/BigData-Project/airflow-venv/lib/python3.10/site-packages/airflow/example_dags/example_branch_operator.py
[2026-01-29T15:57:19.609+0530] {processor.py:208} INFO - Processing /home/hp/Desktop/Bigdata_project/BigData-Project/airflow-venv/lib/python3.10/site-packages/airflow/example_dags/example_branch_operator.py took 0.030 seconds
[2026-01-29T16:00:49.647+0530] {processor.py:186} INFO - Started process (PID=29403) to work on /home/hp/Desktop/Bigdata_project/BigData-Project/airflow-venv/lib/python3.10/site-packages/airflow/example_dags/example_branch_operator.py
[2026-01-29T16:00:49.654+0530] {processor.py:914} INFO - Processing file /home/hp/Desktop/Bigdata_project/BigData-Project/airflow-venv/lib/python3.10/site-packages/airflow/example_dags/example_branch_operator.py for tasks to queue
[2026-01-29T16:00:49.656+0530] {logging_mixin.py:190} INFO - [2026-01-29T16:00:49.656+0530] {dagbag.py:588} INFO - Filling up the DagBag from /home/hp/Desktop/Bigdata_project/BigData-Project/airflow-venv/lib/python3.10/site-packages/airflow/example_dags/example_branch_operator.py
[2026-01-29T16:00:49.660+0530] {processor.py:927} WARNING - No viable dags retrieved from /home/hp/Desktop/Bigdata_project/BigData-Project/airflow-venv/lib/python3.10/site-packages/airflow/example_dags/example_branch_operator.py
[2026-01-29T16:00:49.671+0530] {processor.py:208} INFO - Processing /home/hp/Desktop/Bigdata_project/BigData-Project/airflow-venv/lib/python3.10/site-packages/airflow/example_dags/example_branch_operator.py took 0.030 seconds
[2026-01-29T16:02:10.659+0530] {processor.py:186} INFO - Started process (PID=29735) to work on /home/hp/Desktop/Bigdata_project/BigData-Project/airflow-venv/lib/python3.10/site-packages/airflow/example_dags/example_branch_operator.py
[2026-01-29T16:02:10.665+0530] {processor.py:914} INFO - Processing file /home/hp/Desktop/Bigdata_project/BigData-Project/airflow-venv/lib/python3.10/site-packages/airflow/example_dags/example_branch_operator.py for tasks to queue
[2026-01-29T16:02:10.669+0530] {logging_mixin.py:190} INFO - [2026-01-29T16:02:10.668+0530] {dagbag.py:588} INFO - Filling up the DagBag from /home/hp/Desktop/Bigdata_project/BigData-Project/airflow-venv/lib/python3.10/site-packages/airflow/example_dags/example_branch_operator.py
[2026-01-29T16:02:10.672+0530] {processor.py:927} WARNING - No viable dags retrieved from /home/hp/Desktop/Bigdata_project/BigData-Project/airflow-venv/lib/python3.10/site-packages/airflow/example_dags/example_branch_operator.py
[2026-01-29T16:02:10.683+0530] {processor.py:208} INFO - Processing /home/hp/Desktop/Bigdata_project/BigData-Project/airflow-venv/lib/python3.10/site-packages/airflow/example_dags/example_branch_operator.py took 0.030 seconds
[2026-01-29T16:03:07.783+0530] {processor.py:186} INFO - Started process (PID=29988) to work on /home/hp/Desktop/Bigdata_project/BigData-Project/airflow-venv/lib/python3.10/site-packages/airflow/example_dags/example_branch_operator.py
[2026-01-29T16:03:07.789+0530] {processor.py:914} INFO - Processing file /home/hp/Desktop/Bigdata_project/BigData-Project/airflow-venv/lib/python3.10/site-packages/airflow/example_dags/example_branch_operator.py for tasks to queue
[2026-01-29T16:03:07.791+0530] {logging_mixin.py:190} INFO - [2026-01-29T16:03:07.791+0530] {dagbag.py:588} INFO - Filling up the DagBag from /home/hp/Desktop/Bigdata_project/BigData-Project/airflow-venv/lib/python3.10/site-packages/airflow/example_dags/example_branch_operator.py
[2026-01-29T16:03:07.794+0530] {processor.py:927} WARNING - No viable dags retrieved from /home/hp/Desktop/Bigdata_project/BigData-Project/airflow-venv/lib/python3.10/site-packages/airflow/example_dags/example_branch_operator.py
[2026-01-29T16:03:07.806+0530] {processor.py:208} INFO - Processing /home/hp/Desktop/Bigdata_project/BigData-Project/airflow-venv/lib/python3.10/site-packages/airflow/example_dags/example_branch_operator.py took 0.030 seconds
[2026-01-29T16:04:29.577+0530] {processor.py:186} INFO - Started process (PID=30311) to work on /home/hp/Desktop/Bigdata_project/BigData-Project/airflow-venv/lib/python3.10/site-packages/airflow/example_dags/example_branch_operator.py
[2026-01-29T16:04:29.583+0530] {processor.py:914} INFO - Processing file /home/hp/Desktop/Bigdata_project/BigData-Project/airflow-venv/lib/python3.10/site-packages/airflow/example_dags/example_branch_operator.py for tasks to queue
[2026-01-29T16:04:29.586+0530] {logging_mixin.py:190} INFO - [2026-01-29T16:04:29.585+0530] {dagbag.py:588} INFO - Filling up the DagBag from /home/hp/Desktop/Bigdata_project/BigData-Project/airflow-venv/lib/python3.10/site-packages/airflow/example_dags/example_branch_operator.py
[2026-01-29T16:04:29.589+0530] {processor.py:927} WARNING - No viable dags retrieved from /home/hp/Desktop/Bigdata_project/BigData-Project/airflow-venv/lib/python3.10/site-packages/airflow/example_dags/example_branch_operator.py
[2026-01-29T16:04:29.601+0530] {processor.py:208} INFO - Processing /home/hp/Desktop/Bigdata_project/BigData-Project/airflow-venv/lib/python3.10/site-packages/airflow/example_dags/example_branch_operator.py took 0.031 seconds
[2026-01-29T16:05:27.954+0530] {processor.py:186} INFO - Started process (PID=30613) to work on /home/hp/Desktop/Bigdata_project/BigData-Project/airflow-venv/lib/python3.10/site-packages/airflow/example_dags/example_branch_operator.py
[2026-01-29T16:05:27.960+0530] {processor.py:914} INFO - Processing file /home/hp/Desktop/Bigdata_project/BigData-Project/airflow-venv/lib/python3.10/site-packages/airflow/example_dags/example_branch_operator.py for tasks to queue
[2026-01-29T16:05:27.963+0530] {logging_mixin.py:190} INFO - [2026-01-29T16:05:27.962+0530] {dagbag.py:588} INFO - Filling up the DagBag from /home/hp/Desktop/Bigdata_project/BigData-Project/airflow-venv/lib/python3.10/site-packages/airflow/example_dags/example_branch_operator.py
[2026-01-29T16:05:27.966+0530] {processor.py:927} WARNING - No viable dags retrieved from /home/hp/Desktop/Bigdata_project/BigData-Project/airflow-venv/lib/python3.10/site-packages/airflow/example_dags/example_branch_operator.py
[2026-01-29T16:05:27.977+0530] {processor.py:208} INFO - Processing /home/hp/Desktop/Bigdata_project/BigData-Project/airflow-venv/lib/python3.10/site-packages/airflow/example_dags/example_branch_operator.py took 0.030 seconds
[2026-01-29T16:06:51.901+0530] {processor.py:186} INFO - Started process (PID=30994) to work on /home/hp/Desktop/Bigdata_project/BigData-Project/airflow-venv/lib/python3.10/site-packages/airflow/example_dags/example_branch_operator.py
[2026-01-29T16:06:51.907+0530] {processor.py:914} INFO - Processing file /home/hp/Desktop/Bigdata_project/BigData-Project/airflow-venv/lib/python3.10/site-packages/airflow/example_dags/example_branch_operator.py for tasks to queue
[2026-01-29T16:06:51.910+0530] {logging_mixin.py:190} INFO - [2026-01-29T16:06:51.909+0530] {dagbag.py:588} INFO - Filling up the DagBag from /home/hp/Desktop/Bigdata_project/BigData-Project/airflow-venv/lib/python3.10/site-packages/airflow/example_dags/example_branch_operator.py
[2026-01-29T16:06:51.913+0530] {processor.py:927} WARNING - No viable dags retrieved from /home/hp/Desktop/Bigdata_project/BigData-Project/airflow-venv/lib/python3.10/site-packages/airflow/example_dags/example_branch_operator.py
[2026-01-29T16:06:51.924+0530] {processor.py:208} INFO - Processing /home/hp/Desktop/Bigdata_project/BigData-Project/airflow-venv/lib/python3.10/site-packages/airflow/example_dags/example_branch_operator.py took 0.030 seconds
[2026-01-29T16:08:17.919+0530] {processor.py:186} INFO - Started process (PID=31364) to work on /home/hp/Desktop/Bigdata_project/BigData-Project/airflow-venv/lib/python3.10/site-packages/airflow/example_dags/example_branch_operator.py
[2026-01-29T16:08:17.926+0530] {processor.py:914} INFO - Processing file /home/hp/Desktop/Bigdata_project/BigData-Project/airflow-venv/lib/python3.10/site-packages/airflow/example_dags/example_branch_operator.py for tasks to queue
[2026-01-29T16:08:17.928+0530] {logging_mixin.py:190} INFO - [2026-01-29T16:08:17.927+0530] {dagbag.py:588} INFO - Filling up the DagBag from /home/hp/Desktop/Bigdata_project/BigData-Project/airflow-venv/lib/python3.10/site-packages/airflow/example_dags/example_branch_operator.py
[2026-01-29T16:08:17.931+0530] {processor.py:927} WARNING - No viable dags retrieved from /home/hp/Desktop/Bigdata_project/BigData-Project/airflow-venv/lib/python3.10/site-packages/airflow/example_dags/example_branch_operator.py
[2026-01-29T16:08:17.943+0530] {processor.py:208} INFO - Processing /home/hp/Desktop/Bigdata_project/BigData-Project/airflow-venv/lib/python3.10/site-packages/airflow/example_dags/example_branch_operator.py took 0.030 seconds
[2026-01-29T16:09:30.881+0530] {processor.py:186} INFO - Started process (PID=31766) to work on /home/hp/Desktop/Bigdata_project/BigData-Project/airflow-venv/lib/python3.10/site-packages/airflow/example_dags/example_branch_operator.py
[2026-01-29T16:09:30.888+0530] {processor.py:914} INFO - Processing file /home/hp/Desktop/Bigdata_project/BigData-Project/airflow-venv/lib/python3.10/site-packages/airflow/example_dags/example_branch_operator.py for tasks to queue
[2026-01-29T16:09:30.891+0530] {logging_mixin.py:190} INFO - [2026-01-29T16:09:30.891+0530] {dagbag.py:588} INFO - Filling up the DagBag from /home/hp/Desktop/Bigdata_project/BigData-Project/airflow-venv/lib/python3.10/site-packages/airflow/example_dags/example_branch_operator.py
[2026-01-29T16:09:30.894+0530] {processor.py:927} WARNING - No viable dags retrieved from /home/hp/Desktop/Bigdata_project/BigData-Project/airflow-venv/lib/python3.10/site-packages/airflow/example_dags/example_branch_operator.py
[2026-01-29T16:09:30.906+0530] {processor.py:208} INFO - Processing /home/hp/Desktop/Bigdata_project/BigData-Project/airflow-venv/lib/python3.10/site-packages/airflow/example_dags/example_branch_operator.py took 0.031 seconds
