[2026-01-29T15:56:20.129+0530] {processor.py:186} INFO - Started process (PID=28494) to work on /home/hp/Desktop/Bigdata_project/BigData-Project/airflow-venv/lib/python3.10/site-packages/airflow/example_dags/example_branch_python_dop_operator_3.py
[2026-01-29T15:56:20.130+0530] {processor.py:914} INFO - Processing file /home/hp/Desktop/Bigdata_project/BigData-Project/airflow-venv/lib/python3.10/site-packages/airflow/example_dags/example_branch_python_dop_operator_3.py for tasks to queue
[2026-01-29T15:56:20.133+0530] {logging_mixin.py:190} INFO - [2026-01-29T15:56:20.132+0530] {dagbag.py:588} INFO - Filling up the DagBag from /home/hp/Desktop/Bigdata_project/BigData-Project/airflow-venv/lib/python3.10/site-packages/airflow/example_dags/example_branch_python_dop_operator_3.py
[2026-01-29T15:56:20.145+0530] {processor.py:925} INFO - DAG(s) 'example_branch_dop_operator_v3' retrieved from /home/hp/Desktop/Bigdata_project/BigData-Project/airflow-venv/lib/python3.10/site-packages/airflow/example_dags/example_branch_python_dop_operator_3.py
[2026-01-29T15:56:20.254+0530] {logging_mixin.py:190} INFO - [2026-01-29T15:56:20.254+0530] {override.py:1930} INFO - Created Permission View: can edit on DAG:example_branch_dop_operator_v3
[2026-01-29T15:56:20.265+0530] {logging_mixin.py:190} INFO - [2026-01-29T15:56:20.264+0530] {override.py:1930} INFO - Created Permission View: can delete on DAG:example_branch_dop_operator_v3
[2026-01-29T15:56:20.273+0530] {logging_mixin.py:190} INFO - [2026-01-29T15:56:20.273+0530] {override.py:1930} INFO - Created Permission View: can read on DAG:example_branch_dop_operator_v3
[2026-01-29T15:56:20.284+0530] {logging_mixin.py:190} INFO - [2026-01-29T15:56:20.284+0530] {override.py:1930} INFO - Created Permission View: can delete on DAG Run:example_branch_dop_operator_v3
[2026-01-29T15:56:20.292+0530] {logging_mixin.py:190} INFO - [2026-01-29T15:56:20.292+0530] {override.py:1930} INFO - Created Permission View: can read on DAG Run:example_branch_dop_operator_v3
[2026-01-29T15:56:20.300+0530] {logging_mixin.py:190} INFO - [2026-01-29T15:56:20.300+0530] {override.py:1930} INFO - Created Permission View: menu access on DAG Run:example_branch_dop_operator_v3
[2026-01-29T15:56:20.308+0530] {logging_mixin.py:190} INFO - [2026-01-29T15:56:20.308+0530] {override.py:1930} INFO - Created Permission View: can create on DAG Run:example_branch_dop_operator_v3
[2026-01-29T15:56:20.309+0530] {logging_mixin.py:190} INFO - [2026-01-29T15:56:20.309+0530] {dag.py:3239} INFO - Sync 1 DAGs
[2026-01-29T15:56:20.321+0530] {logging_mixin.py:190} INFO - [2026-01-29T15:56:20.321+0530] {dag.py:3262} INFO - Creating ORM DAG for example_branch_dop_operator_v3
[2026-01-29T15:56:20.334+0530] {logging_mixin.py:190} INFO - [2026-01-29T15:56:20.334+0530] {dag.py:4180} INFO - Setting next_dagrun for example_branch_dop_operator_v3 to 2026-01-29 10:25:00+00:00, run_after=2026-01-29 10:26:00+00:00
[2026-01-29T15:56:20.353+0530] {processor.py:208} INFO - Processing /home/hp/Desktop/Bigdata_project/BigData-Project/airflow-venv/lib/python3.10/site-packages/airflow/example_dags/example_branch_python_dop_operator_3.py took 0.231 seconds
[2026-01-29T15:57:21.895+0530] {processor.py:186} INFO - Started process (PID=28689) to work on /home/hp/Desktop/Bigdata_project/BigData-Project/airflow-venv/lib/python3.10/site-packages/airflow/example_dags/example_branch_python_dop_operator_3.py
[2026-01-29T15:57:21.901+0530] {processor.py:914} INFO - Processing file /home/hp/Desktop/Bigdata_project/BigData-Project/airflow-venv/lib/python3.10/site-packages/airflow/example_dags/example_branch_python_dop_operator_3.py for tasks to queue
[2026-01-29T15:57:21.904+0530] {logging_mixin.py:190} INFO - [2026-01-29T15:57:21.903+0530] {dagbag.py:588} INFO - Filling up the DagBag from /home/hp/Desktop/Bigdata_project/BigData-Project/airflow-venv/lib/python3.10/site-packages/airflow/example_dags/example_branch_python_dop_operator_3.py
[2026-01-29T15:57:21.916+0530] {processor.py:925} INFO - DAG(s) 'example_branch_dop_operator_v3' retrieved from /home/hp/Desktop/Bigdata_project/BigData-Project/airflow-venv/lib/python3.10/site-packages/airflow/example_dags/example_branch_python_dop_operator_3.py
[2026-01-29T15:57:21.932+0530] {logging_mixin.py:190} INFO - [2026-01-29T15:57:21.932+0530] {dag.py:3239} INFO - Sync 1 DAGs
[2026-01-29T15:57:21.957+0530] {logging_mixin.py:190} INFO - [2026-01-29T15:57:21.957+0530] {dag.py:4180} INFO - Setting next_dagrun for example_branch_dop_operator_v3 to 2026-01-29 10:26:00+00:00, run_after=2026-01-29 10:27:00+00:00
[2026-01-29T15:57:21.979+0530] {processor.py:208} INFO - Processing /home/hp/Desktop/Bigdata_project/BigData-Project/airflow-venv/lib/python3.10/site-packages/airflow/example_dags/example_branch_python_dop_operator_3.py took 0.091 seconds
[2026-01-29T16:00:51.942+0530] {processor.py:186} INFO - Started process (PID=29424) to work on /home/hp/Desktop/Bigdata_project/BigData-Project/airflow-venv/lib/python3.10/site-packages/airflow/example_dags/example_branch_python_dop_operator_3.py
[2026-01-29T16:00:51.948+0530] {processor.py:914} INFO - Processing file /home/hp/Desktop/Bigdata_project/BigData-Project/airflow-venv/lib/python3.10/site-packages/airflow/example_dags/example_branch_python_dop_operator_3.py for tasks to queue
[2026-01-29T16:00:51.950+0530] {logging_mixin.py:190} INFO - [2026-01-29T16:00:51.950+0530] {dagbag.py:588} INFO - Filling up the DagBag from /home/hp/Desktop/Bigdata_project/BigData-Project/airflow-venv/lib/python3.10/site-packages/airflow/example_dags/example_branch_python_dop_operator_3.py
[2026-01-29T16:00:51.963+0530] {processor.py:925} INFO - DAG(s) 'example_branch_dop_operator_v3' retrieved from /home/hp/Desktop/Bigdata_project/BigData-Project/airflow-venv/lib/python3.10/site-packages/airflow/example_dags/example_branch_python_dop_operator_3.py
[2026-01-29T16:00:51.980+0530] {logging_mixin.py:190} INFO - [2026-01-29T16:00:51.979+0530] {dag.py:3239} INFO - Sync 1 DAGs
[2026-01-29T16:00:52.006+0530] {logging_mixin.py:190} INFO - [2026-01-29T16:00:52.005+0530] {dag.py:4180} INFO - Setting next_dagrun for example_branch_dop_operator_v3 to 2026-01-29 10:29:00+00:00, run_after=2026-01-29 10:30:00+00:00
[2026-01-29T16:00:52.028+0530] {processor.py:208} INFO - Processing /home/hp/Desktop/Bigdata_project/BigData-Project/airflow-venv/lib/python3.10/site-packages/airflow/example_dags/example_branch_python_dop_operator_3.py took 0.093 seconds
[2026-01-29T16:02:12.430+0530] {processor.py:186} INFO - Started process (PID=29757) to work on /home/hp/Desktop/Bigdata_project/BigData-Project/airflow-venv/lib/python3.10/site-packages/airflow/example_dags/example_branch_python_dop_operator_3.py
[2026-01-29T16:02:12.436+0530] {processor.py:914} INFO - Processing file /home/hp/Desktop/Bigdata_project/BigData-Project/airflow-venv/lib/python3.10/site-packages/airflow/example_dags/example_branch_python_dop_operator_3.py for tasks to queue
[2026-01-29T16:02:12.439+0530] {logging_mixin.py:190} INFO - [2026-01-29T16:02:12.439+0530] {dagbag.py:588} INFO - Filling up the DagBag from /home/hp/Desktop/Bigdata_project/BigData-Project/airflow-venv/lib/python3.10/site-packages/airflow/example_dags/example_branch_python_dop_operator_3.py
[2026-01-29T16:02:12.451+0530] {processor.py:925} INFO - DAG(s) 'example_branch_dop_operator_v3' retrieved from /home/hp/Desktop/Bigdata_project/BigData-Project/airflow-venv/lib/python3.10/site-packages/airflow/example_dags/example_branch_python_dop_operator_3.py
[2026-01-29T16:02:12.468+0530] {logging_mixin.py:190} INFO - [2026-01-29T16:02:12.467+0530] {dag.py:3239} INFO - Sync 1 DAGs
[2026-01-29T16:02:12.494+0530] {logging_mixin.py:190} INFO - [2026-01-29T16:02:12.494+0530] {dag.py:4180} INFO - Setting next_dagrun for example_branch_dop_operator_v3 to 2026-01-29 10:31:00+00:00, run_after=2026-01-29 10:32:00+00:00
[2026-01-29T16:02:12.514+0530] {processor.py:208} INFO - Processing /home/hp/Desktop/Bigdata_project/BigData-Project/airflow-venv/lib/python3.10/site-packages/airflow/example_dags/example_branch_python_dop_operator_3.py took 0.091 seconds
[2026-01-29T16:03:33.278+0530] {processor.py:186} INFO - Started process (PID=30088) to work on /home/hp/Desktop/Bigdata_project/BigData-Project/airflow-venv/lib/python3.10/site-packages/airflow/example_dags/example_branch_python_dop_operator_3.py
[2026-01-29T16:03:33.285+0530] {processor.py:914} INFO - Processing file /home/hp/Desktop/Bigdata_project/BigData-Project/airflow-venv/lib/python3.10/site-packages/airflow/example_dags/example_branch_python_dop_operator_3.py for tasks to queue
[2026-01-29T16:03:33.287+0530] {logging_mixin.py:190} INFO - [2026-01-29T16:03:33.287+0530] {dagbag.py:588} INFO - Filling up the DagBag from /home/hp/Desktop/Bigdata_project/BigData-Project/airflow-venv/lib/python3.10/site-packages/airflow/example_dags/example_branch_python_dop_operator_3.py
[2026-01-29T16:03:33.299+0530] {processor.py:925} INFO - DAG(s) 'example_branch_dop_operator_v3' retrieved from /home/hp/Desktop/Bigdata_project/BigData-Project/airflow-venv/lib/python3.10/site-packages/airflow/example_dags/example_branch_python_dop_operator_3.py
[2026-01-29T16:03:33.315+0530] {logging_mixin.py:190} INFO - [2026-01-29T16:03:33.314+0530] {dag.py:3239} INFO - Sync 1 DAGs
[2026-01-29T16:03:33.339+0530] {logging_mixin.py:190} INFO - [2026-01-29T16:03:33.339+0530] {dag.py:4180} INFO - Setting next_dagrun for example_branch_dop_operator_v3 to 2026-01-29 10:32:00+00:00, run_after=2026-01-29 10:33:00+00:00
[2026-01-29T16:03:33.360+0530] {processor.py:208} INFO - Processing /home/hp/Desktop/Bigdata_project/BigData-Project/airflow-venv/lib/python3.10/site-packages/airflow/example_dags/example_branch_python_dop_operator_3.py took 0.089 seconds
[2026-01-29T16:04:57.916+0530] {processor.py:186} INFO - Started process (PID=30459) to work on /home/hp/Desktop/Bigdata_project/BigData-Project/airflow-venv/lib/python3.10/site-packages/airflow/example_dags/example_branch_python_dop_operator_3.py
[2026-01-29T16:04:57.922+0530] {processor.py:914} INFO - Processing file /home/hp/Desktop/Bigdata_project/BigData-Project/airflow-venv/lib/python3.10/site-packages/airflow/example_dags/example_branch_python_dop_operator_3.py for tasks to queue
[2026-01-29T16:04:57.925+0530] {logging_mixin.py:190} INFO - [2026-01-29T16:04:57.924+0530] {dagbag.py:588} INFO - Filling up the DagBag from /home/hp/Desktop/Bigdata_project/BigData-Project/airflow-venv/lib/python3.10/site-packages/airflow/example_dags/example_branch_python_dop_operator_3.py
[2026-01-29T16:04:57.937+0530] {processor.py:925} INFO - DAG(s) 'example_branch_dop_operator_v3' retrieved from /home/hp/Desktop/Bigdata_project/BigData-Project/airflow-venv/lib/python3.10/site-packages/airflow/example_dags/example_branch_python_dop_operator_3.py
[2026-01-29T16:04:57.953+0530] {logging_mixin.py:190} INFO - [2026-01-29T16:04:57.953+0530] {dag.py:3239} INFO - Sync 1 DAGs
[2026-01-29T16:04:57.978+0530] {logging_mixin.py:190} INFO - [2026-01-29T16:04:57.978+0530] {dag.py:4180} INFO - Setting next_dagrun for example_branch_dop_operator_v3 to 2026-01-29 10:33:00+00:00, run_after=2026-01-29 10:34:00+00:00
[2026-01-29T16:04:58.000+0530] {processor.py:208} INFO - Processing /home/hp/Desktop/Bigdata_project/BigData-Project/airflow-venv/lib/python3.10/site-packages/airflow/example_dags/example_branch_python_dop_operator_3.py took 0.092 seconds
[2026-01-29T16:05:55.256+0530] {processor.py:186} INFO - Started process (PID=30713) to work on /home/hp/Desktop/Bigdata_project/BigData-Project/airflow-venv/lib/python3.10/site-packages/airflow/example_dags/example_branch_python_dop_operator_3.py
[2026-01-29T16:05:55.262+0530] {processor.py:914} INFO - Processing file /home/hp/Desktop/Bigdata_project/BigData-Project/airflow-venv/lib/python3.10/site-packages/airflow/example_dags/example_branch_python_dop_operator_3.py for tasks to queue
[2026-01-29T16:05:55.265+0530] {logging_mixin.py:190} INFO - [2026-01-29T16:05:55.265+0530] {dagbag.py:588} INFO - Filling up the DagBag from /home/hp/Desktop/Bigdata_project/BigData-Project/airflow-venv/lib/python3.10/site-packages/airflow/example_dags/example_branch_python_dop_operator_3.py
[2026-01-29T16:05:55.276+0530] {processor.py:925} INFO - DAG(s) 'example_branch_dop_operator_v3' retrieved from /home/hp/Desktop/Bigdata_project/BigData-Project/airflow-venv/lib/python3.10/site-packages/airflow/example_dags/example_branch_python_dop_operator_3.py
[2026-01-29T16:05:55.292+0530] {logging_mixin.py:190} INFO - [2026-01-29T16:05:55.292+0530] {dag.py:3239} INFO - Sync 1 DAGs
[2026-01-29T16:05:55.317+0530] {logging_mixin.py:190} INFO - [2026-01-29T16:05:55.317+0530] {dag.py:4180} INFO - Setting next_dagrun for example_branch_dop_operator_v3 to 2026-01-29 10:34:00+00:00, run_after=2026-01-29 10:35:00+00:00
[2026-01-29T16:05:55.337+0530] {processor.py:208} INFO - Processing /home/hp/Desktop/Bigdata_project/BigData-Project/airflow-venv/lib/python3.10/site-packages/airflow/example_dags/example_branch_python_dop_operator_3.py took 0.088 seconds
[2026-01-29T16:07:20.564+0530] {processor.py:186} INFO - Started process (PID=31149) to work on /home/hp/Desktop/Bigdata_project/BigData-Project/airflow-venv/lib/python3.10/site-packages/airflow/example_dags/example_branch_python_dop_operator_3.py
[2026-01-29T16:07:20.571+0530] {processor.py:914} INFO - Processing file /home/hp/Desktop/Bigdata_project/BigData-Project/airflow-venv/lib/python3.10/site-packages/airflow/example_dags/example_branch_python_dop_operator_3.py for tasks to queue
[2026-01-29T16:07:20.573+0530] {logging_mixin.py:190} INFO - [2026-01-29T16:07:20.573+0530] {dagbag.py:588} INFO - Filling up the DagBag from /home/hp/Desktop/Bigdata_project/BigData-Project/airflow-venv/lib/python3.10/site-packages/airflow/example_dags/example_branch_python_dop_operator_3.py
[2026-01-29T16:07:20.585+0530] {processor.py:925} INFO - DAG(s) 'example_branch_dop_operator_v3' retrieved from /home/hp/Desktop/Bigdata_project/BigData-Project/airflow-venv/lib/python3.10/site-packages/airflow/example_dags/example_branch_python_dop_operator_3.py
[2026-01-29T16:07:20.601+0530] {logging_mixin.py:190} INFO - [2026-01-29T16:07:20.601+0530] {dag.py:3239} INFO - Sync 1 DAGs
[2026-01-29T16:07:20.625+0530] {logging_mixin.py:190} INFO - [2026-01-29T16:07:20.625+0530] {dag.py:4180} INFO - Setting next_dagrun for example_branch_dop_operator_v3 to 2026-01-29 10:36:00+00:00, run_after=2026-01-29 10:37:00+00:00
[2026-01-29T16:07:20.648+0530] {processor.py:208} INFO - Processing /home/hp/Desktop/Bigdata_project/BigData-Project/airflow-venv/lib/python3.10/site-packages/airflow/example_dags/example_branch_python_dop_operator_3.py took 0.091 seconds
[2026-01-29T16:08:19.594+0530] {processor.py:186} INFO - Started process (PID=31384) to work on /home/hp/Desktop/Bigdata_project/BigData-Project/airflow-venv/lib/python3.10/site-packages/airflow/example_dags/example_branch_python_dop_operator_3.py
[2026-01-29T16:08:19.600+0530] {processor.py:914} INFO - Processing file /home/hp/Desktop/Bigdata_project/BigData-Project/airflow-venv/lib/python3.10/site-packages/airflow/example_dags/example_branch_python_dop_operator_3.py for tasks to queue
[2026-01-29T16:08:19.603+0530] {logging_mixin.py:190} INFO - [2026-01-29T16:08:19.603+0530] {dagbag.py:588} INFO - Filling up the DagBag from /home/hp/Desktop/Bigdata_project/BigData-Project/airflow-venv/lib/python3.10/site-packages/airflow/example_dags/example_branch_python_dop_operator_3.py
[2026-01-29T16:08:19.615+0530] {processor.py:925} INFO - DAG(s) 'example_branch_dop_operator_v3' retrieved from /home/hp/Desktop/Bigdata_project/BigData-Project/airflow-venv/lib/python3.10/site-packages/airflow/example_dags/example_branch_python_dop_operator_3.py
[2026-01-29T16:08:19.631+0530] {logging_mixin.py:190} INFO - [2026-01-29T16:08:19.631+0530] {dag.py:3239} INFO - Sync 1 DAGs
[2026-01-29T16:08:19.656+0530] {logging_mixin.py:190} INFO - [2026-01-29T16:08:19.656+0530] {dag.py:4180} INFO - Setting next_dagrun for example_branch_dop_operator_v3 to 2026-01-29 10:37:00+00:00, run_after=2026-01-29 10:38:00+00:00
[2026-01-29T16:08:19.676+0530] {processor.py:208} INFO - Processing /home/hp/Desktop/Bigdata_project/BigData-Project/airflow-venv/lib/python3.10/site-packages/airflow/example_dags/example_branch_python_dop_operator_3.py took 0.090 seconds
[2026-01-29T16:09:33.178+0530] {processor.py:186} INFO - Started process (PID=31771) to work on /home/hp/Desktop/Bigdata_project/BigData-Project/airflow-venv/lib/python3.10/site-packages/airflow/example_dags/example_branch_python_dop_operator_3.py
[2026-01-29T16:09:33.184+0530] {processor.py:914} INFO - Processing file /home/hp/Desktop/Bigdata_project/BigData-Project/airflow-venv/lib/python3.10/site-packages/airflow/example_dags/example_branch_python_dop_operator_3.py for tasks to queue
[2026-01-29T16:09:33.187+0530] {logging_mixin.py:190} INFO - [2026-01-29T16:09:33.186+0530] {dagbag.py:588} INFO - Filling up the DagBag from /home/hp/Desktop/Bigdata_project/BigData-Project/airflow-venv/lib/python3.10/site-packages/airflow/example_dags/example_branch_python_dop_operator_3.py
[2026-01-29T16:09:33.199+0530] {processor.py:925} INFO - DAG(s) 'example_branch_dop_operator_v3' retrieved from /home/hp/Desktop/Bigdata_project/BigData-Project/airflow-venv/lib/python3.10/site-packages/airflow/example_dags/example_branch_python_dop_operator_3.py
[2026-01-29T16:09:33.294+0530] {logging_mixin.py:190} INFO - [2026-01-29T16:09:33.293+0530] {override.py:1930} INFO - Created Permission View: can edit on DAG:example_branch_dop_operator_v3
[2026-01-29T16:09:33.304+0530] {logging_mixin.py:190} INFO - [2026-01-29T16:09:33.304+0530] {override.py:1930} INFO - Created Permission View: can delete on DAG:example_branch_dop_operator_v3
[2026-01-29T16:09:33.312+0530] {logging_mixin.py:190} INFO - [2026-01-29T16:09:33.312+0530] {override.py:1930} INFO - Created Permission View: can read on DAG:example_branch_dop_operator_v3
[2026-01-29T16:09:33.323+0530] {logging_mixin.py:190} INFO - [2026-01-29T16:09:33.322+0530] {override.py:1930} INFO - Created Permission View: menu access on DAG Run:example_branch_dop_operator_v3
[2026-01-29T16:09:33.331+0530] {logging_mixin.py:190} INFO - [2026-01-29T16:09:33.331+0530] {override.py:1930} INFO - Created Permission View: can delete on DAG Run:example_branch_dop_operator_v3
[2026-01-29T16:09:33.339+0530] {logging_mixin.py:190} INFO - [2026-01-29T16:09:33.339+0530] {override.py:1930} INFO - Created Permission View: can create on DAG Run:example_branch_dop_operator_v3
[2026-01-29T16:09:33.347+0530] {logging_mixin.py:190} INFO - [2026-01-29T16:09:33.347+0530] {override.py:1930} INFO - Created Permission View: can read on DAG Run:example_branch_dop_operator_v3
[2026-01-29T16:09:33.348+0530] {logging_mixin.py:190} INFO - [2026-01-29T16:09:33.348+0530] {dag.py:3239} INFO - Sync 1 DAGs
[2026-01-29T16:09:33.360+0530] {logging_mixin.py:190} INFO - [2026-01-29T16:09:33.359+0530] {dag.py:3262} INFO - Creating ORM DAG for example_branch_dop_operator_v3
[2026-01-29T16:09:33.373+0530] {logging_mixin.py:190} INFO - [2026-01-29T16:09:33.373+0530] {dag.py:4180} INFO - Setting next_dagrun for example_branch_dop_operator_v3 to 2026-01-29 10:38:00+00:00, run_after=2026-01-29 10:39:00+00:00
[2026-01-29T16:09:33.393+0530] {processor.py:208} INFO - Processing /home/hp/Desktop/Bigdata_project/BigData-Project/airflow-venv/lib/python3.10/site-packages/airflow/example_dags/example_branch_python_dop_operator_3.py took 0.223 seconds
