[2026-01-29T15:56:08.260+0530] {processor.py:186} INFO - Started process (PID=28441) to work on /home/hp/Desktop/Bigdata_project/BigData-Project/airflow-venv/lib/python3.10/site-packages/airflow/example_dags/example_dynamic_task_mapping_with_no_taskflow_operators.py
[2026-01-29T15:56:08.262+0530] {processor.py:914} INFO - Processing file /home/hp/Desktop/Bigdata_project/BigData-Project/airflow-venv/lib/python3.10/site-packages/airflow/example_dags/example_dynamic_task_mapping_with_no_taskflow_operators.py for tasks to queue
[2026-01-29T15:56:08.265+0530] {logging_mixin.py:190} INFO - [2026-01-29T15:56:08.264+0530] {dagbag.py:588} INFO - Filling up the DagBag from /home/hp/Desktop/Bigdata_project/BigData-Project/airflow-venv/lib/python3.10/site-packages/airflow/example_dags/example_dynamic_task_mapping_with_no_taskflow_operators.py
[2026-01-29T15:56:08.277+0530] {processor.py:925} INFO - DAG(s) 'example_dynamic_task_mapping_with_no_taskflow_operators' retrieved from /home/hp/Desktop/Bigdata_project/BigData-Project/airflow-venv/lib/python3.10/site-packages/airflow/example_dags/example_dynamic_task_mapping_with_no_taskflow_operators.py
[2026-01-29T15:56:08.410+0530] {logging_mixin.py:190} INFO - [2026-01-29T15:56:08.409+0530] {override.py:1930} INFO - Created Permission View: can edit on DAG:example_dynamic_task_mapping_with_no_taskflow_operators
[2026-01-29T15:56:08.423+0530] {logging_mixin.py:190} INFO - [2026-01-29T15:56:08.423+0530] {override.py:1930} INFO - Created Permission View: can delete on DAG:example_dynamic_task_mapping_with_no_taskflow_operators
[2026-01-29T15:56:08.433+0530] {logging_mixin.py:190} INFO - [2026-01-29T15:56:08.433+0530] {override.py:1930} INFO - Created Permission View: can read on DAG:example_dynamic_task_mapping_with_no_taskflow_operators
[2026-01-29T15:56:08.446+0530] {logging_mixin.py:190} INFO - [2026-01-29T15:56:08.445+0530] {override.py:1930} INFO - Created Permission View: can delete on DAG Run:example_dynamic_task_mapping_with_no_taskflow_operators
[2026-01-29T15:56:08.456+0530] {logging_mixin.py:190} INFO - [2026-01-29T15:56:08.455+0530] {override.py:1930} INFO - Created Permission View: can read on DAG Run:example_dynamic_task_mapping_with_no_taskflow_operators
[2026-01-29T15:56:08.464+0530] {logging_mixin.py:190} INFO - [2026-01-29T15:56:08.464+0530] {override.py:1930} INFO - Created Permission View: menu access on DAG Run:example_dynamic_task_mapping_with_no_taskflow_operators
[2026-01-29T15:56:08.474+0530] {logging_mixin.py:190} INFO - [2026-01-29T15:56:08.473+0530] {override.py:1930} INFO - Created Permission View: can create on DAG Run:example_dynamic_task_mapping_with_no_taskflow_operators
[2026-01-29T15:56:08.474+0530] {logging_mixin.py:190} INFO - [2026-01-29T15:56:08.474+0530] {dag.py:3239} INFO - Sync 1 DAGs
[2026-01-29T15:56:08.490+0530] {logging_mixin.py:190} INFO - [2026-01-29T15:56:08.490+0530] {dag.py:3262} INFO - Creating ORM DAG for example_dynamic_task_mapping_with_no_taskflow_operators
[2026-01-29T15:56:08.491+0530] {logging_mixin.py:190} INFO - [2026-01-29T15:56:08.491+0530] {dag.py:4180} INFO - Setting next_dagrun for example_dynamic_task_mapping_with_no_taskflow_operators to None, run_after=None
[2026-01-29T15:56:08.511+0530] {processor.py:208} INFO - Processing /home/hp/Desktop/Bigdata_project/BigData-Project/airflow-venv/lib/python3.10/site-packages/airflow/example_dags/example_dynamic_task_mapping_with_no_taskflow_operators.py took 0.259 seconds
[2026-01-29T15:57:10.651+0530] {processor.py:186} INFO - Started process (PID=28658) to work on /home/hp/Desktop/Bigdata_project/BigData-Project/airflow-venv/lib/python3.10/site-packages/airflow/example_dags/example_dynamic_task_mapping_with_no_taskflow_operators.py
[2026-01-29T15:57:10.657+0530] {processor.py:914} INFO - Processing file /home/hp/Desktop/Bigdata_project/BigData-Project/airflow-venv/lib/python3.10/site-packages/airflow/example_dags/example_dynamic_task_mapping_with_no_taskflow_operators.py for tasks to queue
[2026-01-29T15:57:10.660+0530] {logging_mixin.py:190} INFO - [2026-01-29T15:57:10.660+0530] {dagbag.py:588} INFO - Filling up the DagBag from /home/hp/Desktop/Bigdata_project/BigData-Project/airflow-venv/lib/python3.10/site-packages/airflow/example_dags/example_dynamic_task_mapping_with_no_taskflow_operators.py
[2026-01-29T15:57:10.669+0530] {processor.py:925} INFO - DAG(s) 'example_dynamic_task_mapping_with_no_taskflow_operators' retrieved from /home/hp/Desktop/Bigdata_project/BigData-Project/airflow-venv/lib/python3.10/site-packages/airflow/example_dags/example_dynamic_task_mapping_with_no_taskflow_operators.py
[2026-01-29T15:57:10.685+0530] {logging_mixin.py:190} INFO - [2026-01-29T15:57:10.685+0530] {dag.py:3239} INFO - Sync 1 DAGs
[2026-01-29T15:57:10.697+0530] {logging_mixin.py:190} INFO - [2026-01-29T15:57:10.697+0530] {dag.py:4180} INFO - Setting next_dagrun for example_dynamic_task_mapping_with_no_taskflow_operators to None, run_after=None
[2026-01-29T15:57:10.718+0530] {processor.py:208} INFO - Processing /home/hp/Desktop/Bigdata_project/BigData-Project/airflow-venv/lib/python3.10/site-packages/airflow/example_dags/example_dynamic_task_mapping_with_no_taskflow_operators.py took 0.074 seconds
[2026-01-29T16:00:40.581+0530] {processor.py:186} INFO - Started process (PID=29372) to work on /home/hp/Desktop/Bigdata_project/BigData-Project/airflow-venv/lib/python3.10/site-packages/airflow/example_dags/example_dynamic_task_mapping_with_no_taskflow_operators.py
[2026-01-29T16:00:40.587+0530] {processor.py:914} INFO - Processing file /home/hp/Desktop/Bigdata_project/BigData-Project/airflow-venv/lib/python3.10/site-packages/airflow/example_dags/example_dynamic_task_mapping_with_no_taskflow_operators.py for tasks to queue
[2026-01-29T16:00:40.590+0530] {logging_mixin.py:190} INFO - [2026-01-29T16:00:40.589+0530] {dagbag.py:588} INFO - Filling up the DagBag from /home/hp/Desktop/Bigdata_project/BigData-Project/airflow-venv/lib/python3.10/site-packages/airflow/example_dags/example_dynamic_task_mapping_with_no_taskflow_operators.py
[2026-01-29T16:00:40.598+0530] {processor.py:925} INFO - DAG(s) 'example_dynamic_task_mapping_with_no_taskflow_operators' retrieved from /home/hp/Desktop/Bigdata_project/BigData-Project/airflow-venv/lib/python3.10/site-packages/airflow/example_dags/example_dynamic_task_mapping_with_no_taskflow_operators.py
[2026-01-29T16:00:40.615+0530] {logging_mixin.py:190} INFO - [2026-01-29T16:00:40.614+0530] {dag.py:3239} INFO - Sync 1 DAGs
[2026-01-29T16:00:40.628+0530] {logging_mixin.py:190} INFO - [2026-01-29T16:00:40.627+0530] {dag.py:4180} INFO - Setting next_dagrun for example_dynamic_task_mapping_with_no_taskflow_operators to None, run_after=None
[2026-01-29T16:00:40.649+0530] {processor.py:208} INFO - Processing /home/hp/Desktop/Bigdata_project/BigData-Project/airflow-venv/lib/python3.10/site-packages/airflow/example_dags/example_dynamic_task_mapping_with_no_taskflow_operators.py took 0.075 seconds
[2026-01-29T16:01:38.515+0530] {processor.py:186} INFO - Started process (PID=29616) to work on /home/hp/Desktop/Bigdata_project/BigData-Project/airflow-venv/lib/python3.10/site-packages/airflow/example_dags/example_dynamic_task_mapping_with_no_taskflow_operators.py
[2026-01-29T16:01:38.521+0530] {processor.py:914} INFO - Processing file /home/hp/Desktop/Bigdata_project/BigData-Project/airflow-venv/lib/python3.10/site-packages/airflow/example_dags/example_dynamic_task_mapping_with_no_taskflow_operators.py for tasks to queue
[2026-01-29T16:01:38.524+0530] {logging_mixin.py:190} INFO - [2026-01-29T16:01:38.523+0530] {dagbag.py:588} INFO - Filling up the DagBag from /home/hp/Desktop/Bigdata_project/BigData-Project/airflow-venv/lib/python3.10/site-packages/airflow/example_dags/example_dynamic_task_mapping_with_no_taskflow_operators.py
[2026-01-29T16:01:38.533+0530] {processor.py:925} INFO - DAG(s) 'example_dynamic_task_mapping_with_no_taskflow_operators' retrieved from /home/hp/Desktop/Bigdata_project/BigData-Project/airflow-venv/lib/python3.10/site-packages/airflow/example_dags/example_dynamic_task_mapping_with_no_taskflow_operators.py
[2026-01-29T16:01:38.548+0530] {logging_mixin.py:190} INFO - [2026-01-29T16:01:38.548+0530] {dag.py:3239} INFO - Sync 1 DAGs
[2026-01-29T16:01:38.561+0530] {logging_mixin.py:190} INFO - [2026-01-29T16:01:38.561+0530] {dag.py:4180} INFO - Setting next_dagrun for example_dynamic_task_mapping_with_no_taskflow_operators to None, run_after=None
[2026-01-29T16:01:38.582+0530] {processor.py:208} INFO - Processing /home/hp/Desktop/Bigdata_project/BigData-Project/airflow-venv/lib/python3.10/site-packages/airflow/example_dags/example_dynamic_task_mapping_with_no_taskflow_operators.py took 0.074 seconds
[2026-01-29T16:02:35.591+0530] {processor.py:186} INFO - Started process (PID=29870) to work on /home/hp/Desktop/Bigdata_project/BigData-Project/airflow-venv/lib/python3.10/site-packages/airflow/example_dags/example_dynamic_task_mapping_with_no_taskflow_operators.py
[2026-01-29T16:02:35.592+0530] {processor.py:914} INFO - Processing file /home/hp/Desktop/Bigdata_project/BigData-Project/airflow-venv/lib/python3.10/site-packages/airflow/example_dags/example_dynamic_task_mapping_with_no_taskflow_operators.py for tasks to queue
[2026-01-29T16:02:35.594+0530] {logging_mixin.py:190} INFO - [2026-01-29T16:02:35.594+0530] {dagbag.py:588} INFO - Filling up the DagBag from /home/hp/Desktop/Bigdata_project/BigData-Project/airflow-venv/lib/python3.10/site-packages/airflow/example_dags/example_dynamic_task_mapping_with_no_taskflow_operators.py
[2026-01-29T16:02:35.603+0530] {processor.py:925} INFO - DAG(s) 'example_dynamic_task_mapping_with_no_taskflow_operators' retrieved from /home/hp/Desktop/Bigdata_project/BigData-Project/airflow-venv/lib/python3.10/site-packages/airflow/example_dags/example_dynamic_task_mapping_with_no_taskflow_operators.py
[2026-01-29T16:02:35.619+0530] {logging_mixin.py:190} INFO - [2026-01-29T16:02:35.618+0530] {dag.py:3239} INFO - Sync 1 DAGs
[2026-01-29T16:02:35.631+0530] {logging_mixin.py:190} INFO - [2026-01-29T16:02:35.631+0530] {dag.py:4180} INFO - Setting next_dagrun for example_dynamic_task_mapping_with_no_taskflow_operators to None, run_after=None
[2026-01-29T16:02:35.653+0530] {processor.py:208} INFO - Processing /home/hp/Desktop/Bigdata_project/BigData-Project/airflow-venv/lib/python3.10/site-packages/airflow/example_dags/example_dynamic_task_mapping_with_no_taskflow_operators.py took 0.069 seconds
[2026-01-29T16:03:29.385+0530] {processor.py:186} INFO - Started process (PID=30079) to work on /home/hp/Desktop/Bigdata_project/BigData-Project/airflow-venv/lib/python3.10/site-packages/airflow/example_dags/example_dynamic_task_mapping_with_no_taskflow_operators.py
[2026-01-29T16:03:29.391+0530] {processor.py:914} INFO - Processing file /home/hp/Desktop/Bigdata_project/BigData-Project/airflow-venv/lib/python3.10/site-packages/airflow/example_dags/example_dynamic_task_mapping_with_no_taskflow_operators.py for tasks to queue
[2026-01-29T16:03:29.394+0530] {logging_mixin.py:190} INFO - [2026-01-29T16:03:29.394+0530] {dagbag.py:588} INFO - Filling up the DagBag from /home/hp/Desktop/Bigdata_project/BigData-Project/airflow-venv/lib/python3.10/site-packages/airflow/example_dags/example_dynamic_task_mapping_with_no_taskflow_operators.py
[2026-01-29T16:03:29.403+0530] {processor.py:925} INFO - DAG(s) 'example_dynamic_task_mapping_with_no_taskflow_operators' retrieved from /home/hp/Desktop/Bigdata_project/BigData-Project/airflow-venv/lib/python3.10/site-packages/airflow/example_dags/example_dynamic_task_mapping_with_no_taskflow_operators.py
[2026-01-29T16:03:29.420+0530] {logging_mixin.py:190} INFO - [2026-01-29T16:03:29.420+0530] {dag.py:3239} INFO - Sync 1 DAGs
[2026-01-29T16:03:29.434+0530] {logging_mixin.py:190} INFO - [2026-01-29T16:03:29.433+0530] {dag.py:4180} INFO - Setting next_dagrun for example_dynamic_task_mapping_with_no_taskflow_operators to None, run_after=None
[2026-01-29T16:03:29.454+0530] {processor.py:208} INFO - Processing /home/hp/Desktop/Bigdata_project/BigData-Project/airflow-venv/lib/python3.10/site-packages/airflow/example_dags/example_dynamic_task_mapping_with_no_taskflow_operators.py took 0.076 seconds
[2026-01-29T16:04:24.228+0530] {processor.py:186} INFO - Started process (PID=30295) to work on /home/hp/Desktop/Bigdata_project/BigData-Project/airflow-venv/lib/python3.10/site-packages/airflow/example_dags/example_dynamic_task_mapping_with_no_taskflow_operators.py
[2026-01-29T16:04:24.234+0530] {processor.py:914} INFO - Processing file /home/hp/Desktop/Bigdata_project/BigData-Project/airflow-venv/lib/python3.10/site-packages/airflow/example_dags/example_dynamic_task_mapping_with_no_taskflow_operators.py for tasks to queue
[2026-01-29T16:04:24.236+0530] {logging_mixin.py:190} INFO - [2026-01-29T16:04:24.236+0530] {dagbag.py:588} INFO - Filling up the DagBag from /home/hp/Desktop/Bigdata_project/BigData-Project/airflow-venv/lib/python3.10/site-packages/airflow/example_dags/example_dynamic_task_mapping_with_no_taskflow_operators.py
[2026-01-29T16:04:24.245+0530] {processor.py:925} INFO - DAG(s) 'example_dynamic_task_mapping_with_no_taskflow_operators' retrieved from /home/hp/Desktop/Bigdata_project/BigData-Project/airflow-venv/lib/python3.10/site-packages/airflow/example_dags/example_dynamic_task_mapping_with_no_taskflow_operators.py
[2026-01-29T16:04:24.261+0530] {logging_mixin.py:190} INFO - [2026-01-29T16:04:24.261+0530] {dag.py:3239} INFO - Sync 1 DAGs
[2026-01-29T16:04:24.275+0530] {logging_mixin.py:190} INFO - [2026-01-29T16:04:24.275+0530] {dag.py:4180} INFO - Setting next_dagrun for example_dynamic_task_mapping_with_no_taskflow_operators to None, run_after=None
[2026-01-29T16:04:24.298+0530] {processor.py:208} INFO - Processing /home/hp/Desktop/Bigdata_project/BigData-Project/airflow-venv/lib/python3.10/site-packages/airflow/example_dags/example_dynamic_task_mapping_with_no_taskflow_operators.py took 0.077 seconds
[2026-01-29T16:05:20.414+0530] {processor.py:186} INFO - Started process (PID=30589) to work on /home/hp/Desktop/Bigdata_project/BigData-Project/airflow-venv/lib/python3.10/site-packages/airflow/example_dags/example_dynamic_task_mapping_with_no_taskflow_operators.py
[2026-01-29T16:05:20.420+0530] {processor.py:914} INFO - Processing file /home/hp/Desktop/Bigdata_project/BigData-Project/airflow-venv/lib/python3.10/site-packages/airflow/example_dags/example_dynamic_task_mapping_with_no_taskflow_operators.py for tasks to queue
[2026-01-29T16:05:20.423+0530] {logging_mixin.py:190} INFO - [2026-01-29T16:05:20.422+0530] {dagbag.py:588} INFO - Filling up the DagBag from /home/hp/Desktop/Bigdata_project/BigData-Project/airflow-venv/lib/python3.10/site-packages/airflow/example_dags/example_dynamic_task_mapping_with_no_taskflow_operators.py
[2026-01-29T16:05:20.432+0530] {processor.py:925} INFO - DAG(s) 'example_dynamic_task_mapping_with_no_taskflow_operators' retrieved from /home/hp/Desktop/Bigdata_project/BigData-Project/airflow-venv/lib/python3.10/site-packages/airflow/example_dags/example_dynamic_task_mapping_with_no_taskflow_operators.py
[2026-01-29T16:05:20.449+0530] {logging_mixin.py:190} INFO - [2026-01-29T16:05:20.448+0530] {dag.py:3239} INFO - Sync 1 DAGs
[2026-01-29T16:05:20.462+0530] {logging_mixin.py:190} INFO - [2026-01-29T16:05:20.462+0530] {dag.py:4180} INFO - Setting next_dagrun for example_dynamic_task_mapping_with_no_taskflow_operators to None, run_after=None
[2026-01-29T16:05:20.484+0530] {processor.py:208} INFO - Processing /home/hp/Desktop/Bigdata_project/BigData-Project/airflow-venv/lib/python3.10/site-packages/airflow/example_dags/example_dynamic_task_mapping_with_no_taskflow_operators.py took 0.076 seconds
[2026-01-29T16:06:16.339+0530] {processor.py:186} INFO - Started process (PID=30807) to work on /home/hp/Desktop/Bigdata_project/BigData-Project/airflow-venv/lib/python3.10/site-packages/airflow/example_dags/example_dynamic_task_mapping_with_no_taskflow_operators.py
[2026-01-29T16:06:16.345+0530] {processor.py:914} INFO - Processing file /home/hp/Desktop/Bigdata_project/BigData-Project/airflow-venv/lib/python3.10/site-packages/airflow/example_dags/example_dynamic_task_mapping_with_no_taskflow_operators.py for tasks to queue
[2026-01-29T16:06:16.349+0530] {logging_mixin.py:190} INFO - [2026-01-29T16:06:16.348+0530] {dagbag.py:588} INFO - Filling up the DagBag from /home/hp/Desktop/Bigdata_project/BigData-Project/airflow-venv/lib/python3.10/site-packages/airflow/example_dags/example_dynamic_task_mapping_with_no_taskflow_operators.py
[2026-01-29T16:06:16.357+0530] {processor.py:925} INFO - DAG(s) 'example_dynamic_task_mapping_with_no_taskflow_operators' retrieved from /home/hp/Desktop/Bigdata_project/BigData-Project/airflow-venv/lib/python3.10/site-packages/airflow/example_dags/example_dynamic_task_mapping_with_no_taskflow_operators.py
[2026-01-29T16:06:16.375+0530] {logging_mixin.py:190} INFO - [2026-01-29T16:06:16.375+0530] {dag.py:3239} INFO - Sync 1 DAGs
[2026-01-29T16:06:16.388+0530] {logging_mixin.py:190} INFO - [2026-01-29T16:06:16.388+0530] {dag.py:4180} INFO - Setting next_dagrun for example_dynamic_task_mapping_with_no_taskflow_operators to None, run_after=None
[2026-01-29T16:06:16.409+0530] {processor.py:208} INFO - Processing /home/hp/Desktop/Bigdata_project/BigData-Project/airflow-venv/lib/python3.10/site-packages/airflow/example_dags/example_dynamic_task_mapping_with_no_taskflow_operators.py took 0.077 seconds
[2026-01-29T16:07:13.831+0530] {processor.py:186} INFO - Started process (PID=31112) to work on /home/hp/Desktop/Bigdata_project/BigData-Project/airflow-venv/lib/python3.10/site-packages/airflow/example_dags/example_dynamic_task_mapping_with_no_taskflow_operators.py
[2026-01-29T16:07:13.837+0530] {processor.py:914} INFO - Processing file /home/hp/Desktop/Bigdata_project/BigData-Project/airflow-venv/lib/python3.10/site-packages/airflow/example_dags/example_dynamic_task_mapping_with_no_taskflow_operators.py for tasks to queue
[2026-01-29T16:07:13.840+0530] {logging_mixin.py:190} INFO - [2026-01-29T16:07:13.840+0530] {dagbag.py:588} INFO - Filling up the DagBag from /home/hp/Desktop/Bigdata_project/BigData-Project/airflow-venv/lib/python3.10/site-packages/airflow/example_dags/example_dynamic_task_mapping_with_no_taskflow_operators.py
[2026-01-29T16:07:13.849+0530] {processor.py:925} INFO - DAG(s) 'example_dynamic_task_mapping_with_no_taskflow_operators' retrieved from /home/hp/Desktop/Bigdata_project/BigData-Project/airflow-venv/lib/python3.10/site-packages/airflow/example_dags/example_dynamic_task_mapping_with_no_taskflow_operators.py
[2026-01-29T16:07:13.865+0530] {logging_mixin.py:190} INFO - [2026-01-29T16:07:13.865+0530] {dag.py:3239} INFO - Sync 1 DAGs
[2026-01-29T16:07:13.877+0530] {logging_mixin.py:190} INFO - [2026-01-29T16:07:13.877+0530] {dag.py:4180} INFO - Setting next_dagrun for example_dynamic_task_mapping_with_no_taskflow_operators to None, run_after=None
[2026-01-29T16:07:13.898+0530] {processor.py:208} INFO - Processing /home/hp/Desktop/Bigdata_project/BigData-Project/airflow-venv/lib/python3.10/site-packages/airflow/example_dags/example_dynamic_task_mapping_with_no_taskflow_operators.py took 0.074 seconds
[2026-01-29T16:08:12.720+0530] {processor.py:186} INFO - Started process (PID=31348) to work on /home/hp/Desktop/Bigdata_project/BigData-Project/airflow-venv/lib/python3.10/site-packages/airflow/example_dags/example_dynamic_task_mapping_with_no_taskflow_operators.py
[2026-01-29T16:08:12.727+0530] {processor.py:914} INFO - Processing file /home/hp/Desktop/Bigdata_project/BigData-Project/airflow-venv/lib/python3.10/site-packages/airflow/example_dags/example_dynamic_task_mapping_with_no_taskflow_operators.py for tasks to queue
[2026-01-29T16:08:12.730+0530] {logging_mixin.py:190} INFO - [2026-01-29T16:08:12.729+0530] {dagbag.py:588} INFO - Filling up the DagBag from /home/hp/Desktop/Bigdata_project/BigData-Project/airflow-venv/lib/python3.10/site-packages/airflow/example_dags/example_dynamic_task_mapping_with_no_taskflow_operators.py
[2026-01-29T16:08:12.738+0530] {processor.py:925} INFO - DAG(s) 'example_dynamic_task_mapping_with_no_taskflow_operators' retrieved from /home/hp/Desktop/Bigdata_project/BigData-Project/airflow-venv/lib/python3.10/site-packages/airflow/example_dags/example_dynamic_task_mapping_with_no_taskflow_operators.py
[2026-01-29T16:08:12.755+0530] {logging_mixin.py:190} INFO - [2026-01-29T16:08:12.754+0530] {dag.py:3239} INFO - Sync 1 DAGs
[2026-01-29T16:08:12.767+0530] {logging_mixin.py:190} INFO - [2026-01-29T16:08:12.767+0530] {dag.py:4180} INFO - Setting next_dagrun for example_dynamic_task_mapping_with_no_taskflow_operators to None, run_after=None
[2026-01-29T16:08:12.787+0530] {processor.py:208} INFO - Processing /home/hp/Desktop/Bigdata_project/BigData-Project/airflow-venv/lib/python3.10/site-packages/airflow/example_dags/example_dynamic_task_mapping_with_no_taskflow_operators.py took 0.074 seconds
[2026-01-29T16:09:21.671+0530] {processor.py:186} INFO - Started process (PID=31718) to work on /home/hp/Desktop/Bigdata_project/BigData-Project/airflow-venv/lib/python3.10/site-packages/airflow/example_dags/example_dynamic_task_mapping_with_no_taskflow_operators.py
[2026-01-29T16:09:21.677+0530] {processor.py:914} INFO - Processing file /home/hp/Desktop/Bigdata_project/BigData-Project/airflow-venv/lib/python3.10/site-packages/airflow/example_dags/example_dynamic_task_mapping_with_no_taskflow_operators.py for tasks to queue
[2026-01-29T16:09:21.680+0530] {logging_mixin.py:190} INFO - [2026-01-29T16:09:21.680+0530] {dagbag.py:588} INFO - Filling up the DagBag from /home/hp/Desktop/Bigdata_project/BigData-Project/airflow-venv/lib/python3.10/site-packages/airflow/example_dags/example_dynamic_task_mapping_with_no_taskflow_operators.py
[2026-01-29T16:09:21.689+0530] {processor.py:925} INFO - DAG(s) 'example_dynamic_task_mapping_with_no_taskflow_operators' retrieved from /home/hp/Desktop/Bigdata_project/BigData-Project/airflow-venv/lib/python3.10/site-packages/airflow/example_dags/example_dynamic_task_mapping_with_no_taskflow_operators.py
[2026-01-29T16:09:21.789+0530] {logging_mixin.py:190} INFO - [2026-01-29T16:09:21.788+0530] {override.py:1930} INFO - Created Permission View: can edit on DAG:example_dynamic_task_mapping_with_no_taskflow_operators
[2026-01-29T16:09:21.799+0530] {logging_mixin.py:190} INFO - [2026-01-29T16:09:21.799+0530] {override.py:1930} INFO - Created Permission View: can delete on DAG:example_dynamic_task_mapping_with_no_taskflow_operators
[2026-01-29T16:09:21.807+0530] {logging_mixin.py:190} INFO - [2026-01-29T16:09:21.807+0530] {override.py:1930} INFO - Created Permission View: can read on DAG:example_dynamic_task_mapping_with_no_taskflow_operators
[2026-01-29T16:09:21.818+0530] {logging_mixin.py:190} INFO - [2026-01-29T16:09:21.818+0530] {override.py:1930} INFO - Created Permission View: menu access on DAG Run:example_dynamic_task_mapping_with_no_taskflow_operators
[2026-01-29T16:09:21.825+0530] {logging_mixin.py:190} INFO - [2026-01-29T16:09:21.825+0530] {override.py:1930} INFO - Created Permission View: can delete on DAG Run:example_dynamic_task_mapping_with_no_taskflow_operators
[2026-01-29T16:09:21.833+0530] {logging_mixin.py:190} INFO - [2026-01-29T16:09:21.832+0530] {override.py:1930} INFO - Created Permission View: can create on DAG Run:example_dynamic_task_mapping_with_no_taskflow_operators
[2026-01-29T16:09:21.840+0530] {logging_mixin.py:190} INFO - [2026-01-29T16:09:21.840+0530] {override.py:1930} INFO - Created Permission View: can read on DAG Run:example_dynamic_task_mapping_with_no_taskflow_operators
[2026-01-29T16:09:21.841+0530] {logging_mixin.py:190} INFO - [2026-01-29T16:09:21.841+0530] {dag.py:3239} INFO - Sync 1 DAGs
[2026-01-29T16:09:21.853+0530] {logging_mixin.py:190} INFO - [2026-01-29T16:09:21.853+0530] {dag.py:3262} INFO - Creating ORM DAG for example_dynamic_task_mapping_with_no_taskflow_operators
[2026-01-29T16:09:21.854+0530] {logging_mixin.py:190} INFO - [2026-01-29T16:09:21.853+0530] {dag.py:4180} INFO - Setting next_dagrun for example_dynamic_task_mapping_with_no_taskflow_operators to None, run_after=None
[2026-01-29T16:09:21.870+0530] {processor.py:208} INFO - Processing /home/hp/Desktop/Bigdata_project/BigData-Project/airflow-venv/lib/python3.10/site-packages/airflow/example_dags/example_dynamic_task_mapping_with_no_taskflow_operators.py took 0.207 seconds
