[2026-01-29T15:56:02.341+0530] {processor.py:186} INFO - Started process (PID=28398) to work on /home/hp/Desktop/Bigdata_project/BigData-Project/airflow-venv/lib/python3.10/site-packages/airflow/example_dags/example_inlet_event_extra.py
[2026-01-29T15:56:02.342+0530] {processor.py:914} INFO - Processing file /home/hp/Desktop/Bigdata_project/BigData-Project/airflow-venv/lib/python3.10/site-packages/airflow/example_dags/example_inlet_event_extra.py for tasks to queue
[2026-01-29T15:56:02.345+0530] {logging_mixin.py:190} INFO - [2026-01-29T15:56:02.344+0530] {dagbag.py:588} INFO - Filling up the DagBag from /home/hp/Desktop/Bigdata_project/BigData-Project/airflow-venv/lib/python3.10/site-packages/airflow/example_dags/example_inlet_event_extra.py
[2026-01-29T15:56:02.361+0530] {processor.py:925} INFO - DAG(s) 'read_dataset_event_from_classic', 'read_dataset_event' retrieved from /home/hp/Desktop/Bigdata_project/BigData-Project/airflow-venv/lib/python3.10/site-packages/airflow/example_dags/example_inlet_event_extra.py
[2026-01-29T15:56:02.468+0530] {logging_mixin.py:190} INFO - [2026-01-29T15:56:02.467+0530] {override.py:1930} INFO - Created Permission View: can edit on DAG:read_dataset_event_from_classic
[2026-01-29T15:56:02.479+0530] {logging_mixin.py:190} INFO - [2026-01-29T15:56:02.479+0530] {override.py:1930} INFO - Created Permission View: can delete on DAG:read_dataset_event_from_classic
[2026-01-29T15:56:02.488+0530] {logging_mixin.py:190} INFO - [2026-01-29T15:56:02.487+0530] {override.py:1930} INFO - Created Permission View: can read on DAG:read_dataset_event_from_classic
[2026-01-29T15:56:02.501+0530] {logging_mixin.py:190} INFO - [2026-01-29T15:56:02.501+0530] {override.py:1930} INFO - Created Permission View: can delete on DAG Run:read_dataset_event_from_classic
[2026-01-29T15:56:02.510+0530] {logging_mixin.py:190} INFO - [2026-01-29T15:56:02.509+0530] {override.py:1930} INFO - Created Permission View: can read on DAG Run:read_dataset_event_from_classic
[2026-01-29T15:56:02.518+0530] {logging_mixin.py:190} INFO - [2026-01-29T15:56:02.517+0530] {override.py:1930} INFO - Created Permission View: menu access on DAG Run:read_dataset_event_from_classic
[2026-01-29T15:56:02.526+0530] {logging_mixin.py:190} INFO - [2026-01-29T15:56:02.526+0530] {override.py:1930} INFO - Created Permission View: can create on DAG Run:read_dataset_event_from_classic
[2026-01-29T15:56:02.542+0530] {logging_mixin.py:190} INFO - [2026-01-29T15:56:02.542+0530] {override.py:1930} INFO - Created Permission View: can edit on DAG:read_dataset_event
[2026-01-29T15:56:02.550+0530] {logging_mixin.py:190} INFO - [2026-01-29T15:56:02.550+0530] {override.py:1930} INFO - Created Permission View: can delete on DAG:read_dataset_event
[2026-01-29T15:56:02.558+0530] {logging_mixin.py:190} INFO - [2026-01-29T15:56:02.558+0530] {override.py:1930} INFO - Created Permission View: can read on DAG:read_dataset_event
[2026-01-29T15:56:02.570+0530] {logging_mixin.py:190} INFO - [2026-01-29T15:56:02.569+0530] {override.py:1930} INFO - Created Permission View: can delete on DAG Run:read_dataset_event
[2026-01-29T15:56:02.577+0530] {logging_mixin.py:190} INFO - [2026-01-29T15:56:02.577+0530] {override.py:1930} INFO - Created Permission View: can read on DAG Run:read_dataset_event
[2026-01-29T15:56:02.586+0530] {logging_mixin.py:190} INFO - [2026-01-29T15:56:02.585+0530] {override.py:1930} INFO - Created Permission View: menu access on DAG Run:read_dataset_event
[2026-01-29T15:56:02.593+0530] {logging_mixin.py:190} INFO - [2026-01-29T15:56:02.593+0530] {override.py:1930} INFO - Created Permission View: can create on DAG Run:read_dataset_event
[2026-01-29T15:56:02.594+0530] {logging_mixin.py:190} INFO - [2026-01-29T15:56:02.594+0530] {dag.py:3239} INFO - Sync 2 DAGs
[2026-01-29T15:56:02.608+0530] {logging_mixin.py:190} INFO - [2026-01-29T15:56:02.608+0530] {dag.py:3262} INFO - Creating ORM DAG for read_dataset_event
[2026-01-29T15:56:02.609+0530] {logging_mixin.py:190} INFO - [2026-01-29T15:56:02.609+0530] {dag.py:3262} INFO - Creating ORM DAG for read_dataset_event_from_classic
[2026-01-29T15:56:02.619+0530] {logging_mixin.py:190} INFO - [2026-01-29T15:56:02.619+0530] {dag.py:4180} INFO - Setting next_dagrun for read_dataset_event to 2026-01-28 00:00:00+00:00, run_after=2026-01-29 00:00:00+00:00
[2026-01-29T15:56:02.621+0530] {logging_mixin.py:190} INFO - [2026-01-29T15:56:02.621+0530] {dag.py:4180} INFO - Setting next_dagrun for read_dataset_event_from_classic to 2026-01-28 00:00:00+00:00, run_after=2026-01-29 00:00:00+00:00
[2026-01-29T15:56:02.642+0530] {processor.py:208} INFO - Processing /home/hp/Desktop/Bigdata_project/BigData-Project/airflow-venv/lib/python3.10/site-packages/airflow/example_dags/example_inlet_event_extra.py took 0.309 seconds
[2026-01-29T15:57:05.489+0530] {processor.py:186} INFO - Started process (PID=28644) to work on /home/hp/Desktop/Bigdata_project/BigData-Project/airflow-venv/lib/python3.10/site-packages/airflow/example_dags/example_inlet_event_extra.py
[2026-01-29T15:57:05.495+0530] {processor.py:914} INFO - Processing file /home/hp/Desktop/Bigdata_project/BigData-Project/airflow-venv/lib/python3.10/site-packages/airflow/example_dags/example_inlet_event_extra.py for tasks to queue
[2026-01-29T15:57:05.498+0530] {logging_mixin.py:190} INFO - [2026-01-29T15:57:05.498+0530] {dagbag.py:588} INFO - Filling up the DagBag from /home/hp/Desktop/Bigdata_project/BigData-Project/airflow-venv/lib/python3.10/site-packages/airflow/example_dags/example_inlet_event_extra.py
[2026-01-29T15:57:05.512+0530] {processor.py:925} INFO - DAG(s) 'read_dataset_event_from_classic', 'read_dataset_event' retrieved from /home/hp/Desktop/Bigdata_project/BigData-Project/airflow-venv/lib/python3.10/site-packages/airflow/example_dags/example_inlet_event_extra.py
[2026-01-29T15:57:05.530+0530] {logging_mixin.py:190} INFO - [2026-01-29T15:57:05.530+0530] {dag.py:3239} INFO - Sync 2 DAGs
[2026-01-29T15:57:05.552+0530] {logging_mixin.py:190} INFO - [2026-01-29T15:57:05.552+0530] {dag.py:4180} INFO - Setting next_dagrun for read_dataset_event to 2026-01-28 00:00:00+00:00, run_after=2026-01-29 00:00:00+00:00
[2026-01-29T15:57:05.557+0530] {logging_mixin.py:190} INFO - [2026-01-29T15:57:05.557+0530] {dag.py:4180} INFO - Setting next_dagrun for read_dataset_event_from_classic to 2026-01-28 00:00:00+00:00, run_after=2026-01-29 00:00:00+00:00
[2026-01-29T15:57:05.576+0530] {processor.py:208} INFO - Processing /home/hp/Desktop/Bigdata_project/BigData-Project/airflow-venv/lib/python3.10/site-packages/airflow/example_dags/example_inlet_event_extra.py took 0.094 seconds
[2026-01-29T16:00:36.473+0530] {processor.py:186} INFO - Started process (PID=29356) to work on /home/hp/Desktop/Bigdata_project/BigData-Project/airflow-venv/lib/python3.10/site-packages/airflow/example_dags/example_inlet_event_extra.py
[2026-01-29T16:00:36.479+0530] {processor.py:914} INFO - Processing file /home/hp/Desktop/Bigdata_project/BigData-Project/airflow-venv/lib/python3.10/site-packages/airflow/example_dags/example_inlet_event_extra.py for tasks to queue
[2026-01-29T16:00:36.482+0530] {logging_mixin.py:190} INFO - [2026-01-29T16:00:36.481+0530] {dagbag.py:588} INFO - Filling up the DagBag from /home/hp/Desktop/Bigdata_project/BigData-Project/airflow-venv/lib/python3.10/site-packages/airflow/example_dags/example_inlet_event_extra.py
[2026-01-29T16:00:36.495+0530] {processor.py:925} INFO - DAG(s) 'read_dataset_event', 'read_dataset_event_from_classic' retrieved from /home/hp/Desktop/Bigdata_project/BigData-Project/airflow-venv/lib/python3.10/site-packages/airflow/example_dags/example_inlet_event_extra.py
[2026-01-29T16:00:36.513+0530] {logging_mixin.py:190} INFO - [2026-01-29T16:00:36.513+0530] {dag.py:3239} INFO - Sync 2 DAGs
[2026-01-29T16:00:36.535+0530] {logging_mixin.py:190} INFO - [2026-01-29T16:00:36.535+0530] {dag.py:4180} INFO - Setting next_dagrun for read_dataset_event to 2026-01-28 00:00:00+00:00, run_after=2026-01-29 00:00:00+00:00
[2026-01-29T16:00:36.540+0530] {logging_mixin.py:190} INFO - [2026-01-29T16:00:36.540+0530] {dag.py:4180} INFO - Setting next_dagrun for read_dataset_event_from_classic to 2026-01-28 00:00:00+00:00, run_after=2026-01-29 00:00:00+00:00
[2026-01-29T16:00:36.557+0530] {processor.py:208} INFO - Processing /home/hp/Desktop/Bigdata_project/BigData-Project/airflow-venv/lib/python3.10/site-packages/airflow/example_dags/example_inlet_event_extra.py took 0.091 seconds
[2026-01-29T16:01:33.253+0530] {processor.py:186} INFO - Started process (PID=29600) to work on /home/hp/Desktop/Bigdata_project/BigData-Project/airflow-venv/lib/python3.10/site-packages/airflow/example_dags/example_inlet_event_extra.py
[2026-01-29T16:01:33.259+0530] {processor.py:914} INFO - Processing file /home/hp/Desktop/Bigdata_project/BigData-Project/airflow-venv/lib/python3.10/site-packages/airflow/example_dags/example_inlet_event_extra.py for tasks to queue
[2026-01-29T16:01:33.262+0530] {logging_mixin.py:190} INFO - [2026-01-29T16:01:33.261+0530] {dagbag.py:588} INFO - Filling up the DagBag from /home/hp/Desktop/Bigdata_project/BigData-Project/airflow-venv/lib/python3.10/site-packages/airflow/example_dags/example_inlet_event_extra.py
[2026-01-29T16:01:33.278+0530] {processor.py:925} INFO - DAG(s) 'read_dataset_event', 'read_dataset_event_from_classic' retrieved from /home/hp/Desktop/Bigdata_project/BigData-Project/airflow-venv/lib/python3.10/site-packages/airflow/example_dags/example_inlet_event_extra.py
[2026-01-29T16:01:33.301+0530] {logging_mixin.py:190} INFO - [2026-01-29T16:01:33.300+0530] {dag.py:3239} INFO - Sync 2 DAGs
[2026-01-29T16:01:33.324+0530] {logging_mixin.py:190} INFO - [2026-01-29T16:01:33.323+0530] {dag.py:4180} INFO - Setting next_dagrun for read_dataset_event to 2026-01-28 00:00:00+00:00, run_after=2026-01-29 00:00:00+00:00
[2026-01-29T16:01:33.330+0530] {logging_mixin.py:190} INFO - [2026-01-29T16:01:33.330+0530] {dag.py:4180} INFO - Setting next_dagrun for read_dataset_event_from_classic to 2026-01-28 00:00:00+00:00, run_after=2026-01-29 00:00:00+00:00
[2026-01-29T16:01:33.350+0530] {processor.py:208} INFO - Processing /home/hp/Desktop/Bigdata_project/BigData-Project/airflow-venv/lib/python3.10/site-packages/airflow/example_dags/example_inlet_event_extra.py took 0.104 seconds
[2026-01-29T16:02:29.806+0530] {processor.py:186} INFO - Started process (PID=29832) to work on /home/hp/Desktop/Bigdata_project/BigData-Project/airflow-venv/lib/python3.10/site-packages/airflow/example_dags/example_inlet_event_extra.py
[2026-01-29T16:02:29.813+0530] {processor.py:914} INFO - Processing file /home/hp/Desktop/Bigdata_project/BigData-Project/airflow-venv/lib/python3.10/site-packages/airflow/example_dags/example_inlet_event_extra.py for tasks to queue
[2026-01-29T16:02:29.815+0530] {logging_mixin.py:190} INFO - [2026-01-29T16:02:29.815+0530] {dagbag.py:588} INFO - Filling up the DagBag from /home/hp/Desktop/Bigdata_project/BigData-Project/airflow-venv/lib/python3.10/site-packages/airflow/example_dags/example_inlet_event_extra.py
[2026-01-29T16:02:29.830+0530] {processor.py:925} INFO - DAG(s) 'read_dataset_event_from_classic', 'read_dataset_event' retrieved from /home/hp/Desktop/Bigdata_project/BigData-Project/airflow-venv/lib/python3.10/site-packages/airflow/example_dags/example_inlet_event_extra.py
[2026-01-29T16:02:29.848+0530] {logging_mixin.py:190} INFO - [2026-01-29T16:02:29.848+0530] {dag.py:3239} INFO - Sync 2 DAGs
[2026-01-29T16:02:29.870+0530] {logging_mixin.py:190} INFO - [2026-01-29T16:02:29.870+0530] {dag.py:4180} INFO - Setting next_dagrun for read_dataset_event to 2026-01-28 00:00:00+00:00, run_after=2026-01-29 00:00:00+00:00
[2026-01-29T16:02:29.875+0530] {logging_mixin.py:190} INFO - [2026-01-29T16:02:29.875+0530] {dag.py:4180} INFO - Setting next_dagrun for read_dataset_event_from_classic to 2026-01-28 00:00:00+00:00, run_after=2026-01-29 00:00:00+00:00
[2026-01-29T16:02:29.897+0530] {processor.py:208} INFO - Processing /home/hp/Desktop/Bigdata_project/BigData-Project/airflow-venv/lib/python3.10/site-packages/airflow/example_dags/example_inlet_event_extra.py took 0.097 seconds
[2026-01-29T16:03:24.856+0530] {processor.py:186} INFO - Started process (PID=30066) to work on /home/hp/Desktop/Bigdata_project/BigData-Project/airflow-venv/lib/python3.10/site-packages/airflow/example_dags/example_inlet_event_extra.py
[2026-01-29T16:03:24.863+0530] {processor.py:914} INFO - Processing file /home/hp/Desktop/Bigdata_project/BigData-Project/airflow-venv/lib/python3.10/site-packages/airflow/example_dags/example_inlet_event_extra.py for tasks to queue
[2026-01-29T16:03:24.865+0530] {logging_mixin.py:190} INFO - [2026-01-29T16:03:24.865+0530] {dagbag.py:588} INFO - Filling up the DagBag from /home/hp/Desktop/Bigdata_project/BigData-Project/airflow-venv/lib/python3.10/site-packages/airflow/example_dags/example_inlet_event_extra.py
[2026-01-29T16:03:24.879+0530] {processor.py:925} INFO - DAG(s) 'read_dataset_event_from_classic', 'read_dataset_event' retrieved from /home/hp/Desktop/Bigdata_project/BigData-Project/airflow-venv/lib/python3.10/site-packages/airflow/example_dags/example_inlet_event_extra.py
[2026-01-29T16:03:24.897+0530] {logging_mixin.py:190} INFO - [2026-01-29T16:03:24.897+0530] {dag.py:3239} INFO - Sync 2 DAGs
[2026-01-29T16:03:24.919+0530] {logging_mixin.py:190} INFO - [2026-01-29T16:03:24.919+0530] {dag.py:4180} INFO - Setting next_dagrun for read_dataset_event to 2026-01-28 00:00:00+00:00, run_after=2026-01-29 00:00:00+00:00
[2026-01-29T16:03:24.924+0530] {logging_mixin.py:190} INFO - [2026-01-29T16:03:24.923+0530] {dag.py:4180} INFO - Setting next_dagrun for read_dataset_event_from_classic to 2026-01-28 00:00:00+00:00, run_after=2026-01-29 00:00:00+00:00
[2026-01-29T16:03:24.943+0530] {processor.py:208} INFO - Processing /home/hp/Desktop/Bigdata_project/BigData-Project/airflow-venv/lib/python3.10/site-packages/airflow/example_dags/example_inlet_event_extra.py took 0.094 seconds
[2026-01-29T16:04:18.934+0530] {processor.py:186} INFO - Started process (PID=30275) to work on /home/hp/Desktop/Bigdata_project/BigData-Project/airflow-venv/lib/python3.10/site-packages/airflow/example_dags/example_inlet_event_extra.py
[2026-01-29T16:04:18.941+0530] {processor.py:914} INFO - Processing file /home/hp/Desktop/Bigdata_project/BigData-Project/airflow-venv/lib/python3.10/site-packages/airflow/example_dags/example_inlet_event_extra.py for tasks to queue
[2026-01-29T16:04:18.944+0530] {logging_mixin.py:190} INFO - [2026-01-29T16:04:18.943+0530] {dagbag.py:588} INFO - Filling up the DagBag from /home/hp/Desktop/Bigdata_project/BigData-Project/airflow-venv/lib/python3.10/site-packages/airflow/example_dags/example_inlet_event_extra.py
[2026-01-29T16:04:18.958+0530] {processor.py:925} INFO - DAG(s) 'read_dataset_event_from_classic', 'read_dataset_event' retrieved from /home/hp/Desktop/Bigdata_project/BigData-Project/airflow-venv/lib/python3.10/site-packages/airflow/example_dags/example_inlet_event_extra.py
[2026-01-29T16:04:18.976+0530] {logging_mixin.py:190} INFO - [2026-01-29T16:04:18.976+0530] {dag.py:3239} INFO - Sync 2 DAGs
[2026-01-29T16:04:18.998+0530] {logging_mixin.py:190} INFO - [2026-01-29T16:04:18.998+0530] {dag.py:4180} INFO - Setting next_dagrun for read_dataset_event to 2026-01-28 00:00:00+00:00, run_after=2026-01-29 00:00:00+00:00
[2026-01-29T16:04:19.003+0530] {logging_mixin.py:190} INFO - [2026-01-29T16:04:19.003+0530] {dag.py:4180} INFO - Setting next_dagrun for read_dataset_event_from_classic to 2026-01-28 00:00:00+00:00, run_after=2026-01-29 00:00:00+00:00
[2026-01-29T16:04:19.022+0530] {processor.py:208} INFO - Processing /home/hp/Desktop/Bigdata_project/BigData-Project/airflow-venv/lib/python3.10/site-packages/airflow/example_dags/example_inlet_event_extra.py took 0.095 seconds
[2026-01-29T16:05:15.046+0530] {processor.py:186} INFO - Started process (PID=30556) to work on /home/hp/Desktop/Bigdata_project/BigData-Project/airflow-venv/lib/python3.10/site-packages/airflow/example_dags/example_inlet_event_extra.py
[2026-01-29T16:05:15.052+0530] {processor.py:914} INFO - Processing file /home/hp/Desktop/Bigdata_project/BigData-Project/airflow-venv/lib/python3.10/site-packages/airflow/example_dags/example_inlet_event_extra.py for tasks to queue
[2026-01-29T16:05:15.055+0530] {logging_mixin.py:190} INFO - [2026-01-29T16:05:15.054+0530] {dagbag.py:588} INFO - Filling up the DagBag from /home/hp/Desktop/Bigdata_project/BigData-Project/airflow-venv/lib/python3.10/site-packages/airflow/example_dags/example_inlet_event_extra.py
[2026-01-29T16:05:15.068+0530] {processor.py:925} INFO - DAG(s) 'read_dataset_event_from_classic', 'read_dataset_event' retrieved from /home/hp/Desktop/Bigdata_project/BigData-Project/airflow-venv/lib/python3.10/site-packages/airflow/example_dags/example_inlet_event_extra.py
[2026-01-29T16:05:15.086+0530] {logging_mixin.py:190} INFO - [2026-01-29T16:05:15.086+0530] {dag.py:3239} INFO - Sync 2 DAGs
[2026-01-29T16:05:15.108+0530] {logging_mixin.py:190} INFO - [2026-01-29T16:05:15.108+0530] {dag.py:4180} INFO - Setting next_dagrun for read_dataset_event to 2026-01-28 00:00:00+00:00, run_after=2026-01-29 00:00:00+00:00
[2026-01-29T16:05:15.113+0530] {logging_mixin.py:190} INFO - [2026-01-29T16:05:15.113+0530] {dag.py:4180} INFO - Setting next_dagrun for read_dataset_event_from_classic to 2026-01-28 00:00:00+00:00, run_after=2026-01-29 00:00:00+00:00
[2026-01-29T16:05:15.132+0530] {processor.py:208} INFO - Processing /home/hp/Desktop/Bigdata_project/BigData-Project/airflow-venv/lib/python3.10/site-packages/airflow/example_dags/example_inlet_event_extra.py took 0.092 seconds
[2026-01-29T16:06:12.053+0530] {processor.py:186} INFO - Started process (PID=30788) to work on /home/hp/Desktop/Bigdata_project/BigData-Project/airflow-venv/lib/python3.10/site-packages/airflow/example_dags/example_inlet_event_extra.py
[2026-01-29T16:06:12.059+0530] {processor.py:914} INFO - Processing file /home/hp/Desktop/Bigdata_project/BigData-Project/airflow-venv/lib/python3.10/site-packages/airflow/example_dags/example_inlet_event_extra.py for tasks to queue
[2026-01-29T16:06:12.062+0530] {logging_mixin.py:190} INFO - [2026-01-29T16:06:12.061+0530] {dagbag.py:588} INFO - Filling up the DagBag from /home/hp/Desktop/Bigdata_project/BigData-Project/airflow-venv/lib/python3.10/site-packages/airflow/example_dags/example_inlet_event_extra.py
[2026-01-29T16:06:12.076+0530] {processor.py:925} INFO - DAG(s) 'read_dataset_event', 'read_dataset_event_from_classic' retrieved from /home/hp/Desktop/Bigdata_project/BigData-Project/airflow-venv/lib/python3.10/site-packages/airflow/example_dags/example_inlet_event_extra.py
[2026-01-29T16:06:12.096+0530] {logging_mixin.py:190} INFO - [2026-01-29T16:06:12.095+0530] {dag.py:3239} INFO - Sync 2 DAGs
[2026-01-29T16:06:12.119+0530] {logging_mixin.py:190} INFO - [2026-01-29T16:06:12.118+0530] {dag.py:4180} INFO - Setting next_dagrun for read_dataset_event to 2026-01-28 00:00:00+00:00, run_after=2026-01-29 00:00:00+00:00
[2026-01-29T16:06:12.124+0530] {logging_mixin.py:190} INFO - [2026-01-29T16:06:12.124+0530] {dag.py:4180} INFO - Setting next_dagrun for read_dataset_event_from_classic to 2026-01-28 00:00:00+00:00, run_after=2026-01-29 00:00:00+00:00
[2026-01-29T16:06:12.143+0530] {processor.py:208} INFO - Processing /home/hp/Desktop/Bigdata_project/BigData-Project/airflow-venv/lib/python3.10/site-packages/airflow/example_dags/example_inlet_event_extra.py took 0.098 seconds
[2026-01-29T16:07:08.575+0530] {processor.py:186} INFO - Started process (PID=31091) to work on /home/hp/Desktop/Bigdata_project/BigData-Project/airflow-venv/lib/python3.10/site-packages/airflow/example_dags/example_inlet_event_extra.py
[2026-01-29T16:07:08.581+0530] {processor.py:914} INFO - Processing file /home/hp/Desktop/Bigdata_project/BigData-Project/airflow-venv/lib/python3.10/site-packages/airflow/example_dags/example_inlet_event_extra.py for tasks to queue
[2026-01-29T16:07:08.584+0530] {logging_mixin.py:190} INFO - [2026-01-29T16:07:08.584+0530] {dagbag.py:588} INFO - Filling up the DagBag from /home/hp/Desktop/Bigdata_project/BigData-Project/airflow-venv/lib/python3.10/site-packages/airflow/example_dags/example_inlet_event_extra.py
[2026-01-29T16:07:08.598+0530] {processor.py:925} INFO - DAG(s) 'read_dataset_event_from_classic', 'read_dataset_event' retrieved from /home/hp/Desktop/Bigdata_project/BigData-Project/airflow-venv/lib/python3.10/site-packages/airflow/example_dags/example_inlet_event_extra.py
[2026-01-29T16:07:08.617+0530] {logging_mixin.py:190} INFO - [2026-01-29T16:07:08.617+0530] {dag.py:3239} INFO - Sync 2 DAGs
[2026-01-29T16:07:08.639+0530] {logging_mixin.py:190} INFO - [2026-01-29T16:07:08.639+0530] {dag.py:4180} INFO - Setting next_dagrun for read_dataset_event to 2026-01-28 00:00:00+00:00, run_after=2026-01-29 00:00:00+00:00
[2026-01-29T16:07:08.644+0530] {logging_mixin.py:190} INFO - [2026-01-29T16:07:08.643+0530] {dag.py:4180} INFO - Setting next_dagrun for read_dataset_event_from_classic to 2026-01-28 00:00:00+00:00, run_after=2026-01-29 00:00:00+00:00
[2026-01-29T16:07:08.661+0530] {processor.py:208} INFO - Processing /home/hp/Desktop/Bigdata_project/BigData-Project/airflow-venv/lib/python3.10/site-packages/airflow/example_dags/example_inlet_event_extra.py took 0.093 seconds
[2026-01-29T16:08:06.924+0530] {processor.py:186} INFO - Started process (PID=31326) to work on /home/hp/Desktop/Bigdata_project/BigData-Project/airflow-venv/lib/python3.10/site-packages/airflow/example_dags/example_inlet_event_extra.py
[2026-01-29T16:08:06.931+0530] {processor.py:914} INFO - Processing file /home/hp/Desktop/Bigdata_project/BigData-Project/airflow-venv/lib/python3.10/site-packages/airflow/example_dags/example_inlet_event_extra.py for tasks to queue
[2026-01-29T16:08:06.933+0530] {logging_mixin.py:190} INFO - [2026-01-29T16:08:06.933+0530] {dagbag.py:588} INFO - Filling up the DagBag from /home/hp/Desktop/Bigdata_project/BigData-Project/airflow-venv/lib/python3.10/site-packages/airflow/example_dags/example_inlet_event_extra.py
[2026-01-29T16:08:06.947+0530] {processor.py:925} INFO - DAG(s) 'read_dataset_event', 'read_dataset_event_from_classic' retrieved from /home/hp/Desktop/Bigdata_project/BigData-Project/airflow-venv/lib/python3.10/site-packages/airflow/example_dags/example_inlet_event_extra.py
[2026-01-29T16:08:06.967+0530] {logging_mixin.py:190} INFO - [2026-01-29T16:08:06.966+0530] {dag.py:3239} INFO - Sync 2 DAGs
[2026-01-29T16:08:06.991+0530] {logging_mixin.py:190} INFO - [2026-01-29T16:08:06.991+0530] {dag.py:4180} INFO - Setting next_dagrun for read_dataset_event to 2026-01-28 00:00:00+00:00, run_after=2026-01-29 00:00:00+00:00
[2026-01-29T16:08:06.996+0530] {logging_mixin.py:190} INFO - [2026-01-29T16:08:06.996+0530] {dag.py:4180} INFO - Setting next_dagrun for read_dataset_event_from_classic to 2026-01-28 00:00:00+00:00, run_after=2026-01-29 00:00:00+00:00
[2026-01-29T16:08:07.014+0530] {processor.py:208} INFO - Processing /home/hp/Desktop/Bigdata_project/BigData-Project/airflow-venv/lib/python3.10/site-packages/airflow/example_dags/example_inlet_event_extra.py took 0.097 seconds
[2026-01-29T16:09:15.326+0530] {processor.py:186} INFO - Started process (PID=31665) to work on /home/hp/Desktop/Bigdata_project/BigData-Project/airflow-venv/lib/python3.10/site-packages/airflow/example_dags/example_inlet_event_extra.py
[2026-01-29T16:09:15.332+0530] {processor.py:914} INFO - Processing file /home/hp/Desktop/Bigdata_project/BigData-Project/airflow-venv/lib/python3.10/site-packages/airflow/example_dags/example_inlet_event_extra.py for tasks to queue
[2026-01-29T16:09:15.335+0530] {logging_mixin.py:190} INFO - [2026-01-29T16:09:15.335+0530] {dagbag.py:588} INFO - Filling up the DagBag from /home/hp/Desktop/Bigdata_project/BigData-Project/airflow-venv/lib/python3.10/site-packages/airflow/example_dags/example_inlet_event_extra.py
[2026-01-29T16:09:15.350+0530] {processor.py:925} INFO - DAG(s) 'read_dataset_event_from_classic', 'read_dataset_event' retrieved from /home/hp/Desktop/Bigdata_project/BigData-Project/airflow-venv/lib/python3.10/site-packages/airflow/example_dags/example_inlet_event_extra.py
[2026-01-29T16:09:15.444+0530] {logging_mixin.py:190} INFO - [2026-01-29T16:09:15.443+0530] {override.py:1930} INFO - Created Permission View: can edit on DAG:read_dataset_event_from_classic
[2026-01-29T16:09:15.454+0530] {logging_mixin.py:190} INFO - [2026-01-29T16:09:15.454+0530] {override.py:1930} INFO - Created Permission View: can delete on DAG:read_dataset_event_from_classic
[2026-01-29T16:09:15.461+0530] {logging_mixin.py:190} INFO - [2026-01-29T16:09:15.461+0530] {override.py:1930} INFO - Created Permission View: can read on DAG:read_dataset_event_from_classic
[2026-01-29T16:09:15.472+0530] {logging_mixin.py:190} INFO - [2026-01-29T16:09:15.472+0530] {override.py:1930} INFO - Created Permission View: menu access on DAG Run:read_dataset_event_from_classic
[2026-01-29T16:09:15.479+0530] {logging_mixin.py:190} INFO - [2026-01-29T16:09:15.479+0530] {override.py:1930} INFO - Created Permission View: can delete on DAG Run:read_dataset_event_from_classic
[2026-01-29T16:09:15.486+0530] {logging_mixin.py:190} INFO - [2026-01-29T16:09:15.486+0530] {override.py:1930} INFO - Created Permission View: can create on DAG Run:read_dataset_event_from_classic
[2026-01-29T16:09:15.493+0530] {logging_mixin.py:190} INFO - [2026-01-29T16:09:15.493+0530] {override.py:1930} INFO - Created Permission View: can read on DAG Run:read_dataset_event_from_classic
[2026-01-29T16:09:15.508+0530] {logging_mixin.py:190} INFO - [2026-01-29T16:09:15.508+0530] {override.py:1930} INFO - Created Permission View: can edit on DAG:read_dataset_event
[2026-01-29T16:09:15.515+0530] {logging_mixin.py:190} INFO - [2026-01-29T16:09:15.515+0530] {override.py:1930} INFO - Created Permission View: can delete on DAG:read_dataset_event
[2026-01-29T16:09:15.522+0530] {logging_mixin.py:190} INFO - [2026-01-29T16:09:15.522+0530] {override.py:1930} INFO - Created Permission View: can read on DAG:read_dataset_event
[2026-01-29T16:09:15.533+0530] {logging_mixin.py:190} INFO - [2026-01-29T16:09:15.533+0530] {override.py:1930} INFO - Created Permission View: menu access on DAG Run:read_dataset_event
[2026-01-29T16:09:15.541+0530] {logging_mixin.py:190} INFO - [2026-01-29T16:09:15.540+0530] {override.py:1930} INFO - Created Permission View: can delete on DAG Run:read_dataset_event
[2026-01-29T16:09:15.547+0530] {logging_mixin.py:190} INFO - [2026-01-29T16:09:15.547+0530] {override.py:1930} INFO - Created Permission View: can create on DAG Run:read_dataset_event
[2026-01-29T16:09:15.555+0530] {logging_mixin.py:190} INFO - [2026-01-29T16:09:15.554+0530] {override.py:1930} INFO - Created Permission View: can read on DAG Run:read_dataset_event
[2026-01-29T16:09:15.555+0530] {logging_mixin.py:190} INFO - [2026-01-29T16:09:15.555+0530] {dag.py:3239} INFO - Sync 2 DAGs
[2026-01-29T16:09:15.567+0530] {logging_mixin.py:190} INFO - [2026-01-29T16:09:15.566+0530] {dag.py:3262} INFO - Creating ORM DAG for read_dataset_event
[2026-01-29T16:09:15.567+0530] {logging_mixin.py:190} INFO - [2026-01-29T16:09:15.567+0530] {dag.py:3262} INFO - Creating ORM DAG for read_dataset_event_from_classic
[2026-01-29T16:09:15.577+0530] {logging_mixin.py:190} INFO - [2026-01-29T16:09:15.576+0530] {dag.py:4180} INFO - Setting next_dagrun for read_dataset_event to 2026-01-28 00:00:00+00:00, run_after=2026-01-29 00:00:00+00:00
[2026-01-29T16:09:15.578+0530] {logging_mixin.py:190} INFO - [2026-01-29T16:09:15.578+0530] {dag.py:4180} INFO - Setting next_dagrun for read_dataset_event_from_classic to 2026-01-28 00:00:00+00:00, run_after=2026-01-29 00:00:00+00:00
[2026-01-29T16:09:15.595+0530] {processor.py:208} INFO - Processing /home/hp/Desktop/Bigdata_project/BigData-Project/airflow-venv/lib/python3.10/site-packages/airflow/example_dags/example_inlet_event_extra.py took 0.276 seconds
