[2026-01-29T15:55:44.258+0530] {processor.py:186} INFO - Started process (PID=28319) to work on /home/hp/Desktop/Bigdata_project/BigData-Project/airflow-venv/lib/python3.10/site-packages/airflow/example_dags/example_sensor_decorator.py
[2026-01-29T15:55:44.258+0530] {processor.py:914} INFO - Processing file /home/hp/Desktop/Bigdata_project/BigData-Project/airflow-venv/lib/python3.10/site-packages/airflow/example_dags/example_sensor_decorator.py for tasks to queue
[2026-01-29T15:55:44.261+0530] {logging_mixin.py:190} INFO - [2026-01-29T15:55:44.261+0530] {dagbag.py:588} INFO - Filling up the DagBag from /home/hp/Desktop/Bigdata_project/BigData-Project/airflow-venv/lib/python3.10/site-packages/airflow/example_dags/example_sensor_decorator.py
[2026-01-29T15:55:44.269+0530] {processor.py:925} INFO - DAG(s) 'example_sensor_decorator' retrieved from /home/hp/Desktop/Bigdata_project/BigData-Project/airflow-venv/lib/python3.10/site-packages/airflow/example_dags/example_sensor_decorator.py
[2026-01-29T15:55:44.370+0530] {logging_mixin.py:190} INFO - [2026-01-29T15:55:44.370+0530] {override.py:1930} INFO - Created Permission View: can edit on DAG:example_sensor_decorator
[2026-01-29T15:55:44.381+0530] {logging_mixin.py:190} INFO - [2026-01-29T15:55:44.380+0530] {override.py:1930} INFO - Created Permission View: can delete on DAG:example_sensor_decorator
[2026-01-29T15:55:44.388+0530] {logging_mixin.py:190} INFO - [2026-01-29T15:55:44.388+0530] {override.py:1930} INFO - Created Permission View: can read on DAG:example_sensor_decorator
[2026-01-29T15:55:44.399+0530] {logging_mixin.py:190} INFO - [2026-01-29T15:55:44.398+0530] {override.py:1930} INFO - Created Permission View: can delete on DAG Run:example_sensor_decorator
[2026-01-29T15:55:44.406+0530] {logging_mixin.py:190} INFO - [2026-01-29T15:55:44.405+0530] {override.py:1930} INFO - Created Permission View: can read on DAG Run:example_sensor_decorator
[2026-01-29T15:55:44.413+0530] {logging_mixin.py:190} INFO - [2026-01-29T15:55:44.413+0530] {override.py:1930} INFO - Created Permission View: menu access on DAG Run:example_sensor_decorator
[2026-01-29T15:55:44.420+0530] {logging_mixin.py:190} INFO - [2026-01-29T15:55:44.420+0530] {override.py:1930} INFO - Created Permission View: can create on DAG Run:example_sensor_decorator
[2026-01-29T15:55:44.421+0530] {logging_mixin.py:190} INFO - [2026-01-29T15:55:44.421+0530] {dag.py:3239} INFO - Sync 1 DAGs
[2026-01-29T15:55:44.432+0530] {logging_mixin.py:190} INFO - [2026-01-29T15:55:44.432+0530] {dag.py:3262} INFO - Creating ORM DAG for example_sensor_decorator
[2026-01-29T15:55:44.433+0530] {logging_mixin.py:190} INFO - [2026-01-29T15:55:44.433+0530] {dag.py:4180} INFO - Setting next_dagrun for example_sensor_decorator to None, run_after=None
[2026-01-29T15:55:44.450+0530] {processor.py:208} INFO - Processing /home/hp/Desktop/Bigdata_project/BigData-Project/airflow-venv/lib/python3.10/site-packages/airflow/example_dags/example_sensor_decorator.py took 0.199 seconds
[2026-01-29T15:56:46.947+0530] {processor.py:186} INFO - Started process (PID=28587) to work on /home/hp/Desktop/Bigdata_project/BigData-Project/airflow-venv/lib/python3.10/site-packages/airflow/example_dags/example_sensor_decorator.py
[2026-01-29T15:56:46.953+0530] {processor.py:914} INFO - Processing file /home/hp/Desktop/Bigdata_project/BigData-Project/airflow-venv/lib/python3.10/site-packages/airflow/example_dags/example_sensor_decorator.py for tasks to queue
[2026-01-29T15:56:46.956+0530] {logging_mixin.py:190} INFO - [2026-01-29T15:56:46.956+0530] {dagbag.py:588} INFO - Filling up the DagBag from /home/hp/Desktop/Bigdata_project/BigData-Project/airflow-venv/lib/python3.10/site-packages/airflow/example_dags/example_sensor_decorator.py
[2026-01-29T15:56:46.965+0530] {processor.py:925} INFO - DAG(s) 'example_sensor_decorator' retrieved from /home/hp/Desktop/Bigdata_project/BigData-Project/airflow-venv/lib/python3.10/site-packages/airflow/example_dags/example_sensor_decorator.py
[2026-01-29T15:56:46.981+0530] {logging_mixin.py:190} INFO - [2026-01-29T15:56:46.980+0530] {dag.py:3239} INFO - Sync 1 DAGs
[2026-01-29T15:56:46.993+0530] {logging_mixin.py:190} INFO - [2026-01-29T15:56:46.993+0530] {dag.py:4180} INFO - Setting next_dagrun for example_sensor_decorator to None, run_after=None
[2026-01-29T15:56:47.014+0530] {processor.py:208} INFO - Processing /home/hp/Desktop/Bigdata_project/BigData-Project/airflow-venv/lib/python3.10/site-packages/airflow/example_dags/example_sensor_decorator.py took 0.073 seconds
[2026-01-29T16:00:22.142+0530] {processor.py:186} INFO - Started process (PID=29264) to work on /home/hp/Desktop/Bigdata_project/BigData-Project/airflow-venv/lib/python3.10/site-packages/airflow/example_dags/example_sensor_decorator.py
[2026-01-29T16:00:22.149+0530] {processor.py:914} INFO - Processing file /home/hp/Desktop/Bigdata_project/BigData-Project/airflow-venv/lib/python3.10/site-packages/airflow/example_dags/example_sensor_decorator.py for tasks to queue
[2026-01-29T16:00:22.152+0530] {logging_mixin.py:190} INFO - [2026-01-29T16:00:22.152+0530] {dagbag.py:588} INFO - Filling up the DagBag from /home/hp/Desktop/Bigdata_project/BigData-Project/airflow-venv/lib/python3.10/site-packages/airflow/example_dags/example_sensor_decorator.py
[2026-01-29T16:00:22.161+0530] {processor.py:925} INFO - DAG(s) 'example_sensor_decorator' retrieved from /home/hp/Desktop/Bigdata_project/BigData-Project/airflow-venv/lib/python3.10/site-packages/airflow/example_dags/example_sensor_decorator.py
[2026-01-29T16:00:22.180+0530] {logging_mixin.py:190} INFO - [2026-01-29T16:00:22.180+0530] {dag.py:3239} INFO - Sync 1 DAGs
[2026-01-29T16:00:22.193+0530] {logging_mixin.py:190} INFO - [2026-01-29T16:00:22.192+0530] {dag.py:4180} INFO - Setting next_dagrun for example_sensor_decorator to None, run_after=None
[2026-01-29T16:00:22.214+0530] {processor.py:208} INFO - Processing /home/hp/Desktop/Bigdata_project/BigData-Project/airflow-venv/lib/python3.10/site-packages/airflow/example_dags/example_sensor_decorator.py took 0.078 seconds
[2026-01-29T16:01:17.670+0530] {processor.py:186} INFO - Started process (PID=29535) to work on /home/hp/Desktop/Bigdata_project/BigData-Project/airflow-venv/lib/python3.10/site-packages/airflow/example_dags/example_sensor_decorator.py
[2026-01-29T16:01:17.676+0530] {processor.py:914} INFO - Processing file /home/hp/Desktop/Bigdata_project/BigData-Project/airflow-venv/lib/python3.10/site-packages/airflow/example_dags/example_sensor_decorator.py for tasks to queue
[2026-01-29T16:01:17.680+0530] {logging_mixin.py:190} INFO - [2026-01-29T16:01:17.680+0530] {dagbag.py:588} INFO - Filling up the DagBag from /home/hp/Desktop/Bigdata_project/BigData-Project/airflow-venv/lib/python3.10/site-packages/airflow/example_dags/example_sensor_decorator.py
[2026-01-29T16:01:17.689+0530] {processor.py:925} INFO - DAG(s) 'example_sensor_decorator' retrieved from /home/hp/Desktop/Bigdata_project/BigData-Project/airflow-venv/lib/python3.10/site-packages/airflow/example_dags/example_sensor_decorator.py
[2026-01-29T16:01:17.705+0530] {logging_mixin.py:190} INFO - [2026-01-29T16:01:17.705+0530] {dag.py:3239} INFO - Sync 1 DAGs
[2026-01-29T16:01:17.718+0530] {logging_mixin.py:190} INFO - [2026-01-29T16:01:17.718+0530] {dag.py:4180} INFO - Setting next_dagrun for example_sensor_decorator to None, run_after=None
[2026-01-29T16:01:17.739+0530] {processor.py:208} INFO - Processing /home/hp/Desktop/Bigdata_project/BigData-Project/airflow-venv/lib/python3.10/site-packages/airflow/example_dags/example_sensor_decorator.py took 0.075 seconds
[2026-01-29T16:02:14.919+0530] {processor.py:186} INFO - Started process (PID=29766) to work on /home/hp/Desktop/Bigdata_project/BigData-Project/airflow-venv/lib/python3.10/site-packages/airflow/example_dags/example_sensor_decorator.py
[2026-01-29T16:02:14.925+0530] {processor.py:914} INFO - Processing file /home/hp/Desktop/Bigdata_project/BigData-Project/airflow-venv/lib/python3.10/site-packages/airflow/example_dags/example_sensor_decorator.py for tasks to queue
[2026-01-29T16:02:14.928+0530] {logging_mixin.py:190} INFO - [2026-01-29T16:02:14.927+0530] {dagbag.py:588} INFO - Filling up the DagBag from /home/hp/Desktop/Bigdata_project/BigData-Project/airflow-venv/lib/python3.10/site-packages/airflow/example_dags/example_sensor_decorator.py
[2026-01-29T16:02:14.936+0530] {processor.py:925} INFO - DAG(s) 'example_sensor_decorator' retrieved from /home/hp/Desktop/Bigdata_project/BigData-Project/airflow-venv/lib/python3.10/site-packages/airflow/example_dags/example_sensor_decorator.py
[2026-01-29T16:02:14.952+0530] {logging_mixin.py:190} INFO - [2026-01-29T16:02:14.952+0530] {dag.py:3239} INFO - Sync 1 DAGs
[2026-01-29T16:02:14.965+0530] {logging_mixin.py:190} INFO - [2026-01-29T16:02:14.965+0530] {dag.py:4180} INFO - Setting next_dagrun for example_sensor_decorator to None, run_after=None
[2026-01-29T16:02:14.985+0530] {processor.py:208} INFO - Processing /home/hp/Desktop/Bigdata_project/BigData-Project/airflow-venv/lib/python3.10/site-packages/airflow/example_dags/example_sensor_decorator.py took 0.073 seconds
[2026-01-29T16:03:09.389+0530] {processor.py:186} INFO - Started process (PID=29995) to work on /home/hp/Desktop/Bigdata_project/BigData-Project/airflow-venv/lib/python3.10/site-packages/airflow/example_dags/example_sensor_decorator.py
[2026-01-29T16:03:09.395+0530] {processor.py:914} INFO - Processing file /home/hp/Desktop/Bigdata_project/BigData-Project/airflow-venv/lib/python3.10/site-packages/airflow/example_dags/example_sensor_decorator.py for tasks to queue
[2026-01-29T16:03:09.398+0530] {logging_mixin.py:190} INFO - [2026-01-29T16:03:09.398+0530] {dagbag.py:588} INFO - Filling up the DagBag from /home/hp/Desktop/Bigdata_project/BigData-Project/airflow-venv/lib/python3.10/site-packages/airflow/example_dags/example_sensor_decorator.py
[2026-01-29T16:03:09.406+0530] {processor.py:925} INFO - DAG(s) 'example_sensor_decorator' retrieved from /home/hp/Desktop/Bigdata_project/BigData-Project/airflow-venv/lib/python3.10/site-packages/airflow/example_dags/example_sensor_decorator.py
[2026-01-29T16:03:09.422+0530] {logging_mixin.py:190} INFO - [2026-01-29T16:03:09.421+0530] {dag.py:3239} INFO - Sync 1 DAGs
[2026-01-29T16:03:09.435+0530] {logging_mixin.py:190} INFO - [2026-01-29T16:03:09.434+0530] {dag.py:4180} INFO - Setting next_dagrun for example_sensor_decorator to None, run_after=None
[2026-01-29T16:03:09.455+0530] {processor.py:208} INFO - Processing /home/hp/Desktop/Bigdata_project/BigData-Project/airflow-venv/lib/python3.10/site-packages/airflow/example_dags/example_sensor_decorator.py took 0.073 seconds
[2026-01-29T16:04:03.725+0530] {processor.py:186} INFO - Started process (PID=30211) to work on /home/hp/Desktop/Bigdata_project/BigData-Project/airflow-venv/lib/python3.10/site-packages/airflow/example_dags/example_sensor_decorator.py
[2026-01-29T16:04:03.731+0530] {processor.py:914} INFO - Processing file /home/hp/Desktop/Bigdata_project/BigData-Project/airflow-venv/lib/python3.10/site-packages/airflow/example_dags/example_sensor_decorator.py for tasks to queue
[2026-01-29T16:04:03.734+0530] {logging_mixin.py:190} INFO - [2026-01-29T16:04:03.734+0530] {dagbag.py:588} INFO - Filling up the DagBag from /home/hp/Desktop/Bigdata_project/BigData-Project/airflow-venv/lib/python3.10/site-packages/airflow/example_dags/example_sensor_decorator.py
[2026-01-29T16:04:03.743+0530] {processor.py:925} INFO - DAG(s) 'example_sensor_decorator' retrieved from /home/hp/Desktop/Bigdata_project/BigData-Project/airflow-venv/lib/python3.10/site-packages/airflow/example_dags/example_sensor_decorator.py
[2026-01-29T16:04:03.759+0530] {logging_mixin.py:190} INFO - [2026-01-29T16:04:03.758+0530] {dag.py:3239} INFO - Sync 1 DAGs
[2026-01-29T16:04:03.771+0530] {logging_mixin.py:190} INFO - [2026-01-29T16:04:03.771+0530] {dag.py:4180} INFO - Setting next_dagrun for example_sensor_decorator to None, run_after=None
[2026-01-29T16:04:03.791+0530] {processor.py:208} INFO - Processing /home/hp/Desktop/Bigdata_project/BigData-Project/airflow-venv/lib/python3.10/site-packages/airflow/example_dags/example_sensor_decorator.py took 0.072 seconds
[2026-01-29T16:05:00.580+0530] {processor.py:186} INFO - Started process (PID=30468) to work on /home/hp/Desktop/Bigdata_project/BigData-Project/airflow-venv/lib/python3.10/site-packages/airflow/example_dags/example_sensor_decorator.py
[2026-01-29T16:05:00.587+0530] {processor.py:914} INFO - Processing file /home/hp/Desktop/Bigdata_project/BigData-Project/airflow-venv/lib/python3.10/site-packages/airflow/example_dags/example_sensor_decorator.py for tasks to queue
[2026-01-29T16:05:00.590+0530] {logging_mixin.py:190} INFO - [2026-01-29T16:05:00.589+0530] {dagbag.py:588} INFO - Filling up the DagBag from /home/hp/Desktop/Bigdata_project/BigData-Project/airflow-venv/lib/python3.10/site-packages/airflow/example_dags/example_sensor_decorator.py
[2026-01-29T16:05:00.599+0530] {processor.py:925} INFO - DAG(s) 'example_sensor_decorator' retrieved from /home/hp/Desktop/Bigdata_project/BigData-Project/airflow-venv/lib/python3.10/site-packages/airflow/example_dags/example_sensor_decorator.py
[2026-01-29T16:05:00.614+0530] {logging_mixin.py:190} INFO - [2026-01-29T16:05:00.614+0530] {dag.py:3239} INFO - Sync 1 DAGs
[2026-01-29T16:05:00.627+0530] {logging_mixin.py:190} INFO - [2026-01-29T16:05:00.626+0530] {dag.py:4180} INFO - Setting next_dagrun for example_sensor_decorator to None, run_after=None
[2026-01-29T16:05:00.647+0530] {processor.py:208} INFO - Processing /home/hp/Desktop/Bigdata_project/BigData-Project/airflow-venv/lib/python3.10/site-packages/airflow/example_dags/example_sensor_decorator.py took 0.073 seconds
[2026-01-29T16:05:57.548+0530] {processor.py:186} INFO - Started process (PID=30719) to work on /home/hp/Desktop/Bigdata_project/BigData-Project/airflow-venv/lib/python3.10/site-packages/airflow/example_dags/example_sensor_decorator.py
[2026-01-29T16:05:57.555+0530] {processor.py:914} INFO - Processing file /home/hp/Desktop/Bigdata_project/BigData-Project/airflow-venv/lib/python3.10/site-packages/airflow/example_dags/example_sensor_decorator.py for tasks to queue
[2026-01-29T16:05:57.558+0530] {logging_mixin.py:190} INFO - [2026-01-29T16:05:57.557+0530] {dagbag.py:588} INFO - Filling up the DagBag from /home/hp/Desktop/Bigdata_project/BigData-Project/airflow-venv/lib/python3.10/site-packages/airflow/example_dags/example_sensor_decorator.py
[2026-01-29T16:05:57.567+0530] {processor.py:925} INFO - DAG(s) 'example_sensor_decorator' retrieved from /home/hp/Desktop/Bigdata_project/BigData-Project/airflow-venv/lib/python3.10/site-packages/airflow/example_dags/example_sensor_decorator.py
[2026-01-29T16:05:57.584+0530] {logging_mixin.py:190} INFO - [2026-01-29T16:05:57.583+0530] {dag.py:3239} INFO - Sync 1 DAGs
[2026-01-29T16:05:57.597+0530] {logging_mixin.py:190} INFO - [2026-01-29T16:05:57.597+0530] {dag.py:4180} INFO - Setting next_dagrun for example_sensor_decorator to None, run_after=None
[2026-01-29T16:05:57.618+0530] {processor.py:208} INFO - Processing /home/hp/Desktop/Bigdata_project/BigData-Project/airflow-venv/lib/python3.10/site-packages/airflow/example_dags/example_sensor_decorator.py took 0.077 seconds
[2026-01-29T16:06:54.189+0530] {processor.py:186} INFO - Started process (PID=31000) to work on /home/hp/Desktop/Bigdata_project/BigData-Project/airflow-venv/lib/python3.10/site-packages/airflow/example_dags/example_sensor_decorator.py
[2026-01-29T16:06:54.196+0530] {processor.py:914} INFO - Processing file /home/hp/Desktop/Bigdata_project/BigData-Project/airflow-venv/lib/python3.10/site-packages/airflow/example_dags/example_sensor_decorator.py for tasks to queue
[2026-01-29T16:06:54.198+0530] {logging_mixin.py:190} INFO - [2026-01-29T16:06:54.198+0530] {dagbag.py:588} INFO - Filling up the DagBag from /home/hp/Desktop/Bigdata_project/BigData-Project/airflow-venv/lib/python3.10/site-packages/airflow/example_dags/example_sensor_decorator.py
[2026-01-29T16:06:54.207+0530] {processor.py:925} INFO - DAG(s) 'example_sensor_decorator' retrieved from /home/hp/Desktop/Bigdata_project/BigData-Project/airflow-venv/lib/python3.10/site-packages/airflow/example_dags/example_sensor_decorator.py
[2026-01-29T16:06:54.223+0530] {logging_mixin.py:190} INFO - [2026-01-29T16:06:54.223+0530] {dag.py:3239} INFO - Sync 1 DAGs
[2026-01-29T16:06:54.236+0530] {logging_mixin.py:190} INFO - [2026-01-29T16:06:54.235+0530] {dag.py:4180} INFO - Setting next_dagrun for example_sensor_decorator to None, run_after=None
[2026-01-29T16:06:54.256+0530] {processor.py:208} INFO - Processing /home/hp/Desktop/Bigdata_project/BigData-Project/airflow-venv/lib/python3.10/site-packages/airflow/example_dags/example_sensor_decorator.py took 0.073 seconds
[2026-01-29T16:07:52.195+0530] {processor.py:186} INFO - Started process (PID=31263) to work on /home/hp/Desktop/Bigdata_project/BigData-Project/airflow-venv/lib/python3.10/site-packages/airflow/example_dags/example_sensor_decorator.py
[2026-01-29T16:07:52.201+0530] {processor.py:914} INFO - Processing file /home/hp/Desktop/Bigdata_project/BigData-Project/airflow-venv/lib/python3.10/site-packages/airflow/example_dags/example_sensor_decorator.py for tasks to queue
[2026-01-29T16:07:52.204+0530] {logging_mixin.py:190} INFO - [2026-01-29T16:07:52.203+0530] {dagbag.py:588} INFO - Filling up the DagBag from /home/hp/Desktop/Bigdata_project/BigData-Project/airflow-venv/lib/python3.10/site-packages/airflow/example_dags/example_sensor_decorator.py
[2026-01-29T16:07:52.213+0530] {processor.py:925} INFO - DAG(s) 'example_sensor_decorator' retrieved from /home/hp/Desktop/Bigdata_project/BigData-Project/airflow-venv/lib/python3.10/site-packages/airflow/example_dags/example_sensor_decorator.py
[2026-01-29T16:07:52.230+0530] {logging_mixin.py:190} INFO - [2026-01-29T16:07:52.230+0530] {dag.py:3239} INFO - Sync 1 DAGs
[2026-01-29T16:07:52.245+0530] {logging_mixin.py:190} INFO - [2026-01-29T16:07:52.244+0530] {dag.py:4180} INFO - Setting next_dagrun for example_sensor_decorator to None, run_after=None
[2026-01-29T16:07:52.267+0530] {processor.py:208} INFO - Processing /home/hp/Desktop/Bigdata_project/BigData-Project/airflow-venv/lib/python3.10/site-packages/airflow/example_dags/example_sensor_decorator.py took 0.079 seconds
[2026-01-29T16:08:56.626+0530] {processor.py:186} INFO - Started process (PID=31559) to work on /home/hp/Desktop/Bigdata_project/BigData-Project/airflow-venv/lib/python3.10/site-packages/airflow/example_dags/example_sensor_decorator.py
[2026-01-29T16:08:56.632+0530] {processor.py:914} INFO - Processing file /home/hp/Desktop/Bigdata_project/BigData-Project/airflow-venv/lib/python3.10/site-packages/airflow/example_dags/example_sensor_decorator.py for tasks to queue
[2026-01-29T16:08:56.635+0530] {logging_mixin.py:190} INFO - [2026-01-29T16:08:56.634+0530] {dagbag.py:588} INFO - Filling up the DagBag from /home/hp/Desktop/Bigdata_project/BigData-Project/airflow-venv/lib/python3.10/site-packages/airflow/example_dags/example_sensor_decorator.py
[2026-01-29T16:08:56.643+0530] {processor.py:925} INFO - DAG(s) 'example_sensor_decorator' retrieved from /home/hp/Desktop/Bigdata_project/BigData-Project/airflow-venv/lib/python3.10/site-packages/airflow/example_dags/example_sensor_decorator.py
[2026-01-29T16:08:56.743+0530] {logging_mixin.py:190} INFO - [2026-01-29T16:08:56.742+0530] {override.py:1930} INFO - Created Permission View: can edit on DAG:example_sensor_decorator
[2026-01-29T16:08:56.753+0530] {logging_mixin.py:190} INFO - [2026-01-29T16:08:56.753+0530] {override.py:1930} INFO - Created Permission View: can delete on DAG:example_sensor_decorator
[2026-01-29T16:08:56.761+0530] {logging_mixin.py:190} INFO - [2026-01-29T16:08:56.761+0530] {override.py:1930} INFO - Created Permission View: can read on DAG:example_sensor_decorator
[2026-01-29T16:08:56.772+0530] {logging_mixin.py:190} INFO - [2026-01-29T16:08:56.772+0530] {override.py:1930} INFO - Created Permission View: menu access on DAG Run:example_sensor_decorator
[2026-01-29T16:08:56.779+0530] {logging_mixin.py:190} INFO - [2026-01-29T16:08:56.779+0530] {override.py:1930} INFO - Created Permission View: can delete on DAG Run:example_sensor_decorator
[2026-01-29T16:08:56.786+0530] {logging_mixin.py:190} INFO - [2026-01-29T16:08:56.786+0530] {override.py:1930} INFO - Created Permission View: can create on DAG Run:example_sensor_decorator
[2026-01-29T16:08:56.793+0530] {logging_mixin.py:190} INFO - [2026-01-29T16:08:56.793+0530] {override.py:1930} INFO - Created Permission View: can read on DAG Run:example_sensor_decorator
[2026-01-29T16:08:56.794+0530] {logging_mixin.py:190} INFO - [2026-01-29T16:08:56.794+0530] {dag.py:3239} INFO - Sync 1 DAGs
[2026-01-29T16:08:56.806+0530] {logging_mixin.py:190} INFO - [2026-01-29T16:08:56.806+0530] {dag.py:3262} INFO - Creating ORM DAG for example_sensor_decorator
[2026-01-29T16:08:56.807+0530] {logging_mixin.py:190} INFO - [2026-01-29T16:08:56.807+0530] {dag.py:4180} INFO - Setting next_dagrun for example_sensor_decorator to None, run_after=None
[2026-01-29T16:08:56.942+0530] {processor.py:208} INFO - Processing /home/hp/Desktop/Bigdata_project/BigData-Project/airflow-venv/lib/python3.10/site-packages/airflow/example_dags/example_sensor_decorator.py took 0.323 seconds
