[2026-01-29T15:56:21.476+0530] {processor.py:186} INFO - Started process (PID=28496) to work on /home/hp/Desktop/Bigdata_project/BigData-Project/airflow-venv/lib/python3.10/site-packages/airflow/example_dags/example_bash_decorator.py
[2026-01-29T15:56:21.477+0530] {processor.py:914} INFO - Processing file /home/hp/Desktop/Bigdata_project/BigData-Project/airflow-venv/lib/python3.10/site-packages/airflow/example_dags/example_bash_decorator.py for tasks to queue
[2026-01-29T15:56:21.479+0530] {logging_mixin.py:190} INFO - [2026-01-29T15:56:21.479+0530] {dagbag.py:588} INFO - Filling up the DagBag from /home/hp/Desktop/Bigdata_project/BigData-Project/airflow-venv/lib/python3.10/site-packages/airflow/example_dags/example_bash_decorator.py
[2026-01-29T15:56:21.495+0530] {processor.py:925} INFO - DAG(s) 'example_bash_decorator' retrieved from /home/hp/Desktop/Bigdata_project/BigData-Project/airflow-venv/lib/python3.10/site-packages/airflow/example_dags/example_bash_decorator.py
[2026-01-29T15:56:21.599+0530] {logging_mixin.py:190} INFO - [2026-01-29T15:56:21.598+0530] {override.py:1930} INFO - Created Permission View: can edit on DAG:example_bash_decorator
[2026-01-29T15:56:21.611+0530] {logging_mixin.py:190} INFO - [2026-01-29T15:56:21.610+0530] {override.py:1930} INFO - Created Permission View: can delete on DAG:example_bash_decorator
[2026-01-29T15:56:21.618+0530] {logging_mixin.py:190} INFO - [2026-01-29T15:56:21.618+0530] {override.py:1930} INFO - Created Permission View: can read on DAG:example_bash_decorator
[2026-01-29T15:56:21.629+0530] {logging_mixin.py:190} INFO - [2026-01-29T15:56:21.628+0530] {override.py:1930} INFO - Created Permission View: can delete on DAG Run:example_bash_decorator
[2026-01-29T15:56:21.636+0530] {logging_mixin.py:190} INFO - [2026-01-29T15:56:21.636+0530] {override.py:1930} INFO - Created Permission View: can read on DAG Run:example_bash_decorator
[2026-01-29T15:56:21.643+0530] {logging_mixin.py:190} INFO - [2026-01-29T15:56:21.643+0530] {override.py:1930} INFO - Created Permission View: menu access on DAG Run:example_bash_decorator
[2026-01-29T15:56:21.650+0530] {logging_mixin.py:190} INFO - [2026-01-29T15:56:21.650+0530] {override.py:1930} INFO - Created Permission View: can create on DAG Run:example_bash_decorator
[2026-01-29T15:56:21.651+0530] {logging_mixin.py:190} INFO - [2026-01-29T15:56:21.651+0530] {dag.py:3239} INFO - Sync 1 DAGs
[2026-01-29T15:56:21.663+0530] {logging_mixin.py:190} INFO - [2026-01-29T15:56:21.662+0530] {dag.py:3262} INFO - Creating ORM DAG for example_bash_decorator
[2026-01-29T15:56:21.663+0530] {logging_mixin.py:190} INFO - [2026-01-29T15:56:21.663+0530] {dag.py:4180} INFO - Setting next_dagrun for example_bash_decorator to None, run_after=None
[2026-01-29T15:56:21.680+0530] {processor.py:208} INFO - Processing /home/hp/Desktop/Bigdata_project/BigData-Project/airflow-venv/lib/python3.10/site-packages/airflow/example_dags/example_bash_decorator.py took 0.210 seconds
[2026-01-29T15:57:23.046+0530] {processor.py:186} INFO - Started process (PID=28691) to work on /home/hp/Desktop/Bigdata_project/BigData-Project/airflow-venv/lib/python3.10/site-packages/airflow/example_dags/example_bash_decorator.py
[2026-01-29T15:57:23.052+0530] {processor.py:914} INFO - Processing file /home/hp/Desktop/Bigdata_project/BigData-Project/airflow-venv/lib/python3.10/site-packages/airflow/example_dags/example_bash_decorator.py for tasks to queue
[2026-01-29T15:57:23.055+0530] {logging_mixin.py:190} INFO - [2026-01-29T15:57:23.055+0530] {dagbag.py:588} INFO - Filling up the DagBag from /home/hp/Desktop/Bigdata_project/BigData-Project/airflow-venv/lib/python3.10/site-packages/airflow/example_dags/example_bash_decorator.py
[2026-01-29T15:57:23.072+0530] {processor.py:925} INFO - DAG(s) 'example_bash_decorator' retrieved from /home/hp/Desktop/Bigdata_project/BigData-Project/airflow-venv/lib/python3.10/site-packages/airflow/example_dags/example_bash_decorator.py
[2026-01-29T15:57:23.093+0530] {logging_mixin.py:190} INFO - [2026-01-29T15:57:23.092+0530] {dag.py:3239} INFO - Sync 1 DAGs
[2026-01-29T15:57:23.107+0530] {logging_mixin.py:190} INFO - [2026-01-29T15:57:23.107+0530] {dag.py:4180} INFO - Setting next_dagrun for example_bash_decorator to None, run_after=None
[2026-01-29T15:57:23.127+0530] {processor.py:208} INFO - Processing /home/hp/Desktop/Bigdata_project/BigData-Project/airflow-venv/lib/python3.10/site-packages/airflow/example_dags/example_bash_decorator.py took 0.088 seconds
[2026-01-29T16:00:53.097+0530] {processor.py:186} INFO - Started process (PID=29428) to work on /home/hp/Desktop/Bigdata_project/BigData-Project/airflow-venv/lib/python3.10/site-packages/airflow/example_dags/example_bash_decorator.py
[2026-01-29T16:00:53.098+0530] {processor.py:914} INFO - Processing file /home/hp/Desktop/Bigdata_project/BigData-Project/airflow-venv/lib/python3.10/site-packages/airflow/example_dags/example_bash_decorator.py for tasks to queue
[2026-01-29T16:00:53.101+0530] {logging_mixin.py:190} INFO - [2026-01-29T16:00:53.100+0530] {dagbag.py:588} INFO - Filling up the DagBag from /home/hp/Desktop/Bigdata_project/BigData-Project/airflow-venv/lib/python3.10/site-packages/airflow/example_dags/example_bash_decorator.py
[2026-01-29T16:00:53.116+0530] {processor.py:925} INFO - DAG(s) 'example_bash_decorator' retrieved from /home/hp/Desktop/Bigdata_project/BigData-Project/airflow-venv/lib/python3.10/site-packages/airflow/example_dags/example_bash_decorator.py
[2026-01-29T16:00:53.216+0530] {logging_mixin.py:190} INFO - [2026-01-29T16:00:53.216+0530] {dag.py:3239} INFO - Sync 1 DAGs
[2026-01-29T16:00:53.228+0530] {logging_mixin.py:190} INFO - [2026-01-29T16:00:53.228+0530] {dag.py:4180} INFO - Setting next_dagrun for example_bash_decorator to None, run_after=None
[2026-01-29T16:00:53.255+0530] {processor.py:208} INFO - Processing /home/hp/Desktop/Bigdata_project/BigData-Project/airflow-venv/lib/python3.10/site-packages/airflow/example_dags/example_bash_decorator.py took 0.164 seconds
[2026-01-29T16:02:13.578+0530] {processor.py:186} INFO - Started process (PID=29761) to work on /home/hp/Desktop/Bigdata_project/BigData-Project/airflow-venv/lib/python3.10/site-packages/airflow/example_dags/example_bash_decorator.py
[2026-01-29T16:02:13.584+0530] {processor.py:914} INFO - Processing file /home/hp/Desktop/Bigdata_project/BigData-Project/airflow-venv/lib/python3.10/site-packages/airflow/example_dags/example_bash_decorator.py for tasks to queue
[2026-01-29T16:02:13.588+0530] {logging_mixin.py:190} INFO - [2026-01-29T16:02:13.587+0530] {dagbag.py:588} INFO - Filling up the DagBag from /home/hp/Desktop/Bigdata_project/BigData-Project/airflow-venv/lib/python3.10/site-packages/airflow/example_dags/example_bash_decorator.py
[2026-01-29T16:02:13.604+0530] {processor.py:925} INFO - DAG(s) 'example_bash_decorator' retrieved from /home/hp/Desktop/Bigdata_project/BigData-Project/airflow-venv/lib/python3.10/site-packages/airflow/example_dags/example_bash_decorator.py
[2026-01-29T16:02:13.625+0530] {logging_mixin.py:190} INFO - [2026-01-29T16:02:13.625+0530] {dag.py:3239} INFO - Sync 1 DAGs
[2026-01-29T16:02:13.639+0530] {logging_mixin.py:190} INFO - [2026-01-29T16:02:13.638+0530] {dag.py:4180} INFO - Setting next_dagrun for example_bash_decorator to None, run_after=None
[2026-01-29T16:02:13.659+0530] {processor.py:208} INFO - Processing /home/hp/Desktop/Bigdata_project/BigData-Project/airflow-venv/lib/python3.10/site-packages/airflow/example_dags/example_bash_decorator.py took 0.088 seconds
[2026-01-29T16:03:34.115+0530] {processor.py:186} INFO - Started process (PID=30106) to work on /home/hp/Desktop/Bigdata_project/BigData-Project/airflow-venv/lib/python3.10/site-packages/airflow/example_dags/example_bash_decorator.py
[2026-01-29T16:03:34.122+0530] {processor.py:914} INFO - Processing file /home/hp/Desktop/Bigdata_project/BigData-Project/airflow-venv/lib/python3.10/site-packages/airflow/example_dags/example_bash_decorator.py for tasks to queue
[2026-01-29T16:03:34.124+0530] {logging_mixin.py:190} INFO - [2026-01-29T16:03:34.124+0530] {dagbag.py:588} INFO - Filling up the DagBag from /home/hp/Desktop/Bigdata_project/BigData-Project/airflow-venv/lib/python3.10/site-packages/airflow/example_dags/example_bash_decorator.py
[2026-01-29T16:03:34.140+0530] {processor.py:925} INFO - DAG(s) 'example_bash_decorator' retrieved from /home/hp/Desktop/Bigdata_project/BigData-Project/airflow-venv/lib/python3.10/site-packages/airflow/example_dags/example_bash_decorator.py
[2026-01-29T16:03:34.160+0530] {logging_mixin.py:190} INFO - [2026-01-29T16:03:34.160+0530] {dag.py:3239} INFO - Sync 1 DAGs
[2026-01-29T16:03:34.173+0530] {logging_mixin.py:190} INFO - [2026-01-29T16:03:34.172+0530] {dag.py:4180} INFO - Setting next_dagrun for example_bash_decorator to None, run_after=None
[2026-01-29T16:03:34.193+0530] {processor.py:208} INFO - Processing /home/hp/Desktop/Bigdata_project/BigData-Project/airflow-venv/lib/python3.10/site-packages/airflow/example_dags/example_bash_decorator.py took 0.084 seconds
[2026-01-29T16:04:59.072+0530] {processor.py:186} INFO - Started process (PID=30463) to work on /home/hp/Desktop/Bigdata_project/BigData-Project/airflow-venv/lib/python3.10/site-packages/airflow/example_dags/example_bash_decorator.py
[2026-01-29T16:04:59.073+0530] {processor.py:914} INFO - Processing file /home/hp/Desktop/Bigdata_project/BigData-Project/airflow-venv/lib/python3.10/site-packages/airflow/example_dags/example_bash_decorator.py for tasks to queue
[2026-01-29T16:04:59.075+0530] {logging_mixin.py:190} INFO - [2026-01-29T16:04:59.074+0530] {dagbag.py:588} INFO - Filling up the DagBag from /home/hp/Desktop/Bigdata_project/BigData-Project/airflow-venv/lib/python3.10/site-packages/airflow/example_dags/example_bash_decorator.py
[2026-01-29T16:04:59.091+0530] {processor.py:925} INFO - DAG(s) 'example_bash_decorator' retrieved from /home/hp/Desktop/Bigdata_project/BigData-Project/airflow-venv/lib/python3.10/site-packages/airflow/example_dags/example_bash_decorator.py
[2026-01-29T16:04:59.111+0530] {logging_mixin.py:190} INFO - [2026-01-29T16:04:59.111+0530] {dag.py:3239} INFO - Sync 1 DAGs
[2026-01-29T16:04:59.124+0530] {logging_mixin.py:190} INFO - [2026-01-29T16:04:59.124+0530] {dag.py:4180} INFO - Setting next_dagrun for example_bash_decorator to None, run_after=None
[2026-01-29T16:04:59.144+0530] {processor.py:208} INFO - Processing /home/hp/Desktop/Bigdata_project/BigData-Project/airflow-venv/lib/python3.10/site-packages/airflow/example_dags/example_bash_decorator.py took 0.080 seconds
[2026-01-29T16:06:23.531+0530] {processor.py:186} INFO - Started process (PID=30863) to work on /home/hp/Desktop/Bigdata_project/BigData-Project/airflow-venv/lib/python3.10/site-packages/airflow/example_dags/example_bash_decorator.py
[2026-01-29T16:06:23.538+0530] {processor.py:914} INFO - Processing file /home/hp/Desktop/Bigdata_project/BigData-Project/airflow-venv/lib/python3.10/site-packages/airflow/example_dags/example_bash_decorator.py for tasks to queue
[2026-01-29T16:06:23.540+0530] {logging_mixin.py:190} INFO - [2026-01-29T16:06:23.540+0530] {dagbag.py:588} INFO - Filling up the DagBag from /home/hp/Desktop/Bigdata_project/BigData-Project/airflow-venv/lib/python3.10/site-packages/airflow/example_dags/example_bash_decorator.py
[2026-01-29T16:06:23.558+0530] {processor.py:925} INFO - DAG(s) 'example_bash_decorator' retrieved from /home/hp/Desktop/Bigdata_project/BigData-Project/airflow-venv/lib/python3.10/site-packages/airflow/example_dags/example_bash_decorator.py
[2026-01-29T16:06:23.578+0530] {logging_mixin.py:190} INFO - [2026-01-29T16:06:23.578+0530] {dag.py:3239} INFO - Sync 1 DAGs
[2026-01-29T16:06:23.592+0530] {logging_mixin.py:190} INFO - [2026-01-29T16:06:23.592+0530] {dag.py:4180} INFO - Setting next_dagrun for example_bash_decorator to None, run_after=None
[2026-01-29T16:06:23.614+0530] {processor.py:208} INFO - Processing /home/hp/Desktop/Bigdata_project/BigData-Project/airflow-venv/lib/python3.10/site-packages/airflow/example_dags/example_bash_decorator.py took 0.089 seconds
[2026-01-29T16:07:49.905+0530] {processor.py:186} INFO - Started process (PID=31255) to work on /home/hp/Desktop/Bigdata_project/BigData-Project/airflow-venv/lib/python3.10/site-packages/airflow/example_dags/example_bash_decorator.py
[2026-01-29T16:07:49.912+0530] {processor.py:914} INFO - Processing file /home/hp/Desktop/Bigdata_project/BigData-Project/airflow-venv/lib/python3.10/site-packages/airflow/example_dags/example_bash_decorator.py for tasks to queue
[2026-01-29T16:07:49.914+0530] {logging_mixin.py:190} INFO - [2026-01-29T16:07:49.914+0530] {dagbag.py:588} INFO - Filling up the DagBag from /home/hp/Desktop/Bigdata_project/BigData-Project/airflow-venv/lib/python3.10/site-packages/airflow/example_dags/example_bash_decorator.py
[2026-01-29T16:07:49.930+0530] {processor.py:925} INFO - DAG(s) 'example_bash_decorator' retrieved from /home/hp/Desktop/Bigdata_project/BigData-Project/airflow-venv/lib/python3.10/site-packages/airflow/example_dags/example_bash_decorator.py
[2026-01-29T16:07:49.950+0530] {logging_mixin.py:190} INFO - [2026-01-29T16:07:49.950+0530] {dag.py:3239} INFO - Sync 1 DAGs
[2026-01-29T16:07:49.963+0530] {logging_mixin.py:190} INFO - [2026-01-29T16:07:49.963+0530] {dag.py:4180} INFO - Setting next_dagrun for example_bash_decorator to None, run_after=None
[2026-01-29T16:07:49.983+0530] {processor.py:208} INFO - Processing /home/hp/Desktop/Bigdata_project/BigData-Project/airflow-venv/lib/python3.10/site-packages/airflow/example_dags/example_bash_decorator.py took 0.084 seconds
[2026-01-29T16:08:51.476+0530] {processor.py:186} INFO - Started process (PID=31534) to work on /home/hp/Desktop/Bigdata_project/BigData-Project/airflow-venv/lib/python3.10/site-packages/airflow/example_dags/example_bash_decorator.py
[2026-01-29T16:08:51.482+0530] {processor.py:914} INFO - Processing file /home/hp/Desktop/Bigdata_project/BigData-Project/airflow-venv/lib/python3.10/site-packages/airflow/example_dags/example_bash_decorator.py for tasks to queue
[2026-01-29T16:08:51.484+0530] {logging_mixin.py:190} INFO - [2026-01-29T16:08:51.484+0530] {dagbag.py:588} INFO - Filling up the DagBag from /home/hp/Desktop/Bigdata_project/BigData-Project/airflow-venv/lib/python3.10/site-packages/airflow/example_dags/example_bash_decorator.py
[2026-01-29T16:08:51.500+0530] {processor.py:925} INFO - DAG(s) 'example_bash_decorator' retrieved from /home/hp/Desktop/Bigdata_project/BigData-Project/airflow-venv/lib/python3.10/site-packages/airflow/example_dags/example_bash_decorator.py
[2026-01-29T16:08:51.594+0530] {logging_mixin.py:190} INFO - [2026-01-29T16:08:51.594+0530] {override.py:1930} INFO - Created Permission View: can edit on DAG:example_bash_decorator
[2026-01-29T16:08:51.604+0530] {logging_mixin.py:190} INFO - [2026-01-29T16:08:51.604+0530] {override.py:1930} INFO - Created Permission View: can delete on DAG:example_bash_decorator
[2026-01-29T16:08:51.612+0530] {logging_mixin.py:190} INFO - [2026-01-29T16:08:51.611+0530] {override.py:1930} INFO - Created Permission View: can read on DAG:example_bash_decorator
[2026-01-29T16:08:51.622+0530] {logging_mixin.py:190} INFO - [2026-01-29T16:08:51.622+0530] {override.py:1930} INFO - Created Permission View: menu access on DAG Run:example_bash_decorator
[2026-01-29T16:08:51.630+0530] {logging_mixin.py:190} INFO - [2026-01-29T16:08:51.629+0530] {override.py:1930} INFO - Created Permission View: can delete on DAG Run:example_bash_decorator
[2026-01-29T16:08:51.637+0530] {logging_mixin.py:190} INFO - [2026-01-29T16:08:51.636+0530] {override.py:1930} INFO - Created Permission View: can create on DAG Run:example_bash_decorator
[2026-01-29T16:08:51.644+0530] {logging_mixin.py:190} INFO - [2026-01-29T16:08:51.644+0530] {override.py:1930} INFO - Created Permission View: can read on DAG Run:example_bash_decorator
[2026-01-29T16:08:51.644+0530] {logging_mixin.py:190} INFO - [2026-01-29T16:08:51.644+0530] {dag.py:3239} INFO - Sync 1 DAGs
[2026-01-29T16:08:51.766+0530] {logging_mixin.py:190} INFO - [2026-01-29T16:08:51.766+0530] {dag.py:3262} INFO - Creating ORM DAG for example_bash_decorator
[2026-01-29T16:08:51.767+0530] {logging_mixin.py:190} INFO - [2026-01-29T16:08:51.766+0530] {dag.py:4180} INFO - Setting next_dagrun for example_bash_decorator to None, run_after=None
[2026-01-29T16:08:51.784+0530] {processor.py:208} INFO - Processing /home/hp/Desktop/Bigdata_project/BigData-Project/airflow-venv/lib/python3.10/site-packages/airflow/example_dags/example_bash_decorator.py took 0.315 seconds
