[2026-01-29T15:55:29.512+0530] {processor.py:186} INFO - Started process (PID=28282) to work on /home/hp/Desktop/Bigdata_project/BigData-Project/airflow-venv/lib/python3.10/site-packages/airflow/example_dags/example_trigger_target_dag.py
[2026-01-29T15:55:29.513+0530] {processor.py:914} INFO - Processing file /home/hp/Desktop/Bigdata_project/BigData-Project/airflow-venv/lib/python3.10/site-packages/airflow/example_dags/example_trigger_target_dag.py for tasks to queue
[2026-01-29T15:55:29.516+0530] {logging_mixin.py:190} INFO - [2026-01-29T15:55:29.515+0530] {dagbag.py:588} INFO - Filling up the DagBag from /home/hp/Desktop/Bigdata_project/BigData-Project/airflow-venv/lib/python3.10/site-packages/airflow/example_dags/example_trigger_target_dag.py
[2026-01-29T15:55:29.526+0530] {processor.py:925} INFO - DAG(s) 'example_trigger_target_dag' retrieved from /home/hp/Desktop/Bigdata_project/BigData-Project/airflow-venv/lib/python3.10/site-packages/airflow/example_dags/example_trigger_target_dag.py
[2026-01-29T15:55:29.642+0530] {logging_mixin.py:190} INFO - [2026-01-29T15:55:29.641+0530] {override.py:1930} INFO - Created Permission View: can edit on DAG:example_trigger_target_dag
[2026-01-29T15:55:29.654+0530] {logging_mixin.py:190} INFO - [2026-01-29T15:55:29.653+0530] {override.py:1930} INFO - Created Permission View: can delete on DAG:example_trigger_target_dag
[2026-01-29T15:55:29.663+0530] {logging_mixin.py:190} INFO - [2026-01-29T15:55:29.662+0530] {override.py:1930} INFO - Created Permission View: can read on DAG:example_trigger_target_dag
[2026-01-29T15:55:29.674+0530] {logging_mixin.py:190} INFO - [2026-01-29T15:55:29.674+0530] {override.py:1930} INFO - Created Permission View: can delete on DAG Run:example_trigger_target_dag
[2026-01-29T15:55:29.682+0530] {logging_mixin.py:190} INFO - [2026-01-29T15:55:29.682+0530] {override.py:1930} INFO - Created Permission View: can read on DAG Run:example_trigger_target_dag
[2026-01-29T15:55:29.691+0530] {logging_mixin.py:190} INFO - [2026-01-29T15:55:29.690+0530] {override.py:1930} INFO - Created Permission View: menu access on DAG Run:example_trigger_target_dag
[2026-01-29T15:55:29.699+0530] {logging_mixin.py:190} INFO - [2026-01-29T15:55:29.699+0530] {override.py:1930} INFO - Created Permission View: can create on DAG Run:example_trigger_target_dag
[2026-01-29T15:55:29.699+0530] {logging_mixin.py:190} INFO - [2026-01-29T15:55:29.699+0530] {dag.py:3239} INFO - Sync 1 DAGs
[2026-01-29T15:55:29.712+0530] {logging_mixin.py:190} INFO - [2026-01-29T15:55:29.712+0530] {dag.py:3262} INFO - Creating ORM DAG for example_trigger_target_dag
[2026-01-29T15:55:29.713+0530] {logging_mixin.py:190} INFO - [2026-01-29T15:55:29.713+0530] {dag.py:4180} INFO - Setting next_dagrun for example_trigger_target_dag to None, run_after=None
[2026-01-29T15:55:29.733+0530] {processor.py:208} INFO - Processing /home/hp/Desktop/Bigdata_project/BigData-Project/airflow-venv/lib/python3.10/site-packages/airflow/example_dags/example_trigger_target_dag.py took 0.229 seconds
[2026-01-29T15:56:34.094+0530] {processor.py:186} INFO - Started process (PID=28539) to work on /home/hp/Desktop/Bigdata_project/BigData-Project/airflow-venv/lib/python3.10/site-packages/airflow/example_dags/example_trigger_target_dag.py
[2026-01-29T15:56:34.101+0530] {processor.py:914} INFO - Processing file /home/hp/Desktop/Bigdata_project/BigData-Project/airflow-venv/lib/python3.10/site-packages/airflow/example_dags/example_trigger_target_dag.py for tasks to queue
[2026-01-29T15:56:34.105+0530] {logging_mixin.py:190} INFO - [2026-01-29T15:56:34.104+0530] {dagbag.py:588} INFO - Filling up the DagBag from /home/hp/Desktop/Bigdata_project/BigData-Project/airflow-venv/lib/python3.10/site-packages/airflow/example_dags/example_trigger_target_dag.py
[2026-01-29T15:56:34.113+0530] {processor.py:925} INFO - DAG(s) 'example_trigger_target_dag' retrieved from /home/hp/Desktop/Bigdata_project/BigData-Project/airflow-venv/lib/python3.10/site-packages/airflow/example_dags/example_trigger_target_dag.py
[2026-01-29T15:56:34.129+0530] {logging_mixin.py:190} INFO - [2026-01-29T15:56:34.129+0530] {dag.py:3239} INFO - Sync 1 DAGs
[2026-01-29T15:56:34.143+0530] {logging_mixin.py:190} INFO - [2026-01-29T15:56:34.142+0530] {dag.py:4180} INFO - Setting next_dagrun for example_trigger_target_dag to None, run_after=None
[2026-01-29T15:56:34.164+0530] {processor.py:208} INFO - Processing /home/hp/Desktop/Bigdata_project/BigData-Project/airflow-venv/lib/python3.10/site-packages/airflow/example_dags/example_trigger_target_dag.py took 0.076 seconds
[2026-01-29T15:57:32.213+0530] {processor.py:186} INFO - Started process (PID=28730) to work on /home/hp/Desktop/Bigdata_project/BigData-Project/airflow-venv/lib/python3.10/site-packages/airflow/example_dags/example_trigger_target_dag.py
[2026-01-29T15:57:32.220+0530] {processor.py:914} INFO - Processing file /home/hp/Desktop/Bigdata_project/BigData-Project/airflow-venv/lib/python3.10/site-packages/airflow/example_dags/example_trigger_target_dag.py for tasks to queue
[2026-01-29T15:57:32.223+0530] {logging_mixin.py:190} INFO - [2026-01-29T15:57:32.222+0530] {dagbag.py:588} INFO - Filling up the DagBag from /home/hp/Desktop/Bigdata_project/BigData-Project/airflow-venv/lib/python3.10/site-packages/airflow/example_dags/example_trigger_target_dag.py
[2026-01-29T15:57:32.234+0530] {processor.py:925} INFO - DAG(s) 'example_trigger_target_dag' retrieved from /home/hp/Desktop/Bigdata_project/BigData-Project/airflow-venv/lib/python3.10/site-packages/airflow/example_dags/example_trigger_target_dag.py
[2026-01-29T15:57:32.250+0530] {logging_mixin.py:190} INFO - [2026-01-29T15:57:32.250+0530] {dag.py:3239} INFO - Sync 1 DAGs
[2026-01-29T15:57:32.263+0530] {logging_mixin.py:190} INFO - [2026-01-29T15:57:32.263+0530] {dag.py:4180} INFO - Setting next_dagrun for example_trigger_target_dag to None, run_after=None
[2026-01-29T15:57:32.288+0530] {processor.py:208} INFO - Processing /home/hp/Desktop/Bigdata_project/BigData-Project/airflow-venv/lib/python3.10/site-packages/airflow/example_dags/example_trigger_target_dag.py took 0.081 seconds
[2026-01-29T16:00:09.596+0530] {processor.py:186} INFO - Started process (PID=29098) to work on /home/hp/Desktop/Bigdata_project/BigData-Project/airflow-venv/lib/python3.10/site-packages/airflow/example_dags/example_trigger_target_dag.py
[2026-01-29T16:00:09.603+0530] {processor.py:914} INFO - Processing file /home/hp/Desktop/Bigdata_project/BigData-Project/airflow-venv/lib/python3.10/site-packages/airflow/example_dags/example_trigger_target_dag.py for tasks to queue
[2026-01-29T16:00:09.607+0530] {logging_mixin.py:190} INFO - [2026-01-29T16:00:09.606+0530] {dagbag.py:588} INFO - Filling up the DagBag from /home/hp/Desktop/Bigdata_project/BigData-Project/airflow-venv/lib/python3.10/site-packages/airflow/example_dags/example_trigger_target_dag.py
[2026-01-29T16:00:09.618+0530] {processor.py:925} INFO - DAG(s) 'example_trigger_target_dag' retrieved from /home/hp/Desktop/Bigdata_project/BigData-Project/airflow-venv/lib/python3.10/site-packages/airflow/example_dags/example_trigger_target_dag.py
[2026-01-29T16:00:09.646+0530] {logging_mixin.py:190} INFO - [2026-01-29T16:00:09.646+0530] {dag.py:3239} INFO - Sync 1 DAGs
[2026-01-29T16:00:09.664+0530] {logging_mixin.py:190} INFO - [2026-01-29T16:00:09.663+0530] {dag.py:4180} INFO - Setting next_dagrun for example_trigger_target_dag to None, run_after=None
[2026-01-29T16:00:09.689+0530] {processor.py:208} INFO - Processing /home/hp/Desktop/Bigdata_project/BigData-Project/airflow-venv/lib/python3.10/site-packages/airflow/example_dags/example_trigger_target_dag.py took 0.101 seconds
[2026-01-29T16:01:03.960+0530] {processor.py:186} INFO - Started process (PID=29469) to work on /home/hp/Desktop/Bigdata_project/BigData-Project/airflow-venv/lib/python3.10/site-packages/airflow/example_dags/example_trigger_target_dag.py
[2026-01-29T16:01:03.966+0530] {processor.py:914} INFO - Processing file /home/hp/Desktop/Bigdata_project/BigData-Project/airflow-venv/lib/python3.10/site-packages/airflow/example_dags/example_trigger_target_dag.py for tasks to queue
[2026-01-29T16:01:03.970+0530] {logging_mixin.py:190} INFO - [2026-01-29T16:01:03.969+0530] {dagbag.py:588} INFO - Filling up the DagBag from /home/hp/Desktop/Bigdata_project/BigData-Project/airflow-venv/lib/python3.10/site-packages/airflow/example_dags/example_trigger_target_dag.py
[2026-01-29T16:01:03.978+0530] {processor.py:925} INFO - DAG(s) 'example_trigger_target_dag' retrieved from /home/hp/Desktop/Bigdata_project/BigData-Project/airflow-venv/lib/python3.10/site-packages/airflow/example_dags/example_trigger_target_dag.py
[2026-01-29T16:01:03.994+0530] {logging_mixin.py:190} INFO - [2026-01-29T16:01:03.994+0530] {dag.py:3239} INFO - Sync 1 DAGs
[2026-01-29T16:01:04.007+0530] {logging_mixin.py:190} INFO - [2026-01-29T16:01:04.006+0530] {dag.py:4180} INFO - Setting next_dagrun for example_trigger_target_dag to None, run_after=None
[2026-01-29T16:01:04.028+0530] {processor.py:208} INFO - Processing /home/hp/Desktop/Bigdata_project/BigData-Project/airflow-venv/lib/python3.10/site-packages/airflow/example_dags/example_trigger_target_dag.py took 0.074 seconds
[2026-01-29T16:01:57.439+0530] {processor.py:186} INFO - Started process (PID=29692) to work on /home/hp/Desktop/Bigdata_project/BigData-Project/airflow-venv/lib/python3.10/site-packages/airflow/example_dags/example_trigger_target_dag.py
[2026-01-29T16:01:57.441+0530] {processor.py:914} INFO - Processing file /home/hp/Desktop/Bigdata_project/BigData-Project/airflow-venv/lib/python3.10/site-packages/airflow/example_dags/example_trigger_target_dag.py for tasks to queue
[2026-01-29T16:01:57.443+0530] {logging_mixin.py:190} INFO - [2026-01-29T16:01:57.442+0530] {dagbag.py:588} INFO - Filling up the DagBag from /home/hp/Desktop/Bigdata_project/BigData-Project/airflow-venv/lib/python3.10/site-packages/airflow/example_dags/example_trigger_target_dag.py
[2026-01-29T16:01:57.452+0530] {processor.py:925} INFO - DAG(s) 'example_trigger_target_dag' retrieved from /home/hp/Desktop/Bigdata_project/BigData-Project/airflow-venv/lib/python3.10/site-packages/airflow/example_dags/example_trigger_target_dag.py
[2026-01-29T16:01:57.468+0530] {logging_mixin.py:190} INFO - [2026-01-29T16:01:57.468+0530] {dag.py:3239} INFO - Sync 1 DAGs
[2026-01-29T16:01:57.482+0530] {logging_mixin.py:190} INFO - [2026-01-29T16:01:57.482+0530] {dag.py:4180} INFO - Setting next_dagrun for example_trigger_target_dag to None, run_after=None
[2026-01-29T16:01:57.504+0530] {processor.py:208} INFO - Processing /home/hp/Desktop/Bigdata_project/BigData-Project/airflow-venv/lib/python3.10/site-packages/airflow/example_dags/example_trigger_target_dag.py took 0.072 seconds
[2026-01-29T16:02:52.495+0530] {processor.py:186} INFO - Started process (PID=29925) to work on /home/hp/Desktop/Bigdata_project/BigData-Project/airflow-venv/lib/python3.10/site-packages/airflow/example_dags/example_trigger_target_dag.py
[2026-01-29T16:02:52.501+0530] {processor.py:914} INFO - Processing file /home/hp/Desktop/Bigdata_project/BigData-Project/airflow-venv/lib/python3.10/site-packages/airflow/example_dags/example_trigger_target_dag.py for tasks to queue
[2026-01-29T16:02:52.504+0530] {logging_mixin.py:190} INFO - [2026-01-29T16:02:52.504+0530] {dagbag.py:588} INFO - Filling up the DagBag from /home/hp/Desktop/Bigdata_project/BigData-Project/airflow-venv/lib/python3.10/site-packages/airflow/example_dags/example_trigger_target_dag.py
[2026-01-29T16:02:52.512+0530] {processor.py:925} INFO - DAG(s) 'example_trigger_target_dag' retrieved from /home/hp/Desktop/Bigdata_project/BigData-Project/airflow-venv/lib/python3.10/site-packages/airflow/example_dags/example_trigger_target_dag.py
[2026-01-29T16:02:52.528+0530] {logging_mixin.py:190} INFO - [2026-01-29T16:02:52.528+0530] {dag.py:3239} INFO - Sync 1 DAGs
[2026-01-29T16:02:52.541+0530] {logging_mixin.py:190} INFO - [2026-01-29T16:02:52.540+0530] {dag.py:4180} INFO - Setting next_dagrun for example_trigger_target_dag to None, run_after=None
[2026-01-29T16:02:52.562+0530] {processor.py:208} INFO - Processing /home/hp/Desktop/Bigdata_project/BigData-Project/airflow-venv/lib/python3.10/site-packages/airflow/example_dags/example_trigger_target_dag.py took 0.074 seconds
[2026-01-29T16:03:46.732+0530] {processor.py:186} INFO - Started process (PID=30142) to work on /home/hp/Desktop/Bigdata_project/BigData-Project/airflow-venv/lib/python3.10/site-packages/airflow/example_dags/example_trigger_target_dag.py
[2026-01-29T16:03:46.738+0530] {processor.py:914} INFO - Processing file /home/hp/Desktop/Bigdata_project/BigData-Project/airflow-venv/lib/python3.10/site-packages/airflow/example_dags/example_trigger_target_dag.py for tasks to queue
[2026-01-29T16:03:46.741+0530] {logging_mixin.py:190} INFO - [2026-01-29T16:03:46.741+0530] {dagbag.py:588} INFO - Filling up the DagBag from /home/hp/Desktop/Bigdata_project/BigData-Project/airflow-venv/lib/python3.10/site-packages/airflow/example_dags/example_trigger_target_dag.py
[2026-01-29T16:03:46.750+0530] {processor.py:925} INFO - DAG(s) 'example_trigger_target_dag' retrieved from /home/hp/Desktop/Bigdata_project/BigData-Project/airflow-venv/lib/python3.10/site-packages/airflow/example_dags/example_trigger_target_dag.py
[2026-01-29T16:03:46.766+0530] {logging_mixin.py:190} INFO - [2026-01-29T16:03:46.766+0530] {dag.py:3239} INFO - Sync 1 DAGs
[2026-01-29T16:03:46.778+0530] {logging_mixin.py:190} INFO - [2026-01-29T16:03:46.778+0530] {dag.py:4180} INFO - Setting next_dagrun for example_trigger_target_dag to None, run_after=None
[2026-01-29T16:03:46.799+0530] {processor.py:208} INFO - Processing /home/hp/Desktop/Bigdata_project/BigData-Project/airflow-venv/lib/python3.10/site-packages/airflow/example_dags/example_trigger_target_dag.py took 0.074 seconds
[2026-01-29T16:04:42.127+0530] {processor.py:186} INFO - Started process (PID=30362) to work on /home/hp/Desktop/Bigdata_project/BigData-Project/airflow-venv/lib/python3.10/site-packages/airflow/example_dags/example_trigger_target_dag.py
[2026-01-29T16:04:42.134+0530] {processor.py:914} INFO - Processing file /home/hp/Desktop/Bigdata_project/BigData-Project/airflow-venv/lib/python3.10/site-packages/airflow/example_dags/example_trigger_target_dag.py for tasks to queue
[2026-01-29T16:04:42.137+0530] {logging_mixin.py:190} INFO - [2026-01-29T16:04:42.137+0530] {dagbag.py:588} INFO - Filling up the DagBag from /home/hp/Desktop/Bigdata_project/BigData-Project/airflow-venv/lib/python3.10/site-packages/airflow/example_dags/example_trigger_target_dag.py
[2026-01-29T16:04:42.146+0530] {processor.py:925} INFO - DAG(s) 'example_trigger_target_dag' retrieved from /home/hp/Desktop/Bigdata_project/BigData-Project/airflow-venv/lib/python3.10/site-packages/airflow/example_dags/example_trigger_target_dag.py
[2026-01-29T16:04:42.162+0530] {logging_mixin.py:190} INFO - [2026-01-29T16:04:42.162+0530] {dag.py:3239} INFO - Sync 1 DAGs
[2026-01-29T16:04:42.175+0530] {logging_mixin.py:190} INFO - [2026-01-29T16:04:42.175+0530] {dag.py:4180} INFO - Setting next_dagrun for example_trigger_target_dag to None, run_after=None
[2026-01-29T16:04:42.196+0530] {processor.py:208} INFO - Processing /home/hp/Desktop/Bigdata_project/BigData-Project/airflow-venv/lib/python3.10/site-packages/airflow/example_dags/example_trigger_target_dag.py took 0.076 seconds
[2026-01-29T16:05:38.637+0530] {processor.py:186} INFO - Started process (PID=30655) to work on /home/hp/Desktop/Bigdata_project/BigData-Project/airflow-venv/lib/python3.10/site-packages/airflow/example_dags/example_trigger_target_dag.py
[2026-01-29T16:05:38.643+0530] {processor.py:914} INFO - Processing file /home/hp/Desktop/Bigdata_project/BigData-Project/airflow-venv/lib/python3.10/site-packages/airflow/example_dags/example_trigger_target_dag.py for tasks to queue
[2026-01-29T16:05:38.646+0530] {logging_mixin.py:190} INFO - [2026-01-29T16:05:38.646+0530] {dagbag.py:588} INFO - Filling up the DagBag from /home/hp/Desktop/Bigdata_project/BigData-Project/airflow-venv/lib/python3.10/site-packages/airflow/example_dags/example_trigger_target_dag.py
[2026-01-29T16:05:38.655+0530] {processor.py:925} INFO - DAG(s) 'example_trigger_target_dag' retrieved from /home/hp/Desktop/Bigdata_project/BigData-Project/airflow-venv/lib/python3.10/site-packages/airflow/example_dags/example_trigger_target_dag.py
[2026-01-29T16:05:38.671+0530] {logging_mixin.py:190} INFO - [2026-01-29T16:05:38.671+0530] {dag.py:3239} INFO - Sync 1 DAGs
[2026-01-29T16:05:38.684+0530] {logging_mixin.py:190} INFO - [2026-01-29T16:05:38.684+0530] {dag.py:4180} INFO - Setting next_dagrun for example_trigger_target_dag to None, run_after=None
[2026-01-29T16:05:38.705+0530] {processor.py:208} INFO - Processing /home/hp/Desktop/Bigdata_project/BigData-Project/airflow-venv/lib/python3.10/site-packages/airflow/example_dags/example_trigger_target_dag.py took 0.075 seconds
[2026-01-29T16:06:35.333+0530] {processor.py:186} INFO - Started process (PID=30911) to work on /home/hp/Desktop/Bigdata_project/BigData-Project/airflow-venv/lib/python3.10/site-packages/airflow/example_dags/example_trigger_target_dag.py
[2026-01-29T16:06:35.340+0530] {processor.py:914} INFO - Processing file /home/hp/Desktop/Bigdata_project/BigData-Project/airflow-venv/lib/python3.10/site-packages/airflow/example_dags/example_trigger_target_dag.py for tasks to queue
[2026-01-29T16:06:35.342+0530] {logging_mixin.py:190} INFO - [2026-01-29T16:06:35.342+0530] {dagbag.py:588} INFO - Filling up the DagBag from /home/hp/Desktop/Bigdata_project/BigData-Project/airflow-venv/lib/python3.10/site-packages/airflow/example_dags/example_trigger_target_dag.py
[2026-01-29T16:06:35.351+0530] {processor.py:925} INFO - DAG(s) 'example_trigger_target_dag' retrieved from /home/hp/Desktop/Bigdata_project/BigData-Project/airflow-venv/lib/python3.10/site-packages/airflow/example_dags/example_trigger_target_dag.py
[2026-01-29T16:06:35.367+0530] {logging_mixin.py:190} INFO - [2026-01-29T16:06:35.367+0530] {dag.py:3239} INFO - Sync 1 DAGs
[2026-01-29T16:06:35.381+0530] {logging_mixin.py:190} INFO - [2026-01-29T16:06:35.381+0530] {dag.py:4180} INFO - Setting next_dagrun for example_trigger_target_dag to None, run_after=None
[2026-01-29T16:06:35.403+0530] {processor.py:208} INFO - Processing /home/hp/Desktop/Bigdata_project/BigData-Project/airflow-venv/lib/python3.10/site-packages/airflow/example_dags/example_trigger_target_dag.py took 0.077 seconds
[2026-01-29T16:07:33.199+0530] {processor.py:186} INFO - Started process (PID=31187) to work on /home/hp/Desktop/Bigdata_project/BigData-Project/airflow-venv/lib/python3.10/site-packages/airflow/example_dags/example_trigger_target_dag.py
[2026-01-29T16:07:33.206+0530] {processor.py:914} INFO - Processing file /home/hp/Desktop/Bigdata_project/BigData-Project/airflow-venv/lib/python3.10/site-packages/airflow/example_dags/example_trigger_target_dag.py for tasks to queue
[2026-01-29T16:07:33.208+0530] {logging_mixin.py:190} INFO - [2026-01-29T16:07:33.208+0530] {dagbag.py:588} INFO - Filling up the DagBag from /home/hp/Desktop/Bigdata_project/BigData-Project/airflow-venv/lib/python3.10/site-packages/airflow/example_dags/example_trigger_target_dag.py
[2026-01-29T16:07:33.217+0530] {processor.py:925} INFO - DAG(s) 'example_trigger_target_dag' retrieved from /home/hp/Desktop/Bigdata_project/BigData-Project/airflow-venv/lib/python3.10/site-packages/airflow/example_dags/example_trigger_target_dag.py
[2026-01-29T16:07:33.232+0530] {logging_mixin.py:190} INFO - [2026-01-29T16:07:33.232+0530] {dag.py:3239} INFO - Sync 1 DAGs
[2026-01-29T16:07:33.245+0530] {logging_mixin.py:190} INFO - [2026-01-29T16:07:33.244+0530] {dag.py:4180} INFO - Setting next_dagrun for example_trigger_target_dag to None, run_after=None
[2026-01-29T16:07:33.265+0530] {processor.py:208} INFO - Processing /home/hp/Desktop/Bigdata_project/BigData-Project/airflow-venv/lib/python3.10/site-packages/airflow/example_dags/example_trigger_target_dag.py took 0.073 seconds
[2026-01-29T16:08:31.050+0530] {processor.py:186} INFO - Started process (PID=31418) to work on /home/hp/Desktop/Bigdata_project/BigData-Project/airflow-venv/lib/python3.10/site-packages/airflow/example_dags/example_trigger_target_dag.py
[2026-01-29T16:08:31.057+0530] {processor.py:914} INFO - Processing file /home/hp/Desktop/Bigdata_project/BigData-Project/airflow-venv/lib/python3.10/site-packages/airflow/example_dags/example_trigger_target_dag.py for tasks to queue
[2026-01-29T16:08:31.059+0530] {logging_mixin.py:190} INFO - [2026-01-29T16:08:31.059+0530] {dagbag.py:588} INFO - Filling up the DagBag from /home/hp/Desktop/Bigdata_project/BigData-Project/airflow-venv/lib/python3.10/site-packages/airflow/example_dags/example_trigger_target_dag.py
[2026-01-29T16:08:31.068+0530] {processor.py:925} INFO - DAG(s) 'example_trigger_target_dag' retrieved from /home/hp/Desktop/Bigdata_project/BigData-Project/airflow-venv/lib/python3.10/site-packages/airflow/example_dags/example_trigger_target_dag.py
[2026-01-29T16:08:31.084+0530] {logging_mixin.py:190} INFO - [2026-01-29T16:08:31.084+0530] {dag.py:3239} INFO - Sync 1 DAGs
[2026-01-29T16:08:31.097+0530] {logging_mixin.py:190} INFO - [2026-01-29T16:08:31.097+0530] {dag.py:4180} INFO - Setting next_dagrun for example_trigger_target_dag to None, run_after=None
[2026-01-29T16:08:31.118+0530] {processor.py:208} INFO - Processing /home/hp/Desktop/Bigdata_project/BigData-Project/airflow-venv/lib/python3.10/site-packages/airflow/example_dags/example_trigger_target_dag.py took 0.074 seconds
[2026-01-29T16:09:48.079+0530] {processor.py:186} INFO - Started process (PID=31855) to work on /home/hp/Desktop/Bigdata_project/BigData-Project/airflow-venv/lib/python3.10/site-packages/airflow/example_dags/example_trigger_target_dag.py
[2026-01-29T16:09:48.085+0530] {processor.py:914} INFO - Processing file /home/hp/Desktop/Bigdata_project/BigData-Project/airflow-venv/lib/python3.10/site-packages/airflow/example_dags/example_trigger_target_dag.py for tasks to queue
[2026-01-29T16:09:48.088+0530] {logging_mixin.py:190} INFO - [2026-01-29T16:09:48.088+0530] {dagbag.py:588} INFO - Filling up the DagBag from /home/hp/Desktop/Bigdata_project/BigData-Project/airflow-venv/lib/python3.10/site-packages/airflow/example_dags/example_trigger_target_dag.py
[2026-01-29T16:09:48.096+0530] {processor.py:925} INFO - DAG(s) 'example_trigger_target_dag' retrieved from /home/hp/Desktop/Bigdata_project/BigData-Project/airflow-venv/lib/python3.10/site-packages/airflow/example_dags/example_trigger_target_dag.py
[2026-01-29T16:09:48.190+0530] {logging_mixin.py:190} INFO - [2026-01-29T16:09:48.189+0530] {override.py:1930} INFO - Created Permission View: can edit on DAG:example_trigger_target_dag
[2026-01-29T16:09:48.200+0530] {logging_mixin.py:190} INFO - [2026-01-29T16:09:48.200+0530] {override.py:1930} INFO - Created Permission View: can delete on DAG:example_trigger_target_dag
[2026-01-29T16:09:48.208+0530] {logging_mixin.py:190} INFO - [2026-01-29T16:09:48.207+0530] {override.py:1930} INFO - Created Permission View: can read on DAG:example_trigger_target_dag
[2026-01-29T16:09:48.219+0530] {logging_mixin.py:190} INFO - [2026-01-29T16:09:48.218+0530] {override.py:1930} INFO - Created Permission View: menu access on DAG Run:example_trigger_target_dag
[2026-01-29T16:09:48.226+0530] {logging_mixin.py:190} INFO - [2026-01-29T16:09:48.226+0530] {override.py:1930} INFO - Created Permission View: can delete on DAG Run:example_trigger_target_dag
[2026-01-29T16:09:48.235+0530] {logging_mixin.py:190} INFO - [2026-01-29T16:09:48.234+0530] {override.py:1930} INFO - Created Permission View: can create on DAG Run:example_trigger_target_dag
[2026-01-29T16:09:48.242+0530] {logging_mixin.py:190} INFO - [2026-01-29T16:09:48.242+0530] {override.py:1930} INFO - Created Permission View: can read on DAG Run:example_trigger_target_dag
[2026-01-29T16:09:48.242+0530] {logging_mixin.py:190} INFO - [2026-01-29T16:09:48.242+0530] {dag.py:3239} INFO - Sync 1 DAGs
[2026-01-29T16:09:48.255+0530] {logging_mixin.py:190} INFO - [2026-01-29T16:09:48.255+0530] {dag.py:3262} INFO - Creating ORM DAG for example_trigger_target_dag
[2026-01-29T16:09:48.255+0530] {logging_mixin.py:190} INFO - [2026-01-29T16:09:48.255+0530] {dag.py:4180} INFO - Setting next_dagrun for example_trigger_target_dag to None, run_after=None
[2026-01-29T16:09:48.275+0530] {processor.py:208} INFO - Processing /home/hp/Desktop/Bigdata_project/BigData-Project/airflow-venv/lib/python3.10/site-packages/airflow/example_dags/example_trigger_target_dag.py took 0.202 seconds
