[2026-01-29T15:55:41.540+0530] {processor.py:186} INFO - Started process (PID=28312) to work on /home/hp/Desktop/Bigdata_project/BigData-Project/airflow-venv/lib/python3.10/site-packages/airflow/example_dags/example_task_group.py
[2026-01-29T15:55:41.541+0530] {processor.py:914} INFO - Processing file /home/hp/Desktop/Bigdata_project/BigData-Project/airflow-venv/lib/python3.10/site-packages/airflow/example_dags/example_task_group.py for tasks to queue
[2026-01-29T15:55:41.544+0530] {logging_mixin.py:190} INFO - [2026-01-29T15:55:41.543+0530] {dagbag.py:588} INFO - Filling up the DagBag from /home/hp/Desktop/Bigdata_project/BigData-Project/airflow-venv/lib/python3.10/site-packages/airflow/example_dags/example_task_group.py
[2026-01-29T15:55:41.555+0530] {processor.py:925} INFO - DAG(s) 'example_task_group' retrieved from /home/hp/Desktop/Bigdata_project/BigData-Project/airflow-venv/lib/python3.10/site-packages/airflow/example_dags/example_task_group.py
[2026-01-29T15:55:41.673+0530] {logging_mixin.py:190} INFO - [2026-01-29T15:55:41.673+0530] {override.py:1930} INFO - Created Permission View: can edit on DAG:example_task_group
[2026-01-29T15:55:41.685+0530] {logging_mixin.py:190} INFO - [2026-01-29T15:55:41.684+0530] {override.py:1930} INFO - Created Permission View: can delete on DAG:example_task_group
[2026-01-29T15:55:41.693+0530] {logging_mixin.py:190} INFO - [2026-01-29T15:55:41.693+0530] {override.py:1930} INFO - Created Permission View: can read on DAG:example_task_group
[2026-01-29T15:55:41.707+0530] {logging_mixin.py:190} INFO - [2026-01-29T15:55:41.706+0530] {override.py:1930} INFO - Created Permission View: can delete on DAG Run:example_task_group
[2026-01-29T15:55:41.715+0530] {logging_mixin.py:190} INFO - [2026-01-29T15:55:41.714+0530] {override.py:1930} INFO - Created Permission View: can read on DAG Run:example_task_group
[2026-01-29T15:55:41.723+0530] {logging_mixin.py:190} INFO - [2026-01-29T15:55:41.722+0530] {override.py:1930} INFO - Created Permission View: menu access on DAG Run:example_task_group
[2026-01-29T15:55:41.731+0530] {logging_mixin.py:190} INFO - [2026-01-29T15:55:41.730+0530] {override.py:1930} INFO - Created Permission View: can create on DAG Run:example_task_group
[2026-01-29T15:55:41.731+0530] {logging_mixin.py:190} INFO - [2026-01-29T15:55:41.731+0530] {dag.py:3239} INFO - Sync 1 DAGs
[2026-01-29T15:55:41.744+0530] {logging_mixin.py:190} INFO - [2026-01-29T15:55:41.743+0530] {dag.py:3262} INFO - Creating ORM DAG for example_task_group
[2026-01-29T15:55:41.744+0530] {logging_mixin.py:190} INFO - [2026-01-29T15:55:41.744+0530] {dag.py:4180} INFO - Setting next_dagrun for example_task_group to None, run_after=None
[2026-01-29T15:55:41.764+0530] {processor.py:208} INFO - Processing /home/hp/Desktop/Bigdata_project/BigData-Project/airflow-venv/lib/python3.10/site-packages/airflow/example_dags/example_task_group.py took 0.232 seconds
[2026-01-29T15:56:44.863+0530] {processor.py:186} INFO - Started process (PID=28581) to work on /home/hp/Desktop/Bigdata_project/BigData-Project/airflow-venv/lib/python3.10/site-packages/airflow/example_dags/example_task_group.py
[2026-01-29T15:56:44.870+0530] {processor.py:914} INFO - Processing file /home/hp/Desktop/Bigdata_project/BigData-Project/airflow-venv/lib/python3.10/site-packages/airflow/example_dags/example_task_group.py for tasks to queue
[2026-01-29T15:56:44.873+0530] {logging_mixin.py:190} INFO - [2026-01-29T15:56:44.872+0530] {dagbag.py:588} INFO - Filling up the DagBag from /home/hp/Desktop/Bigdata_project/BigData-Project/airflow-venv/lib/python3.10/site-packages/airflow/example_dags/example_task_group.py
[2026-01-29T15:56:44.882+0530] {processor.py:925} INFO - DAG(s) 'example_task_group' retrieved from /home/hp/Desktop/Bigdata_project/BigData-Project/airflow-venv/lib/python3.10/site-packages/airflow/example_dags/example_task_group.py
[2026-01-29T15:56:44.900+0530] {logging_mixin.py:190} INFO - [2026-01-29T15:56:44.900+0530] {dag.py:3239} INFO - Sync 1 DAGs
[2026-01-29T15:56:44.913+0530] {logging_mixin.py:190} INFO - [2026-01-29T15:56:44.912+0530] {dag.py:4180} INFO - Setting next_dagrun for example_task_group to None, run_after=None
[2026-01-29T15:56:44.932+0530] {processor.py:208} INFO - Processing /home/hp/Desktop/Bigdata_project/BigData-Project/airflow-venv/lib/python3.10/site-packages/airflow/example_dags/example_task_group.py took 0.076 seconds
[2026-01-29T16:00:19.853+0530] {processor.py:186} INFO - Started process (PID=29255) to work on /home/hp/Desktop/Bigdata_project/BigData-Project/airflow-venv/lib/python3.10/site-packages/airflow/example_dags/example_task_group.py
[2026-01-29T16:00:19.859+0530] {processor.py:914} INFO - Processing file /home/hp/Desktop/Bigdata_project/BigData-Project/airflow-venv/lib/python3.10/site-packages/airflow/example_dags/example_task_group.py for tasks to queue
[2026-01-29T16:00:19.862+0530] {logging_mixin.py:190} INFO - [2026-01-29T16:00:19.862+0530] {dagbag.py:588} INFO - Filling up the DagBag from /home/hp/Desktop/Bigdata_project/BigData-Project/airflow-venv/lib/python3.10/site-packages/airflow/example_dags/example_task_group.py
[2026-01-29T16:00:19.872+0530] {processor.py:925} INFO - DAG(s) 'example_task_group' retrieved from /home/hp/Desktop/Bigdata_project/BigData-Project/airflow-venv/lib/python3.10/site-packages/airflow/example_dags/example_task_group.py
[2026-01-29T16:00:19.892+0530] {logging_mixin.py:190} INFO - [2026-01-29T16:00:19.892+0530] {dag.py:3239} INFO - Sync 1 DAGs
[2026-01-29T16:00:19.905+0530] {logging_mixin.py:190} INFO - [2026-01-29T16:00:19.905+0530] {dag.py:4180} INFO - Setting next_dagrun for example_task_group to None, run_after=None
[2026-01-29T16:00:19.926+0530] {processor.py:208} INFO - Processing /home/hp/Desktop/Bigdata_project/BigData-Project/airflow-venv/lib/python3.10/site-packages/airflow/example_dags/example_task_group.py took 0.080 seconds
[2026-01-29T16:01:15.381+0530] {processor.py:186} INFO - Started process (PID=29526) to work on /home/hp/Desktop/Bigdata_project/BigData-Project/airflow-venv/lib/python3.10/site-packages/airflow/example_dags/example_task_group.py
[2026-01-29T16:01:15.388+0530] {processor.py:914} INFO - Processing file /home/hp/Desktop/Bigdata_project/BigData-Project/airflow-venv/lib/python3.10/site-packages/airflow/example_dags/example_task_group.py for tasks to queue
[2026-01-29T16:01:15.390+0530] {logging_mixin.py:190} INFO - [2026-01-29T16:01:15.390+0530] {dagbag.py:588} INFO - Filling up the DagBag from /home/hp/Desktop/Bigdata_project/BigData-Project/airflow-venv/lib/python3.10/site-packages/airflow/example_dags/example_task_group.py
[2026-01-29T16:01:15.400+0530] {processor.py:925} INFO - DAG(s) 'example_task_group' retrieved from /home/hp/Desktop/Bigdata_project/BigData-Project/airflow-venv/lib/python3.10/site-packages/airflow/example_dags/example_task_group.py
[2026-01-29T16:01:15.418+0530] {logging_mixin.py:190} INFO - [2026-01-29T16:01:15.418+0530] {dag.py:3239} INFO - Sync 1 DAGs
[2026-01-29T16:01:15.431+0530] {logging_mixin.py:190} INFO - [2026-01-29T16:01:15.431+0530] {dag.py:4180} INFO - Setting next_dagrun for example_task_group to None, run_after=None
[2026-01-29T16:01:15.452+0530] {processor.py:208} INFO - Processing /home/hp/Desktop/Bigdata_project/BigData-Project/airflow-venv/lib/python3.10/site-packages/airflow/example_dags/example_task_group.py took 0.077 seconds
[2026-01-29T16:02:08.415+0530] {processor.py:186} INFO - Started process (PID=29729) to work on /home/hp/Desktop/Bigdata_project/BigData-Project/airflow-venv/lib/python3.10/site-packages/airflow/example_dags/example_task_group.py
[2026-01-29T16:02:08.417+0530] {processor.py:914} INFO - Processing file /home/hp/Desktop/Bigdata_project/BigData-Project/airflow-venv/lib/python3.10/site-packages/airflow/example_dags/example_task_group.py for tasks to queue
[2026-01-29T16:02:08.419+0530] {logging_mixin.py:190} INFO - [2026-01-29T16:02:08.418+0530] {dagbag.py:588} INFO - Filling up the DagBag from /home/hp/Desktop/Bigdata_project/BigData-Project/airflow-venv/lib/python3.10/site-packages/airflow/example_dags/example_task_group.py
[2026-01-29T16:02:08.428+0530] {processor.py:925} INFO - DAG(s) 'example_task_group' retrieved from /home/hp/Desktop/Bigdata_project/BigData-Project/airflow-venv/lib/python3.10/site-packages/airflow/example_dags/example_task_group.py
[2026-01-29T16:02:08.447+0530] {logging_mixin.py:190} INFO - [2026-01-29T16:02:08.446+0530] {dag.py:3239} INFO - Sync 1 DAGs
[2026-01-29T16:02:08.460+0530] {logging_mixin.py:190} INFO - [2026-01-29T16:02:08.459+0530] {dag.py:4180} INFO - Setting next_dagrun for example_task_group to None, run_after=None
[2026-01-29T16:02:08.480+0530] {processor.py:208} INFO - Processing /home/hp/Desktop/Bigdata_project/BigData-Project/airflow-venv/lib/python3.10/site-packages/airflow/example_dags/example_task_group.py took 0.071 seconds
[2026-01-29T16:03:02.631+0530] {processor.py:186} INFO - Started process (PID=29972) to work on /home/hp/Desktop/Bigdata_project/BigData-Project/airflow-venv/lib/python3.10/site-packages/airflow/example_dags/example_task_group.py
[2026-01-29T16:03:02.638+0530] {processor.py:914} INFO - Processing file /home/hp/Desktop/Bigdata_project/BigData-Project/airflow-venv/lib/python3.10/site-packages/airflow/example_dags/example_task_group.py for tasks to queue
[2026-01-29T16:03:02.640+0530] {logging_mixin.py:190} INFO - [2026-01-29T16:03:02.640+0530] {dagbag.py:588} INFO - Filling up the DagBag from /home/hp/Desktop/Bigdata_project/BigData-Project/airflow-venv/lib/python3.10/site-packages/airflow/example_dags/example_task_group.py
[2026-01-29T16:03:02.650+0530] {processor.py:925} INFO - DAG(s) 'example_task_group' retrieved from /home/hp/Desktop/Bigdata_project/BigData-Project/airflow-venv/lib/python3.10/site-packages/airflow/example_dags/example_task_group.py
[2026-01-29T16:03:02.668+0530] {logging_mixin.py:190} INFO - [2026-01-29T16:03:02.668+0530] {dag.py:3239} INFO - Sync 1 DAGs
[2026-01-29T16:03:02.682+0530] {logging_mixin.py:190} INFO - [2026-01-29T16:03:02.682+0530] {dag.py:4180} INFO - Setting next_dagrun for example_task_group to None, run_after=None
[2026-01-29T16:03:02.703+0530] {processor.py:208} INFO - Processing /home/hp/Desktop/Bigdata_project/BigData-Project/airflow-venv/lib/python3.10/site-packages/airflow/example_dags/example_task_group.py took 0.079 seconds
[2026-01-29T16:03:57.438+0530] {processor.py:186} INFO - Started process (PID=30193) to work on /home/hp/Desktop/Bigdata_project/BigData-Project/airflow-venv/lib/python3.10/site-packages/airflow/example_dags/example_task_group.py
[2026-01-29T16:03:57.444+0530] {processor.py:914} INFO - Processing file /home/hp/Desktop/Bigdata_project/BigData-Project/airflow-venv/lib/python3.10/site-packages/airflow/example_dags/example_task_group.py for tasks to queue
[2026-01-29T16:03:57.448+0530] {logging_mixin.py:190} INFO - [2026-01-29T16:03:57.447+0530] {dagbag.py:588} INFO - Filling up the DagBag from /home/hp/Desktop/Bigdata_project/BigData-Project/airflow-venv/lib/python3.10/site-packages/airflow/example_dags/example_task_group.py
[2026-01-29T16:03:57.457+0530] {processor.py:925} INFO - DAG(s) 'example_task_group' retrieved from /home/hp/Desktop/Bigdata_project/BigData-Project/airflow-venv/lib/python3.10/site-packages/airflow/example_dags/example_task_group.py
[2026-01-29T16:03:57.477+0530] {logging_mixin.py:190} INFO - [2026-01-29T16:03:57.477+0530] {dag.py:3239} INFO - Sync 1 DAGs
[2026-01-29T16:03:57.490+0530] {logging_mixin.py:190} INFO - [2026-01-29T16:03:57.490+0530] {dag.py:4180} INFO - Setting next_dagrun for example_task_group to None, run_after=None
[2026-01-29T16:03:57.512+0530] {processor.py:208} INFO - Processing /home/hp/Desktop/Bigdata_project/BigData-Project/airflow-venv/lib/python3.10/site-packages/airflow/example_dags/example_task_group.py took 0.082 seconds
[2026-01-29T16:04:53.423+0530] {processor.py:186} INFO - Started process (PID=30429) to work on /home/hp/Desktop/Bigdata_project/BigData-Project/airflow-venv/lib/python3.10/site-packages/airflow/example_dags/example_task_group.py
[2026-01-29T16:04:53.430+0530] {processor.py:914} INFO - Processing file /home/hp/Desktop/Bigdata_project/BigData-Project/airflow-venv/lib/python3.10/site-packages/airflow/example_dags/example_task_group.py for tasks to queue
[2026-01-29T16:04:53.432+0530] {logging_mixin.py:190} INFO - [2026-01-29T16:04:53.432+0530] {dagbag.py:588} INFO - Filling up the DagBag from /home/hp/Desktop/Bigdata_project/BigData-Project/airflow-venv/lib/python3.10/site-packages/airflow/example_dags/example_task_group.py
[2026-01-29T16:04:53.441+0530] {processor.py:925} INFO - DAG(s) 'example_task_group' retrieved from /home/hp/Desktop/Bigdata_project/BigData-Project/airflow-venv/lib/python3.10/site-packages/airflow/example_dags/example_task_group.py
[2026-01-29T16:04:53.460+0530] {logging_mixin.py:190} INFO - [2026-01-29T16:04:53.459+0530] {dag.py:3239} INFO - Sync 1 DAGs
[2026-01-29T16:04:53.472+0530] {logging_mixin.py:190} INFO - [2026-01-29T16:04:53.472+0530] {dag.py:4180} INFO - Setting next_dagrun for example_task_group to None, run_after=None
[2026-01-29T16:04:53.493+0530] {processor.py:208} INFO - Processing /home/hp/Desktop/Bigdata_project/BigData-Project/airflow-venv/lib/python3.10/site-packages/airflow/example_dags/example_task_group.py took 0.076 seconds
[2026-01-29T16:05:50.102+0530] {processor.py:186} INFO - Started process (PID=30696) to work on /home/hp/Desktop/Bigdata_project/BigData-Project/airflow-venv/lib/python3.10/site-packages/airflow/example_dags/example_task_group.py
[2026-01-29T16:05:50.108+0530] {processor.py:914} INFO - Processing file /home/hp/Desktop/Bigdata_project/BigData-Project/airflow-venv/lib/python3.10/site-packages/airflow/example_dags/example_task_group.py for tasks to queue
[2026-01-29T16:05:50.111+0530] {logging_mixin.py:190} INFO - [2026-01-29T16:05:50.110+0530] {dagbag.py:588} INFO - Filling up the DagBag from /home/hp/Desktop/Bigdata_project/BigData-Project/airflow-venv/lib/python3.10/site-packages/airflow/example_dags/example_task_group.py
[2026-01-29T16:05:50.120+0530] {processor.py:925} INFO - DAG(s) 'example_task_group' retrieved from /home/hp/Desktop/Bigdata_project/BigData-Project/airflow-venv/lib/python3.10/site-packages/airflow/example_dags/example_task_group.py
[2026-01-29T16:05:50.139+0530] {logging_mixin.py:190} INFO - [2026-01-29T16:05:50.139+0530] {dag.py:3239} INFO - Sync 1 DAGs
[2026-01-29T16:05:50.153+0530] {logging_mixin.py:190} INFO - [2026-01-29T16:05:50.152+0530] {dag.py:4180} INFO - Setting next_dagrun for example_task_group to None, run_after=None
[2026-01-29T16:05:50.174+0530] {processor.py:208} INFO - Processing /home/hp/Desktop/Bigdata_project/BigData-Project/airflow-venv/lib/python3.10/site-packages/airflow/example_dags/example_task_group.py took 0.079 seconds
[2026-01-29T16:06:46.615+0530] {processor.py:186} INFO - Started process (PID=30974) to work on /home/hp/Desktop/Bigdata_project/BigData-Project/airflow-venv/lib/python3.10/site-packages/airflow/example_dags/example_task_group.py
[2026-01-29T16:06:46.622+0530] {processor.py:914} INFO - Processing file /home/hp/Desktop/Bigdata_project/BigData-Project/airflow-venv/lib/python3.10/site-packages/airflow/example_dags/example_task_group.py for tasks to queue
[2026-01-29T16:06:46.625+0530] {logging_mixin.py:190} INFO - [2026-01-29T16:06:46.625+0530] {dagbag.py:588} INFO - Filling up the DagBag from /home/hp/Desktop/Bigdata_project/BigData-Project/airflow-venv/lib/python3.10/site-packages/airflow/example_dags/example_task_group.py
[2026-01-29T16:06:46.634+0530] {processor.py:925} INFO - DAG(s) 'example_task_group' retrieved from /home/hp/Desktop/Bigdata_project/BigData-Project/airflow-venv/lib/python3.10/site-packages/airflow/example_dags/example_task_group.py
[2026-01-29T16:06:46.652+0530] {logging_mixin.py:190} INFO - [2026-01-29T16:06:46.652+0530] {dag.py:3239} INFO - Sync 1 DAGs
[2026-01-29T16:06:46.665+0530] {logging_mixin.py:190} INFO - [2026-01-29T16:06:46.665+0530] {dag.py:4180} INFO - Setting next_dagrun for example_task_group to None, run_after=None
[2026-01-29T16:06:46.685+0530] {processor.py:208} INFO - Processing /home/hp/Desktop/Bigdata_project/BigData-Project/airflow-venv/lib/python3.10/site-packages/airflow/example_dags/example_task_group.py took 0.077 seconds
[2026-01-29T16:07:44.756+0530] {processor.py:186} INFO - Started process (PID=31237) to work on /home/hp/Desktop/Bigdata_project/BigData-Project/airflow-venv/lib/python3.10/site-packages/airflow/example_dags/example_task_group.py
[2026-01-29T16:07:44.762+0530] {processor.py:914} INFO - Processing file /home/hp/Desktop/Bigdata_project/BigData-Project/airflow-venv/lib/python3.10/site-packages/airflow/example_dags/example_task_group.py for tasks to queue
[2026-01-29T16:07:44.765+0530] {logging_mixin.py:190} INFO - [2026-01-29T16:07:44.764+0530] {dagbag.py:588} INFO - Filling up the DagBag from /home/hp/Desktop/Bigdata_project/BigData-Project/airflow-venv/lib/python3.10/site-packages/airflow/example_dags/example_task_group.py
[2026-01-29T16:07:44.774+0530] {processor.py:925} INFO - DAG(s) 'example_task_group' retrieved from /home/hp/Desktop/Bigdata_project/BigData-Project/airflow-venv/lib/python3.10/site-packages/airflow/example_dags/example_task_group.py
[2026-01-29T16:07:44.792+0530] {logging_mixin.py:190} INFO - [2026-01-29T16:07:44.792+0530] {dag.py:3239} INFO - Sync 1 DAGs
[2026-01-29T16:07:44.806+0530] {logging_mixin.py:190} INFO - [2026-01-29T16:07:44.805+0530] {dag.py:4180} INFO - Setting next_dagrun for example_task_group to None, run_after=None
[2026-01-29T16:07:44.826+0530] {processor.py:208} INFO - Processing /home/hp/Desktop/Bigdata_project/BigData-Project/airflow-venv/lib/python3.10/site-packages/airflow/example_dags/example_task_group.py took 0.077 seconds
[2026-01-29T16:08:46.025+0530] {processor.py:186} INFO - Started process (PID=31504) to work on /home/hp/Desktop/Bigdata_project/BigData-Project/airflow-venv/lib/python3.10/site-packages/airflow/example_dags/example_task_group.py
[2026-01-29T16:08:46.031+0530] {processor.py:914} INFO - Processing file /home/hp/Desktop/Bigdata_project/BigData-Project/airflow-venv/lib/python3.10/site-packages/airflow/example_dags/example_task_group.py for tasks to queue
[2026-01-29T16:08:46.035+0530] {logging_mixin.py:190} INFO - [2026-01-29T16:08:46.034+0530] {dagbag.py:588} INFO - Filling up the DagBag from /home/hp/Desktop/Bigdata_project/BigData-Project/airflow-venv/lib/python3.10/site-packages/airflow/example_dags/example_task_group.py
[2026-01-29T16:08:46.044+0530] {processor.py:925} INFO - DAG(s) 'example_task_group' retrieved from /home/hp/Desktop/Bigdata_project/BigData-Project/airflow-venv/lib/python3.10/site-packages/airflow/example_dags/example_task_group.py
[2026-01-29T16:08:46.141+0530] {logging_mixin.py:190} INFO - [2026-01-29T16:08:46.140+0530] {override.py:1930} INFO - Created Permission View: can edit on DAG:example_task_group
[2026-01-29T16:08:46.151+0530] {logging_mixin.py:190} INFO - [2026-01-29T16:08:46.151+0530] {override.py:1930} INFO - Created Permission View: can delete on DAG:example_task_group
[2026-01-29T16:08:46.159+0530] {logging_mixin.py:190} INFO - [2026-01-29T16:08:46.158+0530] {override.py:1930} INFO - Created Permission View: can read on DAG:example_task_group
[2026-01-29T16:08:46.171+0530] {logging_mixin.py:190} INFO - [2026-01-29T16:08:46.170+0530] {override.py:1930} INFO - Created Permission View: menu access on DAG Run:example_task_group
[2026-01-29T16:08:46.179+0530] {logging_mixin.py:190} INFO - [2026-01-29T16:08:46.178+0530] {override.py:1930} INFO - Created Permission View: can delete on DAG Run:example_task_group
[2026-01-29T16:08:46.186+0530] {logging_mixin.py:190} INFO - [2026-01-29T16:08:46.185+0530] {override.py:1930} INFO - Created Permission View: can create on DAG Run:example_task_group
[2026-01-29T16:08:46.193+0530] {logging_mixin.py:190} INFO - [2026-01-29T16:08:46.193+0530] {override.py:1930} INFO - Created Permission View: can read on DAG Run:example_task_group
[2026-01-29T16:08:46.194+0530] {logging_mixin.py:190} INFO - [2026-01-29T16:08:46.193+0530] {dag.py:3239} INFO - Sync 1 DAGs
[2026-01-29T16:08:46.207+0530] {logging_mixin.py:190} INFO - [2026-01-29T16:08:46.207+0530] {dag.py:3262} INFO - Creating ORM DAG for example_task_group
[2026-01-29T16:08:46.208+0530] {logging_mixin.py:190} INFO - [2026-01-29T16:08:46.207+0530] {dag.py:4180} INFO - Setting next_dagrun for example_task_group to None, run_after=None
[2026-01-29T16:08:46.340+0530] {processor.py:208} INFO - Processing /home/hp/Desktop/Bigdata_project/BigData-Project/airflow-venv/lib/python3.10/site-packages/airflow/example_dags/example_task_group.py took 0.322 seconds
