[2026-01-29T15:56:00.310+0530] {processor.py:186} INFO - Started process (PID=28390) to work on /home/hp/Desktop/Bigdata_project/BigData-Project/airflow-venv/lib/python3.10/site-packages/airflow/example_dags/example_latest_only_with_trigger.py
[2026-01-29T15:56:00.311+0530] {processor.py:914} INFO - Processing file /home/hp/Desktop/Bigdata_project/BigData-Project/airflow-venv/lib/python3.10/site-packages/airflow/example_dags/example_latest_only_with_trigger.py for tasks to queue
[2026-01-29T15:56:00.314+0530] {logging_mixin.py:190} INFO - [2026-01-29T15:56:00.314+0530] {dagbag.py:588} INFO - Filling up the DagBag from /home/hp/Desktop/Bigdata_project/BigData-Project/airflow-venv/lib/python3.10/site-packages/airflow/example_dags/example_latest_only_with_trigger.py
[2026-01-29T15:56:00.324+0530] {processor.py:925} INFO - DAG(s) 'latest_only_with_trigger' retrieved from /home/hp/Desktop/Bigdata_project/BigData-Project/airflow-venv/lib/python3.10/site-packages/airflow/example_dags/example_latest_only_with_trigger.py
[2026-01-29T15:56:00.438+0530] {logging_mixin.py:190} INFO - [2026-01-29T15:56:00.437+0530] {override.py:1930} INFO - Created Permission View: can edit on DAG:latest_only_with_trigger
[2026-01-29T15:56:00.450+0530] {logging_mixin.py:190} INFO - [2026-01-29T15:56:00.449+0530] {override.py:1930} INFO - Created Permission View: can delete on DAG:latest_only_with_trigger
[2026-01-29T15:56:00.458+0530] {logging_mixin.py:190} INFO - [2026-01-29T15:56:00.458+0530] {override.py:1930} INFO - Created Permission View: can read on DAG:latest_only_with_trigger
[2026-01-29T15:56:00.470+0530] {logging_mixin.py:190} INFO - [2026-01-29T15:56:00.470+0530] {override.py:1930} INFO - Created Permission View: can delete on DAG Run:latest_only_with_trigger
[2026-01-29T15:56:00.479+0530] {logging_mixin.py:190} INFO - [2026-01-29T15:56:00.478+0530] {override.py:1930} INFO - Created Permission View: can read on DAG Run:latest_only_with_trigger
[2026-01-29T15:56:00.489+0530] {logging_mixin.py:190} INFO - [2026-01-29T15:56:00.488+0530] {override.py:1930} INFO - Created Permission View: menu access on DAG Run:latest_only_with_trigger
[2026-01-29T15:56:00.497+0530] {logging_mixin.py:190} INFO - [2026-01-29T15:56:00.496+0530] {override.py:1930} INFO - Created Permission View: can create on DAG Run:latest_only_with_trigger
[2026-01-29T15:56:00.497+0530] {logging_mixin.py:190} INFO - [2026-01-29T15:56:00.497+0530] {dag.py:3239} INFO - Sync 1 DAGs
[2026-01-29T15:56:00.513+0530] {logging_mixin.py:190} INFO - [2026-01-29T15:56:00.513+0530] {dag.py:3262} INFO - Creating ORM DAG for latest_only_with_trigger
[2026-01-29T15:56:00.525+0530] {logging_mixin.py:190} INFO - [2026-01-29T15:56:00.524+0530] {dag.py:4180} INFO - Setting next_dagrun for latest_only_with_trigger to 2026-01-29 04:00:00+00:00, run_after=2026-01-29 08:00:00+00:00
[2026-01-29T15:56:00.545+0530] {processor.py:208} INFO - Processing /home/hp/Desktop/Bigdata_project/BigData-Project/airflow-venv/lib/python3.10/site-packages/airflow/example_dags/example_latest_only_with_trigger.py took 0.243 seconds
[2026-01-29T15:57:03.249+0530] {processor.py:186} INFO - Started process (PID=28625) to work on /home/hp/Desktop/Bigdata_project/BigData-Project/airflow-venv/lib/python3.10/site-packages/airflow/example_dags/example_latest_only_with_trigger.py
[2026-01-29T15:57:03.255+0530] {processor.py:914} INFO - Processing file /home/hp/Desktop/Bigdata_project/BigData-Project/airflow-venv/lib/python3.10/site-packages/airflow/example_dags/example_latest_only_with_trigger.py for tasks to queue
[2026-01-29T15:57:03.258+0530] {logging_mixin.py:190} INFO - [2026-01-29T15:57:03.258+0530] {dagbag.py:588} INFO - Filling up the DagBag from /home/hp/Desktop/Bigdata_project/BigData-Project/airflow-venv/lib/python3.10/site-packages/airflow/example_dags/example_latest_only_with_trigger.py
[2026-01-29T15:57:03.267+0530] {processor.py:925} INFO - DAG(s) 'latest_only_with_trigger' retrieved from /home/hp/Desktop/Bigdata_project/BigData-Project/airflow-venv/lib/python3.10/site-packages/airflow/example_dags/example_latest_only_with_trigger.py
[2026-01-29T15:57:03.284+0530] {logging_mixin.py:190} INFO - [2026-01-29T15:57:03.284+0530] {dag.py:3239} INFO - Sync 1 DAGs
[2026-01-29T15:57:03.304+0530] {logging_mixin.py:190} INFO - [2026-01-29T15:57:03.304+0530] {dag.py:4180} INFO - Setting next_dagrun for latest_only_with_trigger to 2026-01-29 04:00:00+00:00, run_after=2026-01-29 08:00:00+00:00
[2026-01-29T15:57:03.326+0530] {processor.py:208} INFO - Processing /home/hp/Desktop/Bigdata_project/BigData-Project/airflow-venv/lib/python3.10/site-packages/airflow/example_dags/example_latest_only_with_trigger.py took 0.084 seconds
[2026-01-29T16:00:34.173+0530] {processor.py:186} INFO - Started process (PID=29341) to work on /home/hp/Desktop/Bigdata_project/BigData-Project/airflow-venv/lib/python3.10/site-packages/airflow/example_dags/example_latest_only_with_trigger.py
[2026-01-29T16:00:34.179+0530] {processor.py:914} INFO - Processing file /home/hp/Desktop/Bigdata_project/BigData-Project/airflow-venv/lib/python3.10/site-packages/airflow/example_dags/example_latest_only_with_trigger.py for tasks to queue
[2026-01-29T16:00:34.182+0530] {logging_mixin.py:190} INFO - [2026-01-29T16:00:34.182+0530] {dagbag.py:588} INFO - Filling up the DagBag from /home/hp/Desktop/Bigdata_project/BigData-Project/airflow-venv/lib/python3.10/site-packages/airflow/example_dags/example_latest_only_with_trigger.py
[2026-01-29T16:00:34.190+0530] {processor.py:925} INFO - DAG(s) 'latest_only_with_trigger' retrieved from /home/hp/Desktop/Bigdata_project/BigData-Project/airflow-venv/lib/python3.10/site-packages/airflow/example_dags/example_latest_only_with_trigger.py
[2026-01-29T16:00:34.209+0530] {logging_mixin.py:190} INFO - [2026-01-29T16:00:34.209+0530] {dag.py:3239} INFO - Sync 1 DAGs
[2026-01-29T16:00:34.229+0530] {logging_mixin.py:190} INFO - [2026-01-29T16:00:34.229+0530] {dag.py:4180} INFO - Setting next_dagrun for latest_only_with_trigger to 2026-01-29 04:00:00+00:00, run_after=2026-01-29 08:00:00+00:00
[2026-01-29T16:00:34.250+0530] {processor.py:208} INFO - Processing /home/hp/Desktop/Bigdata_project/BigData-Project/airflow-venv/lib/python3.10/site-packages/airflow/example_dags/example_latest_only_with_trigger.py took 0.085 seconds
[2026-01-29T16:01:30.962+0530] {processor.py:186} INFO - Started process (PID=29594) to work on /home/hp/Desktop/Bigdata_project/BigData-Project/airflow-venv/lib/python3.10/site-packages/airflow/example_dags/example_latest_only_with_trigger.py
[2026-01-29T16:01:30.963+0530] {processor.py:914} INFO - Processing file /home/hp/Desktop/Bigdata_project/BigData-Project/airflow-venv/lib/python3.10/site-packages/airflow/example_dags/example_latest_only_with_trigger.py for tasks to queue
[2026-01-29T16:01:30.965+0530] {logging_mixin.py:190} INFO - [2026-01-29T16:01:30.965+0530] {dagbag.py:588} INFO - Filling up the DagBag from /home/hp/Desktop/Bigdata_project/BigData-Project/airflow-venv/lib/python3.10/site-packages/airflow/example_dags/example_latest_only_with_trigger.py
[2026-01-29T16:01:30.973+0530] {processor.py:925} INFO - DAG(s) 'latest_only_with_trigger' retrieved from /home/hp/Desktop/Bigdata_project/BigData-Project/airflow-venv/lib/python3.10/site-packages/airflow/example_dags/example_latest_only_with_trigger.py
[2026-01-29T16:01:30.990+0530] {logging_mixin.py:190} INFO - [2026-01-29T16:01:30.990+0530] {dag.py:3239} INFO - Sync 1 DAGs
[2026-01-29T16:01:31.010+0530] {logging_mixin.py:190} INFO - [2026-01-29T16:01:31.009+0530] {dag.py:4180} INFO - Setting next_dagrun for latest_only_with_trigger to 2026-01-29 04:00:00+00:00, run_after=2026-01-29 08:00:00+00:00
[2026-01-29T16:01:31.030+0530] {processor.py:208} INFO - Processing /home/hp/Desktop/Bigdata_project/BigData-Project/airflow-venv/lib/python3.10/site-packages/airflow/example_dags/example_latest_only_with_trigger.py took 0.075 seconds
[2026-01-29T16:02:28.030+0530] {processor.py:186} INFO - Started process (PID=29826) to work on /home/hp/Desktop/Bigdata_project/BigData-Project/airflow-venv/lib/python3.10/site-packages/airflow/example_dags/example_latest_only_with_trigger.py
[2026-01-29T16:02:28.036+0530] {processor.py:914} INFO - Processing file /home/hp/Desktop/Bigdata_project/BigData-Project/airflow-venv/lib/python3.10/site-packages/airflow/example_dags/example_latest_only_with_trigger.py for tasks to queue
[2026-01-29T16:02:28.039+0530] {logging_mixin.py:190} INFO - [2026-01-29T16:02:28.038+0530] {dagbag.py:588} INFO - Filling up the DagBag from /home/hp/Desktop/Bigdata_project/BigData-Project/airflow-venv/lib/python3.10/site-packages/airflow/example_dags/example_latest_only_with_trigger.py
[2026-01-29T16:02:28.047+0530] {processor.py:925} INFO - DAG(s) 'latest_only_with_trigger' retrieved from /home/hp/Desktop/Bigdata_project/BigData-Project/airflow-venv/lib/python3.10/site-packages/airflow/example_dags/example_latest_only_with_trigger.py
[2026-01-29T16:02:28.064+0530] {logging_mixin.py:190} INFO - [2026-01-29T16:02:28.064+0530] {dag.py:3239} INFO - Sync 1 DAGs
[2026-01-29T16:02:28.084+0530] {logging_mixin.py:190} INFO - [2026-01-29T16:02:28.084+0530] {dag.py:4180} INFO - Setting next_dagrun for latest_only_with_trigger to 2026-01-29 04:00:00+00:00, run_after=2026-01-29 08:00:00+00:00
[2026-01-29T16:02:28.105+0530] {processor.py:208} INFO - Processing /home/hp/Desktop/Bigdata_project/BigData-Project/airflow-venv/lib/python3.10/site-packages/airflow/example_dags/example_latest_only_with_trigger.py took 0.082 seconds
[2026-01-29T16:03:23.029+0530] {processor.py:186} INFO - Started process (PID=30057) to work on /home/hp/Desktop/Bigdata_project/BigData-Project/airflow-venv/lib/python3.10/site-packages/airflow/example_dags/example_latest_only_with_trigger.py
[2026-01-29T16:03:23.035+0530] {processor.py:914} INFO - Processing file /home/hp/Desktop/Bigdata_project/BigData-Project/airflow-venv/lib/python3.10/site-packages/airflow/example_dags/example_latest_only_with_trigger.py for tasks to queue
[2026-01-29T16:03:23.037+0530] {logging_mixin.py:190} INFO - [2026-01-29T16:03:23.037+0530] {dagbag.py:588} INFO - Filling up the DagBag from /home/hp/Desktop/Bigdata_project/BigData-Project/airflow-venv/lib/python3.10/site-packages/airflow/example_dags/example_latest_only_with_trigger.py
[2026-01-29T16:03:23.046+0530] {processor.py:925} INFO - DAG(s) 'latest_only_with_trigger' retrieved from /home/hp/Desktop/Bigdata_project/BigData-Project/airflow-venv/lib/python3.10/site-packages/airflow/example_dags/example_latest_only_with_trigger.py
[2026-01-29T16:03:23.063+0530] {logging_mixin.py:190} INFO - [2026-01-29T16:03:23.063+0530] {dag.py:3239} INFO - Sync 1 DAGs
[2026-01-29T16:03:23.084+0530] {logging_mixin.py:190} INFO - [2026-01-29T16:03:23.083+0530] {dag.py:4180} INFO - Setting next_dagrun for latest_only_with_trigger to 2026-01-29 04:00:00+00:00, run_after=2026-01-29 08:00:00+00:00
[2026-01-29T16:03:23.105+0530] {processor.py:208} INFO - Processing /home/hp/Desktop/Bigdata_project/BigData-Project/airflow-venv/lib/python3.10/site-packages/airflow/example_dags/example_latest_only_with_trigger.py took 0.083 seconds
[2026-01-29T16:04:16.639+0530] {processor.py:186} INFO - Started process (PID=30268) to work on /home/hp/Desktop/Bigdata_project/BigData-Project/airflow-venv/lib/python3.10/site-packages/airflow/example_dags/example_latest_only_with_trigger.py
[2026-01-29T16:04:16.646+0530] {processor.py:914} INFO - Processing file /home/hp/Desktop/Bigdata_project/BigData-Project/airflow-venv/lib/python3.10/site-packages/airflow/example_dags/example_latest_only_with_trigger.py for tasks to queue
[2026-01-29T16:04:16.648+0530] {logging_mixin.py:190} INFO - [2026-01-29T16:04:16.648+0530] {dagbag.py:588} INFO - Filling up the DagBag from /home/hp/Desktop/Bigdata_project/BigData-Project/airflow-venv/lib/python3.10/site-packages/airflow/example_dags/example_latest_only_with_trigger.py
[2026-01-29T16:04:16.657+0530] {processor.py:925} INFO - DAG(s) 'latest_only_with_trigger' retrieved from /home/hp/Desktop/Bigdata_project/BigData-Project/airflow-venv/lib/python3.10/site-packages/airflow/example_dags/example_latest_only_with_trigger.py
[2026-01-29T16:04:16.675+0530] {logging_mixin.py:190} INFO - [2026-01-29T16:04:16.674+0530] {dag.py:3239} INFO - Sync 1 DAGs
[2026-01-29T16:04:16.696+0530] {logging_mixin.py:190} INFO - [2026-01-29T16:04:16.695+0530] {dag.py:4180} INFO - Setting next_dagrun for latest_only_with_trigger to 2026-01-29 04:00:00+00:00, run_after=2026-01-29 08:00:00+00:00
[2026-01-29T16:04:16.717+0530] {processor.py:208} INFO - Processing /home/hp/Desktop/Bigdata_project/BigData-Project/airflow-venv/lib/python3.10/site-packages/airflow/example_dags/example_latest_only_with_trigger.py took 0.085 seconds
[2026-01-29T16:05:12.737+0530] {processor.py:186} INFO - Started process (PID=30549) to work on /home/hp/Desktop/Bigdata_project/BigData-Project/airflow-venv/lib/python3.10/site-packages/airflow/example_dags/example_latest_only_with_trigger.py
[2026-01-29T16:05:12.744+0530] {processor.py:914} INFO - Processing file /home/hp/Desktop/Bigdata_project/BigData-Project/airflow-venv/lib/python3.10/site-packages/airflow/example_dags/example_latest_only_with_trigger.py for tasks to queue
[2026-01-29T16:05:12.746+0530] {logging_mixin.py:190} INFO - [2026-01-29T16:05:12.745+0530] {dagbag.py:588} INFO - Filling up the DagBag from /home/hp/Desktop/Bigdata_project/BigData-Project/airflow-venv/lib/python3.10/site-packages/airflow/example_dags/example_latest_only_with_trigger.py
[2026-01-29T16:05:12.755+0530] {processor.py:925} INFO - DAG(s) 'latest_only_with_trigger' retrieved from /home/hp/Desktop/Bigdata_project/BigData-Project/airflow-venv/lib/python3.10/site-packages/airflow/example_dags/example_latest_only_with_trigger.py
[2026-01-29T16:05:12.773+0530] {logging_mixin.py:190} INFO - [2026-01-29T16:05:12.772+0530] {dag.py:3239} INFO - Sync 1 DAGs
[2026-01-29T16:05:12.794+0530] {logging_mixin.py:190} INFO - [2026-01-29T16:05:12.794+0530] {dag.py:4180} INFO - Setting next_dagrun for latest_only_with_trigger to 2026-01-29 04:00:00+00:00, run_after=2026-01-29 08:00:00+00:00
[2026-01-29T16:05:12.816+0530] {processor.py:208} INFO - Processing /home/hp/Desktop/Bigdata_project/BigData-Project/airflow-venv/lib/python3.10/site-packages/airflow/example_dags/example_latest_only_with_trigger.py took 0.086 seconds
[2026-01-29T16:06:09.743+0530] {processor.py:186} INFO - Started process (PID=30778) to work on /home/hp/Desktop/Bigdata_project/BigData-Project/airflow-venv/lib/python3.10/site-packages/airflow/example_dags/example_latest_only_with_trigger.py
[2026-01-29T16:06:09.749+0530] {processor.py:914} INFO - Processing file /home/hp/Desktop/Bigdata_project/BigData-Project/airflow-venv/lib/python3.10/site-packages/airflow/example_dags/example_latest_only_with_trigger.py for tasks to queue
[2026-01-29T16:06:09.752+0530] {logging_mixin.py:190} INFO - [2026-01-29T16:06:09.751+0530] {dagbag.py:588} INFO - Filling up the DagBag from /home/hp/Desktop/Bigdata_project/BigData-Project/airflow-venv/lib/python3.10/site-packages/airflow/example_dags/example_latest_only_with_trigger.py
[2026-01-29T16:06:09.760+0530] {processor.py:925} INFO - DAG(s) 'latest_only_with_trigger' retrieved from /home/hp/Desktop/Bigdata_project/BigData-Project/airflow-venv/lib/python3.10/site-packages/airflow/example_dags/example_latest_only_with_trigger.py
[2026-01-29T16:06:09.777+0530] {logging_mixin.py:190} INFO - [2026-01-29T16:06:09.777+0530] {dag.py:3239} INFO - Sync 1 DAGs
[2026-01-29T16:06:09.796+0530] {logging_mixin.py:190} INFO - [2026-01-29T16:06:09.796+0530] {dag.py:4180} INFO - Setting next_dagrun for latest_only_with_trigger to 2026-01-29 04:00:00+00:00, run_after=2026-01-29 08:00:00+00:00
[2026-01-29T16:06:09.817+0530] {processor.py:208} INFO - Processing /home/hp/Desktop/Bigdata_project/BigData-Project/airflow-venv/lib/python3.10/site-packages/airflow/example_dags/example_latest_only_with_trigger.py took 0.081 seconds
[2026-01-29T16:07:06.275+0530] {processor.py:186} INFO - Started process (PID=31082) to work on /home/hp/Desktop/Bigdata_project/BigData-Project/airflow-venv/lib/python3.10/site-packages/airflow/example_dags/example_latest_only_with_trigger.py
[2026-01-29T16:07:06.281+0530] {processor.py:914} INFO - Processing file /home/hp/Desktop/Bigdata_project/BigData-Project/airflow-venv/lib/python3.10/site-packages/airflow/example_dags/example_latest_only_with_trigger.py for tasks to queue
[2026-01-29T16:07:06.284+0530] {logging_mixin.py:190} INFO - [2026-01-29T16:07:06.284+0530] {dagbag.py:588} INFO - Filling up the DagBag from /home/hp/Desktop/Bigdata_project/BigData-Project/airflow-venv/lib/python3.10/site-packages/airflow/example_dags/example_latest_only_with_trigger.py
[2026-01-29T16:07:06.293+0530] {processor.py:925} INFO - DAG(s) 'latest_only_with_trigger' retrieved from /home/hp/Desktop/Bigdata_project/BigData-Project/airflow-venv/lib/python3.10/site-packages/airflow/example_dags/example_latest_only_with_trigger.py
[2026-01-29T16:07:06.311+0530] {logging_mixin.py:190} INFO - [2026-01-29T16:07:06.311+0530] {dag.py:3239} INFO - Sync 1 DAGs
[2026-01-29T16:07:06.333+0530] {logging_mixin.py:190} INFO - [2026-01-29T16:07:06.333+0530] {dag.py:4180} INFO - Setting next_dagrun for latest_only_with_trigger to 2026-01-29 04:00:00+00:00, run_after=2026-01-29 08:00:00+00:00
[2026-01-29T16:07:06.354+0530] {processor.py:208} INFO - Processing /home/hp/Desktop/Bigdata_project/BigData-Project/airflow-venv/lib/python3.10/site-packages/airflow/example_dags/example_latest_only_with_trigger.py took 0.086 seconds
[2026-01-29T16:08:05.067+0530] {processor.py:186} INFO - Started process (PID=31320) to work on /home/hp/Desktop/Bigdata_project/BigData-Project/airflow-venv/lib/python3.10/site-packages/airflow/example_dags/example_latest_only_with_trigger.py
[2026-01-29T16:08:05.074+0530] {processor.py:914} INFO - Processing file /home/hp/Desktop/Bigdata_project/BigData-Project/airflow-venv/lib/python3.10/site-packages/airflow/example_dags/example_latest_only_with_trigger.py for tasks to queue
[2026-01-29T16:08:05.077+0530] {logging_mixin.py:190} INFO - [2026-01-29T16:08:05.077+0530] {dagbag.py:588} INFO - Filling up the DagBag from /home/hp/Desktop/Bigdata_project/BigData-Project/airflow-venv/lib/python3.10/site-packages/airflow/example_dags/example_latest_only_with_trigger.py
[2026-01-29T16:08:05.088+0530] {processor.py:925} INFO - DAG(s) 'latest_only_with_trigger' retrieved from /home/hp/Desktop/Bigdata_project/BigData-Project/airflow-venv/lib/python3.10/site-packages/airflow/example_dags/example_latest_only_with_trigger.py
[2026-01-29T16:08:05.108+0530] {logging_mixin.py:190} INFO - [2026-01-29T16:08:05.107+0530] {dag.py:3239} INFO - Sync 1 DAGs
[2026-01-29T16:08:05.131+0530] {logging_mixin.py:190} INFO - [2026-01-29T16:08:05.131+0530] {dag.py:4180} INFO - Setting next_dagrun for latest_only_with_trigger to 2026-01-29 04:00:00+00:00, run_after=2026-01-29 08:00:00+00:00
[2026-01-29T16:08:05.156+0530] {processor.py:208} INFO - Processing /home/hp/Desktop/Bigdata_project/BigData-Project/airflow-venv/lib/python3.10/site-packages/airflow/example_dags/example_latest_only_with_trigger.py took 0.097 seconds
[2026-01-29T16:09:12.623+0530] {processor.py:186} INFO - Started process (PID=31652) to work on /home/hp/Desktop/Bigdata_project/BigData-Project/airflow-venv/lib/python3.10/site-packages/airflow/example_dags/example_latest_only_with_trigger.py
[2026-01-29T16:09:12.629+0530] {processor.py:914} INFO - Processing file /home/hp/Desktop/Bigdata_project/BigData-Project/airflow-venv/lib/python3.10/site-packages/airflow/example_dags/example_latest_only_with_trigger.py for tasks to queue
[2026-01-29T16:09:12.632+0530] {logging_mixin.py:190} INFO - [2026-01-29T16:09:12.632+0530] {dagbag.py:588} INFO - Filling up the DagBag from /home/hp/Desktop/Bigdata_project/BigData-Project/airflow-venv/lib/python3.10/site-packages/airflow/example_dags/example_latest_only_with_trigger.py
[2026-01-29T16:09:12.641+0530] {processor.py:925} INFO - DAG(s) 'latest_only_with_trigger' retrieved from /home/hp/Desktop/Bigdata_project/BigData-Project/airflow-venv/lib/python3.10/site-packages/airflow/example_dags/example_latest_only_with_trigger.py
[2026-01-29T16:09:12.737+0530] {logging_mixin.py:190} INFO - [2026-01-29T16:09:12.736+0530] {override.py:1930} INFO - Created Permission View: can edit on DAG:latest_only_with_trigger
[2026-01-29T16:09:12.747+0530] {logging_mixin.py:190} INFO - [2026-01-29T16:09:12.746+0530] {override.py:1930} INFO - Created Permission View: can delete on DAG:latest_only_with_trigger
[2026-01-29T16:09:12.754+0530] {logging_mixin.py:190} INFO - [2026-01-29T16:09:12.754+0530] {override.py:1930} INFO - Created Permission View: can read on DAG:latest_only_with_trigger
[2026-01-29T16:09:12.765+0530] {logging_mixin.py:190} INFO - [2026-01-29T16:09:12.764+0530] {override.py:1930} INFO - Created Permission View: menu access on DAG Run:latest_only_with_trigger
[2026-01-29T16:09:12.773+0530] {logging_mixin.py:190} INFO - [2026-01-29T16:09:12.772+0530] {override.py:1930} INFO - Created Permission View: can delete on DAG Run:latest_only_with_trigger
[2026-01-29T16:09:12.780+0530] {logging_mixin.py:190} INFO - [2026-01-29T16:09:12.780+0530] {override.py:1930} INFO - Created Permission View: can create on DAG Run:latest_only_with_trigger
[2026-01-29T16:09:12.787+0530] {logging_mixin.py:190} INFO - [2026-01-29T16:09:12.787+0530] {override.py:1930} INFO - Created Permission View: can read on DAG Run:latest_only_with_trigger
[2026-01-29T16:09:12.788+0530] {logging_mixin.py:190} INFO - [2026-01-29T16:09:12.788+0530] {dag.py:3239} INFO - Sync 1 DAGs
[2026-01-29T16:09:12.799+0530] {logging_mixin.py:190} INFO - [2026-01-29T16:09:12.799+0530] {dag.py:3262} INFO - Creating ORM DAG for latest_only_with_trigger
[2026-01-29T16:09:12.808+0530] {logging_mixin.py:190} INFO - [2026-01-29T16:09:12.808+0530] {dag.py:4180} INFO - Setting next_dagrun for latest_only_with_trigger to 2026-01-29 04:00:00+00:00, run_after=2026-01-29 08:00:00+00:00
[2026-01-29T16:09:12.825+0530] {processor.py:208} INFO - Processing /home/hp/Desktop/Bigdata_project/BigData-Project/airflow-venv/lib/python3.10/site-packages/airflow/example_dags/example_latest_only_with_trigger.py took 0.210 seconds
