[2026-01-29T15:55:36.173+0530] {processor.py:186} INFO - Started process (PID=28298) to work on /home/hp/Desktop/Bigdata_project/BigData-Project/airflow-venv/lib/python3.10/site-packages/airflow/example_dags/example_short_circuit_operator.py
[2026-01-29T15:55:36.174+0530] {processor.py:914} INFO - Processing file /home/hp/Desktop/Bigdata_project/BigData-Project/airflow-venv/lib/python3.10/site-packages/airflow/example_dags/example_short_circuit_operator.py for tasks to queue
[2026-01-29T15:55:36.176+0530] {logging_mixin.py:190} INFO - [2026-01-29T15:55:36.176+0530] {dagbag.py:588} INFO - Filling up the DagBag from /home/hp/Desktop/Bigdata_project/BigData-Project/airflow-venv/lib/python3.10/site-packages/airflow/example_dags/example_short_circuit_operator.py
[2026-01-29T15:55:36.188+0530] {processor.py:925} INFO - DAG(s) 'example_short_circuit_operator' retrieved from /home/hp/Desktop/Bigdata_project/BigData-Project/airflow-venv/lib/python3.10/site-packages/airflow/example_dags/example_short_circuit_operator.py
[2026-01-29T15:55:36.307+0530] {logging_mixin.py:190} INFO - [2026-01-29T15:55:36.306+0530] {override.py:1930} INFO - Created Permission View: can edit on DAG:example_short_circuit_operator
[2026-01-29T15:55:36.319+0530] {logging_mixin.py:190} INFO - [2026-01-29T15:55:36.318+0530] {override.py:1930} INFO - Created Permission View: can delete on DAG:example_short_circuit_operator
[2026-01-29T15:55:36.327+0530] {logging_mixin.py:190} INFO - [2026-01-29T15:55:36.327+0530] {override.py:1930} INFO - Created Permission View: can read on DAG:example_short_circuit_operator
[2026-01-29T15:55:36.338+0530] {logging_mixin.py:190} INFO - [2026-01-29T15:55:36.338+0530] {override.py:1930} INFO - Created Permission View: can delete on DAG Run:example_short_circuit_operator
[2026-01-29T15:55:36.348+0530] {logging_mixin.py:190} INFO - [2026-01-29T15:55:36.348+0530] {override.py:1930} INFO - Created Permission View: can read on DAG Run:example_short_circuit_operator
[2026-01-29T15:55:36.356+0530] {logging_mixin.py:190} INFO - [2026-01-29T15:55:36.356+0530] {override.py:1930} INFO - Created Permission View: menu access on DAG Run:example_short_circuit_operator
[2026-01-29T15:55:36.364+0530] {logging_mixin.py:190} INFO - [2026-01-29T15:55:36.364+0530] {override.py:1930} INFO - Created Permission View: can create on DAG Run:example_short_circuit_operator
[2026-01-29T15:55:36.364+0530] {logging_mixin.py:190} INFO - [2026-01-29T15:55:36.364+0530] {dag.py:3239} INFO - Sync 1 DAGs
[2026-01-29T15:55:36.377+0530] {logging_mixin.py:190} INFO - [2026-01-29T15:55:36.377+0530] {dag.py:3262} INFO - Creating ORM DAG for example_short_circuit_operator
[2026-01-29T15:55:36.378+0530] {logging_mixin.py:190} INFO - [2026-01-29T15:55:36.378+0530] {dag.py:4180} INFO - Setting next_dagrun for example_short_circuit_operator to None, run_after=None
[2026-01-29T15:55:36.398+0530] {processor.py:208} INFO - Processing /home/hp/Desktop/Bigdata_project/BigData-Project/airflow-venv/lib/python3.10/site-packages/airflow/example_dags/example_short_circuit_operator.py took 0.234 seconds
[2026-01-29T15:56:40.863+0530] {processor.py:186} INFO - Started process (PID=28554) to work on /home/hp/Desktop/Bigdata_project/BigData-Project/airflow-venv/lib/python3.10/site-packages/airflow/example_dags/example_short_circuit_operator.py
[2026-01-29T15:56:40.869+0530] {processor.py:914} INFO - Processing file /home/hp/Desktop/Bigdata_project/BigData-Project/airflow-venv/lib/python3.10/site-packages/airflow/example_dags/example_short_circuit_operator.py for tasks to queue
[2026-01-29T15:56:40.872+0530] {logging_mixin.py:190} INFO - [2026-01-29T15:56:40.871+0530] {dagbag.py:588} INFO - Filling up the DagBag from /home/hp/Desktop/Bigdata_project/BigData-Project/airflow-venv/lib/python3.10/site-packages/airflow/example_dags/example_short_circuit_operator.py
[2026-01-29T15:56:40.882+0530] {processor.py:925} INFO - DAG(s) 'example_short_circuit_operator' retrieved from /home/hp/Desktop/Bigdata_project/BigData-Project/airflow-venv/lib/python3.10/site-packages/airflow/example_dags/example_short_circuit_operator.py
[2026-01-29T15:56:40.905+0530] {logging_mixin.py:190} INFO - [2026-01-29T15:56:40.905+0530] {dag.py:3239} INFO - Sync 1 DAGs
[2026-01-29T15:56:40.922+0530] {logging_mixin.py:190} INFO - [2026-01-29T15:56:40.921+0530] {dag.py:4180} INFO - Setting next_dagrun for example_short_circuit_operator to None, run_after=None
[2026-01-29T15:56:40.948+0530] {processor.py:208} INFO - Processing /home/hp/Desktop/Bigdata_project/BigData-Project/airflow-venv/lib/python3.10/site-packages/airflow/example_dags/example_short_circuit_operator.py took 0.092 seconds
[2026-01-29T16:00:15.899+0530] {processor.py:186} INFO - Started process (PID=29137) to work on /home/hp/Desktop/Bigdata_project/BigData-Project/airflow-venv/lib/python3.10/site-packages/airflow/example_dags/example_short_circuit_operator.py
[2026-01-29T16:00:15.905+0530] {processor.py:914} INFO - Processing file /home/hp/Desktop/Bigdata_project/BigData-Project/airflow-venv/lib/python3.10/site-packages/airflow/example_dags/example_short_circuit_operator.py for tasks to queue
[2026-01-29T16:00:15.908+0530] {logging_mixin.py:190} INFO - [2026-01-29T16:00:15.907+0530] {dagbag.py:588} INFO - Filling up the DagBag from /home/hp/Desktop/Bigdata_project/BigData-Project/airflow-venv/lib/python3.10/site-packages/airflow/example_dags/example_short_circuit_operator.py
[2026-01-29T16:00:15.918+0530] {processor.py:925} INFO - DAG(s) 'example_short_circuit_operator' retrieved from /home/hp/Desktop/Bigdata_project/BigData-Project/airflow-venv/lib/python3.10/site-packages/airflow/example_dags/example_short_circuit_operator.py
[2026-01-29T16:00:15.945+0530] {logging_mixin.py:190} INFO - [2026-01-29T16:00:15.945+0530] {dag.py:3239} INFO - Sync 1 DAGs
[2026-01-29T16:00:15.958+0530] {logging_mixin.py:190} INFO - [2026-01-29T16:00:15.957+0530] {dag.py:4180} INFO - Setting next_dagrun for example_short_circuit_operator to None, run_after=None
[2026-01-29T16:00:15.978+0530] {processor.py:208} INFO - Processing /home/hp/Desktop/Bigdata_project/BigData-Project/airflow-venv/lib/python3.10/site-packages/airflow/example_dags/example_short_circuit_operator.py took 0.086 seconds
[2026-01-29T16:01:11.417+0530] {processor.py:186} INFO - Started process (PID=29510) to work on /home/hp/Desktop/Bigdata_project/BigData-Project/airflow-venv/lib/python3.10/site-packages/airflow/example_dags/example_short_circuit_operator.py
[2026-01-29T16:01:11.423+0530] {processor.py:914} INFO - Processing file /home/hp/Desktop/Bigdata_project/BigData-Project/airflow-venv/lib/python3.10/site-packages/airflow/example_dags/example_short_circuit_operator.py for tasks to queue
[2026-01-29T16:01:11.427+0530] {logging_mixin.py:190} INFO - [2026-01-29T16:01:11.426+0530] {dagbag.py:588} INFO - Filling up the DagBag from /home/hp/Desktop/Bigdata_project/BigData-Project/airflow-venv/lib/python3.10/site-packages/airflow/example_dags/example_short_circuit_operator.py
[2026-01-29T16:01:11.436+0530] {processor.py:925} INFO - DAG(s) 'example_short_circuit_operator' retrieved from /home/hp/Desktop/Bigdata_project/BigData-Project/airflow-venv/lib/python3.10/site-packages/airflow/example_dags/example_short_circuit_operator.py
[2026-01-29T16:01:11.456+0530] {logging_mixin.py:190} INFO - [2026-01-29T16:01:11.456+0530] {dag.py:3239} INFO - Sync 1 DAGs
[2026-01-29T16:01:11.469+0530] {logging_mixin.py:190} INFO - [2026-01-29T16:01:11.469+0530] {dag.py:4180} INFO - Setting next_dagrun for example_short_circuit_operator to None, run_after=None
[2026-01-29T16:01:11.489+0530] {processor.py:208} INFO - Processing /home/hp/Desktop/Bigdata_project/BigData-Project/airflow-venv/lib/python3.10/site-packages/airflow/example_dags/example_short_circuit_operator.py took 0.079 seconds
[2026-01-29T16:02:04.300+0530] {processor.py:186} INFO - Started process (PID=29712) to work on /home/hp/Desktop/Bigdata_project/BigData-Project/airflow-venv/lib/python3.10/site-packages/airflow/example_dags/example_short_circuit_operator.py
[2026-01-29T16:02:04.307+0530] {processor.py:914} INFO - Processing file /home/hp/Desktop/Bigdata_project/BigData-Project/airflow-venv/lib/python3.10/site-packages/airflow/example_dags/example_short_circuit_operator.py for tasks to queue
[2026-01-29T16:02:04.310+0530] {logging_mixin.py:190} INFO - [2026-01-29T16:02:04.309+0530] {dagbag.py:588} INFO - Filling up the DagBag from /home/hp/Desktop/Bigdata_project/BigData-Project/airflow-venv/lib/python3.10/site-packages/airflow/example_dags/example_short_circuit_operator.py
[2026-01-29T16:02:04.319+0530] {processor.py:925} INFO - DAG(s) 'example_short_circuit_operator' retrieved from /home/hp/Desktop/Bigdata_project/BigData-Project/airflow-venv/lib/python3.10/site-packages/airflow/example_dags/example_short_circuit_operator.py
[2026-01-29T16:02:04.339+0530] {logging_mixin.py:190} INFO - [2026-01-29T16:02:04.338+0530] {dag.py:3239} INFO - Sync 1 DAGs
[2026-01-29T16:02:04.351+0530] {logging_mixin.py:190} INFO - [2026-01-29T16:02:04.351+0530] {dag.py:4180} INFO - Setting next_dagrun for example_short_circuit_operator to None, run_after=None
[2026-01-29T16:02:04.371+0530] {processor.py:208} INFO - Processing /home/hp/Desktop/Bigdata_project/BigData-Project/airflow-venv/lib/python3.10/site-packages/airflow/example_dags/example_short_circuit_operator.py took 0.078 seconds
[2026-01-29T16:02:57.926+0530] {processor.py:186} INFO - Started process (PID=29959) to work on /home/hp/Desktop/Bigdata_project/BigData-Project/airflow-venv/lib/python3.10/site-packages/airflow/example_dags/example_short_circuit_operator.py
[2026-01-29T16:02:57.932+0530] {processor.py:914} INFO - Processing file /home/hp/Desktop/Bigdata_project/BigData-Project/airflow-venv/lib/python3.10/site-packages/airflow/example_dags/example_short_circuit_operator.py for tasks to queue
[2026-01-29T16:02:57.935+0530] {logging_mixin.py:190} INFO - [2026-01-29T16:02:57.935+0530] {dagbag.py:588} INFO - Filling up the DagBag from /home/hp/Desktop/Bigdata_project/BigData-Project/airflow-venv/lib/python3.10/site-packages/airflow/example_dags/example_short_circuit_operator.py
[2026-01-29T16:02:57.944+0530] {processor.py:925} INFO - DAG(s) 'example_short_circuit_operator' retrieved from /home/hp/Desktop/Bigdata_project/BigData-Project/airflow-venv/lib/python3.10/site-packages/airflow/example_dags/example_short_circuit_operator.py
[2026-01-29T16:02:57.964+0530] {logging_mixin.py:190} INFO - [2026-01-29T16:02:57.963+0530] {dag.py:3239} INFO - Sync 1 DAGs
[2026-01-29T16:02:57.977+0530] {logging_mixin.py:190} INFO - [2026-01-29T16:02:57.977+0530] {dag.py:4180} INFO - Setting next_dagrun for example_short_circuit_operator to None, run_after=None
[2026-01-29T16:02:57.997+0530] {processor.py:208} INFO - Processing /home/hp/Desktop/Bigdata_project/BigData-Project/airflow-venv/lib/python3.10/site-packages/airflow/example_dags/example_short_circuit_operator.py took 0.078 seconds
[2026-01-29T16:03:53.577+0530] {processor.py:186} INFO - Started process (PID=30164) to work on /home/hp/Desktop/Bigdata_project/BigData-Project/airflow-venv/lib/python3.10/site-packages/airflow/example_dags/example_short_circuit_operator.py
[2026-01-29T16:03:53.583+0530] {processor.py:914} INFO - Processing file /home/hp/Desktop/Bigdata_project/BigData-Project/airflow-venv/lib/python3.10/site-packages/airflow/example_dags/example_short_circuit_operator.py for tasks to queue
[2026-01-29T16:03:53.586+0530] {logging_mixin.py:190} INFO - [2026-01-29T16:03:53.586+0530] {dagbag.py:588} INFO - Filling up the DagBag from /home/hp/Desktop/Bigdata_project/BigData-Project/airflow-venv/lib/python3.10/site-packages/airflow/example_dags/example_short_circuit_operator.py
[2026-01-29T16:03:53.595+0530] {processor.py:925} INFO - DAG(s) 'example_short_circuit_operator' retrieved from /home/hp/Desktop/Bigdata_project/BigData-Project/airflow-venv/lib/python3.10/site-packages/airflow/example_dags/example_short_circuit_operator.py
[2026-01-29T16:03:53.615+0530] {logging_mixin.py:190} INFO - [2026-01-29T16:03:53.615+0530] {dag.py:3239} INFO - Sync 1 DAGs
[2026-01-29T16:03:53.628+0530] {logging_mixin.py:190} INFO - [2026-01-29T16:03:53.627+0530] {dag.py:4180} INFO - Setting next_dagrun for example_short_circuit_operator to None, run_after=None
[2026-01-29T16:03:53.648+0530] {processor.py:208} INFO - Processing /home/hp/Desktop/Bigdata_project/BigData-Project/airflow-venv/lib/python3.10/site-packages/airflow/example_dags/example_short_circuit_operator.py took 0.079 seconds
[2026-01-29T16:04:49.987+0530] {processor.py:186} INFO - Started process (PID=30397) to work on /home/hp/Desktop/Bigdata_project/BigData-Project/airflow-venv/lib/python3.10/site-packages/airflow/example_dags/example_short_circuit_operator.py
[2026-01-29T16:04:49.993+0530] {processor.py:914} INFO - Processing file /home/hp/Desktop/Bigdata_project/BigData-Project/airflow-venv/lib/python3.10/site-packages/airflow/example_dags/example_short_circuit_operator.py for tasks to queue
[2026-01-29T16:04:49.995+0530] {logging_mixin.py:190} INFO - [2026-01-29T16:04:49.995+0530] {dagbag.py:588} INFO - Filling up the DagBag from /home/hp/Desktop/Bigdata_project/BigData-Project/airflow-venv/lib/python3.10/site-packages/airflow/example_dags/example_short_circuit_operator.py
[2026-01-29T16:04:50.004+0530] {processor.py:925} INFO - DAG(s) 'example_short_circuit_operator' retrieved from /home/hp/Desktop/Bigdata_project/BigData-Project/airflow-venv/lib/python3.10/site-packages/airflow/example_dags/example_short_circuit_operator.py
[2026-01-29T16:04:50.024+0530] {logging_mixin.py:190} INFO - [2026-01-29T16:04:50.024+0530] {dag.py:3239} INFO - Sync 1 DAGs
[2026-01-29T16:04:50.037+0530] {logging_mixin.py:190} INFO - [2026-01-29T16:04:50.037+0530] {dag.py:4180} INFO - Setting next_dagrun for example_short_circuit_operator to None, run_after=None
[2026-01-29T16:04:50.059+0530] {processor.py:208} INFO - Processing /home/hp/Desktop/Bigdata_project/BigData-Project/airflow-venv/lib/python3.10/site-packages/airflow/example_dags/example_short_circuit_operator.py took 0.079 seconds
[2026-01-29T16:05:46.036+0530] {processor.py:186} INFO - Started process (PID=30681) to work on /home/hp/Desktop/Bigdata_project/BigData-Project/airflow-venv/lib/python3.10/site-packages/airflow/example_dags/example_short_circuit_operator.py
[2026-01-29T16:05:46.042+0530] {processor.py:914} INFO - Processing file /home/hp/Desktop/Bigdata_project/BigData-Project/airflow-venv/lib/python3.10/site-packages/airflow/example_dags/example_short_circuit_operator.py for tasks to queue
[2026-01-29T16:05:46.045+0530] {logging_mixin.py:190} INFO - [2026-01-29T16:05:46.045+0530] {dagbag.py:588} INFO - Filling up the DagBag from /home/hp/Desktop/Bigdata_project/BigData-Project/airflow-venv/lib/python3.10/site-packages/airflow/example_dags/example_short_circuit_operator.py
[2026-01-29T16:05:46.054+0530] {processor.py:925} INFO - DAG(s) 'example_short_circuit_operator' retrieved from /home/hp/Desktop/Bigdata_project/BigData-Project/airflow-venv/lib/python3.10/site-packages/airflow/example_dags/example_short_circuit_operator.py
[2026-01-29T16:05:46.074+0530] {logging_mixin.py:190} INFO - [2026-01-29T16:05:46.074+0530] {dag.py:3239} INFO - Sync 1 DAGs
[2026-01-29T16:05:46.088+0530] {logging_mixin.py:190} INFO - [2026-01-29T16:05:46.087+0530] {dag.py:4180} INFO - Setting next_dagrun for example_short_circuit_operator to None, run_after=None
[2026-01-29T16:05:46.110+0530] {processor.py:208} INFO - Processing /home/hp/Desktop/Bigdata_project/BigData-Project/airflow-venv/lib/python3.10/site-packages/airflow/example_dags/example_short_circuit_operator.py took 0.081 seconds
[2026-01-29T16:06:42.787+0530] {processor.py:186} INFO - Started process (PID=30954) to work on /home/hp/Desktop/Bigdata_project/BigData-Project/airflow-venv/lib/python3.10/site-packages/airflow/example_dags/example_short_circuit_operator.py
[2026-01-29T16:06:42.789+0530] {processor.py:914} INFO - Processing file /home/hp/Desktop/Bigdata_project/BigData-Project/airflow-venv/lib/python3.10/site-packages/airflow/example_dags/example_short_circuit_operator.py for tasks to queue
[2026-01-29T16:06:42.791+0530] {logging_mixin.py:190} INFO - [2026-01-29T16:06:42.791+0530] {dagbag.py:588} INFO - Filling up the DagBag from /home/hp/Desktop/Bigdata_project/BigData-Project/airflow-venv/lib/python3.10/site-packages/airflow/example_dags/example_short_circuit_operator.py
[2026-01-29T16:06:42.801+0530] {processor.py:925} INFO - DAG(s) 'example_short_circuit_operator' retrieved from /home/hp/Desktop/Bigdata_project/BigData-Project/airflow-venv/lib/python3.10/site-packages/airflow/example_dags/example_short_circuit_operator.py
[2026-01-29T16:06:42.822+0530] {logging_mixin.py:190} INFO - [2026-01-29T16:06:42.821+0530] {dag.py:3239} INFO - Sync 1 DAGs
[2026-01-29T16:06:42.836+0530] {logging_mixin.py:190} INFO - [2026-01-29T16:06:42.836+0530] {dag.py:4180} INFO - Setting next_dagrun for example_short_circuit_operator to None, run_after=None
[2026-01-29T16:06:42.858+0530] {processor.py:208} INFO - Processing /home/hp/Desktop/Bigdata_project/BigData-Project/airflow-venv/lib/python3.10/site-packages/airflow/example_dags/example_short_circuit_operator.py took 0.077 seconds
[2026-01-29T16:07:40.647+0530] {processor.py:186} INFO - Started process (PID=31225) to work on /home/hp/Desktop/Bigdata_project/BigData-Project/airflow-venv/lib/python3.10/site-packages/airflow/example_dags/example_short_circuit_operator.py
[2026-01-29T16:07:40.653+0530] {processor.py:914} INFO - Processing file /home/hp/Desktop/Bigdata_project/BigData-Project/airflow-venv/lib/python3.10/site-packages/airflow/example_dags/example_short_circuit_operator.py for tasks to queue
[2026-01-29T16:07:40.656+0530] {logging_mixin.py:190} INFO - [2026-01-29T16:07:40.656+0530] {dagbag.py:588} INFO - Filling up the DagBag from /home/hp/Desktop/Bigdata_project/BigData-Project/airflow-venv/lib/python3.10/site-packages/airflow/example_dags/example_short_circuit_operator.py
[2026-01-29T16:07:40.666+0530] {processor.py:925} INFO - DAG(s) 'example_short_circuit_operator' retrieved from /home/hp/Desktop/Bigdata_project/BigData-Project/airflow-venv/lib/python3.10/site-packages/airflow/example_dags/example_short_circuit_operator.py
[2026-01-29T16:07:40.686+0530] {logging_mixin.py:190} INFO - [2026-01-29T16:07:40.686+0530] {dag.py:3239} INFO - Sync 1 DAGs
[2026-01-29T16:07:40.700+0530] {logging_mixin.py:190} INFO - [2026-01-29T16:07:40.699+0530] {dag.py:4180} INFO - Setting next_dagrun for example_short_circuit_operator to None, run_after=None
[2026-01-29T16:07:40.721+0530] {processor.py:208} INFO - Processing /home/hp/Desktop/Bigdata_project/BigData-Project/airflow-venv/lib/python3.10/site-packages/airflow/example_dags/example_short_circuit_operator.py took 0.081 seconds
[2026-01-29T16:08:40.575+0530] {processor.py:186} INFO - Started process (PID=31481) to work on /home/hp/Desktop/Bigdata_project/BigData-Project/airflow-venv/lib/python3.10/site-packages/airflow/example_dags/example_short_circuit_operator.py
[2026-01-29T16:08:40.576+0530] {processor.py:914} INFO - Processing file /home/hp/Desktop/Bigdata_project/BigData-Project/airflow-venv/lib/python3.10/site-packages/airflow/example_dags/example_short_circuit_operator.py for tasks to queue
[2026-01-29T16:08:40.578+0530] {logging_mixin.py:190} INFO - [2026-01-29T16:08:40.577+0530] {dagbag.py:588} INFO - Filling up the DagBag from /home/hp/Desktop/Bigdata_project/BigData-Project/airflow-venv/lib/python3.10/site-packages/airflow/example_dags/example_short_circuit_operator.py
[2026-01-29T16:08:40.587+0530] {processor.py:925} INFO - DAG(s) 'example_short_circuit_operator' retrieved from /home/hp/Desktop/Bigdata_project/BigData-Project/airflow-venv/lib/python3.10/site-packages/airflow/example_dags/example_short_circuit_operator.py
[2026-01-29T16:08:40.696+0530] {logging_mixin.py:190} INFO - [2026-01-29T16:08:40.695+0530] {override.py:1930} INFO - Created Permission View: can edit on DAG:example_short_circuit_operator
[2026-01-29T16:08:40.710+0530] {logging_mixin.py:190} INFO - [2026-01-29T16:08:40.709+0530] {override.py:1930} INFO - Created Permission View: can delete on DAG:example_short_circuit_operator
[2026-01-29T16:08:40.717+0530] {logging_mixin.py:190} INFO - [2026-01-29T16:08:40.717+0530] {override.py:1930} INFO - Created Permission View: can read on DAG:example_short_circuit_operator
[2026-01-29T16:08:40.730+0530] {logging_mixin.py:190} INFO - [2026-01-29T16:08:40.730+0530] {override.py:1930} INFO - Created Permission View: menu access on DAG Run:example_short_circuit_operator
[2026-01-29T16:08:40.737+0530] {logging_mixin.py:190} INFO - [2026-01-29T16:08:40.737+0530] {override.py:1930} INFO - Created Permission View: can delete on DAG Run:example_short_circuit_operator
[2026-01-29T16:08:40.747+0530] {logging_mixin.py:190} INFO - [2026-01-29T16:08:40.747+0530] {override.py:1930} INFO - Created Permission View: can create on DAG Run:example_short_circuit_operator
[2026-01-29T16:08:40.756+0530] {logging_mixin.py:190} INFO - [2026-01-29T16:08:40.756+0530] {override.py:1930} INFO - Created Permission View: can read on DAG Run:example_short_circuit_operator
[2026-01-29T16:08:40.757+0530] {logging_mixin.py:190} INFO - [2026-01-29T16:08:40.757+0530] {dag.py:3239} INFO - Sync 1 DAGs
[2026-01-29T16:08:40.771+0530] {logging_mixin.py:190} INFO - [2026-01-29T16:08:40.771+0530] {dag.py:3262} INFO - Creating ORM DAG for example_short_circuit_operator
[2026-01-29T16:08:40.772+0530] {logging_mixin.py:190} INFO - [2026-01-29T16:08:40.771+0530] {dag.py:4180} INFO - Setting next_dagrun for example_short_circuit_operator to None, run_after=None
[2026-01-29T16:08:40.919+0530] {processor.py:208} INFO - Processing /home/hp/Desktop/Bigdata_project/BigData-Project/airflow-venv/lib/python3.10/site-packages/airflow/example_dags/example_short_circuit_operator.py took 0.351 seconds
