[2026-01-29T15:55:42.910+0530] {processor.py:186} INFO - Started process (PID=28315) to work on /home/hp/Desktop/Bigdata_project/BigData-Project/airflow-venv/lib/python3.10/site-packages/airflow/example_dags/example_time_delta_sensor_async.py
[2026-01-29T15:55:42.911+0530] {processor.py:914} INFO - Processing file /home/hp/Desktop/Bigdata_project/BigData-Project/airflow-venv/lib/python3.10/site-packages/airflow/example_dags/example_time_delta_sensor_async.py for tasks to queue
[2026-01-29T15:55:42.915+0530] {logging_mixin.py:190} INFO - [2026-01-29T15:55:42.914+0530] {dagbag.py:588} INFO - Filling up the DagBag from /home/hp/Desktop/Bigdata_project/BigData-Project/airflow-venv/lib/python3.10/site-packages/airflow/example_dags/example_time_delta_sensor_async.py
[2026-01-29T15:55:42.923+0530] {processor.py:925} INFO - DAG(s) 'example_time_delta_sensor_async' retrieved from /home/hp/Desktop/Bigdata_project/BigData-Project/airflow-venv/lib/python3.10/site-packages/airflow/example_dags/example_time_delta_sensor_async.py
[2026-01-29T15:55:43.040+0530] {logging_mixin.py:190} INFO - [2026-01-29T15:55:43.039+0530] {override.py:1930} INFO - Created Permission View: can edit on DAG:example_time_delta_sensor_async
[2026-01-29T15:55:43.051+0530] {logging_mixin.py:190} INFO - [2026-01-29T15:55:43.051+0530] {override.py:1930} INFO - Created Permission View: can delete on DAG:example_time_delta_sensor_async
[2026-01-29T15:55:43.060+0530] {logging_mixin.py:190} INFO - [2026-01-29T15:55:43.059+0530] {override.py:1930} INFO - Created Permission View: can read on DAG:example_time_delta_sensor_async
[2026-01-29T15:55:43.071+0530] {logging_mixin.py:190} INFO - [2026-01-29T15:55:43.071+0530] {override.py:1930} INFO - Created Permission View: can delete on DAG Run:example_time_delta_sensor_async
[2026-01-29T15:55:43.079+0530] {logging_mixin.py:190} INFO - [2026-01-29T15:55:43.079+0530] {override.py:1930} INFO - Created Permission View: can read on DAG Run:example_time_delta_sensor_async
[2026-01-29T15:55:43.088+0530] {logging_mixin.py:190} INFO - [2026-01-29T15:55:43.087+0530] {override.py:1930} INFO - Created Permission View: menu access on DAG Run:example_time_delta_sensor_async
[2026-01-29T15:55:43.097+0530] {logging_mixin.py:190} INFO - [2026-01-29T15:55:43.096+0530] {override.py:1930} INFO - Created Permission View: can create on DAG Run:example_time_delta_sensor_async
[2026-01-29T15:55:43.098+0530] {logging_mixin.py:190} INFO - [2026-01-29T15:55:43.098+0530] {dag.py:3239} INFO - Sync 1 DAGs
[2026-01-29T15:55:43.111+0530] {logging_mixin.py:190} INFO - [2026-01-29T15:55:43.110+0530] {dag.py:3262} INFO - Creating ORM DAG for example_time_delta_sensor_async
[2026-01-29T15:55:43.111+0530] {logging_mixin.py:190} INFO - [2026-01-29T15:55:43.111+0530] {dag.py:4180} INFO - Setting next_dagrun for example_time_delta_sensor_async to None, run_after=None
[2026-01-29T15:55:43.133+0530] {processor.py:208} INFO - Processing /home/hp/Desktop/Bigdata_project/BigData-Project/airflow-venv/lib/python3.10/site-packages/airflow/example_dags/example_time_delta_sensor_async.py took 0.230 seconds
[2026-01-29T15:56:46.018+0530] {processor.py:186} INFO - Started process (PID=28584) to work on /home/hp/Desktop/Bigdata_project/BigData-Project/airflow-venv/lib/python3.10/site-packages/airflow/example_dags/example_time_delta_sensor_async.py
[2026-01-29T15:56:46.024+0530] {processor.py:914} INFO - Processing file /home/hp/Desktop/Bigdata_project/BigData-Project/airflow-venv/lib/python3.10/site-packages/airflow/example_dags/example_time_delta_sensor_async.py for tasks to queue
[2026-01-29T15:56:46.027+0530] {logging_mixin.py:190} INFO - [2026-01-29T15:56:46.027+0530] {dagbag.py:588} INFO - Filling up the DagBag from /home/hp/Desktop/Bigdata_project/BigData-Project/airflow-venv/lib/python3.10/site-packages/airflow/example_dags/example_time_delta_sensor_async.py
[2026-01-29T15:56:46.034+0530] {processor.py:925} INFO - DAG(s) 'example_time_delta_sensor_async' retrieved from /home/hp/Desktop/Bigdata_project/BigData-Project/airflow-venv/lib/python3.10/site-packages/airflow/example_dags/example_time_delta_sensor_async.py
[2026-01-29T15:56:46.050+0530] {logging_mixin.py:190} INFO - [2026-01-29T15:56:46.050+0530] {dag.py:3239} INFO - Sync 1 DAGs
[2026-01-29T15:56:46.062+0530] {logging_mixin.py:190} INFO - [2026-01-29T15:56:46.062+0530] {dag.py:4180} INFO - Setting next_dagrun for example_time_delta_sensor_async to None, run_after=None
[2026-01-29T15:56:46.081+0530] {processor.py:208} INFO - Processing /home/hp/Desktop/Bigdata_project/BigData-Project/airflow-venv/lib/python3.10/site-packages/airflow/example_dags/example_time_delta_sensor_async.py took 0.070 seconds
[2026-01-29T16:00:20.998+0530] {processor.py:186} INFO - Started process (PID=29259) to work on /home/hp/Desktop/Bigdata_project/BigData-Project/airflow-venv/lib/python3.10/site-packages/airflow/example_dags/example_time_delta_sensor_async.py
[2026-01-29T16:00:21.005+0530] {processor.py:914} INFO - Processing file /home/hp/Desktop/Bigdata_project/BigData-Project/airflow-venv/lib/python3.10/site-packages/airflow/example_dags/example_time_delta_sensor_async.py for tasks to queue
[2026-01-29T16:00:21.008+0530] {logging_mixin.py:190} INFO - [2026-01-29T16:00:21.008+0530] {dagbag.py:588} INFO - Filling up the DagBag from /home/hp/Desktop/Bigdata_project/BigData-Project/airflow-venv/lib/python3.10/site-packages/airflow/example_dags/example_time_delta_sensor_async.py
[2026-01-29T16:00:21.015+0530] {processor.py:925} INFO - DAG(s) 'example_time_delta_sensor_async' retrieved from /home/hp/Desktop/Bigdata_project/BigData-Project/airflow-venv/lib/python3.10/site-packages/airflow/example_dags/example_time_delta_sensor_async.py
[2026-01-29T16:00:21.034+0530] {logging_mixin.py:190} INFO - [2026-01-29T16:00:21.034+0530] {dag.py:3239} INFO - Sync 1 DAGs
[2026-01-29T16:00:21.047+0530] {logging_mixin.py:190} INFO - [2026-01-29T16:00:21.047+0530] {dag.py:4180} INFO - Setting next_dagrun for example_time_delta_sensor_async to None, run_after=None
[2026-01-29T16:00:21.068+0530] {processor.py:208} INFO - Processing /home/hp/Desktop/Bigdata_project/BigData-Project/airflow-venv/lib/python3.10/site-packages/airflow/example_dags/example_time_delta_sensor_async.py took 0.076 seconds
[2026-01-29T16:01:16.527+0530] {processor.py:186} INFO - Started process (PID=29529) to work on /home/hp/Desktop/Bigdata_project/BigData-Project/airflow-venv/lib/python3.10/site-packages/airflow/example_dags/example_time_delta_sensor_async.py
[2026-01-29T16:01:16.533+0530] {processor.py:914} INFO - Processing file /home/hp/Desktop/Bigdata_project/BigData-Project/airflow-venv/lib/python3.10/site-packages/airflow/example_dags/example_time_delta_sensor_async.py for tasks to queue
[2026-01-29T16:01:16.537+0530] {logging_mixin.py:190} INFO - [2026-01-29T16:01:16.537+0530] {dagbag.py:588} INFO - Filling up the DagBag from /home/hp/Desktop/Bigdata_project/BigData-Project/airflow-venv/lib/python3.10/site-packages/airflow/example_dags/example_time_delta_sensor_async.py
[2026-01-29T16:01:16.545+0530] {processor.py:925} INFO - DAG(s) 'example_time_delta_sensor_async' retrieved from /home/hp/Desktop/Bigdata_project/BigData-Project/airflow-venv/lib/python3.10/site-packages/airflow/example_dags/example_time_delta_sensor_async.py
[2026-01-29T16:01:16.561+0530] {logging_mixin.py:190} INFO - [2026-01-29T16:01:16.560+0530] {dag.py:3239} INFO - Sync 1 DAGs
[2026-01-29T16:01:16.574+0530] {logging_mixin.py:190} INFO - [2026-01-29T16:01:16.574+0530] {dag.py:4180} INFO - Setting next_dagrun for example_time_delta_sensor_async to None, run_after=None
[2026-01-29T16:01:16.595+0530] {processor.py:208} INFO - Processing /home/hp/Desktop/Bigdata_project/BigData-Project/airflow-venv/lib/python3.10/site-packages/airflow/example_dags/example_time_delta_sensor_async.py took 0.076 seconds
[2026-01-29T16:02:09.512+0530] {processor.py:186} INFO - Started process (PID=29732) to work on /home/hp/Desktop/Bigdata_project/BigData-Project/airflow-venv/lib/python3.10/site-packages/airflow/example_dags/example_time_delta_sensor_async.py
[2026-01-29T16:02:09.518+0530] {processor.py:914} INFO - Processing file /home/hp/Desktop/Bigdata_project/BigData-Project/airflow-venv/lib/python3.10/site-packages/airflow/example_dags/example_time_delta_sensor_async.py for tasks to queue
[2026-01-29T16:02:09.521+0530] {logging_mixin.py:190} INFO - [2026-01-29T16:02:09.520+0530] {dagbag.py:588} INFO - Filling up the DagBag from /home/hp/Desktop/Bigdata_project/BigData-Project/airflow-venv/lib/python3.10/site-packages/airflow/example_dags/example_time_delta_sensor_async.py
[2026-01-29T16:02:09.528+0530] {processor.py:925} INFO - DAG(s) 'example_time_delta_sensor_async' retrieved from /home/hp/Desktop/Bigdata_project/BigData-Project/airflow-venv/lib/python3.10/site-packages/airflow/example_dags/example_time_delta_sensor_async.py
[2026-01-29T16:02:09.544+0530] {logging_mixin.py:190} INFO - [2026-01-29T16:02:09.544+0530] {dag.py:3239} INFO - Sync 1 DAGs
[2026-01-29T16:02:09.557+0530] {logging_mixin.py:190} INFO - [2026-01-29T16:02:09.557+0530] {dag.py:4180} INFO - Setting next_dagrun for example_time_delta_sensor_async to None, run_after=None
[2026-01-29T16:02:09.577+0530] {processor.py:208} INFO - Processing /home/hp/Desktop/Bigdata_project/BigData-Project/airflow-venv/lib/python3.10/site-packages/airflow/example_dags/example_time_delta_sensor_async.py took 0.072 seconds
[2026-01-29T16:03:03.077+0530] {processor.py:186} INFO - Started process (PID=29975) to work on /home/hp/Desktop/Bigdata_project/BigData-Project/airflow-venv/lib/python3.10/site-packages/airflow/example_dags/example_time_delta_sensor_async.py
[2026-01-29T16:03:03.084+0530] {processor.py:914} INFO - Processing file /home/hp/Desktop/Bigdata_project/BigData-Project/airflow-venv/lib/python3.10/site-packages/airflow/example_dags/example_time_delta_sensor_async.py for tasks to queue
[2026-01-29T16:03:03.087+0530] {logging_mixin.py:190} INFO - [2026-01-29T16:03:03.086+0530] {dagbag.py:588} INFO - Filling up the DagBag from /home/hp/Desktop/Bigdata_project/BigData-Project/airflow-venv/lib/python3.10/site-packages/airflow/example_dags/example_time_delta_sensor_async.py
[2026-01-29T16:03:03.094+0530] {processor.py:925} INFO - DAG(s) 'example_time_delta_sensor_async' retrieved from /home/hp/Desktop/Bigdata_project/BigData-Project/airflow-venv/lib/python3.10/site-packages/airflow/example_dags/example_time_delta_sensor_async.py
[2026-01-29T16:03:03.110+0530] {logging_mixin.py:190} INFO - [2026-01-29T16:03:03.110+0530] {dag.py:3239} INFO - Sync 1 DAGs
[2026-01-29T16:03:03.123+0530] {logging_mixin.py:190} INFO - [2026-01-29T16:03:03.123+0530] {dag.py:4180} INFO - Setting next_dagrun for example_time_delta_sensor_async to None, run_after=None
[2026-01-29T16:03:03.144+0530] {processor.py:208} INFO - Processing /home/hp/Desktop/Bigdata_project/BigData-Project/airflow-venv/lib/python3.10/site-packages/airflow/example_dags/example_time_delta_sensor_async.py took 0.073 seconds
[2026-01-29T16:03:57.735+0530] {processor.py:186} INFO - Started process (PID=30194) to work on /home/hp/Desktop/Bigdata_project/BigData-Project/airflow-venv/lib/python3.10/site-packages/airflow/example_dags/example_time_delta_sensor_async.py
[2026-01-29T16:03:57.742+0530] {processor.py:914} INFO - Processing file /home/hp/Desktop/Bigdata_project/BigData-Project/airflow-venv/lib/python3.10/site-packages/airflow/example_dags/example_time_delta_sensor_async.py for tasks to queue
[2026-01-29T16:03:57.744+0530] {logging_mixin.py:190} INFO - [2026-01-29T16:03:57.743+0530] {dagbag.py:588} INFO - Filling up the DagBag from /home/hp/Desktop/Bigdata_project/BigData-Project/airflow-venv/lib/python3.10/site-packages/airflow/example_dags/example_time_delta_sensor_async.py
[2026-01-29T16:03:57.751+0530] {processor.py:925} INFO - DAG(s) 'example_time_delta_sensor_async' retrieved from /home/hp/Desktop/Bigdata_project/BigData-Project/airflow-venv/lib/python3.10/site-packages/airflow/example_dags/example_time_delta_sensor_async.py
[2026-01-29T16:03:57.768+0530] {logging_mixin.py:190} INFO - [2026-01-29T16:03:57.767+0530] {dag.py:3239} INFO - Sync 1 DAGs
[2026-01-29T16:03:57.781+0530] {logging_mixin.py:190} INFO - [2026-01-29T16:03:57.781+0530] {dag.py:4180} INFO - Setting next_dagrun for example_time_delta_sensor_async to None, run_after=None
[2026-01-29T16:03:57.801+0530] {processor.py:208} INFO - Processing /home/hp/Desktop/Bigdata_project/BigData-Project/airflow-venv/lib/python3.10/site-packages/airflow/example_dags/example_time_delta_sensor_async.py took 0.073 seconds
[2026-01-29T16:04:54.570+0530] {processor.py:186} INFO - Started process (PID=30432) to work on /home/hp/Desktop/Bigdata_project/BigData-Project/airflow-venv/lib/python3.10/site-packages/airflow/example_dags/example_time_delta_sensor_async.py
[2026-01-29T16:04:54.576+0530] {processor.py:914} INFO - Processing file /home/hp/Desktop/Bigdata_project/BigData-Project/airflow-venv/lib/python3.10/site-packages/airflow/example_dags/example_time_delta_sensor_async.py for tasks to queue
[2026-01-29T16:04:54.579+0530] {logging_mixin.py:190} INFO - [2026-01-29T16:04:54.578+0530] {dagbag.py:588} INFO - Filling up the DagBag from /home/hp/Desktop/Bigdata_project/BigData-Project/airflow-venv/lib/python3.10/site-packages/airflow/example_dags/example_time_delta_sensor_async.py
[2026-01-29T16:04:54.586+0530] {processor.py:925} INFO - DAG(s) 'example_time_delta_sensor_async' retrieved from /home/hp/Desktop/Bigdata_project/BigData-Project/airflow-venv/lib/python3.10/site-packages/airflow/example_dags/example_time_delta_sensor_async.py
[2026-01-29T16:04:54.602+0530] {logging_mixin.py:190} INFO - [2026-01-29T16:04:54.602+0530] {dag.py:3239} INFO - Sync 1 DAGs
[2026-01-29T16:04:54.615+0530] {logging_mixin.py:190} INFO - [2026-01-29T16:04:54.615+0530] {dag.py:4180} INFO - Setting next_dagrun for example_time_delta_sensor_async to None, run_after=None
[2026-01-29T16:04:54.638+0530] {processor.py:208} INFO - Processing /home/hp/Desktop/Bigdata_project/BigData-Project/airflow-venv/lib/python3.10/site-packages/airflow/example_dags/example_time_delta_sensor_async.py took 0.075 seconds
[2026-01-29T16:05:51.247+0530] {processor.py:186} INFO - Started process (PID=30699) to work on /home/hp/Desktop/Bigdata_project/BigData-Project/airflow-venv/lib/python3.10/site-packages/airflow/example_dags/example_time_delta_sensor_async.py
[2026-01-29T16:05:51.253+0530] {processor.py:914} INFO - Processing file /home/hp/Desktop/Bigdata_project/BigData-Project/airflow-venv/lib/python3.10/site-packages/airflow/example_dags/example_time_delta_sensor_async.py for tasks to queue
[2026-01-29T16:05:51.256+0530] {logging_mixin.py:190} INFO - [2026-01-29T16:05:51.256+0530] {dagbag.py:588} INFO - Filling up the DagBag from /home/hp/Desktop/Bigdata_project/BigData-Project/airflow-venv/lib/python3.10/site-packages/airflow/example_dags/example_time_delta_sensor_async.py
[2026-01-29T16:05:51.264+0530] {processor.py:925} INFO - DAG(s) 'example_time_delta_sensor_async' retrieved from /home/hp/Desktop/Bigdata_project/BigData-Project/airflow-venv/lib/python3.10/site-packages/airflow/example_dags/example_time_delta_sensor_async.py
[2026-01-29T16:05:51.280+0530] {logging_mixin.py:190} INFO - [2026-01-29T16:05:51.279+0530] {dag.py:3239} INFO - Sync 1 DAGs
[2026-01-29T16:05:51.293+0530] {logging_mixin.py:190} INFO - [2026-01-29T16:05:51.293+0530] {dag.py:4180} INFO - Setting next_dagrun for example_time_delta_sensor_async to None, run_after=None
[2026-01-29T16:05:51.315+0530] {processor.py:208} INFO - Processing /home/hp/Desktop/Bigdata_project/BigData-Project/airflow-venv/lib/python3.10/site-packages/airflow/example_dags/example_time_delta_sensor_async.py took 0.075 seconds
[2026-01-29T16:06:47.767+0530] {processor.py:186} INFO - Started process (PID=30977) to work on /home/hp/Desktop/Bigdata_project/BigData-Project/airflow-venv/lib/python3.10/site-packages/airflow/example_dags/example_time_delta_sensor_async.py
[2026-01-29T16:06:47.773+0530] {processor.py:914} INFO - Processing file /home/hp/Desktop/Bigdata_project/BigData-Project/airflow-venv/lib/python3.10/site-packages/airflow/example_dags/example_time_delta_sensor_async.py for tasks to queue
[2026-01-29T16:06:47.776+0530] {logging_mixin.py:190} INFO - [2026-01-29T16:06:47.776+0530] {dagbag.py:588} INFO - Filling up the DagBag from /home/hp/Desktop/Bigdata_project/BigData-Project/airflow-venv/lib/python3.10/site-packages/airflow/example_dags/example_time_delta_sensor_async.py
[2026-01-29T16:06:47.784+0530] {processor.py:925} INFO - DAG(s) 'example_time_delta_sensor_async' retrieved from /home/hp/Desktop/Bigdata_project/BigData-Project/airflow-venv/lib/python3.10/site-packages/airflow/example_dags/example_time_delta_sensor_async.py
[2026-01-29T16:06:47.799+0530] {logging_mixin.py:190} INFO - [2026-01-29T16:06:47.799+0530] {dag.py:3239} INFO - Sync 1 DAGs
[2026-01-29T16:06:47.812+0530] {logging_mixin.py:190} INFO - [2026-01-29T16:06:47.812+0530] {dag.py:4180} INFO - Setting next_dagrun for example_time_delta_sensor_async to None, run_after=None
[2026-01-29T16:06:47.832+0530] {processor.py:208} INFO - Processing /home/hp/Desktop/Bigdata_project/BigData-Project/airflow-venv/lib/python3.10/site-packages/airflow/example_dags/example_time_delta_sensor_async.py took 0.072 seconds
[2026-01-29T16:07:45.479+0530] {processor.py:186} INFO - Started process (PID=31240) to work on /home/hp/Desktop/Bigdata_project/BigData-Project/airflow-venv/lib/python3.10/site-packages/airflow/example_dags/example_time_delta_sensor_async.py
[2026-01-29T16:07:45.485+0530] {processor.py:914} INFO - Processing file /home/hp/Desktop/Bigdata_project/BigData-Project/airflow-venv/lib/python3.10/site-packages/airflow/example_dags/example_time_delta_sensor_async.py for tasks to queue
[2026-01-29T16:07:45.487+0530] {logging_mixin.py:190} INFO - [2026-01-29T16:07:45.487+0530] {dagbag.py:588} INFO - Filling up the DagBag from /home/hp/Desktop/Bigdata_project/BigData-Project/airflow-venv/lib/python3.10/site-packages/airflow/example_dags/example_time_delta_sensor_async.py
[2026-01-29T16:07:45.496+0530] {processor.py:925} INFO - DAG(s) 'example_time_delta_sensor_async' retrieved from /home/hp/Desktop/Bigdata_project/BigData-Project/airflow-venv/lib/python3.10/site-packages/airflow/example_dags/example_time_delta_sensor_async.py
[2026-01-29T16:07:45.513+0530] {logging_mixin.py:190} INFO - [2026-01-29T16:07:45.512+0530] {dag.py:3239} INFO - Sync 1 DAGs
[2026-01-29T16:07:45.526+0530] {logging_mixin.py:190} INFO - [2026-01-29T16:07:45.526+0530] {dag.py:4180} INFO - Setting next_dagrun for example_time_delta_sensor_async to None, run_after=None
[2026-01-29T16:07:45.549+0530] {processor.py:208} INFO - Processing /home/hp/Desktop/Bigdata_project/BigData-Project/airflow-venv/lib/python3.10/site-packages/airflow/example_dags/example_time_delta_sensor_async.py took 0.078 seconds
[2026-01-29T16:08:46.775+0530] {processor.py:186} INFO - Started process (PID=31507) to work on /home/hp/Desktop/Bigdata_project/BigData-Project/airflow-venv/lib/python3.10/site-packages/airflow/example_dags/example_time_delta_sensor_async.py
[2026-01-29T16:08:46.781+0530] {processor.py:914} INFO - Processing file /home/hp/Desktop/Bigdata_project/BigData-Project/airflow-venv/lib/python3.10/site-packages/airflow/example_dags/example_time_delta_sensor_async.py for tasks to queue
[2026-01-29T16:08:46.784+0530] {logging_mixin.py:190} INFO - [2026-01-29T16:08:46.783+0530] {dagbag.py:588} INFO - Filling up the DagBag from /home/hp/Desktop/Bigdata_project/BigData-Project/airflow-venv/lib/python3.10/site-packages/airflow/example_dags/example_time_delta_sensor_async.py
[2026-01-29T16:08:46.792+0530] {processor.py:925} INFO - DAG(s) 'example_time_delta_sensor_async' retrieved from /home/hp/Desktop/Bigdata_project/BigData-Project/airflow-venv/lib/python3.10/site-packages/airflow/example_dags/example_time_delta_sensor_async.py
[2026-01-29T16:08:46.890+0530] {logging_mixin.py:190} INFO - [2026-01-29T16:08:46.889+0530] {override.py:1930} INFO - Created Permission View: can edit on DAG:example_time_delta_sensor_async
[2026-01-29T16:08:46.900+0530] {logging_mixin.py:190} INFO - [2026-01-29T16:08:46.900+0530] {override.py:1930} INFO - Created Permission View: can delete on DAG:example_time_delta_sensor_async
[2026-01-29T16:08:46.908+0530] {logging_mixin.py:190} INFO - [2026-01-29T16:08:46.907+0530] {override.py:1930} INFO - Created Permission View: can read on DAG:example_time_delta_sensor_async
[2026-01-29T16:08:46.918+0530] {logging_mixin.py:190} INFO - [2026-01-29T16:08:46.918+0530] {override.py:1930} INFO - Created Permission View: menu access on DAG Run:example_time_delta_sensor_async
[2026-01-29T16:08:46.925+0530] {logging_mixin.py:190} INFO - [2026-01-29T16:08:46.925+0530] {override.py:1930} INFO - Created Permission View: can delete on DAG Run:example_time_delta_sensor_async
[2026-01-29T16:08:46.933+0530] {logging_mixin.py:190} INFO - [2026-01-29T16:08:46.932+0530] {override.py:1930} INFO - Created Permission View: can create on DAG Run:example_time_delta_sensor_async
[2026-01-29T16:08:46.940+0530] {logging_mixin.py:190} INFO - [2026-01-29T16:08:46.940+0530] {override.py:1930} INFO - Created Permission View: can read on DAG Run:example_time_delta_sensor_async
[2026-01-29T16:08:46.940+0530] {logging_mixin.py:190} INFO - [2026-01-29T16:08:46.940+0530] {dag.py:3239} INFO - Sync 1 DAGs
[2026-01-29T16:08:46.952+0530] {logging_mixin.py:190} INFO - [2026-01-29T16:08:46.952+0530] {dag.py:3262} INFO - Creating ORM DAG for example_time_delta_sensor_async
[2026-01-29T16:08:46.953+0530] {logging_mixin.py:190} INFO - [2026-01-29T16:08:46.952+0530] {dag.py:4180} INFO - Setting next_dagrun for example_time_delta_sensor_async to None, run_after=None
[2026-01-29T16:08:47.086+0530] {processor.py:208} INFO - Processing /home/hp/Desktop/Bigdata_project/BigData-Project/airflow-venv/lib/python3.10/site-packages/airflow/example_dags/example_time_delta_sensor_async.py took 0.318 seconds
