[2026-01-29T15:55:24.959+0530] {processor.py:186} INFO - Started process (PID=28258) to work on /home/hp/Desktop/Bigdata_project/BigData-Project/airflow-venv/lib/python3.10/site-packages/airflow/example_dags/example_xcom.py
[2026-01-29T15:55:24.960+0530] {processor.py:914} INFO - Processing file /home/hp/Desktop/Bigdata_project/BigData-Project/airflow-venv/lib/python3.10/site-packages/airflow/example_dags/example_xcom.py for tasks to queue
[2026-01-29T15:55:24.963+0530] {logging_mixin.py:190} INFO - [2026-01-29T15:55:24.962+0530] {dagbag.py:588} INFO - Filling up the DagBag from /home/hp/Desktop/Bigdata_project/BigData-Project/airflow-venv/lib/python3.10/site-packages/airflow/example_dags/example_xcom.py
[2026-01-29T15:55:24.975+0530] {processor.py:925} INFO - DAG(s) 'example_xcom' retrieved from /home/hp/Desktop/Bigdata_project/BigData-Project/airflow-venv/lib/python3.10/site-packages/airflow/example_dags/example_xcom.py
[2026-01-29T15:55:25.093+0530] {logging_mixin.py:190} INFO - [2026-01-29T15:55:25.092+0530] {override.py:1930} INFO - Created Permission View: can edit on DAG:example_xcom
[2026-01-29T15:55:25.105+0530] {logging_mixin.py:190} INFO - [2026-01-29T15:55:25.104+0530] {override.py:1930} INFO - Created Permission View: can delete on DAG:example_xcom
[2026-01-29T15:55:25.113+0530] {logging_mixin.py:190} INFO - [2026-01-29T15:55:25.112+0530] {override.py:1930} INFO - Created Permission View: can read on DAG:example_xcom
[2026-01-29T15:55:25.125+0530] {logging_mixin.py:190} INFO - [2026-01-29T15:55:25.124+0530] {override.py:1930} INFO - Created Permission View: can delete on DAG Run:example_xcom
[2026-01-29T15:55:25.134+0530] {logging_mixin.py:190} INFO - [2026-01-29T15:55:25.133+0530] {override.py:1930} INFO - Created Permission View: can read on DAG Run:example_xcom
[2026-01-29T15:55:25.142+0530] {logging_mixin.py:190} INFO - [2026-01-29T15:55:25.142+0530] {override.py:1930} INFO - Created Permission View: menu access on DAG Run:example_xcom
[2026-01-29T15:55:25.150+0530] {logging_mixin.py:190} INFO - [2026-01-29T15:55:25.150+0530] {override.py:1930} INFO - Created Permission View: can create on DAG Run:example_xcom
[2026-01-29T15:55:25.151+0530] {logging_mixin.py:190} INFO - [2026-01-29T15:55:25.150+0530] {dag.py:3239} INFO - Sync 1 DAGs
[2026-01-29T15:55:25.163+0530] {logging_mixin.py:190} INFO - [2026-01-29T15:55:25.163+0530] {dag.py:3262} INFO - Creating ORM DAG for example_xcom
[2026-01-29T15:55:25.172+0530] {logging_mixin.py:190} INFO - [2026-01-29T15:55:25.172+0530] {dag.py:4180} INFO - Setting next_dagrun for example_xcom to 2021-01-01 00:00:00+00:00, run_after=2021-01-01 00:00:00+00:00
[2026-01-29T15:55:25.192+0530] {processor.py:208} INFO - Processing /home/hp/Desktop/Bigdata_project/BigData-Project/airflow-venv/lib/python3.10/site-packages/airflow/example_dags/example_xcom.py took 0.241 seconds
[2026-01-29T15:56:30.448+0530] {processor.py:186} INFO - Started process (PID=28531) to work on /home/hp/Desktop/Bigdata_project/BigData-Project/airflow-venv/lib/python3.10/site-packages/airflow/example_dags/example_xcom.py
[2026-01-29T15:56:30.454+0530] {processor.py:914} INFO - Processing file /home/hp/Desktop/Bigdata_project/BigData-Project/airflow-venv/lib/python3.10/site-packages/airflow/example_dags/example_xcom.py for tasks to queue
[2026-01-29T15:56:30.457+0530] {logging_mixin.py:190} INFO - [2026-01-29T15:56:30.456+0530] {dagbag.py:588} INFO - Filling up the DagBag from /home/hp/Desktop/Bigdata_project/BigData-Project/airflow-venv/lib/python3.10/site-packages/airflow/example_dags/example_xcom.py
[2026-01-29T15:56:30.467+0530] {processor.py:925} INFO - DAG(s) 'example_xcom' retrieved from /home/hp/Desktop/Bigdata_project/BigData-Project/airflow-venv/lib/python3.10/site-packages/airflow/example_dags/example_xcom.py
[2026-01-29T15:56:30.486+0530] {logging_mixin.py:190} INFO - [2026-01-29T15:56:30.485+0530] {dag.py:3239} INFO - Sync 1 DAGs
[2026-01-29T15:56:30.505+0530] {logging_mixin.py:190} INFO - [2026-01-29T15:56:30.505+0530] {dag.py:4180} INFO - Setting next_dagrun for example_xcom to 2021-01-01 00:00:00+00:00, run_after=2021-01-01 00:00:00+00:00
[2026-01-29T15:56:30.525+0530] {processor.py:208} INFO - Processing /home/hp/Desktop/Bigdata_project/BigData-Project/airflow-venv/lib/python3.10/site-packages/airflow/example_dags/example_xcom.py took 0.085 seconds
[2026-01-29T15:57:28.585+0530] {processor.py:186} INFO - Started process (PID=28721) to work on /home/hp/Desktop/Bigdata_project/BigData-Project/airflow-venv/lib/python3.10/site-packages/airflow/example_dags/example_xcom.py
[2026-01-29T15:57:28.591+0530] {processor.py:914} INFO - Processing file /home/hp/Desktop/Bigdata_project/BigData-Project/airflow-venv/lib/python3.10/site-packages/airflow/example_dags/example_xcom.py for tasks to queue
[2026-01-29T15:57:28.594+0530] {logging_mixin.py:190} INFO - [2026-01-29T15:57:28.593+0530] {dagbag.py:588} INFO - Filling up the DagBag from /home/hp/Desktop/Bigdata_project/BigData-Project/airflow-venv/lib/python3.10/site-packages/airflow/example_dags/example_xcom.py
[2026-01-29T15:57:28.604+0530] {processor.py:925} INFO - DAG(s) 'example_xcom' retrieved from /home/hp/Desktop/Bigdata_project/BigData-Project/airflow-venv/lib/python3.10/site-packages/airflow/example_dags/example_xcom.py
[2026-01-29T15:57:28.622+0530] {logging_mixin.py:190} INFO - [2026-01-29T15:57:28.622+0530] {dag.py:3239} INFO - Sync 1 DAGs
[2026-01-29T15:57:28.643+0530] {logging_mixin.py:190} INFO - [2026-01-29T15:57:28.642+0530] {dag.py:4180} INFO - Setting next_dagrun for example_xcom to 2021-01-01 00:00:00+00:00, run_after=2021-01-01 00:00:00+00:00
[2026-01-29T15:57:28.663+0530] {processor.py:208} INFO - Processing /home/hp/Desktop/Bigdata_project/BigData-Project/airflow-venv/lib/python3.10/site-packages/airflow/example_dags/example_xcom.py took 0.085 seconds
[2026-01-29T16:00:05.727+0530] {processor.py:186} INFO - Started process (PID=29085) to work on /home/hp/Desktop/Bigdata_project/BigData-Project/airflow-venv/lib/python3.10/site-packages/airflow/example_dags/example_xcom.py
[2026-01-29T16:00:05.734+0530] {processor.py:914} INFO - Processing file /home/hp/Desktop/Bigdata_project/BigData-Project/airflow-venv/lib/python3.10/site-packages/airflow/example_dags/example_xcom.py for tasks to queue
[2026-01-29T16:00:05.737+0530] {logging_mixin.py:190} INFO - [2026-01-29T16:00:05.736+0530] {dagbag.py:588} INFO - Filling up the DagBag from /home/hp/Desktop/Bigdata_project/BigData-Project/airflow-venv/lib/python3.10/site-packages/airflow/example_dags/example_xcom.py
[2026-01-29T16:00:05.747+0530] {processor.py:925} INFO - DAG(s) 'example_xcom' retrieved from /home/hp/Desktop/Bigdata_project/BigData-Project/airflow-venv/lib/python3.10/site-packages/airflow/example_dags/example_xcom.py
[2026-01-29T16:00:05.772+0530] {logging_mixin.py:190} INFO - [2026-01-29T16:00:05.772+0530] {dag.py:3239} INFO - Sync 1 DAGs
[2026-01-29T16:00:05.791+0530] {logging_mixin.py:190} INFO - [2026-01-29T16:00:05.791+0530] {dag.py:4180} INFO - Setting next_dagrun for example_xcom to 2021-01-01 00:00:00+00:00, run_after=2021-01-01 00:00:00+00:00
[2026-01-29T16:00:05.811+0530] {processor.py:208} INFO - Processing /home/hp/Desktop/Bigdata_project/BigData-Project/airflow-venv/lib/python3.10/site-packages/airflow/example_dags/example_xcom.py took 0.091 seconds
[2026-01-29T16:00:59.962+0530] {processor.py:186} INFO - Started process (PID=29457) to work on /home/hp/Desktop/Bigdata_project/BigData-Project/airflow-venv/lib/python3.10/site-packages/airflow/example_dags/example_xcom.py
[2026-01-29T16:00:59.968+0530] {processor.py:914} INFO - Processing file /home/hp/Desktop/Bigdata_project/BigData-Project/airflow-venv/lib/python3.10/site-packages/airflow/example_dags/example_xcom.py for tasks to queue
[2026-01-29T16:00:59.972+0530] {logging_mixin.py:190} INFO - [2026-01-29T16:00:59.971+0530] {dagbag.py:588} INFO - Filling up the DagBag from /home/hp/Desktop/Bigdata_project/BigData-Project/airflow-venv/lib/python3.10/site-packages/airflow/example_dags/example_xcom.py
[2026-01-29T16:00:59.983+0530] {processor.py:925} INFO - DAG(s) 'example_xcom' retrieved from /home/hp/Desktop/Bigdata_project/BigData-Project/airflow-venv/lib/python3.10/site-packages/airflow/example_dags/example_xcom.py
[2026-01-29T16:01:00.001+0530] {logging_mixin.py:190} INFO - [2026-01-29T16:01:00.001+0530] {dag.py:3239} INFO - Sync 1 DAGs
[2026-01-29T16:01:00.023+0530] {logging_mixin.py:190} INFO - [2026-01-29T16:01:00.023+0530] {dag.py:4180} INFO - Setting next_dagrun for example_xcom to 2021-01-01 00:00:00+00:00, run_after=2021-01-01 00:00:00+00:00
[2026-01-29T16:01:00.044+0530] {processor.py:208} INFO - Processing /home/hp/Desktop/Bigdata_project/BigData-Project/airflow-venv/lib/python3.10/site-packages/airflow/example_dags/example_xcom.py took 0.089 seconds
[2026-01-29T16:01:55.130+0530] {processor.py:186} INFO - Started process (PID=29682) to work on /home/hp/Desktop/Bigdata_project/BigData-Project/airflow-venv/lib/python3.10/site-packages/airflow/example_dags/example_xcom.py
[2026-01-29T16:01:55.137+0530] {processor.py:914} INFO - Processing file /home/hp/Desktop/Bigdata_project/BigData-Project/airflow-venv/lib/python3.10/site-packages/airflow/example_dags/example_xcom.py for tasks to queue
[2026-01-29T16:01:55.139+0530] {logging_mixin.py:190} INFO - [2026-01-29T16:01:55.139+0530] {dagbag.py:588} INFO - Filling up the DagBag from /home/hp/Desktop/Bigdata_project/BigData-Project/airflow-venv/lib/python3.10/site-packages/airflow/example_dags/example_xcom.py
[2026-01-29T16:01:55.149+0530] {processor.py:925} INFO - DAG(s) 'example_xcom' retrieved from /home/hp/Desktop/Bigdata_project/BigData-Project/airflow-venv/lib/python3.10/site-packages/airflow/example_dags/example_xcom.py
[2026-01-29T16:01:55.167+0530] {logging_mixin.py:190} INFO - [2026-01-29T16:01:55.166+0530] {dag.py:3239} INFO - Sync 1 DAGs
[2026-01-29T16:01:55.187+0530] {logging_mixin.py:190} INFO - [2026-01-29T16:01:55.186+0530] {dag.py:4180} INFO - Setting next_dagrun for example_xcom to 2021-01-01 00:00:00+00:00, run_after=2021-01-01 00:00:00+00:00
[2026-01-29T16:01:55.208+0530] {processor.py:208} INFO - Processing /home/hp/Desktop/Bigdata_project/BigData-Project/airflow-venv/lib/python3.10/site-packages/airflow/example_dags/example_xcom.py took 0.084 seconds
[2026-01-29T16:02:48.670+0530] {processor.py:186} INFO - Started process (PID=29914) to work on /home/hp/Desktop/Bigdata_project/BigData-Project/airflow-venv/lib/python3.10/site-packages/airflow/example_dags/example_xcom.py
[2026-01-29T16:02:48.676+0530] {processor.py:914} INFO - Processing file /home/hp/Desktop/Bigdata_project/BigData-Project/airflow-venv/lib/python3.10/site-packages/airflow/example_dags/example_xcom.py for tasks to queue
[2026-01-29T16:02:48.679+0530] {logging_mixin.py:190} INFO - [2026-01-29T16:02:48.679+0530] {dagbag.py:588} INFO - Filling up the DagBag from /home/hp/Desktop/Bigdata_project/BigData-Project/airflow-venv/lib/python3.10/site-packages/airflow/example_dags/example_xcom.py
[2026-01-29T16:02:48.689+0530] {processor.py:925} INFO - DAG(s) 'example_xcom' retrieved from /home/hp/Desktop/Bigdata_project/BigData-Project/airflow-venv/lib/python3.10/site-packages/airflow/example_dags/example_xcom.py
[2026-01-29T16:02:48.706+0530] {logging_mixin.py:190} INFO - [2026-01-29T16:02:48.706+0530] {dag.py:3239} INFO - Sync 1 DAGs
[2026-01-29T16:02:48.726+0530] {logging_mixin.py:190} INFO - [2026-01-29T16:02:48.725+0530] {dag.py:4180} INFO - Setting next_dagrun for example_xcom to 2021-01-01 00:00:00+00:00, run_after=2021-01-01 00:00:00+00:00
[2026-01-29T16:02:48.745+0530] {processor.py:208} INFO - Processing /home/hp/Desktop/Bigdata_project/BigData-Project/airflow-venv/lib/python3.10/site-packages/airflow/example_dags/example_xcom.py took 0.082 seconds
[2026-01-29T16:03:42.282+0530] {processor.py:186} INFO - Started process (PID=30128) to work on /home/hp/Desktop/Bigdata_project/BigData-Project/airflow-venv/lib/python3.10/site-packages/airflow/example_dags/example_xcom.py
[2026-01-29T16:03:42.288+0530] {processor.py:914} INFO - Processing file /home/hp/Desktop/Bigdata_project/BigData-Project/airflow-venv/lib/python3.10/site-packages/airflow/example_dags/example_xcom.py for tasks to queue
[2026-01-29T16:03:42.290+0530] {logging_mixin.py:190} INFO - [2026-01-29T16:03:42.290+0530] {dagbag.py:588} INFO - Filling up the DagBag from /home/hp/Desktop/Bigdata_project/BigData-Project/airflow-venv/lib/python3.10/site-packages/airflow/example_dags/example_xcom.py
[2026-01-29T16:03:42.301+0530] {processor.py:925} INFO - DAG(s) 'example_xcom' retrieved from /home/hp/Desktop/Bigdata_project/BigData-Project/airflow-venv/lib/python3.10/site-packages/airflow/example_dags/example_xcom.py
[2026-01-29T16:03:42.319+0530] {logging_mixin.py:190} INFO - [2026-01-29T16:03:42.318+0530] {dag.py:3239} INFO - Sync 1 DAGs
[2026-01-29T16:03:42.339+0530] {logging_mixin.py:190} INFO - [2026-01-29T16:03:42.339+0530] {dag.py:4180} INFO - Setting next_dagrun for example_xcom to 2021-01-01 00:00:00+00:00, run_after=2021-01-01 00:00:00+00:00
[2026-01-29T16:03:42.362+0530] {processor.py:208} INFO - Processing /home/hp/Desktop/Bigdata_project/BigData-Project/airflow-venv/lib/python3.10/site-packages/airflow/example_dags/example_xcom.py took 0.087 seconds
[2026-01-29T16:04:38.532+0530] {processor.py:186} INFO - Started process (PID=30347) to work on /home/hp/Desktop/Bigdata_project/BigData-Project/airflow-venv/lib/python3.10/site-packages/airflow/example_dags/example_xcom.py
[2026-01-29T16:04:38.539+0530] {processor.py:914} INFO - Processing file /home/hp/Desktop/Bigdata_project/BigData-Project/airflow-venv/lib/python3.10/site-packages/airflow/example_dags/example_xcom.py for tasks to queue
[2026-01-29T16:04:38.542+0530] {logging_mixin.py:190} INFO - [2026-01-29T16:04:38.542+0530] {dagbag.py:588} INFO - Filling up the DagBag from /home/hp/Desktop/Bigdata_project/BigData-Project/airflow-venv/lib/python3.10/site-packages/airflow/example_dags/example_xcom.py
[2026-01-29T16:04:38.552+0530] {processor.py:925} INFO - DAG(s) 'example_xcom' retrieved from /home/hp/Desktop/Bigdata_project/BigData-Project/airflow-venv/lib/python3.10/site-packages/airflow/example_dags/example_xcom.py
[2026-01-29T16:04:38.570+0530] {logging_mixin.py:190} INFO - [2026-01-29T16:04:38.570+0530] {dag.py:3239} INFO - Sync 1 DAGs
[2026-01-29T16:04:38.590+0530] {logging_mixin.py:190} INFO - [2026-01-29T16:04:38.590+0530] {dag.py:4180} INFO - Setting next_dagrun for example_xcom to 2021-01-01 00:00:00+00:00, run_after=2021-01-01 00:00:00+00:00
[2026-01-29T16:04:38.611+0530] {processor.py:208} INFO - Processing /home/hp/Desktop/Bigdata_project/BigData-Project/airflow-venv/lib/python3.10/site-packages/airflow/example_dags/example_xcom.py took 0.085 seconds
[2026-01-29T16:05:34.636+0530] {processor.py:186} INFO - Started process (PID=30629) to work on /home/hp/Desktop/Bigdata_project/BigData-Project/airflow-venv/lib/python3.10/site-packages/airflow/example_dags/example_xcom.py
[2026-01-29T16:05:34.642+0530] {processor.py:914} INFO - Processing file /home/hp/Desktop/Bigdata_project/BigData-Project/airflow-venv/lib/python3.10/site-packages/airflow/example_dags/example_xcom.py for tasks to queue
[2026-01-29T16:05:34.645+0530] {logging_mixin.py:190} INFO - [2026-01-29T16:05:34.645+0530] {dagbag.py:588} INFO - Filling up the DagBag from /home/hp/Desktop/Bigdata_project/BigData-Project/airflow-venv/lib/python3.10/site-packages/airflow/example_dags/example_xcom.py
[2026-01-29T16:05:34.655+0530] {processor.py:925} INFO - DAG(s) 'example_xcom' retrieved from /home/hp/Desktop/Bigdata_project/BigData-Project/airflow-venv/lib/python3.10/site-packages/airflow/example_dags/example_xcom.py
[2026-01-29T16:05:34.674+0530] {logging_mixin.py:190} INFO - [2026-01-29T16:05:34.673+0530] {dag.py:3239} INFO - Sync 1 DAGs
[2026-01-29T16:05:34.694+0530] {logging_mixin.py:190} INFO - [2026-01-29T16:05:34.693+0530] {dag.py:4180} INFO - Setting next_dagrun for example_xcom to 2021-01-01 00:00:00+00:00, run_after=2021-01-01 00:00:00+00:00
[2026-01-29T16:05:34.715+0530] {processor.py:208} INFO - Processing /home/hp/Desktop/Bigdata_project/BigData-Project/airflow-venv/lib/python3.10/site-packages/airflow/example_dags/example_xcom.py took 0.086 seconds
[2026-01-29T16:06:31.460+0530] {processor.py:186} INFO - Started process (PID=30900) to work on /home/hp/Desktop/Bigdata_project/BigData-Project/airflow-venv/lib/python3.10/site-packages/airflow/example_dags/example_xcom.py
[2026-01-29T16:06:31.466+0530] {processor.py:914} INFO - Processing file /home/hp/Desktop/Bigdata_project/BigData-Project/airflow-venv/lib/python3.10/site-packages/airflow/example_dags/example_xcom.py for tasks to queue
[2026-01-29T16:06:31.469+0530] {logging_mixin.py:190} INFO - [2026-01-29T16:06:31.469+0530] {dagbag.py:588} INFO - Filling up the DagBag from /home/hp/Desktop/Bigdata_project/BigData-Project/airflow-venv/lib/python3.10/site-packages/airflow/example_dags/example_xcom.py
[2026-01-29T16:06:31.479+0530] {processor.py:925} INFO - DAG(s) 'example_xcom' retrieved from /home/hp/Desktop/Bigdata_project/BigData-Project/airflow-venv/lib/python3.10/site-packages/airflow/example_dags/example_xcom.py
[2026-01-29T16:06:31.497+0530] {logging_mixin.py:190} INFO - [2026-01-29T16:06:31.496+0530] {dag.py:3239} INFO - Sync 1 DAGs
[2026-01-29T16:06:31.517+0530] {logging_mixin.py:190} INFO - [2026-01-29T16:06:31.516+0530] {dag.py:4180} INFO - Setting next_dagrun for example_xcom to 2021-01-01 00:00:00+00:00, run_after=2021-01-01 00:00:00+00:00
[2026-01-29T16:06:31.537+0530] {processor.py:208} INFO - Processing /home/hp/Desktop/Bigdata_project/BigData-Project/airflow-venv/lib/python3.10/site-packages/airflow/example_dags/example_xcom.py took 0.084 seconds
[2026-01-29T16:07:29.184+0530] {processor.py:186} INFO - Started process (PID=31174) to work on /home/hp/Desktop/Bigdata_project/BigData-Project/airflow-venv/lib/python3.10/site-packages/airflow/example_dags/example_xcom.py
[2026-01-29T16:07:29.191+0530] {processor.py:914} INFO - Processing file /home/hp/Desktop/Bigdata_project/BigData-Project/airflow-venv/lib/python3.10/site-packages/airflow/example_dags/example_xcom.py for tasks to queue
[2026-01-29T16:07:29.194+0530] {logging_mixin.py:190} INFO - [2026-01-29T16:07:29.193+0530] {dagbag.py:588} INFO - Filling up the DagBag from /home/hp/Desktop/Bigdata_project/BigData-Project/airflow-venv/lib/python3.10/site-packages/airflow/example_dags/example_xcom.py
[2026-01-29T16:07:29.204+0530] {processor.py:925} INFO - DAG(s) 'example_xcom' retrieved from /home/hp/Desktop/Bigdata_project/BigData-Project/airflow-venv/lib/python3.10/site-packages/airflow/example_dags/example_xcom.py
[2026-01-29T16:07:29.222+0530] {logging_mixin.py:190} INFO - [2026-01-29T16:07:29.221+0530] {dag.py:3239} INFO - Sync 1 DAGs
[2026-01-29T16:07:29.241+0530] {logging_mixin.py:190} INFO - [2026-01-29T16:07:29.241+0530] {dag.py:4180} INFO - Setting next_dagrun for example_xcom to 2021-01-01 00:00:00+00:00, run_after=2021-01-01 00:00:00+00:00
[2026-01-29T16:07:29.262+0530] {processor.py:208} INFO - Processing /home/hp/Desktop/Bigdata_project/BigData-Project/airflow-venv/lib/python3.10/site-packages/airflow/example_dags/example_xcom.py took 0.085 seconds
[2026-01-29T16:08:27.325+0530] {processor.py:186} INFO - Started process (PID=31405) to work on /home/hp/Desktop/Bigdata_project/BigData-Project/airflow-venv/lib/python3.10/site-packages/airflow/example_dags/example_xcom.py
[2026-01-29T16:08:27.331+0530] {processor.py:914} INFO - Processing file /home/hp/Desktop/Bigdata_project/BigData-Project/airflow-venv/lib/python3.10/site-packages/airflow/example_dags/example_xcom.py for tasks to queue
[2026-01-29T16:08:27.333+0530] {logging_mixin.py:190} INFO - [2026-01-29T16:08:27.333+0530] {dagbag.py:588} INFO - Filling up the DagBag from /home/hp/Desktop/Bigdata_project/BigData-Project/airflow-venv/lib/python3.10/site-packages/airflow/example_dags/example_xcom.py
[2026-01-29T16:08:27.343+0530] {processor.py:925} INFO - DAG(s) 'example_xcom' retrieved from /home/hp/Desktop/Bigdata_project/BigData-Project/airflow-venv/lib/python3.10/site-packages/airflow/example_dags/example_xcom.py
[2026-01-29T16:08:27.361+0530] {logging_mixin.py:190} INFO - [2026-01-29T16:08:27.361+0530] {dag.py:3239} INFO - Sync 1 DAGs
[2026-01-29T16:08:27.382+0530] {logging_mixin.py:190} INFO - [2026-01-29T16:08:27.382+0530] {dag.py:4180} INFO - Setting next_dagrun for example_xcom to 2021-01-01 00:00:00+00:00, run_after=2021-01-01 00:00:00+00:00
[2026-01-29T16:08:27.405+0530] {processor.py:208} INFO - Processing /home/hp/Desktop/Bigdata_project/BigData-Project/airflow-venv/lib/python3.10/site-packages/airflow/example_dags/example_xcom.py took 0.087 seconds
[2026-01-29T16:09:42.626+0530] {processor.py:186} INFO - Started process (PID=31823) to work on /home/hp/Desktop/Bigdata_project/BigData-Project/airflow-venv/lib/python3.10/site-packages/airflow/example_dags/example_xcom.py
[2026-01-29T16:09:42.632+0530] {processor.py:914} INFO - Processing file /home/hp/Desktop/Bigdata_project/BigData-Project/airflow-venv/lib/python3.10/site-packages/airflow/example_dags/example_xcom.py for tasks to queue
[2026-01-29T16:09:42.635+0530] {logging_mixin.py:190} INFO - [2026-01-29T16:09:42.634+0530] {dagbag.py:588} INFO - Filling up the DagBag from /home/hp/Desktop/Bigdata_project/BigData-Project/airflow-venv/lib/python3.10/site-packages/airflow/example_dags/example_xcom.py
[2026-01-29T16:09:42.645+0530] {processor.py:925} INFO - DAG(s) 'example_xcom' retrieved from /home/hp/Desktop/Bigdata_project/BigData-Project/airflow-venv/lib/python3.10/site-packages/airflow/example_dags/example_xcom.py
[2026-01-29T16:09:42.740+0530] {logging_mixin.py:190} INFO - [2026-01-29T16:09:42.739+0530] {override.py:1930} INFO - Created Permission View: can edit on DAG:example_xcom
[2026-01-29T16:09:42.750+0530] {logging_mixin.py:190} INFO - [2026-01-29T16:09:42.750+0530] {override.py:1930} INFO - Created Permission View: can delete on DAG:example_xcom
[2026-01-29T16:09:42.758+0530] {logging_mixin.py:190} INFO - [2026-01-29T16:09:42.757+0530] {override.py:1930} INFO - Created Permission View: can read on DAG:example_xcom
[2026-01-29T16:09:42.769+0530] {logging_mixin.py:190} INFO - [2026-01-29T16:09:42.769+0530] {override.py:1930} INFO - Created Permission View: menu access on DAG Run:example_xcom
[2026-01-29T16:09:42.776+0530] {logging_mixin.py:190} INFO - [2026-01-29T16:09:42.776+0530] {override.py:1930} INFO - Created Permission View: can delete on DAG Run:example_xcom
[2026-01-29T16:09:42.783+0530] {logging_mixin.py:190} INFO - [2026-01-29T16:09:42.783+0530] {override.py:1930} INFO - Created Permission View: can create on DAG Run:example_xcom
[2026-01-29T16:09:42.790+0530] {logging_mixin.py:190} INFO - [2026-01-29T16:09:42.790+0530] {override.py:1930} INFO - Created Permission View: can read on DAG Run:example_xcom
[2026-01-29T16:09:42.791+0530] {logging_mixin.py:190} INFO - [2026-01-29T16:09:42.791+0530] {dag.py:3239} INFO - Sync 1 DAGs
[2026-01-29T16:09:42.802+0530] {logging_mixin.py:190} INFO - [2026-01-29T16:09:42.802+0530] {dag.py:3262} INFO - Creating ORM DAG for example_xcom
[2026-01-29T16:09:42.810+0530] {logging_mixin.py:190} INFO - [2026-01-29T16:09:42.810+0530] {dag.py:4180} INFO - Setting next_dagrun for example_xcom to 2021-01-01 00:00:00+00:00, run_after=2021-01-01 00:00:00+00:00
[2026-01-29T16:09:42.952+0530] {processor.py:208} INFO - Processing /home/hp/Desktop/Bigdata_project/BigData-Project/airflow-venv/lib/python3.10/site-packages/airflow/example_dags/example_xcom.py took 0.333 seconds
