[2026-01-29T15:55:19.088+0530] {processor.py:186} INFO - Started process (PID=28232) to work on /home/hp/Desktop/Bigdata_project/BigData-Project/airflow-venv/lib/python3.10/site-packages/airflow/example_dags/tutorial_taskflow_templates.py
[2026-01-29T15:55:19.089+0530] {processor.py:914} INFO - Processing file /home/hp/Desktop/Bigdata_project/BigData-Project/airflow-venv/lib/python3.10/site-packages/airflow/example_dags/tutorial_taskflow_templates.py for tasks to queue
[2026-01-29T15:55:19.092+0530] {logging_mixin.py:190} INFO - [2026-01-29T15:55:19.092+0530] {dagbag.py:588} INFO - Filling up the DagBag from /home/hp/Desktop/Bigdata_project/BigData-Project/airflow-venv/lib/python3.10/site-packages/airflow/example_dags/tutorial_taskflow_templates.py
[2026-01-29T15:55:19.109+0530] {processor.py:925} INFO - DAG(s) 'tutorial_taskflow_templates' retrieved from /home/hp/Desktop/Bigdata_project/BigData-Project/airflow-venv/lib/python3.10/site-packages/airflow/example_dags/tutorial_taskflow_templates.py
[2026-01-29T15:55:19.225+0530] {logging_mixin.py:190} INFO - [2026-01-29T15:55:19.224+0530] {override.py:1930} INFO - Created Permission View: can edit on DAG:tutorial_taskflow_templates
[2026-01-29T15:55:19.237+0530] {logging_mixin.py:190} INFO - [2026-01-29T15:55:19.236+0530] {override.py:1930} INFO - Created Permission View: can delete on DAG:tutorial_taskflow_templates
[2026-01-29T15:55:19.245+0530] {logging_mixin.py:190} INFO - [2026-01-29T15:55:19.245+0530] {override.py:1930} INFO - Created Permission View: can read on DAG:tutorial_taskflow_templates
[2026-01-29T15:55:19.257+0530] {logging_mixin.py:190} INFO - [2026-01-29T15:55:19.257+0530] {override.py:1930} INFO - Created Permission View: can delete on DAG Run:tutorial_taskflow_templates
[2026-01-29T15:55:19.265+0530] {logging_mixin.py:190} INFO - [2026-01-29T15:55:19.265+0530] {override.py:1930} INFO - Created Permission View: can read on DAG Run:tutorial_taskflow_templates
[2026-01-29T15:55:19.275+0530] {logging_mixin.py:190} INFO - [2026-01-29T15:55:19.275+0530] {override.py:1930} INFO - Created Permission View: menu access on DAG Run:tutorial_taskflow_templates
[2026-01-29T15:55:19.283+0530] {logging_mixin.py:190} INFO - [2026-01-29T15:55:19.283+0530] {override.py:1930} INFO - Created Permission View: can create on DAG Run:tutorial_taskflow_templates
[2026-01-29T15:55:19.284+0530] {logging_mixin.py:190} INFO - [2026-01-29T15:55:19.284+0530] {dag.py:3239} INFO - Sync 1 DAGs
[2026-01-29T15:55:19.297+0530] {logging_mixin.py:190} INFO - [2026-01-29T15:55:19.296+0530] {dag.py:3262} INFO - Creating ORM DAG for tutorial_taskflow_templates
[2026-01-29T15:55:19.307+0530] {logging_mixin.py:190} INFO - [2026-01-29T15:55:19.307+0530] {dag.py:4180} INFO - Setting next_dagrun for tutorial_taskflow_templates to 2026-01-28 00:00:00+00:00, run_after=2026-01-29 00:00:00+00:00
[2026-01-29T15:55:19.327+0530] {processor.py:208} INFO - Processing /home/hp/Desktop/Bigdata_project/BigData-Project/airflow-venv/lib/python3.10/site-packages/airflow/example_dags/tutorial_taskflow_templates.py took 0.247 seconds
[2026-01-29T15:56:25.287+0530] {processor.py:186} INFO - Started process (PID=28520) to work on /home/hp/Desktop/Bigdata_project/BigData-Project/airflow-venv/lib/python3.10/site-packages/airflow/example_dags/tutorial_taskflow_templates.py
[2026-01-29T15:56:25.289+0530] {processor.py:914} INFO - Processing file /home/hp/Desktop/Bigdata_project/BigData-Project/airflow-venv/lib/python3.10/site-packages/airflow/example_dags/tutorial_taskflow_templates.py for tasks to queue
[2026-01-29T15:56:25.291+0530] {logging_mixin.py:190} INFO - [2026-01-29T15:56:25.290+0530] {dagbag.py:588} INFO - Filling up the DagBag from /home/hp/Desktop/Bigdata_project/BigData-Project/airflow-venv/lib/python3.10/site-packages/airflow/example_dags/tutorial_taskflow_templates.py
[2026-01-29T15:56:25.306+0530] {processor.py:925} INFO - DAG(s) 'tutorial_taskflow_templates' retrieved from /home/hp/Desktop/Bigdata_project/BigData-Project/airflow-venv/lib/python3.10/site-packages/airflow/example_dags/tutorial_taskflow_templates.py
[2026-01-29T15:56:25.323+0530] {logging_mixin.py:190} INFO - [2026-01-29T15:56:25.323+0530] {dag.py:3239} INFO - Sync 1 DAGs
[2026-01-29T15:56:25.344+0530] {logging_mixin.py:190} INFO - [2026-01-29T15:56:25.344+0530] {dag.py:4180} INFO - Setting next_dagrun for tutorial_taskflow_templates to 2026-01-28 00:00:00+00:00, run_after=2026-01-29 00:00:00+00:00
[2026-01-29T15:56:25.364+0530] {processor.py:208} INFO - Processing /home/hp/Desktop/Bigdata_project/BigData-Project/airflow-venv/lib/python3.10/site-packages/airflow/example_dags/tutorial_taskflow_templates.py took 0.083 seconds
[2026-01-29T15:57:24.194+0530] {processor.py:186} INFO - Started process (PID=28693) to work on /home/hp/Desktop/Bigdata_project/BigData-Project/airflow-venv/lib/python3.10/site-packages/airflow/example_dags/tutorial_taskflow_templates.py
[2026-01-29T15:57:24.195+0530] {processor.py:914} INFO - Processing file /home/hp/Desktop/Bigdata_project/BigData-Project/airflow-venv/lib/python3.10/site-packages/airflow/example_dags/tutorial_taskflow_templates.py for tasks to queue
[2026-01-29T15:57:24.197+0530] {logging_mixin.py:190} INFO - [2026-01-29T15:57:24.197+0530] {dagbag.py:588} INFO - Filling up the DagBag from /home/hp/Desktop/Bigdata_project/BigData-Project/airflow-venv/lib/python3.10/site-packages/airflow/example_dags/tutorial_taskflow_templates.py
[2026-01-29T15:57:24.213+0530] {processor.py:925} INFO - DAG(s) 'tutorial_taskflow_templates' retrieved from /home/hp/Desktop/Bigdata_project/BigData-Project/airflow-venv/lib/python3.10/site-packages/airflow/example_dags/tutorial_taskflow_templates.py
[2026-01-29T15:57:24.230+0530] {logging_mixin.py:190} INFO - [2026-01-29T15:57:24.230+0530] {dag.py:3239} INFO - Sync 1 DAGs
[2026-01-29T15:57:24.252+0530] {logging_mixin.py:190} INFO - [2026-01-29T15:57:24.252+0530] {dag.py:4180} INFO - Setting next_dagrun for tutorial_taskflow_templates to 2026-01-28 00:00:00+00:00, run_after=2026-01-29 00:00:00+00:00
[2026-01-29T15:57:24.273+0530] {processor.py:208} INFO - Processing /home/hp/Desktop/Bigdata_project/BigData-Project/airflow-venv/lib/python3.10/site-packages/airflow/example_dags/tutorial_taskflow_templates.py took 0.085 seconds
[2026-01-29T16:00:00.842+0530] {processor.py:186} INFO - Started process (PID=29073) to work on /home/hp/Desktop/Bigdata_project/BigData-Project/airflow-venv/lib/python3.10/site-packages/airflow/example_dags/tutorial_taskflow_templates.py
[2026-01-29T16:00:00.848+0530] {processor.py:914} INFO - Processing file /home/hp/Desktop/Bigdata_project/BigData-Project/airflow-venv/lib/python3.10/site-packages/airflow/example_dags/tutorial_taskflow_templates.py for tasks to queue
[2026-01-29T16:00:00.851+0530] {logging_mixin.py:190} INFO - [2026-01-29T16:00:00.851+0530] {dagbag.py:588} INFO - Filling up the DagBag from /home/hp/Desktop/Bigdata_project/BigData-Project/airflow-venv/lib/python3.10/site-packages/airflow/example_dags/tutorial_taskflow_templates.py
[2026-01-29T16:00:00.865+0530] {processor.py:925} INFO - DAG(s) 'tutorial_taskflow_templates' retrieved from /home/hp/Desktop/Bigdata_project/BigData-Project/airflow-venv/lib/python3.10/site-packages/airflow/example_dags/tutorial_taskflow_templates.py
[2026-01-29T16:00:00.887+0530] {logging_mixin.py:190} INFO - [2026-01-29T16:00:00.887+0530] {dag.py:3239} INFO - Sync 1 DAGs
[2026-01-29T16:00:00.909+0530] {logging_mixin.py:190} INFO - [2026-01-29T16:00:00.909+0530] {dag.py:4180} INFO - Setting next_dagrun for tutorial_taskflow_templates to 2026-01-28 00:00:00+00:00, run_after=2026-01-29 00:00:00+00:00
[2026-01-29T16:00:00.929+0530] {processor.py:208} INFO - Processing /home/hp/Desktop/Bigdata_project/BigData-Project/airflow-venv/lib/python3.10/site-packages/airflow/example_dags/tutorial_taskflow_templates.py took 0.093 seconds
[2026-01-29T16:00:57.103+0530] {processor.py:186} INFO - Started process (PID=29442) to work on /home/hp/Desktop/Bigdata_project/BigData-Project/airflow-venv/lib/python3.10/site-packages/airflow/example_dags/tutorial_taskflow_templates.py
[2026-01-29T16:00:57.107+0530] {processor.py:914} INFO - Processing file /home/hp/Desktop/Bigdata_project/BigData-Project/airflow-venv/lib/python3.10/site-packages/airflow/example_dags/tutorial_taskflow_templates.py for tasks to queue
[2026-01-29T16:00:57.109+0530] {logging_mixin.py:190} INFO - [2026-01-29T16:00:57.109+0530] {dagbag.py:588} INFO - Filling up the DagBag from /home/hp/Desktop/Bigdata_project/BigData-Project/airflow-venv/lib/python3.10/site-packages/airflow/example_dags/tutorial_taskflow_templates.py
[2026-01-29T16:00:57.126+0530] {processor.py:925} INFO - DAG(s) 'tutorial_taskflow_templates' retrieved from /home/hp/Desktop/Bigdata_project/BigData-Project/airflow-venv/lib/python3.10/site-packages/airflow/example_dags/tutorial_taskflow_templates.py
[2026-01-29T16:00:57.146+0530] {logging_mixin.py:190} INFO - [2026-01-29T16:00:57.146+0530] {dag.py:3239} INFO - Sync 1 DAGs
[2026-01-29T16:00:57.168+0530] {logging_mixin.py:190} INFO - [2026-01-29T16:00:57.168+0530] {dag.py:4180} INFO - Setting next_dagrun for tutorial_taskflow_templates to 2026-01-28 00:00:00+00:00, run_after=2026-01-29 00:00:00+00:00
[2026-01-29T16:00:57.189+0530] {processor.py:208} INFO - Processing /home/hp/Desktop/Bigdata_project/BigData-Project/airflow-venv/lib/python3.10/site-packages/airflow/example_dags/tutorial_taskflow_templates.py took 0.093 seconds
[2026-01-29T16:01:50.362+0530] {processor.py:186} INFO - Started process (PID=29655) to work on /home/hp/Desktop/Bigdata_project/BigData-Project/airflow-venv/lib/python3.10/site-packages/airflow/example_dags/tutorial_taskflow_templates.py
[2026-01-29T16:01:50.368+0530] {processor.py:914} INFO - Processing file /home/hp/Desktop/Bigdata_project/BigData-Project/airflow-venv/lib/python3.10/site-packages/airflow/example_dags/tutorial_taskflow_templates.py for tasks to queue
[2026-01-29T16:01:50.371+0530] {logging_mixin.py:190} INFO - [2026-01-29T16:01:50.370+0530] {dagbag.py:588} INFO - Filling up the DagBag from /home/hp/Desktop/Bigdata_project/BigData-Project/airflow-venv/lib/python3.10/site-packages/airflow/example_dags/tutorial_taskflow_templates.py
[2026-01-29T16:01:50.386+0530] {processor.py:925} INFO - DAG(s) 'tutorial_taskflow_templates' retrieved from /home/hp/Desktop/Bigdata_project/BigData-Project/airflow-venv/lib/python3.10/site-packages/airflow/example_dags/tutorial_taskflow_templates.py
[2026-01-29T16:01:50.404+0530] {logging_mixin.py:190} INFO - [2026-01-29T16:01:50.404+0530] {dag.py:3239} INFO - Sync 1 DAGs
[2026-01-29T16:01:50.427+0530] {logging_mixin.py:190} INFO - [2026-01-29T16:01:50.426+0530] {dag.py:4180} INFO - Setting next_dagrun for tutorial_taskflow_templates to 2026-01-28 00:00:00+00:00, run_after=2026-01-29 00:00:00+00:00
[2026-01-29T16:01:50.448+0530] {processor.py:208} INFO - Processing /home/hp/Desktop/Bigdata_project/BigData-Project/airflow-venv/lib/python3.10/site-packages/airflow/example_dags/tutorial_taskflow_templates.py took 0.093 seconds
[2026-01-29T16:02:43.514+0530] {processor.py:186} INFO - Started process (PID=29902) to work on /home/hp/Desktop/Bigdata_project/BigData-Project/airflow-venv/lib/python3.10/site-packages/airflow/example_dags/tutorial_taskflow_templates.py
[2026-01-29T16:02:43.521+0530] {processor.py:914} INFO - Processing file /home/hp/Desktop/Bigdata_project/BigData-Project/airflow-venv/lib/python3.10/site-packages/airflow/example_dags/tutorial_taskflow_templates.py for tasks to queue
[2026-01-29T16:02:43.523+0530] {logging_mixin.py:190} INFO - [2026-01-29T16:02:43.522+0530] {dagbag.py:588} INFO - Filling up the DagBag from /home/hp/Desktop/Bigdata_project/BigData-Project/airflow-venv/lib/python3.10/site-packages/airflow/example_dags/tutorial_taskflow_templates.py
[2026-01-29T16:02:43.539+0530] {processor.py:925} INFO - DAG(s) 'tutorial_taskflow_templates' retrieved from /home/hp/Desktop/Bigdata_project/BigData-Project/airflow-venv/lib/python3.10/site-packages/airflow/example_dags/tutorial_taskflow_templates.py
[2026-01-29T16:02:43.557+0530] {logging_mixin.py:190} INFO - [2026-01-29T16:02:43.557+0530] {dag.py:3239} INFO - Sync 1 DAGs
[2026-01-29T16:02:43.582+0530] {logging_mixin.py:190} INFO - [2026-01-29T16:02:43.582+0530] {dag.py:4180} INFO - Setting next_dagrun for tutorial_taskflow_templates to 2026-01-28 00:00:00+00:00, run_after=2026-01-29 00:00:00+00:00
[2026-01-29T16:02:43.602+0530] {processor.py:208} INFO - Processing /home/hp/Desktop/Bigdata_project/BigData-Project/airflow-venv/lib/python3.10/site-packages/airflow/example_dags/tutorial_taskflow_templates.py took 0.096 seconds
[2026-01-29T16:03:37.563+0530] {processor.py:186} INFO - Started process (PID=30115) to work on /home/hp/Desktop/Bigdata_project/BigData-Project/airflow-venv/lib/python3.10/site-packages/airflow/example_dags/tutorial_taskflow_templates.py
[2026-01-29T16:03:37.570+0530] {processor.py:914} INFO - Processing file /home/hp/Desktop/Bigdata_project/BigData-Project/airflow-venv/lib/python3.10/site-packages/airflow/example_dags/tutorial_taskflow_templates.py for tasks to queue
[2026-01-29T16:03:37.572+0530] {logging_mixin.py:190} INFO - [2026-01-29T16:03:37.572+0530] {dagbag.py:588} INFO - Filling up the DagBag from /home/hp/Desktop/Bigdata_project/BigData-Project/airflow-venv/lib/python3.10/site-packages/airflow/example_dags/tutorial_taskflow_templates.py
[2026-01-29T16:03:37.587+0530] {processor.py:925} INFO - DAG(s) 'tutorial_taskflow_templates' retrieved from /home/hp/Desktop/Bigdata_project/BigData-Project/airflow-venv/lib/python3.10/site-packages/airflow/example_dags/tutorial_taskflow_templates.py
[2026-01-29T16:03:37.604+0530] {logging_mixin.py:190} INFO - [2026-01-29T16:03:37.604+0530] {dag.py:3239} INFO - Sync 1 DAGs
[2026-01-29T16:03:37.626+0530] {logging_mixin.py:190} INFO - [2026-01-29T16:03:37.625+0530] {dag.py:4180} INFO - Setting next_dagrun for tutorial_taskflow_templates to 2026-01-28 00:00:00+00:00, run_after=2026-01-29 00:00:00+00:00
[2026-01-29T16:03:37.646+0530] {processor.py:208} INFO - Processing /home/hp/Desktop/Bigdata_project/BigData-Project/airflow-venv/lib/python3.10/site-packages/airflow/example_dags/tutorial_taskflow_templates.py took 0.089 seconds
[2026-01-29T16:04:33.128+0530] {processor.py:186} INFO - Started process (PID=30320) to work on /home/hp/Desktop/Bigdata_project/BigData-Project/airflow-venv/lib/python3.10/site-packages/airflow/example_dags/tutorial_taskflow_templates.py
[2026-01-29T16:04:33.134+0530] {processor.py:914} INFO - Processing file /home/hp/Desktop/Bigdata_project/BigData-Project/airflow-venv/lib/python3.10/site-packages/airflow/example_dags/tutorial_taskflow_templates.py for tasks to queue
[2026-01-29T16:04:33.138+0530] {logging_mixin.py:190} INFO - [2026-01-29T16:04:33.137+0530] {dagbag.py:588} INFO - Filling up the DagBag from /home/hp/Desktop/Bigdata_project/BigData-Project/airflow-venv/lib/python3.10/site-packages/airflow/example_dags/tutorial_taskflow_templates.py
[2026-01-29T16:04:33.153+0530] {processor.py:925} INFO - DAG(s) 'tutorial_taskflow_templates' retrieved from /home/hp/Desktop/Bigdata_project/BigData-Project/airflow-venv/lib/python3.10/site-packages/airflow/example_dags/tutorial_taskflow_templates.py
[2026-01-29T16:04:33.171+0530] {logging_mixin.py:190} INFO - [2026-01-29T16:04:33.170+0530] {dag.py:3239} INFO - Sync 1 DAGs
[2026-01-29T16:04:33.193+0530] {logging_mixin.py:190} INFO - [2026-01-29T16:04:33.193+0530] {dag.py:4180} INFO - Setting next_dagrun for tutorial_taskflow_templates to 2026-01-28 00:00:00+00:00, run_after=2026-01-29 00:00:00+00:00
[2026-01-29T16:04:33.214+0530] {processor.py:208} INFO - Processing /home/hp/Desktop/Bigdata_project/BigData-Project/airflow-venv/lib/python3.10/site-packages/airflow/example_dags/tutorial_taskflow_templates.py took 0.093 seconds
[2026-01-29T16:05:30.620+0530] {processor.py:186} INFO - Started process (PID=30620) to work on /home/hp/Desktop/Bigdata_project/BigData-Project/airflow-venv/lib/python3.10/site-packages/airflow/example_dags/tutorial_taskflow_templates.py
[2026-01-29T16:05:30.626+0530] {processor.py:914} INFO - Processing file /home/hp/Desktop/Bigdata_project/BigData-Project/airflow-venv/lib/python3.10/site-packages/airflow/example_dags/tutorial_taskflow_templates.py for tasks to queue
[2026-01-29T16:05:30.629+0530] {logging_mixin.py:190} INFO - [2026-01-29T16:05:30.629+0530] {dagbag.py:588} INFO - Filling up the DagBag from /home/hp/Desktop/Bigdata_project/BigData-Project/airflow-venv/lib/python3.10/site-packages/airflow/example_dags/tutorial_taskflow_templates.py
[2026-01-29T16:05:30.644+0530] {processor.py:925} INFO - DAG(s) 'tutorial_taskflow_templates' retrieved from /home/hp/Desktop/Bigdata_project/BigData-Project/airflow-venv/lib/python3.10/site-packages/airflow/example_dags/tutorial_taskflow_templates.py
[2026-01-29T16:05:30.661+0530] {logging_mixin.py:190} INFO - [2026-01-29T16:05:30.661+0530] {dag.py:3239} INFO - Sync 1 DAGs
[2026-01-29T16:05:30.686+0530] {logging_mixin.py:190} INFO - [2026-01-29T16:05:30.686+0530] {dag.py:4180} INFO - Setting next_dagrun for tutorial_taskflow_templates to 2026-01-28 00:00:00+00:00, run_after=2026-01-29 00:00:00+00:00
[2026-01-29T16:05:30.711+0530] {processor.py:208} INFO - Processing /home/hp/Desktop/Bigdata_project/BigData-Project/airflow-venv/lib/python3.10/site-packages/airflow/example_dags/tutorial_taskflow_templates.py took 0.098 seconds
[2026-01-29T16:06:26.301+0530] {processor.py:186} INFO - Started process (PID=30873) to work on /home/hp/Desktop/Bigdata_project/BigData-Project/airflow-venv/lib/python3.10/site-packages/airflow/example_dags/tutorial_taskflow_templates.py
[2026-01-29T16:06:26.308+0530] {processor.py:914} INFO - Processing file /home/hp/Desktop/Bigdata_project/BigData-Project/airflow-venv/lib/python3.10/site-packages/airflow/example_dags/tutorial_taskflow_templates.py for tasks to queue
[2026-01-29T16:06:26.311+0530] {logging_mixin.py:190} INFO - [2026-01-29T16:06:26.311+0530] {dagbag.py:588} INFO - Filling up the DagBag from /home/hp/Desktop/Bigdata_project/BigData-Project/airflow-venv/lib/python3.10/site-packages/airflow/example_dags/tutorial_taskflow_templates.py
[2026-01-29T16:06:26.326+0530] {processor.py:925} INFO - DAG(s) 'tutorial_taskflow_templates' retrieved from /home/hp/Desktop/Bigdata_project/BigData-Project/airflow-venv/lib/python3.10/site-packages/airflow/example_dags/tutorial_taskflow_templates.py
[2026-01-29T16:06:26.344+0530] {logging_mixin.py:190} INFO - [2026-01-29T16:06:26.344+0530] {dag.py:3239} INFO - Sync 1 DAGs
[2026-01-29T16:06:26.367+0530] {logging_mixin.py:190} INFO - [2026-01-29T16:06:26.367+0530] {dag.py:4180} INFO - Setting next_dagrun for tutorial_taskflow_templates to 2026-01-28 00:00:00+00:00, run_after=2026-01-29 00:00:00+00:00
[2026-01-29T16:06:26.389+0530] {processor.py:208} INFO - Processing /home/hp/Desktop/Bigdata_project/BigData-Project/airflow-venv/lib/python3.10/site-packages/airflow/example_dags/tutorial_taskflow_templates.py took 0.095 seconds
[2026-01-29T16:07:24.028+0530] {processor.py:186} INFO - Started process (PID=31162) to work on /home/hp/Desktop/Bigdata_project/BigData-Project/airflow-venv/lib/python3.10/site-packages/airflow/example_dags/tutorial_taskflow_templates.py
[2026-01-29T16:07:24.034+0530] {processor.py:914} INFO - Processing file /home/hp/Desktop/Bigdata_project/BigData-Project/airflow-venv/lib/python3.10/site-packages/airflow/example_dags/tutorial_taskflow_templates.py for tasks to queue
[2026-01-29T16:07:24.036+0530] {logging_mixin.py:190} INFO - [2026-01-29T16:07:24.036+0530] {dagbag.py:588} INFO - Filling up the DagBag from /home/hp/Desktop/Bigdata_project/BigData-Project/airflow-venv/lib/python3.10/site-packages/airflow/example_dags/tutorial_taskflow_templates.py
[2026-01-29T16:07:24.051+0530] {processor.py:925} INFO - DAG(s) 'tutorial_taskflow_templates' retrieved from /home/hp/Desktop/Bigdata_project/BigData-Project/airflow-venv/lib/python3.10/site-packages/airflow/example_dags/tutorial_taskflow_templates.py
[2026-01-29T16:07:24.067+0530] {logging_mixin.py:190} INFO - [2026-01-29T16:07:24.067+0530] {dag.py:3239} INFO - Sync 1 DAGs
[2026-01-29T16:07:24.088+0530] {logging_mixin.py:190} INFO - [2026-01-29T16:07:24.088+0530] {dag.py:4180} INFO - Setting next_dagrun for tutorial_taskflow_templates to 2026-01-28 00:00:00+00:00, run_after=2026-01-29 00:00:00+00:00
[2026-01-29T16:07:24.110+0530] {processor.py:208} INFO - Processing /home/hp/Desktop/Bigdata_project/BigData-Project/airflow-venv/lib/python3.10/site-packages/airflow/example_dags/tutorial_taskflow_templates.py took 0.089 seconds
[2026-01-29T16:08:23.036+0530] {processor.py:186} INFO - Started process (PID=31394) to work on /home/hp/Desktop/Bigdata_project/BigData-Project/airflow-venv/lib/python3.10/site-packages/airflow/example_dags/tutorial_taskflow_templates.py
[2026-01-29T16:08:23.042+0530] {processor.py:914} INFO - Processing file /home/hp/Desktop/Bigdata_project/BigData-Project/airflow-venv/lib/python3.10/site-packages/airflow/example_dags/tutorial_taskflow_templates.py for tasks to queue
[2026-01-29T16:08:23.045+0530] {logging_mixin.py:190} INFO - [2026-01-29T16:08:23.044+0530] {dagbag.py:588} INFO - Filling up the DagBag from /home/hp/Desktop/Bigdata_project/BigData-Project/airflow-venv/lib/python3.10/site-packages/airflow/example_dags/tutorial_taskflow_templates.py
[2026-01-29T16:08:23.060+0530] {processor.py:925} INFO - DAG(s) 'tutorial_taskflow_templates' retrieved from /home/hp/Desktop/Bigdata_project/BigData-Project/airflow-venv/lib/python3.10/site-packages/airflow/example_dags/tutorial_taskflow_templates.py
[2026-01-29T16:08:23.077+0530] {logging_mixin.py:190} INFO - [2026-01-29T16:08:23.077+0530] {dag.py:3239} INFO - Sync 1 DAGs
[2026-01-29T16:08:23.100+0530] {logging_mixin.py:190} INFO - [2026-01-29T16:08:23.100+0530] {dag.py:4180} INFO - Setting next_dagrun for tutorial_taskflow_templates to 2026-01-28 00:00:00+00:00, run_after=2026-01-29 00:00:00+00:00
[2026-01-29T16:08:23.122+0530] {processor.py:208} INFO - Processing /home/hp/Desktop/Bigdata_project/BigData-Project/airflow-venv/lib/python3.10/site-packages/airflow/example_dags/tutorial_taskflow_templates.py took 0.093 seconds
[2026-01-29T16:09:37.177+0530] {processor.py:186} INFO - Started process (PID=31785) to work on /home/hp/Desktop/Bigdata_project/BigData-Project/airflow-venv/lib/python3.10/site-packages/airflow/example_dags/tutorial_taskflow_templates.py
[2026-01-29T16:09:37.183+0530] {processor.py:914} INFO - Processing file /home/hp/Desktop/Bigdata_project/BigData-Project/airflow-venv/lib/python3.10/site-packages/airflow/example_dags/tutorial_taskflow_templates.py for tasks to queue
[2026-01-29T16:09:37.187+0530] {logging_mixin.py:190} INFO - [2026-01-29T16:09:37.186+0530] {dagbag.py:588} INFO - Filling up the DagBag from /home/hp/Desktop/Bigdata_project/BigData-Project/airflow-venv/lib/python3.10/site-packages/airflow/example_dags/tutorial_taskflow_templates.py
[2026-01-29T16:09:37.201+0530] {processor.py:925} INFO - DAG(s) 'tutorial_taskflow_templates' retrieved from /home/hp/Desktop/Bigdata_project/BigData-Project/airflow-venv/lib/python3.10/site-packages/airflow/example_dags/tutorial_taskflow_templates.py
[2026-01-29T16:09:37.297+0530] {logging_mixin.py:190} INFO - [2026-01-29T16:09:37.296+0530] {override.py:1930} INFO - Created Permission View: can edit on DAG:tutorial_taskflow_templates
[2026-01-29T16:09:37.307+0530] {logging_mixin.py:190} INFO - [2026-01-29T16:09:37.307+0530] {override.py:1930} INFO - Created Permission View: can delete on DAG:tutorial_taskflow_templates
[2026-01-29T16:09:37.315+0530] {logging_mixin.py:190} INFO - [2026-01-29T16:09:37.314+0530] {override.py:1930} INFO - Created Permission View: can read on DAG:tutorial_taskflow_templates
[2026-01-29T16:09:37.327+0530] {logging_mixin.py:190} INFO - [2026-01-29T16:09:37.326+0530] {override.py:1930} INFO - Created Permission View: menu access on DAG Run:tutorial_taskflow_templates
[2026-01-29T16:09:37.334+0530] {logging_mixin.py:190} INFO - [2026-01-29T16:09:37.334+0530] {override.py:1930} INFO - Created Permission View: can delete on DAG Run:tutorial_taskflow_templates
[2026-01-29T16:09:37.342+0530] {logging_mixin.py:190} INFO - [2026-01-29T16:09:37.342+0530] {override.py:1930} INFO - Created Permission View: can create on DAG Run:tutorial_taskflow_templates
[2026-01-29T16:09:37.349+0530] {logging_mixin.py:190} INFO - [2026-01-29T16:09:37.349+0530] {override.py:1930} INFO - Created Permission View: can read on DAG Run:tutorial_taskflow_templates
[2026-01-29T16:09:37.350+0530] {logging_mixin.py:190} INFO - [2026-01-29T16:09:37.350+0530] {dag.py:3239} INFO - Sync 1 DAGs
[2026-01-29T16:09:37.361+0530] {logging_mixin.py:190} INFO - [2026-01-29T16:09:37.361+0530] {dag.py:3262} INFO - Creating ORM DAG for tutorial_taskflow_templates
[2026-01-29T16:09:37.371+0530] {logging_mixin.py:190} INFO - [2026-01-29T16:09:37.370+0530] {dag.py:4180} INFO - Setting next_dagrun for tutorial_taskflow_templates to 2026-01-28 00:00:00+00:00, run_after=2026-01-29 00:00:00+00:00
[2026-01-29T16:09:37.499+0530] {processor.py:208} INFO - Processing /home/hp/Desktop/Bigdata_project/BigData-Project/airflow-venv/lib/python3.10/site-packages/airflow/example_dags/tutorial_taskflow_templates.py took 0.328 seconds
