[2026-01-29T15:55:26.806+0530] {processor.py:186} INFO - Started process (PID=28277) to work on /home/hp/Desktop/Bigdata_project/BigData-Project/airflow-venv/lib/python3.10/site-packages/airflow/example_dags/tutorial_objectstorage.py
[2026-01-29T15:55:26.807+0530] {processor.py:914} INFO - Processing file /home/hp/Desktop/Bigdata_project/BigData-Project/airflow-venv/lib/python3.10/site-packages/airflow/example_dags/tutorial_objectstorage.py for tasks to queue
[2026-01-29T15:55:26.810+0530] {logging_mixin.py:190} INFO - [2026-01-29T15:55:26.810+0530] {dagbag.py:588} INFO - Filling up the DagBag from /home/hp/Desktop/Bigdata_project/BigData-Project/airflow-venv/lib/python3.10/site-packages/airflow/example_dags/tutorial_objectstorage.py
[2026-01-29T15:55:26.822+0530] {processor.py:925} INFO - DAG(s) 'tutorial_objectstorage' retrieved from /home/hp/Desktop/Bigdata_project/BigData-Project/airflow-venv/lib/python3.10/site-packages/airflow/example_dags/tutorial_objectstorage.py
[2026-01-29T15:55:26.937+0530] {logging_mixin.py:190} INFO - [2026-01-29T15:55:26.936+0530] {override.py:1930} INFO - Created Permission View: can edit on DAG:tutorial_objectstorage
[2026-01-29T15:55:26.948+0530] {logging_mixin.py:190} INFO - [2026-01-29T15:55:26.948+0530] {override.py:1930} INFO - Created Permission View: can delete on DAG:tutorial_objectstorage
[2026-01-29T15:55:26.957+0530] {logging_mixin.py:190} INFO - [2026-01-29T15:55:26.957+0530] {override.py:1930} INFO - Created Permission View: can read on DAG:tutorial_objectstorage
[2026-01-29T15:55:26.971+0530] {logging_mixin.py:190} INFO - [2026-01-29T15:55:26.970+0530] {override.py:1930} INFO - Created Permission View: can delete on DAG Run:tutorial_objectstorage
[2026-01-29T15:55:26.979+0530] {logging_mixin.py:190} INFO - [2026-01-29T15:55:26.979+0530] {override.py:1930} INFO - Created Permission View: can read on DAG Run:tutorial_objectstorage
[2026-01-29T15:55:26.987+0530] {logging_mixin.py:190} INFO - [2026-01-29T15:55:26.987+0530] {override.py:1930} INFO - Created Permission View: menu access on DAG Run:tutorial_objectstorage
[2026-01-29T15:55:26.995+0530] {logging_mixin.py:190} INFO - [2026-01-29T15:55:26.995+0530] {override.py:1930} INFO - Created Permission View: can create on DAG Run:tutorial_objectstorage
[2026-01-29T15:55:26.996+0530] {logging_mixin.py:190} INFO - [2026-01-29T15:55:26.995+0530] {dag.py:3239} INFO - Sync 1 DAGs
[2026-01-29T15:55:27.008+0530] {logging_mixin.py:190} INFO - [2026-01-29T15:55:27.008+0530] {dag.py:3262} INFO - Creating ORM DAG for tutorial_objectstorage
[2026-01-29T15:55:27.009+0530] {logging_mixin.py:190} INFO - [2026-01-29T15:55:27.009+0530] {dag.py:4180} INFO - Setting next_dagrun for tutorial_objectstorage to None, run_after=None
[2026-01-29T15:55:27.030+0530] {processor.py:208} INFO - Processing /home/hp/Desktop/Bigdata_project/BigData-Project/airflow-venv/lib/python3.10/site-packages/airflow/example_dags/tutorial_objectstorage.py took 0.232 seconds
[2026-01-29T15:56:31.799+0530] {processor.py:186} INFO - Started process (PID=28535) to work on /home/hp/Desktop/Bigdata_project/BigData-Project/airflow-venv/lib/python3.10/site-packages/airflow/example_dags/tutorial_objectstorage.py
[2026-01-29T15:56:31.806+0530] {processor.py:914} INFO - Processing file /home/hp/Desktop/Bigdata_project/BigData-Project/airflow-venv/lib/python3.10/site-packages/airflow/example_dags/tutorial_objectstorage.py for tasks to queue
[2026-01-29T15:56:31.808+0530] {logging_mixin.py:190} INFO - [2026-01-29T15:56:31.808+0530] {dagbag.py:588} INFO - Filling up the DagBag from /home/hp/Desktop/Bigdata_project/BigData-Project/airflow-venv/lib/python3.10/site-packages/airflow/example_dags/tutorial_objectstorage.py
[2026-01-29T15:56:31.818+0530] {processor.py:925} INFO - DAG(s) 'tutorial_objectstorage' retrieved from /home/hp/Desktop/Bigdata_project/BigData-Project/airflow-venv/lib/python3.10/site-packages/airflow/example_dags/tutorial_objectstorage.py
[2026-01-29T15:56:31.836+0530] {logging_mixin.py:190} INFO - [2026-01-29T15:56:31.835+0530] {dag.py:3239} INFO - Sync 1 DAGs
[2026-01-29T15:56:31.849+0530] {logging_mixin.py:190} INFO - [2026-01-29T15:56:31.849+0530] {dag.py:4180} INFO - Setting next_dagrun for tutorial_objectstorage to None, run_after=None
[2026-01-29T15:56:31.870+0530] {processor.py:208} INFO - Processing /home/hp/Desktop/Bigdata_project/BigData-Project/airflow-venv/lib/python3.10/site-packages/airflow/example_dags/tutorial_objectstorage.py took 0.077 seconds
[2026-01-29T15:57:30.883+0530] {processor.py:186} INFO - Started process (PID=28725) to work on /home/hp/Desktop/Bigdata_project/BigData-Project/airflow-venv/lib/python3.10/site-packages/airflow/example_dags/tutorial_objectstorage.py
[2026-01-29T15:57:30.890+0530] {processor.py:914} INFO - Processing file /home/hp/Desktop/Bigdata_project/BigData-Project/airflow-venv/lib/python3.10/site-packages/airflow/example_dags/tutorial_objectstorage.py for tasks to queue
[2026-01-29T15:57:30.893+0530] {logging_mixin.py:190} INFO - [2026-01-29T15:57:30.892+0530] {dagbag.py:588} INFO - Filling up the DagBag from /home/hp/Desktop/Bigdata_project/BigData-Project/airflow-venv/lib/python3.10/site-packages/airflow/example_dags/tutorial_objectstorage.py
[2026-01-29T15:57:30.902+0530] {processor.py:925} INFO - DAG(s) 'tutorial_objectstorage' retrieved from /home/hp/Desktop/Bigdata_project/BigData-Project/airflow-venv/lib/python3.10/site-packages/airflow/example_dags/tutorial_objectstorage.py
[2026-01-29T15:57:30.918+0530] {logging_mixin.py:190} INFO - [2026-01-29T15:57:30.917+0530] {dag.py:3239} INFO - Sync 1 DAGs
[2026-01-29T15:57:30.931+0530] {logging_mixin.py:190} INFO - [2026-01-29T15:57:30.931+0530] {dag.py:4180} INFO - Setting next_dagrun for tutorial_objectstorage to None, run_after=None
[2026-01-29T15:57:30.952+0530] {processor.py:208} INFO - Processing /home/hp/Desktop/Bigdata_project/BigData-Project/airflow-venv/lib/python3.10/site-packages/airflow/example_dags/tutorial_objectstorage.py took 0.075 seconds
[2026-01-29T16:00:07.287+0530] {processor.py:186} INFO - Started process (PID=29090) to work on /home/hp/Desktop/Bigdata_project/BigData-Project/airflow-venv/lib/python3.10/site-packages/airflow/example_dags/tutorial_objectstorage.py
[2026-01-29T16:00:07.293+0530] {processor.py:914} INFO - Processing file /home/hp/Desktop/Bigdata_project/BigData-Project/airflow-venv/lib/python3.10/site-packages/airflow/example_dags/tutorial_objectstorage.py for tasks to queue
[2026-01-29T16:00:07.296+0530] {logging_mixin.py:190} INFO - [2026-01-29T16:00:07.296+0530] {dagbag.py:588} INFO - Filling up the DagBag from /home/hp/Desktop/Bigdata_project/BigData-Project/airflow-venv/lib/python3.10/site-packages/airflow/example_dags/tutorial_objectstorage.py
[2026-01-29T16:00:07.306+0530] {processor.py:925} INFO - DAG(s) 'tutorial_objectstorage' retrieved from /home/hp/Desktop/Bigdata_project/BigData-Project/airflow-venv/lib/python3.10/site-packages/airflow/example_dags/tutorial_objectstorage.py
[2026-01-29T16:00:07.327+0530] {logging_mixin.py:190} INFO - [2026-01-29T16:00:07.326+0530] {dag.py:3239} INFO - Sync 1 DAGs
[2026-01-29T16:00:07.340+0530] {logging_mixin.py:190} INFO - [2026-01-29T16:00:07.340+0530] {dag.py:4180} INFO - Setting next_dagrun for tutorial_objectstorage to None, run_after=None
[2026-01-29T16:00:07.360+0530] {processor.py:208} INFO - Processing /home/hp/Desktop/Bigdata_project/BigData-Project/airflow-venv/lib/python3.10/site-packages/airflow/example_dags/tutorial_objectstorage.py took 0.079 seconds
[2026-01-29T16:01:02.256+0530] {processor.py:186} INFO - Started process (PID=29463) to work on /home/hp/Desktop/Bigdata_project/BigData-Project/airflow-venv/lib/python3.10/site-packages/airflow/example_dags/tutorial_objectstorage.py
[2026-01-29T16:01:02.262+0530] {processor.py:914} INFO - Processing file /home/hp/Desktop/Bigdata_project/BigData-Project/airflow-venv/lib/python3.10/site-packages/airflow/example_dags/tutorial_objectstorage.py for tasks to queue
[2026-01-29T16:01:02.265+0530] {logging_mixin.py:190} INFO - [2026-01-29T16:01:02.265+0530] {dagbag.py:588} INFO - Filling up the DagBag from /home/hp/Desktop/Bigdata_project/BigData-Project/airflow-venv/lib/python3.10/site-packages/airflow/example_dags/tutorial_objectstorage.py
[2026-01-29T16:01:02.276+0530] {processor.py:925} INFO - DAG(s) 'tutorial_objectstorage' retrieved from /home/hp/Desktop/Bigdata_project/BigData-Project/airflow-venv/lib/python3.10/site-packages/airflow/example_dags/tutorial_objectstorage.py
[2026-01-29T16:01:02.292+0530] {logging_mixin.py:190} INFO - [2026-01-29T16:01:02.291+0530] {dag.py:3239} INFO - Sync 1 DAGs
[2026-01-29T16:01:02.305+0530] {logging_mixin.py:190} INFO - [2026-01-29T16:01:02.305+0530] {dag.py:4180} INFO - Setting next_dagrun for tutorial_objectstorage to None, run_after=None
[2026-01-29T16:01:02.325+0530] {processor.py:208} INFO - Processing /home/hp/Desktop/Bigdata_project/BigData-Project/airflow-venv/lib/python3.10/site-packages/airflow/example_dags/tutorial_objectstorage.py took 0.077 seconds
[2026-01-29T16:01:56.845+0530] {processor.py:186} INFO - Started process (PID=29689) to work on /home/hp/Desktop/Bigdata_project/BigData-Project/airflow-venv/lib/python3.10/site-packages/airflow/example_dags/tutorial_objectstorage.py
[2026-01-29T16:01:56.852+0530] {processor.py:914} INFO - Processing file /home/hp/Desktop/Bigdata_project/BigData-Project/airflow-venv/lib/python3.10/site-packages/airflow/example_dags/tutorial_objectstorage.py for tasks to queue
[2026-01-29T16:01:56.855+0530] {logging_mixin.py:190} INFO - [2026-01-29T16:01:56.854+0530] {dagbag.py:588} INFO - Filling up the DagBag from /home/hp/Desktop/Bigdata_project/BigData-Project/airflow-venv/lib/python3.10/site-packages/airflow/example_dags/tutorial_objectstorage.py
[2026-01-29T16:01:56.864+0530] {processor.py:925} INFO - DAG(s) 'tutorial_objectstorage' retrieved from /home/hp/Desktop/Bigdata_project/BigData-Project/airflow-venv/lib/python3.10/site-packages/airflow/example_dags/tutorial_objectstorage.py
[2026-01-29T16:01:56.880+0530] {logging_mixin.py:190} INFO - [2026-01-29T16:01:56.879+0530] {dag.py:3239} INFO - Sync 1 DAGs
[2026-01-29T16:01:56.892+0530] {logging_mixin.py:190} INFO - [2026-01-29T16:01:56.892+0530] {dag.py:4180} INFO - Setting next_dagrun for tutorial_objectstorage to None, run_after=None
[2026-01-29T16:01:56.912+0530] {processor.py:208} INFO - Processing /home/hp/Desktop/Bigdata_project/BigData-Project/airflow-venv/lib/python3.10/site-packages/airflow/example_dags/tutorial_objectstorage.py took 0.073 seconds
[2026-01-29T16:02:50.204+0530] {processor.py:186} INFO - Started process (PID=29920) to work on /home/hp/Desktop/Bigdata_project/BigData-Project/airflow-venv/lib/python3.10/site-packages/airflow/example_dags/tutorial_objectstorage.py
[2026-01-29T16:02:50.211+0530] {processor.py:914} INFO - Processing file /home/hp/Desktop/Bigdata_project/BigData-Project/airflow-venv/lib/python3.10/site-packages/airflow/example_dags/tutorial_objectstorage.py for tasks to queue
[2026-01-29T16:02:50.214+0530] {logging_mixin.py:190} INFO - [2026-01-29T16:02:50.213+0530] {dagbag.py:588} INFO - Filling up the DagBag from /home/hp/Desktop/Bigdata_project/BigData-Project/airflow-venv/lib/python3.10/site-packages/airflow/example_dags/tutorial_objectstorage.py
[2026-01-29T16:02:50.224+0530] {processor.py:925} INFO - DAG(s) 'tutorial_objectstorage' retrieved from /home/hp/Desktop/Bigdata_project/BigData-Project/airflow-venv/lib/python3.10/site-packages/airflow/example_dags/tutorial_objectstorage.py
[2026-01-29T16:02:50.239+0530] {logging_mixin.py:190} INFO - [2026-01-29T16:02:50.239+0530] {dag.py:3239} INFO - Sync 1 DAGs
[2026-01-29T16:02:50.252+0530] {logging_mixin.py:190} INFO - [2026-01-29T16:02:50.252+0530] {dag.py:4180} INFO - Setting next_dagrun for tutorial_objectstorage to None, run_after=None
[2026-01-29T16:02:50.272+0530] {processor.py:208} INFO - Processing /home/hp/Desktop/Bigdata_project/BigData-Project/airflow-venv/lib/python3.10/site-packages/airflow/example_dags/tutorial_objectstorage.py took 0.075 seconds
[2026-01-29T16:03:44.430+0530] {processor.py:186} INFO - Started process (PID=30134) to work on /home/hp/Desktop/Bigdata_project/BigData-Project/airflow-venv/lib/python3.10/site-packages/airflow/example_dags/tutorial_objectstorage.py
[2026-01-29T16:03:44.436+0530] {processor.py:914} INFO - Processing file /home/hp/Desktop/Bigdata_project/BigData-Project/airflow-venv/lib/python3.10/site-packages/airflow/example_dags/tutorial_objectstorage.py for tasks to queue
[2026-01-29T16:03:44.439+0530] {logging_mixin.py:190} INFO - [2026-01-29T16:03:44.439+0530] {dagbag.py:588} INFO - Filling up the DagBag from /home/hp/Desktop/Bigdata_project/BigData-Project/airflow-venv/lib/python3.10/site-packages/airflow/example_dags/tutorial_objectstorage.py
[2026-01-29T16:03:44.449+0530] {processor.py:925} INFO - DAG(s) 'tutorial_objectstorage' retrieved from /home/hp/Desktop/Bigdata_project/BigData-Project/airflow-venv/lib/python3.10/site-packages/airflow/example_dags/tutorial_objectstorage.py
[2026-01-29T16:03:44.465+0530] {logging_mixin.py:190} INFO - [2026-01-29T16:03:44.464+0530] {dag.py:3239} INFO - Sync 1 DAGs
[2026-01-29T16:03:44.477+0530] {logging_mixin.py:190} INFO - [2026-01-29T16:03:44.477+0530] {dag.py:4180} INFO - Setting next_dagrun for tutorial_objectstorage to None, run_after=None
[2026-01-29T16:03:44.498+0530] {processor.py:208} INFO - Processing /home/hp/Desktop/Bigdata_project/BigData-Project/airflow-venv/lib/python3.10/site-packages/airflow/example_dags/tutorial_objectstorage.py took 0.075 seconds
[2026-01-29T16:04:40.828+0530] {processor.py:186} INFO - Started process (PID=30354) to work on /home/hp/Desktop/Bigdata_project/BigData-Project/airflow-venv/lib/python3.10/site-packages/airflow/example_dags/tutorial_objectstorage.py
[2026-01-29T16:04:40.830+0530] {processor.py:914} INFO - Processing file /home/hp/Desktop/Bigdata_project/BigData-Project/airflow-venv/lib/python3.10/site-packages/airflow/example_dags/tutorial_objectstorage.py for tasks to queue
[2026-01-29T16:04:40.833+0530] {logging_mixin.py:190} INFO - [2026-01-29T16:04:40.832+0530] {dagbag.py:588} INFO - Filling up the DagBag from /home/hp/Desktop/Bigdata_project/BigData-Project/airflow-venv/lib/python3.10/site-packages/airflow/example_dags/tutorial_objectstorage.py
[2026-01-29T16:04:40.843+0530] {processor.py:925} INFO - DAG(s) 'tutorial_objectstorage' retrieved from /home/hp/Desktop/Bigdata_project/BigData-Project/airflow-venv/lib/python3.10/site-packages/airflow/example_dags/tutorial_objectstorage.py
[2026-01-29T16:04:40.858+0530] {logging_mixin.py:190} INFO - [2026-01-29T16:04:40.858+0530] {dag.py:3239} INFO - Sync 1 DAGs
[2026-01-29T16:04:40.871+0530] {logging_mixin.py:190} INFO - [2026-01-29T16:04:40.871+0530] {dag.py:4180} INFO - Setting next_dagrun for tutorial_objectstorage to None, run_after=None
[2026-01-29T16:04:40.891+0530] {processor.py:208} INFO - Processing /home/hp/Desktop/Bigdata_project/BigData-Project/airflow-venv/lib/python3.10/site-packages/airflow/example_dags/tutorial_objectstorage.py took 0.070 seconds
[2026-01-29T16:05:36.929+0530] {processor.py:186} INFO - Started process (PID=30635) to work on /home/hp/Desktop/Bigdata_project/BigData-Project/airflow-venv/lib/python3.10/site-packages/airflow/example_dags/tutorial_objectstorage.py
[2026-01-29T16:05:36.936+0530] {processor.py:914} INFO - Processing file /home/hp/Desktop/Bigdata_project/BigData-Project/airflow-venv/lib/python3.10/site-packages/airflow/example_dags/tutorial_objectstorage.py for tasks to queue
[2026-01-29T16:05:36.939+0530] {logging_mixin.py:190} INFO - [2026-01-29T16:05:36.938+0530] {dagbag.py:588} INFO - Filling up the DagBag from /home/hp/Desktop/Bigdata_project/BigData-Project/airflow-venv/lib/python3.10/site-packages/airflow/example_dags/tutorial_objectstorage.py
[2026-01-29T16:05:36.949+0530] {processor.py:925} INFO - DAG(s) 'tutorial_objectstorage' retrieved from /home/hp/Desktop/Bigdata_project/BigData-Project/airflow-venv/lib/python3.10/site-packages/airflow/example_dags/tutorial_objectstorage.py
[2026-01-29T16:05:36.965+0530] {logging_mixin.py:190} INFO - [2026-01-29T16:05:36.965+0530] {dag.py:3239} INFO - Sync 1 DAGs
[2026-01-29T16:05:36.978+0530] {logging_mixin.py:190} INFO - [2026-01-29T16:05:36.978+0530] {dag.py:4180} INFO - Setting next_dagrun for tutorial_objectstorage to None, run_after=None
[2026-01-29T16:05:36.998+0530] {processor.py:208} INFO - Processing /home/hp/Desktop/Bigdata_project/BigData-Project/airflow-venv/lib/python3.10/site-packages/airflow/example_dags/tutorial_objectstorage.py took 0.076 seconds
[2026-01-29T16:06:33.759+0530] {processor.py:186} INFO - Started process (PID=30906) to work on /home/hp/Desktop/Bigdata_project/BigData-Project/airflow-venv/lib/python3.10/site-packages/airflow/example_dags/tutorial_objectstorage.py
[2026-01-29T16:06:33.766+0530] {processor.py:914} INFO - Processing file /home/hp/Desktop/Bigdata_project/BigData-Project/airflow-venv/lib/python3.10/site-packages/airflow/example_dags/tutorial_objectstorage.py for tasks to queue
[2026-01-29T16:06:33.769+0530] {logging_mixin.py:190} INFO - [2026-01-29T16:06:33.768+0530] {dagbag.py:588} INFO - Filling up the DagBag from /home/hp/Desktop/Bigdata_project/BigData-Project/airflow-venv/lib/python3.10/site-packages/airflow/example_dags/tutorial_objectstorage.py
[2026-01-29T16:06:33.779+0530] {processor.py:925} INFO - DAG(s) 'tutorial_objectstorage' retrieved from /home/hp/Desktop/Bigdata_project/BigData-Project/airflow-venv/lib/python3.10/site-packages/airflow/example_dags/tutorial_objectstorage.py
[2026-01-29T16:06:33.794+0530] {logging_mixin.py:190} INFO - [2026-01-29T16:06:33.794+0530] {dag.py:3239} INFO - Sync 1 DAGs
[2026-01-29T16:06:33.807+0530] {logging_mixin.py:190} INFO - [2026-01-29T16:06:33.807+0530] {dag.py:4180} INFO - Setting next_dagrun for tutorial_objectstorage to None, run_after=None
[2026-01-29T16:06:33.828+0530] {processor.py:208} INFO - Processing /home/hp/Desktop/Bigdata_project/BigData-Project/airflow-venv/lib/python3.10/site-packages/airflow/example_dags/tutorial_objectstorage.py took 0.076 seconds
[2026-01-29T16:07:31.479+0530] {processor.py:186} INFO - Started process (PID=31180) to work on /home/hp/Desktop/Bigdata_project/BigData-Project/airflow-venv/lib/python3.10/site-packages/airflow/example_dags/tutorial_objectstorage.py
[2026-01-29T16:07:31.485+0530] {processor.py:914} INFO - Processing file /home/hp/Desktop/Bigdata_project/BigData-Project/airflow-venv/lib/python3.10/site-packages/airflow/example_dags/tutorial_objectstorage.py for tasks to queue
[2026-01-29T16:07:31.489+0530] {logging_mixin.py:190} INFO - [2026-01-29T16:07:31.489+0530] {dagbag.py:588} INFO - Filling up the DagBag from /home/hp/Desktop/Bigdata_project/BigData-Project/airflow-venv/lib/python3.10/site-packages/airflow/example_dags/tutorial_objectstorage.py
[2026-01-29T16:07:31.501+0530] {processor.py:925} INFO - DAG(s) 'tutorial_objectstorage' retrieved from /home/hp/Desktop/Bigdata_project/BigData-Project/airflow-venv/lib/python3.10/site-packages/airflow/example_dags/tutorial_objectstorage.py
[2026-01-29T16:07:31.518+0530] {logging_mixin.py:190} INFO - [2026-01-29T16:07:31.517+0530] {dag.py:3239} INFO - Sync 1 DAGs
[2026-01-29T16:07:31.534+0530] {logging_mixin.py:190} INFO - [2026-01-29T16:07:31.533+0530] {dag.py:4180} INFO - Setting next_dagrun for tutorial_objectstorage to None, run_after=None
[2026-01-29T16:07:31.557+0530] {processor.py:208} INFO - Processing /home/hp/Desktop/Bigdata_project/BigData-Project/airflow-venv/lib/python3.10/site-packages/airflow/example_dags/tutorial_objectstorage.py took 0.086 seconds
[2026-01-29T16:08:28.749+0530] {processor.py:186} INFO - Started process (PID=31410) to work on /home/hp/Desktop/Bigdata_project/BigData-Project/airflow-venv/lib/python3.10/site-packages/airflow/example_dags/tutorial_objectstorage.py
[2026-01-29T16:08:28.750+0530] {processor.py:914} INFO - Processing file /home/hp/Desktop/Bigdata_project/BigData-Project/airflow-venv/lib/python3.10/site-packages/airflow/example_dags/tutorial_objectstorage.py for tasks to queue
[2026-01-29T16:08:28.752+0530] {logging_mixin.py:190} INFO - [2026-01-29T16:08:28.751+0530] {dagbag.py:588} INFO - Filling up the DagBag from /home/hp/Desktop/Bigdata_project/BigData-Project/airflow-venv/lib/python3.10/site-packages/airflow/example_dags/tutorial_objectstorage.py
[2026-01-29T16:08:28.762+0530] {processor.py:925} INFO - DAG(s) 'tutorial_objectstorage' retrieved from /home/hp/Desktop/Bigdata_project/BigData-Project/airflow-venv/lib/python3.10/site-packages/airflow/example_dags/tutorial_objectstorage.py
[2026-01-29T16:08:28.778+0530] {logging_mixin.py:190} INFO - [2026-01-29T16:08:28.778+0530] {dag.py:3239} INFO - Sync 1 DAGs
[2026-01-29T16:08:28.790+0530] {logging_mixin.py:190} INFO - [2026-01-29T16:08:28.790+0530] {dag.py:4180} INFO - Setting next_dagrun for tutorial_objectstorage to None, run_after=None
[2026-01-29T16:08:28.810+0530] {processor.py:208} INFO - Processing /home/hp/Desktop/Bigdata_project/BigData-Project/airflow-venv/lib/python3.10/site-packages/airflow/example_dags/tutorial_objectstorage.py took 0.068 seconds
[2026-01-29T16:09:45.422+0530] {processor.py:186} INFO - Started process (PID=31839) to work on /home/hp/Desktop/Bigdata_project/BigData-Project/airflow-venv/lib/python3.10/site-packages/airflow/example_dags/tutorial_objectstorage.py
[2026-01-29T16:09:45.429+0530] {processor.py:914} INFO - Processing file /home/hp/Desktop/Bigdata_project/BigData-Project/airflow-venv/lib/python3.10/site-packages/airflow/example_dags/tutorial_objectstorage.py for tasks to queue
[2026-01-29T16:09:45.432+0530] {logging_mixin.py:190} INFO - [2026-01-29T16:09:45.431+0530] {dagbag.py:588} INFO - Filling up the DagBag from /home/hp/Desktop/Bigdata_project/BigData-Project/airflow-venv/lib/python3.10/site-packages/airflow/example_dags/tutorial_objectstorage.py
[2026-01-29T16:09:45.442+0530] {processor.py:925} INFO - DAG(s) 'tutorial_objectstorage' retrieved from /home/hp/Desktop/Bigdata_project/BigData-Project/airflow-venv/lib/python3.10/site-packages/airflow/example_dags/tutorial_objectstorage.py
[2026-01-29T16:09:45.535+0530] {logging_mixin.py:190} INFO - [2026-01-29T16:09:45.535+0530] {override.py:1930} INFO - Created Permission View: can edit on DAG:tutorial_objectstorage
[2026-01-29T16:09:45.546+0530] {logging_mixin.py:190} INFO - [2026-01-29T16:09:45.546+0530] {override.py:1930} INFO - Created Permission View: can delete on DAG:tutorial_objectstorage
[2026-01-29T16:09:45.554+0530] {logging_mixin.py:190} INFO - [2026-01-29T16:09:45.554+0530] {override.py:1930} INFO - Created Permission View: can read on DAG:tutorial_objectstorage
[2026-01-29T16:09:45.565+0530] {logging_mixin.py:190} INFO - [2026-01-29T16:09:45.564+0530] {override.py:1930} INFO - Created Permission View: menu access on DAG Run:tutorial_objectstorage
[2026-01-29T16:09:45.572+0530] {logging_mixin.py:190} INFO - [2026-01-29T16:09:45.572+0530] {override.py:1930} INFO - Created Permission View: can delete on DAG Run:tutorial_objectstorage
[2026-01-29T16:09:45.580+0530] {logging_mixin.py:190} INFO - [2026-01-29T16:09:45.580+0530] {override.py:1930} INFO - Created Permission View: can create on DAG Run:tutorial_objectstorage
[2026-01-29T16:09:45.588+0530] {logging_mixin.py:190} INFO - [2026-01-29T16:09:45.587+0530] {override.py:1930} INFO - Created Permission View: can read on DAG Run:tutorial_objectstorage
[2026-01-29T16:09:45.588+0530] {logging_mixin.py:190} INFO - [2026-01-29T16:09:45.588+0530] {dag.py:3239} INFO - Sync 1 DAGs
[2026-01-29T16:09:45.601+0530] {logging_mixin.py:190} INFO - [2026-01-29T16:09:45.600+0530] {dag.py:3262} INFO - Creating ORM DAG for tutorial_objectstorage
[2026-01-29T16:09:45.601+0530] {logging_mixin.py:190} INFO - [2026-01-29T16:09:45.601+0530] {dag.py:4180} INFO - Setting next_dagrun for tutorial_objectstorage to None, run_after=None
[2026-01-29T16:09:45.620+0530] {processor.py:208} INFO - Processing /home/hp/Desktop/Bigdata_project/BigData-Project/airflow-venv/lib/python3.10/site-packages/airflow/example_dags/tutorial_objectstorage.py took 0.204 seconds
