[2026-01-29T15:55:32.171+0530] {processor.py:186} INFO - Started process (PID=28287) to work on /home/hp/Desktop/Bigdata_project/BigData-Project/airflow-venv/lib/python3.10/site-packages/airflow/example_dags/tutorial_dag.py
[2026-01-29T15:55:32.172+0530] {processor.py:914} INFO - Processing file /home/hp/Desktop/Bigdata_project/BigData-Project/airflow-venv/lib/python3.10/site-packages/airflow/example_dags/tutorial_dag.py for tasks to queue
[2026-01-29T15:55:32.175+0530] {logging_mixin.py:190} INFO - [2026-01-29T15:55:32.174+0530] {dagbag.py:588} INFO - Filling up the DagBag from /home/hp/Desktop/Bigdata_project/BigData-Project/airflow-venv/lib/python3.10/site-packages/airflow/example_dags/tutorial_dag.py
[2026-01-29T15:55:32.185+0530] {processor.py:925} INFO - DAG(s) 'tutorial_dag' retrieved from /home/hp/Desktop/Bigdata_project/BigData-Project/airflow-venv/lib/python3.10/site-packages/airflow/example_dags/tutorial_dag.py
[2026-01-29T15:55:32.302+0530] {logging_mixin.py:190} INFO - [2026-01-29T15:55:32.302+0530] {override.py:1930} INFO - Created Permission View: can edit on DAG:tutorial_dag
[2026-01-29T15:55:32.314+0530] {logging_mixin.py:190} INFO - [2026-01-29T15:55:32.313+0530] {override.py:1930} INFO - Created Permission View: can delete on DAG:tutorial_dag
[2026-01-29T15:55:32.322+0530] {logging_mixin.py:190} INFO - [2026-01-29T15:55:32.321+0530] {override.py:1930} INFO - Created Permission View: can read on DAG:tutorial_dag
[2026-01-29T15:55:32.333+0530] {logging_mixin.py:190} INFO - [2026-01-29T15:55:32.333+0530] {override.py:1930} INFO - Created Permission View: can delete on DAG Run:tutorial_dag
[2026-01-29T15:55:32.341+0530] {logging_mixin.py:190} INFO - [2026-01-29T15:55:32.341+0530] {override.py:1930} INFO - Created Permission View: can read on DAG Run:tutorial_dag
[2026-01-29T15:55:32.350+0530] {logging_mixin.py:190} INFO - [2026-01-29T15:55:32.349+0530] {override.py:1930} INFO - Created Permission View: menu access on DAG Run:tutorial_dag
[2026-01-29T15:55:32.358+0530] {logging_mixin.py:190} INFO - [2026-01-29T15:55:32.357+0530] {override.py:1930} INFO - Created Permission View: can create on DAG Run:tutorial_dag
[2026-01-29T15:55:32.358+0530] {logging_mixin.py:190} INFO - [2026-01-29T15:55:32.358+0530] {dag.py:3239} INFO - Sync 1 DAGs
[2026-01-29T15:55:32.371+0530] {logging_mixin.py:190} INFO - [2026-01-29T15:55:32.371+0530] {dag.py:3262} INFO - Creating ORM DAG for tutorial_dag
[2026-01-29T15:55:32.372+0530] {logging_mixin.py:190} INFO - [2026-01-29T15:55:32.372+0530] {dag.py:4180} INFO - Setting next_dagrun for tutorial_dag to None, run_after=None
[2026-01-29T15:55:32.393+0530] {processor.py:208} INFO - Processing /home/hp/Desktop/Bigdata_project/BigData-Project/airflow-venv/lib/python3.10/site-packages/airflow/example_dags/tutorial_dag.py took 0.230 seconds
[2026-01-29T15:56:36.862+0530] {processor.py:186} INFO - Started process (PID=28545) to work on /home/hp/Desktop/Bigdata_project/BigData-Project/airflow-venv/lib/python3.10/site-packages/airflow/example_dags/tutorial_dag.py
[2026-01-29T15:56:36.868+0530] {processor.py:914} INFO - Processing file /home/hp/Desktop/Bigdata_project/BigData-Project/airflow-venv/lib/python3.10/site-packages/airflow/example_dags/tutorial_dag.py for tasks to queue
[2026-01-29T15:56:36.872+0530] {logging_mixin.py:190} INFO - [2026-01-29T15:56:36.871+0530] {dagbag.py:588} INFO - Filling up the DagBag from /home/hp/Desktop/Bigdata_project/BigData-Project/airflow-venv/lib/python3.10/site-packages/airflow/example_dags/tutorial_dag.py
[2026-01-29T15:56:36.880+0530] {processor.py:925} INFO - DAG(s) 'tutorial_dag' retrieved from /home/hp/Desktop/Bigdata_project/BigData-Project/airflow-venv/lib/python3.10/site-packages/airflow/example_dags/tutorial_dag.py
[2026-01-29T15:56:36.897+0530] {logging_mixin.py:190} INFO - [2026-01-29T15:56:36.897+0530] {dag.py:3239} INFO - Sync 1 DAGs
[2026-01-29T15:56:36.911+0530] {logging_mixin.py:190} INFO - [2026-01-29T15:56:36.911+0530] {dag.py:4180} INFO - Setting next_dagrun for tutorial_dag to None, run_after=None
[2026-01-29T15:56:36.932+0530] {processor.py:208} INFO - Processing /home/hp/Desktop/Bigdata_project/BigData-Project/airflow-venv/lib/python3.10/site-packages/airflow/example_dags/tutorial_dag.py took 0.077 seconds
[2026-01-29T16:00:12.286+0530] {processor.py:186} INFO - Started process (PID=29122) to work on /home/hp/Desktop/Bigdata_project/BigData-Project/airflow-venv/lib/python3.10/site-packages/airflow/example_dags/tutorial_dag.py
[2026-01-29T16:00:12.293+0530] {processor.py:914} INFO - Processing file /home/hp/Desktop/Bigdata_project/BigData-Project/airflow-venv/lib/python3.10/site-packages/airflow/example_dags/tutorial_dag.py for tasks to queue
[2026-01-29T16:00:12.296+0530] {logging_mixin.py:190} INFO - [2026-01-29T16:00:12.295+0530] {dagbag.py:588} INFO - Filling up the DagBag from /home/hp/Desktop/Bigdata_project/BigData-Project/airflow-venv/lib/python3.10/site-packages/airflow/example_dags/tutorial_dag.py
[2026-01-29T16:00:12.304+0530] {processor.py:925} INFO - DAG(s) 'tutorial_dag' retrieved from /home/hp/Desktop/Bigdata_project/BigData-Project/airflow-venv/lib/python3.10/site-packages/airflow/example_dags/tutorial_dag.py
[2026-01-29T16:00:12.327+0530] {logging_mixin.py:190} INFO - [2026-01-29T16:00:12.327+0530] {dag.py:3239} INFO - Sync 1 DAGs
[2026-01-29T16:00:12.340+0530] {logging_mixin.py:190} INFO - [2026-01-29T16:00:12.339+0530] {dag.py:4180} INFO - Setting next_dagrun for tutorial_dag to None, run_after=None
[2026-01-29T16:00:12.359+0530] {processor.py:208} INFO - Processing /home/hp/Desktop/Bigdata_project/BigData-Project/airflow-venv/lib/python3.10/site-packages/airflow/example_dags/tutorial_dag.py took 0.080 seconds
[2026-01-29T16:01:07.514+0530] {processor.py:186} INFO - Started process (PID=29480) to work on /home/hp/Desktop/Bigdata_project/BigData-Project/airflow-venv/lib/python3.10/site-packages/airflow/example_dags/tutorial_dag.py
[2026-01-29T16:01:07.520+0530] {processor.py:914} INFO - Processing file /home/hp/Desktop/Bigdata_project/BigData-Project/airflow-venv/lib/python3.10/site-packages/airflow/example_dags/tutorial_dag.py for tasks to queue
[2026-01-29T16:01:07.524+0530] {logging_mixin.py:190} INFO - [2026-01-29T16:01:07.523+0530] {dagbag.py:588} INFO - Filling up the DagBag from /home/hp/Desktop/Bigdata_project/BigData-Project/airflow-venv/lib/python3.10/site-packages/airflow/example_dags/tutorial_dag.py
[2026-01-29T16:01:07.532+0530] {processor.py:925} INFO - DAG(s) 'tutorial_dag' retrieved from /home/hp/Desktop/Bigdata_project/BigData-Project/airflow-venv/lib/python3.10/site-packages/airflow/example_dags/tutorial_dag.py
[2026-01-29T16:01:07.549+0530] {logging_mixin.py:190} INFO - [2026-01-29T16:01:07.549+0530] {dag.py:3239} INFO - Sync 1 DAGs
[2026-01-29T16:01:07.563+0530] {logging_mixin.py:190} INFO - [2026-01-29T16:01:07.563+0530] {dag.py:4180} INFO - Setting next_dagrun for tutorial_dag to None, run_after=None
[2026-01-29T16:01:07.584+0530] {processor.py:208} INFO - Processing /home/hp/Desktop/Bigdata_project/BigData-Project/airflow-venv/lib/python3.10/site-packages/airflow/example_dags/tutorial_dag.py took 0.077 seconds
[2026-01-29T16:02:00.512+0530] {processor.py:186} INFO - Started process (PID=29700) to work on /home/hp/Desktop/Bigdata_project/BigData-Project/airflow-venv/lib/python3.10/site-packages/airflow/example_dags/tutorial_dag.py
[2026-01-29T16:02:00.519+0530] {processor.py:914} INFO - Processing file /home/hp/Desktop/Bigdata_project/BigData-Project/airflow-venv/lib/python3.10/site-packages/airflow/example_dags/tutorial_dag.py for tasks to queue
[2026-01-29T16:02:00.522+0530] {logging_mixin.py:190} INFO - [2026-01-29T16:02:00.522+0530] {dagbag.py:588} INFO - Filling up the DagBag from /home/hp/Desktop/Bigdata_project/BigData-Project/airflow-venv/lib/python3.10/site-packages/airflow/example_dags/tutorial_dag.py
[2026-01-29T16:02:00.530+0530] {processor.py:925} INFO - DAG(s) 'tutorial_dag' retrieved from /home/hp/Desktop/Bigdata_project/BigData-Project/airflow-venv/lib/python3.10/site-packages/airflow/example_dags/tutorial_dag.py
[2026-01-29T16:02:00.546+0530] {logging_mixin.py:190} INFO - [2026-01-29T16:02:00.546+0530] {dag.py:3239} INFO - Sync 1 DAGs
[2026-01-29T16:02:00.560+0530] {logging_mixin.py:190} INFO - [2026-01-29T16:02:00.560+0530] {dag.py:4180} INFO - Setting next_dagrun for tutorial_dag to None, run_after=None
[2026-01-29T16:02:00.581+0530] {processor.py:208} INFO - Processing /home/hp/Desktop/Bigdata_project/BigData-Project/airflow-venv/lib/python3.10/site-packages/airflow/example_dags/tutorial_dag.py took 0.075 seconds
[2026-01-29T16:02:55.071+0530] {processor.py:186} INFO - Started process (PID=29948) to work on /home/hp/Desktop/Bigdata_project/BigData-Project/airflow-venv/lib/python3.10/site-packages/airflow/example_dags/tutorial_dag.py
[2026-01-29T16:02:55.078+0530] {processor.py:914} INFO - Processing file /home/hp/Desktop/Bigdata_project/BigData-Project/airflow-venv/lib/python3.10/site-packages/airflow/example_dags/tutorial_dag.py for tasks to queue
[2026-01-29T16:02:55.081+0530] {logging_mixin.py:190} INFO - [2026-01-29T16:02:55.081+0530] {dagbag.py:588} INFO - Filling up the DagBag from /home/hp/Desktop/Bigdata_project/BigData-Project/airflow-venv/lib/python3.10/site-packages/airflow/example_dags/tutorial_dag.py
[2026-01-29T16:02:55.089+0530] {processor.py:925} INFO - DAG(s) 'tutorial_dag' retrieved from /home/hp/Desktop/Bigdata_project/BigData-Project/airflow-venv/lib/python3.10/site-packages/airflow/example_dags/tutorial_dag.py
[2026-01-29T16:02:55.105+0530] {logging_mixin.py:190} INFO - [2026-01-29T16:02:55.105+0530] {dag.py:3239} INFO - Sync 1 DAGs
[2026-01-29T16:02:55.118+0530] {logging_mixin.py:190} INFO - [2026-01-29T16:02:55.117+0530] {dag.py:4180} INFO - Setting next_dagrun for tutorial_dag to None, run_after=None
[2026-01-29T16:02:55.138+0530] {processor.py:208} INFO - Processing /home/hp/Desktop/Bigdata_project/BigData-Project/airflow-venv/lib/python3.10/site-packages/airflow/example_dags/tutorial_dag.py took 0.073 seconds
[2026-01-29T16:03:49.584+0530] {processor.py:186} INFO - Started process (PID=30151) to work on /home/hp/Desktop/Bigdata_project/BigData-Project/airflow-venv/lib/python3.10/site-packages/airflow/example_dags/tutorial_dag.py
[2026-01-29T16:03:49.591+0530] {processor.py:914} INFO - Processing file /home/hp/Desktop/Bigdata_project/BigData-Project/airflow-venv/lib/python3.10/site-packages/airflow/example_dags/tutorial_dag.py for tasks to queue
[2026-01-29T16:03:49.594+0530] {logging_mixin.py:190} INFO - [2026-01-29T16:03:49.593+0530] {dagbag.py:588} INFO - Filling up the DagBag from /home/hp/Desktop/Bigdata_project/BigData-Project/airflow-venv/lib/python3.10/site-packages/airflow/example_dags/tutorial_dag.py
[2026-01-29T16:03:49.601+0530] {processor.py:925} INFO - DAG(s) 'tutorial_dag' retrieved from /home/hp/Desktop/Bigdata_project/BigData-Project/airflow-venv/lib/python3.10/site-packages/airflow/example_dags/tutorial_dag.py
[2026-01-29T16:03:49.617+0530] {logging_mixin.py:190} INFO - [2026-01-29T16:03:49.617+0530] {dag.py:3239} INFO - Sync 1 DAGs
[2026-01-29T16:03:49.630+0530] {logging_mixin.py:190} INFO - [2026-01-29T16:03:49.630+0530] {dag.py:4180} INFO - Setting next_dagrun for tutorial_dag to None, run_after=None
[2026-01-29T16:03:49.650+0530] {processor.py:208} INFO - Processing /home/hp/Desktop/Bigdata_project/BigData-Project/airflow-venv/lib/python3.10/site-packages/airflow/example_dags/tutorial_dag.py took 0.072 seconds
[2026-01-29T16:04:45.433+0530] {processor.py:186} INFO - Started process (PID=30371) to work on /home/hp/Desktop/Bigdata_project/BigData-Project/airflow-venv/lib/python3.10/site-packages/airflow/example_dags/tutorial_dag.py
[2026-01-29T16:04:45.439+0530] {processor.py:914} INFO - Processing file /home/hp/Desktop/Bigdata_project/BigData-Project/airflow-venv/lib/python3.10/site-packages/airflow/example_dags/tutorial_dag.py for tasks to queue
[2026-01-29T16:04:45.442+0530] {logging_mixin.py:190} INFO - [2026-01-29T16:04:45.442+0530] {dagbag.py:588} INFO - Filling up the DagBag from /home/hp/Desktop/Bigdata_project/BigData-Project/airflow-venv/lib/python3.10/site-packages/airflow/example_dags/tutorial_dag.py
[2026-01-29T16:04:45.450+0530] {processor.py:925} INFO - DAG(s) 'tutorial_dag' retrieved from /home/hp/Desktop/Bigdata_project/BigData-Project/airflow-venv/lib/python3.10/site-packages/airflow/example_dags/tutorial_dag.py
[2026-01-29T16:04:45.467+0530] {logging_mixin.py:190} INFO - [2026-01-29T16:04:45.467+0530] {dag.py:3239} INFO - Sync 1 DAGs
[2026-01-29T16:04:45.482+0530] {logging_mixin.py:190} INFO - [2026-01-29T16:04:45.481+0530] {dag.py:4180} INFO - Setting next_dagrun for tutorial_dag to None, run_after=None
[2026-01-29T16:04:45.503+0530] {processor.py:208} INFO - Processing /home/hp/Desktop/Bigdata_project/BigData-Project/airflow-venv/lib/python3.10/site-packages/airflow/example_dags/tutorial_dag.py took 0.077 seconds
[2026-01-29T16:05:42.189+0530] {processor.py:186} INFO - Started process (PID=30666) to work on /home/hp/Desktop/Bigdata_project/BigData-Project/airflow-venv/lib/python3.10/site-packages/airflow/example_dags/tutorial_dag.py
[2026-01-29T16:05:42.195+0530] {processor.py:914} INFO - Processing file /home/hp/Desktop/Bigdata_project/BigData-Project/airflow-venv/lib/python3.10/site-packages/airflow/example_dags/tutorial_dag.py for tasks to queue
[2026-01-29T16:05:42.198+0530] {logging_mixin.py:190} INFO - [2026-01-29T16:05:42.198+0530] {dagbag.py:588} INFO - Filling up the DagBag from /home/hp/Desktop/Bigdata_project/BigData-Project/airflow-venv/lib/python3.10/site-packages/airflow/example_dags/tutorial_dag.py
[2026-01-29T16:05:42.206+0530] {processor.py:925} INFO - DAG(s) 'tutorial_dag' retrieved from /home/hp/Desktop/Bigdata_project/BigData-Project/airflow-venv/lib/python3.10/site-packages/airflow/example_dags/tutorial_dag.py
[2026-01-29T16:05:42.222+0530] {logging_mixin.py:190} INFO - [2026-01-29T16:05:42.222+0530] {dag.py:3239} INFO - Sync 1 DAGs
[2026-01-29T16:05:42.235+0530] {logging_mixin.py:190} INFO - [2026-01-29T16:05:42.235+0530] {dag.py:4180} INFO - Setting next_dagrun for tutorial_dag to None, run_after=None
[2026-01-29T16:05:42.255+0530] {processor.py:208} INFO - Processing /home/hp/Desktop/Bigdata_project/BigData-Project/airflow-venv/lib/python3.10/site-packages/airflow/example_dags/tutorial_dag.py took 0.073 seconds
[2026-01-29T16:06:38.876+0530] {processor.py:186} INFO - Started process (PID=30925) to work on /home/hp/Desktop/Bigdata_project/BigData-Project/airflow-venv/lib/python3.10/site-packages/airflow/example_dags/tutorial_dag.py
[2026-01-29T16:06:38.883+0530] {processor.py:914} INFO - Processing file /home/hp/Desktop/Bigdata_project/BigData-Project/airflow-venv/lib/python3.10/site-packages/airflow/example_dags/tutorial_dag.py for tasks to queue
[2026-01-29T16:06:38.885+0530] {logging_mixin.py:190} INFO - [2026-01-29T16:06:38.885+0530] {dagbag.py:588} INFO - Filling up the DagBag from /home/hp/Desktop/Bigdata_project/BigData-Project/airflow-venv/lib/python3.10/site-packages/airflow/example_dags/tutorial_dag.py
[2026-01-29T16:06:38.893+0530] {processor.py:925} INFO - DAG(s) 'tutorial_dag' retrieved from /home/hp/Desktop/Bigdata_project/BigData-Project/airflow-venv/lib/python3.10/site-packages/airflow/example_dags/tutorial_dag.py
[2026-01-29T16:06:38.909+0530] {logging_mixin.py:190} INFO - [2026-01-29T16:06:38.909+0530] {dag.py:3239} INFO - Sync 1 DAGs
[2026-01-29T16:06:38.923+0530] {logging_mixin.py:190} INFO - [2026-01-29T16:06:38.922+0530] {dag.py:4180} INFO - Setting next_dagrun for tutorial_dag to None, run_after=None
[2026-01-29T16:06:38.943+0530] {processor.py:208} INFO - Processing /home/hp/Desktop/Bigdata_project/BigData-Project/airflow-venv/lib/python3.10/site-packages/airflow/example_dags/tutorial_dag.py took 0.074 seconds
[2026-01-29T16:07:36.479+0530] {processor.py:186} INFO - Started process (PID=31197) to work on /home/hp/Desktop/Bigdata_project/BigData-Project/airflow-venv/lib/python3.10/site-packages/airflow/example_dags/tutorial_dag.py
[2026-01-29T16:07:36.485+0530] {processor.py:914} INFO - Processing file /home/hp/Desktop/Bigdata_project/BigData-Project/airflow-venv/lib/python3.10/site-packages/airflow/example_dags/tutorial_dag.py for tasks to queue
[2026-01-29T16:07:36.489+0530] {logging_mixin.py:190} INFO - [2026-01-29T16:07:36.488+0530] {dagbag.py:588} INFO - Filling up the DagBag from /home/hp/Desktop/Bigdata_project/BigData-Project/airflow-venv/lib/python3.10/site-packages/airflow/example_dags/tutorial_dag.py
[2026-01-29T16:07:36.496+0530] {processor.py:925} INFO - DAG(s) 'tutorial_dag' retrieved from /home/hp/Desktop/Bigdata_project/BigData-Project/airflow-venv/lib/python3.10/site-packages/airflow/example_dags/tutorial_dag.py
[2026-01-29T16:07:36.512+0530] {logging_mixin.py:190} INFO - [2026-01-29T16:07:36.512+0530] {dag.py:3239} INFO - Sync 1 DAGs
[2026-01-29T16:07:36.524+0530] {logging_mixin.py:190} INFO - [2026-01-29T16:07:36.524+0530] {dag.py:4180} INFO - Setting next_dagrun for tutorial_dag to None, run_after=None
[2026-01-29T16:07:36.545+0530] {processor.py:208} INFO - Processing /home/hp/Desktop/Bigdata_project/BigData-Project/airflow-venv/lib/python3.10/site-packages/airflow/example_dags/tutorial_dag.py took 0.073 seconds
[2026-01-29T16:08:35.122+0530] {processor.py:186} INFO - Started process (PID=31437) to work on /home/hp/Desktop/Bigdata_project/BigData-Project/airflow-venv/lib/python3.10/site-packages/airflow/example_dags/tutorial_dag.py
[2026-01-29T16:08:35.129+0530] {processor.py:914} INFO - Processing file /home/hp/Desktop/Bigdata_project/BigData-Project/airflow-venv/lib/python3.10/site-packages/airflow/example_dags/tutorial_dag.py for tasks to queue
[2026-01-29T16:08:35.131+0530] {logging_mixin.py:190} INFO - [2026-01-29T16:08:35.131+0530] {dagbag.py:588} INFO - Filling up the DagBag from /home/hp/Desktop/Bigdata_project/BigData-Project/airflow-venv/lib/python3.10/site-packages/airflow/example_dags/tutorial_dag.py
[2026-01-29T16:08:35.139+0530] {processor.py:925} INFO - DAG(s) 'tutorial_dag' retrieved from /home/hp/Desktop/Bigdata_project/BigData-Project/airflow-venv/lib/python3.10/site-packages/airflow/example_dags/tutorial_dag.py
[2026-01-29T16:08:35.237+0530] {logging_mixin.py:190} INFO - [2026-01-29T16:08:35.236+0530] {override.py:1930} INFO - Created Permission View: can edit on DAG:tutorial_dag
[2026-01-29T16:08:35.248+0530] {logging_mixin.py:190} INFO - [2026-01-29T16:08:35.247+0530] {override.py:1930} INFO - Created Permission View: can delete on DAG:tutorial_dag
[2026-01-29T16:08:35.257+0530] {logging_mixin.py:190} INFO - [2026-01-29T16:08:35.256+0530] {override.py:1930} INFO - Created Permission View: can read on DAG:tutorial_dag
[2026-01-29T16:08:35.267+0530] {logging_mixin.py:190} INFO - [2026-01-29T16:08:35.267+0530] {override.py:1930} INFO - Created Permission View: menu access on DAG Run:tutorial_dag
[2026-01-29T16:08:35.275+0530] {logging_mixin.py:190} INFO - [2026-01-29T16:08:35.274+0530] {override.py:1930} INFO - Created Permission View: can delete on DAG Run:tutorial_dag
[2026-01-29T16:08:35.282+0530] {logging_mixin.py:190} INFO - [2026-01-29T16:08:35.281+0530] {override.py:1930} INFO - Created Permission View: can create on DAG Run:tutorial_dag
[2026-01-29T16:08:35.289+0530] {logging_mixin.py:190} INFO - [2026-01-29T16:08:35.289+0530] {override.py:1930} INFO - Created Permission View: can read on DAG Run:tutorial_dag
[2026-01-29T16:08:35.289+0530] {logging_mixin.py:190} INFO - [2026-01-29T16:08:35.289+0530] {dag.py:3239} INFO - Sync 1 DAGs
[2026-01-29T16:08:35.301+0530] {logging_mixin.py:190} INFO - [2026-01-29T16:08:35.301+0530] {dag.py:3262} INFO - Creating ORM DAG for tutorial_dag
[2026-01-29T16:08:35.301+0530] {logging_mixin.py:190} INFO - [2026-01-29T16:08:35.301+0530] {dag.py:4180} INFO - Setting next_dagrun for tutorial_dag to None, run_after=None
[2026-01-29T16:08:35.429+0530] {processor.py:208} INFO - Processing /home/hp/Desktop/Bigdata_project/BigData-Project/airflow-venv/lib/python3.10/site-packages/airflow/example_dags/tutorial_dag.py took 0.313 seconds
