[2026-01-29T15:55:28.159+0530] {processor.py:186} INFO - Started process (PID=28279) to work on /home/hp/Desktop/Bigdata_project/BigData-Project/airflow-venv/lib/python3.10/site-packages/airflow/example_dags/tutorial_taskflow_api.py
[2026-01-29T15:55:28.160+0530] {processor.py:914} INFO - Processing file /home/hp/Desktop/Bigdata_project/BigData-Project/airflow-venv/lib/python3.10/site-packages/airflow/example_dags/tutorial_taskflow_api.py for tasks to queue
[2026-01-29T15:55:28.163+0530] {logging_mixin.py:190} INFO - [2026-01-29T15:55:28.163+0530] {dagbag.py:588} INFO - Filling up the DagBag from /home/hp/Desktop/Bigdata_project/BigData-Project/airflow-venv/lib/python3.10/site-packages/airflow/example_dags/tutorial_taskflow_api.py
[2026-01-29T15:55:28.174+0530] {processor.py:925} INFO - DAG(s) 'tutorial_taskflow_api' retrieved from /home/hp/Desktop/Bigdata_project/BigData-Project/airflow-venv/lib/python3.10/site-packages/airflow/example_dags/tutorial_taskflow_api.py
[2026-01-29T15:55:28.291+0530] {logging_mixin.py:190} INFO - [2026-01-29T15:55:28.290+0530] {override.py:1930} INFO - Created Permission View: can edit on DAG:tutorial_taskflow_api
[2026-01-29T15:55:28.302+0530] {logging_mixin.py:190} INFO - [2026-01-29T15:55:28.302+0530] {override.py:1930} INFO - Created Permission View: can delete on DAG:tutorial_taskflow_api
[2026-01-29T15:55:28.311+0530] {logging_mixin.py:190} INFO - [2026-01-29T15:55:28.310+0530] {override.py:1930} INFO - Created Permission View: can read on DAG:tutorial_taskflow_api
[2026-01-29T15:55:28.323+0530] {logging_mixin.py:190} INFO - [2026-01-29T15:55:28.322+0530] {override.py:1930} INFO - Created Permission View: can delete on DAG Run:tutorial_taskflow_api
[2026-01-29T15:55:28.331+0530] {logging_mixin.py:190} INFO - [2026-01-29T15:55:28.330+0530] {override.py:1930} INFO - Created Permission View: can read on DAG Run:tutorial_taskflow_api
[2026-01-29T15:55:28.339+0530] {logging_mixin.py:190} INFO - [2026-01-29T15:55:28.338+0530] {override.py:1930} INFO - Created Permission View: menu access on DAG Run:tutorial_taskflow_api
[2026-01-29T15:55:28.373+0530] {logging_mixin.py:190} INFO - [2026-01-29T15:55:28.372+0530] {override.py:1930} INFO - Created Permission View: can create on DAG Run:tutorial_taskflow_api
[2026-01-29T15:55:28.373+0530] {logging_mixin.py:190} INFO - [2026-01-29T15:55:28.373+0530] {dag.py:3239} INFO - Sync 1 DAGs
[2026-01-29T15:55:28.387+0530] {logging_mixin.py:190} INFO - [2026-01-29T15:55:28.386+0530] {dag.py:3262} INFO - Creating ORM DAG for tutorial_taskflow_api
[2026-01-29T15:55:28.387+0530] {logging_mixin.py:190} INFO - [2026-01-29T15:55:28.387+0530] {dag.py:4180} INFO - Setting next_dagrun for tutorial_taskflow_api to None, run_after=None
[2026-01-29T15:55:28.408+0530] {processor.py:208} INFO - Processing /home/hp/Desktop/Bigdata_project/BigData-Project/airflow-venv/lib/python3.10/site-packages/airflow/example_dags/tutorial_taskflow_api.py took 0.257 seconds
[2026-01-29T15:56:32.948+0530] {processor.py:186} INFO - Started process (PID=28537) to work on /home/hp/Desktop/Bigdata_project/BigData-Project/airflow-venv/lib/python3.10/site-packages/airflow/example_dags/tutorial_taskflow_api.py
[2026-01-29T15:56:32.955+0530] {processor.py:914} INFO - Processing file /home/hp/Desktop/Bigdata_project/BigData-Project/airflow-venv/lib/python3.10/site-packages/airflow/example_dags/tutorial_taskflow_api.py for tasks to queue
[2026-01-29T15:56:32.959+0530] {logging_mixin.py:190} INFO - [2026-01-29T15:56:32.958+0530] {dagbag.py:588} INFO - Filling up the DagBag from /home/hp/Desktop/Bigdata_project/BigData-Project/airflow-venv/lib/python3.10/site-packages/airflow/example_dags/tutorial_taskflow_api.py
[2026-01-29T15:56:32.967+0530] {processor.py:925} INFO - DAG(s) 'tutorial_taskflow_api' retrieved from /home/hp/Desktop/Bigdata_project/BigData-Project/airflow-venv/lib/python3.10/site-packages/airflow/example_dags/tutorial_taskflow_api.py
[2026-01-29T15:56:32.984+0530] {logging_mixin.py:190} INFO - [2026-01-29T15:56:32.984+0530] {dag.py:3239} INFO - Sync 1 DAGs
[2026-01-29T15:56:32.997+0530] {logging_mixin.py:190} INFO - [2026-01-29T15:56:32.997+0530] {dag.py:4180} INFO - Setting next_dagrun for tutorial_taskflow_api to None, run_after=None
[2026-01-29T15:56:33.018+0530] {processor.py:208} INFO - Processing /home/hp/Desktop/Bigdata_project/BigData-Project/airflow-venv/lib/python3.10/site-packages/airflow/example_dags/tutorial_taskflow_api.py took 0.076 seconds
[2026-01-29T15:57:31.056+0530] {processor.py:186} INFO - Started process (PID=28726) to work on /home/hp/Desktop/Bigdata_project/BigData-Project/airflow-venv/lib/python3.10/site-packages/airflow/example_dags/tutorial_taskflow_api.py
[2026-01-29T15:57:31.062+0530] {processor.py:914} INFO - Processing file /home/hp/Desktop/Bigdata_project/BigData-Project/airflow-venv/lib/python3.10/site-packages/airflow/example_dags/tutorial_taskflow_api.py for tasks to queue
[2026-01-29T15:57:31.065+0530] {logging_mixin.py:190} INFO - [2026-01-29T15:57:31.065+0530] {dagbag.py:588} INFO - Filling up the DagBag from /home/hp/Desktop/Bigdata_project/BigData-Project/airflow-venv/lib/python3.10/site-packages/airflow/example_dags/tutorial_taskflow_api.py
[2026-01-29T15:57:31.074+0530] {processor.py:925} INFO - DAG(s) 'tutorial_taskflow_api' retrieved from /home/hp/Desktop/Bigdata_project/BigData-Project/airflow-venv/lib/python3.10/site-packages/airflow/example_dags/tutorial_taskflow_api.py
[2026-01-29T15:57:31.091+0530] {logging_mixin.py:190} INFO - [2026-01-29T15:57:31.091+0530] {dag.py:3239} INFO - Sync 1 DAGs
[2026-01-29T15:57:31.105+0530] {logging_mixin.py:190} INFO - [2026-01-29T15:57:31.104+0530] {dag.py:4180} INFO - Setting next_dagrun for tutorial_taskflow_api to None, run_after=None
[2026-01-29T15:57:31.126+0530] {processor.py:208} INFO - Processing /home/hp/Desktop/Bigdata_project/BigData-Project/airflow-venv/lib/python3.10/site-packages/airflow/example_dags/tutorial_taskflow_api.py took 0.077 seconds
[2026-01-29T16:00:08.446+0530] {processor.py:186} INFO - Started process (PID=29094) to work on /home/hp/Desktop/Bigdata_project/BigData-Project/airflow-venv/lib/python3.10/site-packages/airflow/example_dags/tutorial_taskflow_api.py
[2026-01-29T16:00:08.452+0530] {processor.py:914} INFO - Processing file /home/hp/Desktop/Bigdata_project/BigData-Project/airflow-venv/lib/python3.10/site-packages/airflow/example_dags/tutorial_taskflow_api.py for tasks to queue
[2026-01-29T16:00:08.455+0530] {logging_mixin.py:190} INFO - [2026-01-29T16:00:08.455+0530] {dagbag.py:588} INFO - Filling up the DagBag from /home/hp/Desktop/Bigdata_project/BigData-Project/airflow-venv/lib/python3.10/site-packages/airflow/example_dags/tutorial_taskflow_api.py
[2026-01-29T16:00:08.464+0530] {processor.py:925} INFO - DAG(s) 'tutorial_taskflow_api' retrieved from /home/hp/Desktop/Bigdata_project/BigData-Project/airflow-venv/lib/python3.10/site-packages/airflow/example_dags/tutorial_taskflow_api.py
[2026-01-29T16:00:08.487+0530] {logging_mixin.py:190} INFO - [2026-01-29T16:00:08.486+0530] {dag.py:3239} INFO - Sync 1 DAGs
[2026-01-29T16:00:08.501+0530] {logging_mixin.py:190} INFO - [2026-01-29T16:00:08.500+0530] {dag.py:4180} INFO - Setting next_dagrun for tutorial_taskflow_api to None, run_after=None
[2026-01-29T16:00:08.521+0530] {processor.py:208} INFO - Processing /home/hp/Desktop/Bigdata_project/BigData-Project/airflow-venv/lib/python3.10/site-packages/airflow/example_dags/tutorial_taskflow_api.py took 0.082 seconds
[2026-01-29T16:01:03.400+0530] {processor.py:186} INFO - Started process (PID=29466) to work on /home/hp/Desktop/Bigdata_project/BigData-Project/airflow-venv/lib/python3.10/site-packages/airflow/example_dags/tutorial_taskflow_api.py
[2026-01-29T16:01:03.407+0530] {processor.py:914} INFO - Processing file /home/hp/Desktop/Bigdata_project/BigData-Project/airflow-venv/lib/python3.10/site-packages/airflow/example_dags/tutorial_taskflow_api.py for tasks to queue
[2026-01-29T16:01:03.410+0530] {logging_mixin.py:190} INFO - [2026-01-29T16:01:03.409+0530] {dagbag.py:588} INFO - Filling up the DagBag from /home/hp/Desktop/Bigdata_project/BigData-Project/airflow-venv/lib/python3.10/site-packages/airflow/example_dags/tutorial_taskflow_api.py
[2026-01-29T16:01:03.418+0530] {processor.py:925} INFO - DAG(s) 'tutorial_taskflow_api' retrieved from /home/hp/Desktop/Bigdata_project/BigData-Project/airflow-venv/lib/python3.10/site-packages/airflow/example_dags/tutorial_taskflow_api.py
[2026-01-29T16:01:03.434+0530] {logging_mixin.py:190} INFO - [2026-01-29T16:01:03.433+0530] {dag.py:3239} INFO - Sync 1 DAGs
[2026-01-29T16:01:03.446+0530] {logging_mixin.py:190} INFO - [2026-01-29T16:01:03.446+0530] {dag.py:4180} INFO - Setting next_dagrun for tutorial_taskflow_api to None, run_after=None
[2026-01-29T16:01:03.465+0530] {processor.py:208} INFO - Processing /home/hp/Desktop/Bigdata_project/BigData-Project/airflow-venv/lib/python3.10/site-packages/airflow/example_dags/tutorial_taskflow_api.py took 0.071 seconds
[2026-01-29T16:01:57.287+0530] {processor.py:186} INFO - Started process (PID=29691) to work on /home/hp/Desktop/Bigdata_project/BigData-Project/airflow-venv/lib/python3.10/site-packages/airflow/example_dags/tutorial_taskflow_api.py
[2026-01-29T16:01:57.293+0530] {processor.py:914} INFO - Processing file /home/hp/Desktop/Bigdata_project/BigData-Project/airflow-venv/lib/python3.10/site-packages/airflow/example_dags/tutorial_taskflow_api.py for tasks to queue
[2026-01-29T16:01:57.296+0530] {logging_mixin.py:190} INFO - [2026-01-29T16:01:57.295+0530] {dagbag.py:588} INFO - Filling up the DagBag from /home/hp/Desktop/Bigdata_project/BigData-Project/airflow-venv/lib/python3.10/site-packages/airflow/example_dags/tutorial_taskflow_api.py
[2026-01-29T16:01:57.305+0530] {processor.py:925} INFO - DAG(s) 'tutorial_taskflow_api' retrieved from /home/hp/Desktop/Bigdata_project/BigData-Project/airflow-venv/lib/python3.10/site-packages/airflow/example_dags/tutorial_taskflow_api.py
[2026-01-29T16:01:57.322+0530] {logging_mixin.py:190} INFO - [2026-01-29T16:01:57.321+0530] {dag.py:3239} INFO - Sync 1 DAGs
[2026-01-29T16:01:57.335+0530] {logging_mixin.py:190} INFO - [2026-01-29T16:01:57.335+0530] {dag.py:4180} INFO - Setting next_dagrun for tutorial_taskflow_api to None, run_after=None
[2026-01-29T16:01:57.356+0530] {processor.py:208} INFO - Processing /home/hp/Desktop/Bigdata_project/BigData-Project/airflow-venv/lib/python3.10/site-packages/airflow/example_dags/tutorial_taskflow_api.py took 0.076 seconds
[2026-01-29T16:02:51.349+0530] {processor.py:186} INFO - Started process (PID=29922) to work on /home/hp/Desktop/Bigdata_project/BigData-Project/airflow-venv/lib/python3.10/site-packages/airflow/example_dags/tutorial_taskflow_api.py
[2026-01-29T16:02:51.356+0530] {processor.py:914} INFO - Processing file /home/hp/Desktop/Bigdata_project/BigData-Project/airflow-venv/lib/python3.10/site-packages/airflow/example_dags/tutorial_taskflow_api.py for tasks to queue
[2026-01-29T16:02:51.359+0530] {logging_mixin.py:190} INFO - [2026-01-29T16:02:51.359+0530] {dagbag.py:588} INFO - Filling up the DagBag from /home/hp/Desktop/Bigdata_project/BigData-Project/airflow-venv/lib/python3.10/site-packages/airflow/example_dags/tutorial_taskflow_api.py
[2026-01-29T16:02:51.369+0530] {processor.py:925} INFO - DAG(s) 'tutorial_taskflow_api' retrieved from /home/hp/Desktop/Bigdata_project/BigData-Project/airflow-venv/lib/python3.10/site-packages/airflow/example_dags/tutorial_taskflow_api.py
[2026-01-29T16:02:51.385+0530] {logging_mixin.py:190} INFO - [2026-01-29T16:02:51.385+0530] {dag.py:3239} INFO - Sync 1 DAGs
[2026-01-29T16:02:51.398+0530] {logging_mixin.py:190} INFO - [2026-01-29T16:02:51.398+0530] {dag.py:4180} INFO - Setting next_dagrun for tutorial_taskflow_api to None, run_after=None
[2026-01-29T16:02:51.419+0530] {processor.py:208} INFO - Processing /home/hp/Desktop/Bigdata_project/BigData-Project/airflow-venv/lib/python3.10/site-packages/airflow/example_dags/tutorial_taskflow_api.py took 0.077 seconds
[2026-01-29T16:03:45.587+0530] {processor.py:186} INFO - Started process (PID=30139) to work on /home/hp/Desktop/Bigdata_project/BigData-Project/airflow-venv/lib/python3.10/site-packages/airflow/example_dags/tutorial_taskflow_api.py
[2026-01-29T16:03:45.593+0530] {processor.py:914} INFO - Processing file /home/hp/Desktop/Bigdata_project/BigData-Project/airflow-venv/lib/python3.10/site-packages/airflow/example_dags/tutorial_taskflow_api.py for tasks to queue
[2026-01-29T16:03:45.596+0530] {logging_mixin.py:190} INFO - [2026-01-29T16:03:45.596+0530] {dagbag.py:588} INFO - Filling up the DagBag from /home/hp/Desktop/Bigdata_project/BigData-Project/airflow-venv/lib/python3.10/site-packages/airflow/example_dags/tutorial_taskflow_api.py
[2026-01-29T16:03:45.605+0530] {processor.py:925} INFO - DAG(s) 'tutorial_taskflow_api' retrieved from /home/hp/Desktop/Bigdata_project/BigData-Project/airflow-venv/lib/python3.10/site-packages/airflow/example_dags/tutorial_taskflow_api.py
[2026-01-29T16:03:45.621+0530] {logging_mixin.py:190} INFO - [2026-01-29T16:03:45.620+0530] {dag.py:3239} INFO - Sync 1 DAGs
[2026-01-29T16:03:45.634+0530] {logging_mixin.py:190} INFO - [2026-01-29T16:03:45.633+0530] {dag.py:4180} INFO - Setting next_dagrun for tutorial_taskflow_api to None, run_after=None
[2026-01-29T16:03:45.653+0530] {processor.py:208} INFO - Processing /home/hp/Desktop/Bigdata_project/BigData-Project/airflow-venv/lib/python3.10/site-packages/airflow/example_dags/tutorial_taskflow_api.py took 0.073 seconds
[2026-01-29T16:04:41.386+0530] {processor.py:186} INFO - Started process (PID=30358) to work on /home/hp/Desktop/Bigdata_project/BigData-Project/airflow-venv/lib/python3.10/site-packages/airflow/example_dags/tutorial_taskflow_api.py
[2026-01-29T16:04:41.393+0530] {processor.py:914} INFO - Processing file /home/hp/Desktop/Bigdata_project/BigData-Project/airflow-venv/lib/python3.10/site-packages/airflow/example_dags/tutorial_taskflow_api.py for tasks to queue
[2026-01-29T16:04:41.396+0530] {logging_mixin.py:190} INFO - [2026-01-29T16:04:41.395+0530] {dagbag.py:588} INFO - Filling up the DagBag from /home/hp/Desktop/Bigdata_project/BigData-Project/airflow-venv/lib/python3.10/site-packages/airflow/example_dags/tutorial_taskflow_api.py
[2026-01-29T16:04:41.406+0530] {processor.py:925} INFO - DAG(s) 'tutorial_taskflow_api' retrieved from /home/hp/Desktop/Bigdata_project/BigData-Project/airflow-venv/lib/python3.10/site-packages/airflow/example_dags/tutorial_taskflow_api.py
[2026-01-29T16:04:41.423+0530] {logging_mixin.py:190} INFO - [2026-01-29T16:04:41.423+0530] {dag.py:3239} INFO - Sync 1 DAGs
[2026-01-29T16:04:41.436+0530] {logging_mixin.py:190} INFO - [2026-01-29T16:04:41.436+0530] {dag.py:4180} INFO - Setting next_dagrun for tutorial_taskflow_api to None, run_after=None
[2026-01-29T16:04:41.458+0530] {processor.py:208} INFO - Processing /home/hp/Desktop/Bigdata_project/BigData-Project/airflow-venv/lib/python3.10/site-packages/airflow/example_dags/tutorial_taskflow_api.py took 0.079 seconds
[2026-01-29T16:05:38.074+0530] {processor.py:186} INFO - Started process (PID=30638) to work on /home/hp/Desktop/Bigdata_project/BigData-Project/airflow-venv/lib/python3.10/site-packages/airflow/example_dags/tutorial_taskflow_api.py
[2026-01-29T16:05:38.080+0530] {processor.py:914} INFO - Processing file /home/hp/Desktop/Bigdata_project/BigData-Project/airflow-venv/lib/python3.10/site-packages/airflow/example_dags/tutorial_taskflow_api.py for tasks to queue
[2026-01-29T16:05:38.083+0530] {logging_mixin.py:190} INFO - [2026-01-29T16:05:38.083+0530] {dagbag.py:588} INFO - Filling up the DagBag from /home/hp/Desktop/Bigdata_project/BigData-Project/airflow-venv/lib/python3.10/site-packages/airflow/example_dags/tutorial_taskflow_api.py
[2026-01-29T16:05:38.092+0530] {processor.py:925} INFO - DAG(s) 'tutorial_taskflow_api' retrieved from /home/hp/Desktop/Bigdata_project/BigData-Project/airflow-venv/lib/python3.10/site-packages/airflow/example_dags/tutorial_taskflow_api.py
[2026-01-29T16:05:38.109+0530] {logging_mixin.py:190} INFO - [2026-01-29T16:05:38.109+0530] {dag.py:3239} INFO - Sync 1 DAGs
[2026-01-29T16:05:38.121+0530] {logging_mixin.py:190} INFO - [2026-01-29T16:05:38.121+0530] {dag.py:4180} INFO - Setting next_dagrun for tutorial_taskflow_api to None, run_after=None
[2026-01-29T16:05:38.142+0530] {processor.py:208} INFO - Processing /home/hp/Desktop/Bigdata_project/BigData-Project/airflow-venv/lib/python3.10/site-packages/airflow/example_dags/tutorial_taskflow_api.py took 0.074 seconds
[2026-01-29T16:06:34.184+0530] {processor.py:186} INFO - Started process (PID=30909) to work on /home/hp/Desktop/Bigdata_project/BigData-Project/airflow-venv/lib/python3.10/site-packages/airflow/example_dags/tutorial_taskflow_api.py
[2026-01-29T16:06:34.190+0530] {processor.py:914} INFO - Processing file /home/hp/Desktop/Bigdata_project/BigData-Project/airflow-venv/lib/python3.10/site-packages/airflow/example_dags/tutorial_taskflow_api.py for tasks to queue
[2026-01-29T16:06:34.193+0530] {logging_mixin.py:190} INFO - [2026-01-29T16:06:34.193+0530] {dagbag.py:588} INFO - Filling up the DagBag from /home/hp/Desktop/Bigdata_project/BigData-Project/airflow-venv/lib/python3.10/site-packages/airflow/example_dags/tutorial_taskflow_api.py
[2026-01-29T16:06:34.202+0530] {processor.py:925} INFO - DAG(s) 'tutorial_taskflow_api' retrieved from /home/hp/Desktop/Bigdata_project/BigData-Project/airflow-venv/lib/python3.10/site-packages/airflow/example_dags/tutorial_taskflow_api.py
[2026-01-29T16:06:34.218+0530] {logging_mixin.py:190} INFO - [2026-01-29T16:06:34.218+0530] {dag.py:3239} INFO - Sync 1 DAGs
[2026-01-29T16:06:34.232+0530] {logging_mixin.py:190} INFO - [2026-01-29T16:06:34.231+0530] {dag.py:4180} INFO - Setting next_dagrun for tutorial_taskflow_api to None, run_after=None
[2026-01-29T16:06:34.252+0530] {processor.py:208} INFO - Processing /home/hp/Desktop/Bigdata_project/BigData-Project/airflow-venv/lib/python3.10/site-packages/airflow/example_dags/tutorial_taskflow_api.py took 0.075 seconds
[2026-01-29T16:07:32.037+0530] {processor.py:186} INFO - Started process (PID=31183) to work on /home/hp/Desktop/Bigdata_project/BigData-Project/airflow-venv/lib/python3.10/site-packages/airflow/example_dags/tutorial_taskflow_api.py
[2026-01-29T16:07:32.043+0530] {processor.py:914} INFO - Processing file /home/hp/Desktop/Bigdata_project/BigData-Project/airflow-venv/lib/python3.10/site-packages/airflow/example_dags/tutorial_taskflow_api.py for tasks to queue
[2026-01-29T16:07:32.046+0530] {logging_mixin.py:190} INFO - [2026-01-29T16:07:32.046+0530] {dagbag.py:588} INFO - Filling up the DagBag from /home/hp/Desktop/Bigdata_project/BigData-Project/airflow-venv/lib/python3.10/site-packages/airflow/example_dags/tutorial_taskflow_api.py
[2026-01-29T16:07:32.055+0530] {processor.py:925} INFO - DAG(s) 'tutorial_taskflow_api' retrieved from /home/hp/Desktop/Bigdata_project/BigData-Project/airflow-venv/lib/python3.10/site-packages/airflow/example_dags/tutorial_taskflow_api.py
[2026-01-29T16:07:32.071+0530] {logging_mixin.py:190} INFO - [2026-01-29T16:07:32.070+0530] {dag.py:3239} INFO - Sync 1 DAGs
[2026-01-29T16:07:32.083+0530] {logging_mixin.py:190} INFO - [2026-01-29T16:07:32.083+0530] {dag.py:4180} INFO - Setting next_dagrun for tutorial_taskflow_api to None, run_after=None
[2026-01-29T16:07:32.104+0530] {processor.py:208} INFO - Processing /home/hp/Desktop/Bigdata_project/BigData-Project/airflow-venv/lib/python3.10/site-packages/airflow/example_dags/tutorial_taskflow_api.py took 0.073 seconds
[2026-01-29T16:08:29.903+0530] {processor.py:186} INFO - Started process (PID=31414) to work on /home/hp/Desktop/Bigdata_project/BigData-Project/airflow-venv/lib/python3.10/site-packages/airflow/example_dags/tutorial_taskflow_api.py
[2026-01-29T16:08:29.910+0530] {processor.py:914} INFO - Processing file /home/hp/Desktop/Bigdata_project/BigData-Project/airflow-venv/lib/python3.10/site-packages/airflow/example_dags/tutorial_taskflow_api.py for tasks to queue
[2026-01-29T16:08:29.912+0530] {logging_mixin.py:190} INFO - [2026-01-29T16:08:29.911+0530] {dagbag.py:588} INFO - Filling up the DagBag from /home/hp/Desktop/Bigdata_project/BigData-Project/airflow-venv/lib/python3.10/site-packages/airflow/example_dags/tutorial_taskflow_api.py
[2026-01-29T16:08:29.920+0530] {processor.py:925} INFO - DAG(s) 'tutorial_taskflow_api' retrieved from /home/hp/Desktop/Bigdata_project/BigData-Project/airflow-venv/lib/python3.10/site-packages/airflow/example_dags/tutorial_taskflow_api.py
[2026-01-29T16:08:29.936+0530] {logging_mixin.py:190} INFO - [2026-01-29T16:08:29.936+0530] {dag.py:3239} INFO - Sync 1 DAGs
[2026-01-29T16:08:29.949+0530] {logging_mixin.py:190} INFO - [2026-01-29T16:08:29.949+0530] {dag.py:4180} INFO - Setting next_dagrun for tutorial_taskflow_api to None, run_after=None
[2026-01-29T16:08:29.970+0530] {processor.py:208} INFO - Processing /home/hp/Desktop/Bigdata_project/BigData-Project/airflow-venv/lib/python3.10/site-packages/airflow/example_dags/tutorial_taskflow_api.py took 0.073 seconds
[2026-01-29T16:09:46.771+0530] {processor.py:186} INFO - Started process (PID=31849) to work on /home/hp/Desktop/Bigdata_project/BigData-Project/airflow-venv/lib/python3.10/site-packages/airflow/example_dags/tutorial_taskflow_api.py
[2026-01-29T16:09:46.778+0530] {processor.py:914} INFO - Processing file /home/hp/Desktop/Bigdata_project/BigData-Project/airflow-venv/lib/python3.10/site-packages/airflow/example_dags/tutorial_taskflow_api.py for tasks to queue
[2026-01-29T16:09:46.780+0530] {logging_mixin.py:190} INFO - [2026-01-29T16:09:46.780+0530] {dagbag.py:588} INFO - Filling up the DagBag from /home/hp/Desktop/Bigdata_project/BigData-Project/airflow-venv/lib/python3.10/site-packages/airflow/example_dags/tutorial_taskflow_api.py
[2026-01-29T16:09:46.790+0530] {processor.py:925} INFO - DAG(s) 'tutorial_taskflow_api' retrieved from /home/hp/Desktop/Bigdata_project/BigData-Project/airflow-venv/lib/python3.10/site-packages/airflow/example_dags/tutorial_taskflow_api.py
[2026-01-29T16:09:46.900+0530] {logging_mixin.py:190} INFO - [2026-01-29T16:09:46.899+0530] {override.py:1930} INFO - Created Permission View: can edit on DAG:tutorial_taskflow_api
[2026-01-29T16:09:46.913+0530] {logging_mixin.py:190} INFO - [2026-01-29T16:09:46.913+0530] {override.py:1930} INFO - Created Permission View: can delete on DAG:tutorial_taskflow_api
[2026-01-29T16:09:46.922+0530] {logging_mixin.py:190} INFO - [2026-01-29T16:09:46.922+0530] {override.py:1930} INFO - Created Permission View: can read on DAG:tutorial_taskflow_api
[2026-01-29T16:09:46.934+0530] {logging_mixin.py:190} INFO - [2026-01-29T16:09:46.934+0530] {override.py:1930} INFO - Created Permission View: menu access on DAG Run:tutorial_taskflow_api
[2026-01-29T16:09:46.943+0530] {logging_mixin.py:190} INFO - [2026-01-29T16:09:46.942+0530] {override.py:1930} INFO - Created Permission View: can delete on DAG Run:tutorial_taskflow_api
[2026-01-29T16:09:46.951+0530] {logging_mixin.py:190} INFO - [2026-01-29T16:09:46.951+0530] {override.py:1930} INFO - Created Permission View: can create on DAG Run:tutorial_taskflow_api
[2026-01-29T16:09:46.960+0530] {logging_mixin.py:190} INFO - [2026-01-29T16:09:46.959+0530] {override.py:1930} INFO - Created Permission View: can read on DAG Run:tutorial_taskflow_api
[2026-01-29T16:09:46.960+0530] {logging_mixin.py:190} INFO - [2026-01-29T16:09:46.960+0530] {dag.py:3239} INFO - Sync 1 DAGs
[2026-01-29T16:09:46.974+0530] {logging_mixin.py:190} INFO - [2026-01-29T16:09:46.973+0530] {dag.py:3262} INFO - Creating ORM DAG for tutorial_taskflow_api
[2026-01-29T16:09:46.975+0530] {logging_mixin.py:190} INFO - [2026-01-29T16:09:46.974+0530] {dag.py:4180} INFO - Setting next_dagrun for tutorial_taskflow_api to None, run_after=None
[2026-01-29T16:09:46.999+0530] {processor.py:208} INFO - Processing /home/hp/Desktop/Bigdata_project/BigData-Project/airflow-venv/lib/python3.10/site-packages/airflow/example_dags/tutorial_taskflow_api.py took 0.235 seconds
