[2026-01-29T15:55:30.804+0530] {processor.py:186} INFO - Started process (PID=28285) to work on /home/hp/Desktop/Bigdata_project/BigData-Project/airflow-venv/lib/python3.10/site-packages/airflow/example_dags/tutorial.py
[2026-01-29T15:55:30.805+0530] {processor.py:914} INFO - Processing file /home/hp/Desktop/Bigdata_project/BigData-Project/airflow-venv/lib/python3.10/site-packages/airflow/example_dags/tutorial.py for tasks to queue
[2026-01-29T15:55:30.809+0530] {logging_mixin.py:190} INFO - [2026-01-29T15:55:30.808+0530] {dagbag.py:588} INFO - Filling up the DagBag from /home/hp/Desktop/Bigdata_project/BigData-Project/airflow-venv/lib/python3.10/site-packages/airflow/example_dags/tutorial.py
[2026-01-29T15:55:30.819+0530] {processor.py:925} INFO - DAG(s) 'tutorial' retrieved from /home/hp/Desktop/Bigdata_project/BigData-Project/airflow-venv/lib/python3.10/site-packages/airflow/example_dags/tutorial.py
[2026-01-29T15:55:30.934+0530] {logging_mixin.py:190} INFO - [2026-01-29T15:55:30.933+0530] {override.py:1930} INFO - Created Permission View: can edit on DAG:tutorial
[2026-01-29T15:55:30.945+0530] {logging_mixin.py:190} INFO - [2026-01-29T15:55:30.945+0530] {override.py:1930} INFO - Created Permission View: can delete on DAG:tutorial
[2026-01-29T15:55:30.953+0530] {logging_mixin.py:190} INFO - [2026-01-29T15:55:30.953+0530] {override.py:1930} INFO - Created Permission View: can read on DAG:tutorial
[2026-01-29T15:55:30.965+0530] {logging_mixin.py:190} INFO - [2026-01-29T15:55:30.965+0530] {override.py:1930} INFO - Created Permission View: can delete on DAG Run:tutorial
[2026-01-29T15:55:30.973+0530] {logging_mixin.py:190} INFO - [2026-01-29T15:55:30.973+0530] {override.py:1930} INFO - Created Permission View: can read on DAG Run:tutorial
[2026-01-29T15:55:30.982+0530] {logging_mixin.py:190} INFO - [2026-01-29T15:55:30.982+0530] {override.py:1930} INFO - Created Permission View: menu access on DAG Run:tutorial
[2026-01-29T15:55:30.990+0530] {logging_mixin.py:190} INFO - [2026-01-29T15:55:30.989+0530] {override.py:1930} INFO - Created Permission View: can create on DAG Run:tutorial
[2026-01-29T15:55:30.990+0530] {logging_mixin.py:190} INFO - [2026-01-29T15:55:30.990+0530] {dag.py:3239} INFO - Sync 1 DAGs
[2026-01-29T15:55:31.003+0530] {logging_mixin.py:190} INFO - [2026-01-29T15:55:31.003+0530] {dag.py:3262} INFO - Creating ORM DAG for tutorial
[2026-01-29T15:55:31.013+0530] {logging_mixin.py:190} INFO - [2026-01-29T15:55:31.012+0530] {dag.py:4180} INFO - Setting next_dagrun for tutorial to 2026-01-28 00:00:00+00:00, run_after=2026-01-29 00:00:00+00:00
[2026-01-29T15:55:31.032+0530] {processor.py:208} INFO - Processing /home/hp/Desktop/Bigdata_project/BigData-Project/airflow-venv/lib/python3.10/site-packages/airflow/example_dags/tutorial.py took 0.236 seconds
[2026-01-29T15:56:35.709+0530] {processor.py:186} INFO - Started process (PID=28543) to work on /home/hp/Desktop/Bigdata_project/BigData-Project/airflow-venv/lib/python3.10/site-packages/airflow/example_dags/tutorial.py
[2026-01-29T15:56:35.715+0530] {processor.py:914} INFO - Processing file /home/hp/Desktop/Bigdata_project/BigData-Project/airflow-venv/lib/python3.10/site-packages/airflow/example_dags/tutorial.py for tasks to queue
[2026-01-29T15:56:35.719+0530] {logging_mixin.py:190} INFO - [2026-01-29T15:56:35.718+0530] {dagbag.py:588} INFO - Filling up the DagBag from /home/hp/Desktop/Bigdata_project/BigData-Project/airflow-venv/lib/python3.10/site-packages/airflow/example_dags/tutorial.py
[2026-01-29T15:56:35.728+0530] {processor.py:925} INFO - DAG(s) 'tutorial' retrieved from /home/hp/Desktop/Bigdata_project/BigData-Project/airflow-venv/lib/python3.10/site-packages/airflow/example_dags/tutorial.py
[2026-01-29T15:56:35.746+0530] {logging_mixin.py:190} INFO - [2026-01-29T15:56:35.746+0530] {dag.py:3239} INFO - Sync 1 DAGs
[2026-01-29T15:56:35.770+0530] {logging_mixin.py:190} INFO - [2026-01-29T15:56:35.769+0530] {dag.py:4180} INFO - Setting next_dagrun for tutorial to 2026-01-28 00:00:00+00:00, run_after=2026-01-29 00:00:00+00:00
[2026-01-29T15:56:35.793+0530] {processor.py:208} INFO - Processing /home/hp/Desktop/Bigdata_project/BigData-Project/airflow-venv/lib/python3.10/site-packages/airflow/example_dags/tutorial.py took 0.091 seconds
[2026-01-29T16:00:12.089+0530] {processor.py:186} INFO - Started process (PID=29120) to work on /home/hp/Desktop/Bigdata_project/BigData-Project/airflow-venv/lib/python3.10/site-packages/airflow/example_dags/tutorial.py
[2026-01-29T16:00:12.095+0530] {processor.py:914} INFO - Processing file /home/hp/Desktop/Bigdata_project/BigData-Project/airflow-venv/lib/python3.10/site-packages/airflow/example_dags/tutorial.py for tasks to queue
[2026-01-29T16:00:12.098+0530] {logging_mixin.py:190} INFO - [2026-01-29T16:00:12.098+0530] {dagbag.py:588} INFO - Filling up the DagBag from /home/hp/Desktop/Bigdata_project/BigData-Project/airflow-venv/lib/python3.10/site-packages/airflow/example_dags/tutorial.py
[2026-01-29T16:00:12.107+0530] {processor.py:925} INFO - DAG(s) 'tutorial' retrieved from /home/hp/Desktop/Bigdata_project/BigData-Project/airflow-venv/lib/python3.10/site-packages/airflow/example_dags/tutorial.py
[2026-01-29T16:00:12.130+0530] {logging_mixin.py:190} INFO - [2026-01-29T16:00:12.130+0530] {dag.py:3239} INFO - Sync 1 DAGs
[2026-01-29T16:00:12.150+0530] {logging_mixin.py:190} INFO - [2026-01-29T16:00:12.150+0530] {dag.py:4180} INFO - Setting next_dagrun for tutorial to 2026-01-28 00:00:00+00:00, run_after=2026-01-29 00:00:00+00:00
[2026-01-29T16:00:12.169+0530] {processor.py:208} INFO - Processing /home/hp/Desktop/Bigdata_project/BigData-Project/airflow-venv/lib/python3.10/site-packages/airflow/example_dags/tutorial.py took 0.087 seconds
[2026-01-29T16:01:06.366+0530] {processor.py:186} INFO - Started process (PID=29477) to work on /home/hp/Desktop/Bigdata_project/BigData-Project/airflow-venv/lib/python3.10/site-packages/airflow/example_dags/tutorial.py
[2026-01-29T16:01:06.367+0530] {processor.py:914} INFO - Processing file /home/hp/Desktop/Bigdata_project/BigData-Project/airflow-venv/lib/python3.10/site-packages/airflow/example_dags/tutorial.py for tasks to queue
[2026-01-29T16:01:06.369+0530] {logging_mixin.py:190} INFO - [2026-01-29T16:01:06.369+0530] {dagbag.py:588} INFO - Filling up the DagBag from /home/hp/Desktop/Bigdata_project/BigData-Project/airflow-venv/lib/python3.10/site-packages/airflow/example_dags/tutorial.py
[2026-01-29T16:01:06.378+0530] {processor.py:925} INFO - DAG(s) 'tutorial' retrieved from /home/hp/Desktop/Bigdata_project/BigData-Project/airflow-venv/lib/python3.10/site-packages/airflow/example_dags/tutorial.py
[2026-01-29T16:01:06.395+0530] {logging_mixin.py:190} INFO - [2026-01-29T16:01:06.395+0530] {dag.py:3239} INFO - Sync 1 DAGs
[2026-01-29T16:01:06.416+0530] {logging_mixin.py:190} INFO - [2026-01-29T16:01:06.415+0530] {dag.py:4180} INFO - Setting next_dagrun for tutorial to 2026-01-28 00:00:00+00:00, run_after=2026-01-29 00:00:00+00:00
[2026-01-29T16:01:06.436+0530] {processor.py:208} INFO - Processing /home/hp/Desktop/Bigdata_project/BigData-Project/airflow-venv/lib/python3.10/site-packages/airflow/example_dags/tutorial.py took 0.077 seconds
[2026-01-29T16:01:59.362+0530] {processor.py:186} INFO - Started process (PID=29697) to work on /home/hp/Desktop/Bigdata_project/BigData-Project/airflow-venv/lib/python3.10/site-packages/airflow/example_dags/tutorial.py
[2026-01-29T16:01:59.368+0530] {processor.py:914} INFO - Processing file /home/hp/Desktop/Bigdata_project/BigData-Project/airflow-venv/lib/python3.10/site-packages/airflow/example_dags/tutorial.py for tasks to queue
[2026-01-29T16:01:59.370+0530] {logging_mixin.py:190} INFO - [2026-01-29T16:01:59.370+0530] {dagbag.py:588} INFO - Filling up the DagBag from /home/hp/Desktop/Bigdata_project/BigData-Project/airflow-venv/lib/python3.10/site-packages/airflow/example_dags/tutorial.py
[2026-01-29T16:01:59.379+0530] {processor.py:925} INFO - DAG(s) 'tutorial' retrieved from /home/hp/Desktop/Bigdata_project/BigData-Project/airflow-venv/lib/python3.10/site-packages/airflow/example_dags/tutorial.py
[2026-01-29T16:01:59.395+0530] {logging_mixin.py:190} INFO - [2026-01-29T16:01:59.394+0530] {dag.py:3239} INFO - Sync 1 DAGs
[2026-01-29T16:01:59.416+0530] {logging_mixin.py:190} INFO - [2026-01-29T16:01:59.415+0530] {dag.py:4180} INFO - Setting next_dagrun for tutorial to 2026-01-28 00:00:00+00:00, run_after=2026-01-29 00:00:00+00:00
[2026-01-29T16:01:59.438+0530] {processor.py:208} INFO - Processing /home/hp/Desktop/Bigdata_project/BigData-Project/airflow-venv/lib/python3.10/site-packages/airflow/example_dags/tutorial.py took 0.082 seconds
[2026-01-29T16:02:53.926+0530] {processor.py:186} INFO - Started process (PID=29945) to work on /home/hp/Desktop/Bigdata_project/BigData-Project/airflow-venv/lib/python3.10/site-packages/airflow/example_dags/tutorial.py
[2026-01-29T16:02:53.933+0530] {processor.py:914} INFO - Processing file /home/hp/Desktop/Bigdata_project/BigData-Project/airflow-venv/lib/python3.10/site-packages/airflow/example_dags/tutorial.py for tasks to queue
[2026-01-29T16:02:53.936+0530] {logging_mixin.py:190} INFO - [2026-01-29T16:02:53.936+0530] {dagbag.py:588} INFO - Filling up the DagBag from /home/hp/Desktop/Bigdata_project/BigData-Project/airflow-venv/lib/python3.10/site-packages/airflow/example_dags/tutorial.py
[2026-01-29T16:02:53.944+0530] {processor.py:925} INFO - DAG(s) 'tutorial' retrieved from /home/hp/Desktop/Bigdata_project/BigData-Project/airflow-venv/lib/python3.10/site-packages/airflow/example_dags/tutorial.py
[2026-01-29T16:02:53.960+0530] {logging_mixin.py:190} INFO - [2026-01-29T16:02:53.960+0530] {dag.py:3239} INFO - Sync 1 DAGs
[2026-01-29T16:02:53.981+0530] {logging_mixin.py:190} INFO - [2026-01-29T16:02:53.981+0530] {dag.py:4180} INFO - Setting next_dagrun for tutorial to 2026-01-28 00:00:00+00:00, run_after=2026-01-29 00:00:00+00:00
[2026-01-29T16:02:54.001+0530] {processor.py:208} INFO - Processing /home/hp/Desktop/Bigdata_project/BigData-Project/airflow-venv/lib/python3.10/site-packages/airflow/example_dags/tutorial.py took 0.082 seconds
[2026-01-29T16:03:49.122+0530] {processor.py:186} INFO - Started process (PID=30149) to work on /home/hp/Desktop/Bigdata_project/BigData-Project/airflow-venv/lib/python3.10/site-packages/airflow/example_dags/tutorial.py
[2026-01-29T16:03:49.124+0530] {processor.py:914} INFO - Processing file /home/hp/Desktop/Bigdata_project/BigData-Project/airflow-venv/lib/python3.10/site-packages/airflow/example_dags/tutorial.py for tasks to queue
[2026-01-29T16:03:49.127+0530] {logging_mixin.py:190} INFO - [2026-01-29T16:03:49.126+0530] {dagbag.py:588} INFO - Filling up the DagBag from /home/hp/Desktop/Bigdata_project/BigData-Project/airflow-venv/lib/python3.10/site-packages/airflow/example_dags/tutorial.py
[2026-01-29T16:03:49.135+0530] {processor.py:925} INFO - DAG(s) 'tutorial' retrieved from /home/hp/Desktop/Bigdata_project/BigData-Project/airflow-venv/lib/python3.10/site-packages/airflow/example_dags/tutorial.py
[2026-01-29T16:03:49.152+0530] {logging_mixin.py:190} INFO - [2026-01-29T16:03:49.152+0530] {dag.py:3239} INFO - Sync 1 DAGs
[2026-01-29T16:03:49.173+0530] {logging_mixin.py:190} INFO - [2026-01-29T16:03:49.173+0530] {dag.py:4180} INFO - Setting next_dagrun for tutorial to 2026-01-28 00:00:00+00:00, run_after=2026-01-29 00:00:00+00:00
[2026-01-29T16:03:49.195+0530] {processor.py:208} INFO - Processing /home/hp/Desktop/Bigdata_project/BigData-Project/airflow-venv/lib/python3.10/site-packages/airflow/example_dags/tutorial.py took 0.079 seconds
[2026-01-29T16:04:44.524+0530] {processor.py:186} INFO - Started process (PID=30368) to work on /home/hp/Desktop/Bigdata_project/BigData-Project/airflow-venv/lib/python3.10/site-packages/airflow/example_dags/tutorial.py
[2026-01-29T16:04:44.531+0530] {processor.py:914} INFO - Processing file /home/hp/Desktop/Bigdata_project/BigData-Project/airflow-venv/lib/python3.10/site-packages/airflow/example_dags/tutorial.py for tasks to queue
[2026-01-29T16:04:44.534+0530] {logging_mixin.py:190} INFO - [2026-01-29T16:04:44.534+0530] {dagbag.py:588} INFO - Filling up the DagBag from /home/hp/Desktop/Bigdata_project/BigData-Project/airflow-venv/lib/python3.10/site-packages/airflow/example_dags/tutorial.py
[2026-01-29T16:04:44.544+0530] {processor.py:925} INFO - DAG(s) 'tutorial' retrieved from /home/hp/Desktop/Bigdata_project/BigData-Project/airflow-venv/lib/python3.10/site-packages/airflow/example_dags/tutorial.py
[2026-01-29T16:04:44.561+0530] {logging_mixin.py:190} INFO - [2026-01-29T16:04:44.561+0530] {dag.py:3239} INFO - Sync 1 DAGs
[2026-01-29T16:04:44.582+0530] {logging_mixin.py:190} INFO - [2026-01-29T16:04:44.582+0530] {dag.py:4180} INFO - Setting next_dagrun for tutorial to 2026-01-28 00:00:00+00:00, run_after=2026-01-29 00:00:00+00:00
[2026-01-29T16:04:44.604+0530] {processor.py:208} INFO - Processing /home/hp/Desktop/Bigdata_project/BigData-Project/airflow-venv/lib/python3.10/site-packages/airflow/example_dags/tutorial.py took 0.086 seconds
[2026-01-29T16:05:41.040+0530] {processor.py:186} INFO - Started process (PID=30662) to work on /home/hp/Desktop/Bigdata_project/BigData-Project/airflow-venv/lib/python3.10/site-packages/airflow/example_dags/tutorial.py
[2026-01-29T16:05:41.047+0530] {processor.py:914} INFO - Processing file /home/hp/Desktop/Bigdata_project/BigData-Project/airflow-venv/lib/python3.10/site-packages/airflow/example_dags/tutorial.py for tasks to queue
[2026-01-29T16:05:41.049+0530] {logging_mixin.py:190} INFO - [2026-01-29T16:05:41.049+0530] {dagbag.py:588} INFO - Filling up the DagBag from /home/hp/Desktop/Bigdata_project/BigData-Project/airflow-venv/lib/python3.10/site-packages/airflow/example_dags/tutorial.py
[2026-01-29T16:05:41.058+0530] {processor.py:925} INFO - DAG(s) 'tutorial' retrieved from /home/hp/Desktop/Bigdata_project/BigData-Project/airflow-venv/lib/python3.10/site-packages/airflow/example_dags/tutorial.py
[2026-01-29T16:05:41.074+0530] {logging_mixin.py:190} INFO - [2026-01-29T16:05:41.074+0530] {dag.py:3239} INFO - Sync 1 DAGs
[2026-01-29T16:05:41.094+0530] {logging_mixin.py:190} INFO - [2026-01-29T16:05:41.094+0530] {dag.py:4180} INFO - Setting next_dagrun for tutorial to 2026-01-28 00:00:00+00:00, run_after=2026-01-29 00:00:00+00:00
[2026-01-29T16:05:41.114+0530] {processor.py:208} INFO - Processing /home/hp/Desktop/Bigdata_project/BigData-Project/airflow-venv/lib/python3.10/site-packages/airflow/example_dags/tutorial.py took 0.080 seconds
[2026-01-29T16:06:37.731+0530] {processor.py:186} INFO - Started process (PID=30922) to work on /home/hp/Desktop/Bigdata_project/BigData-Project/airflow-venv/lib/python3.10/site-packages/airflow/example_dags/tutorial.py
[2026-01-29T16:06:37.737+0530] {processor.py:914} INFO - Processing file /home/hp/Desktop/Bigdata_project/BigData-Project/airflow-venv/lib/python3.10/site-packages/airflow/example_dags/tutorial.py for tasks to queue
[2026-01-29T16:06:37.740+0530] {logging_mixin.py:190} INFO - [2026-01-29T16:06:37.739+0530] {dagbag.py:588} INFO - Filling up the DagBag from /home/hp/Desktop/Bigdata_project/BigData-Project/airflow-venv/lib/python3.10/site-packages/airflow/example_dags/tutorial.py
[2026-01-29T16:06:37.749+0530] {processor.py:925} INFO - DAG(s) 'tutorial' retrieved from /home/hp/Desktop/Bigdata_project/BigData-Project/airflow-venv/lib/python3.10/site-packages/airflow/example_dags/tutorial.py
[2026-01-29T16:06:37.766+0530] {logging_mixin.py:190} INFO - [2026-01-29T16:06:37.766+0530] {dag.py:3239} INFO - Sync 1 DAGs
[2026-01-29T16:06:37.786+0530] {logging_mixin.py:190} INFO - [2026-01-29T16:06:37.786+0530] {dag.py:4180} INFO - Setting next_dagrun for tutorial to 2026-01-28 00:00:00+00:00, run_after=2026-01-29 00:00:00+00:00
[2026-01-29T16:06:37.807+0530] {processor.py:208} INFO - Processing /home/hp/Desktop/Bigdata_project/BigData-Project/airflow-venv/lib/python3.10/site-packages/airflow/example_dags/tutorial.py took 0.083 seconds
[2026-01-29T16:07:35.329+0530] {processor.py:186} INFO - Started process (PID=31193) to work on /home/hp/Desktop/Bigdata_project/BigData-Project/airflow-venv/lib/python3.10/site-packages/airflow/example_dags/tutorial.py
[2026-01-29T16:07:35.336+0530] {processor.py:914} INFO - Processing file /home/hp/Desktop/Bigdata_project/BigData-Project/airflow-venv/lib/python3.10/site-packages/airflow/example_dags/tutorial.py for tasks to queue
[2026-01-29T16:07:35.338+0530] {logging_mixin.py:190} INFO - [2026-01-29T16:07:35.338+0530] {dagbag.py:588} INFO - Filling up the DagBag from /home/hp/Desktop/Bigdata_project/BigData-Project/airflow-venv/lib/python3.10/site-packages/airflow/example_dags/tutorial.py
[2026-01-29T16:07:35.347+0530] {processor.py:925} INFO - DAG(s) 'tutorial' retrieved from /home/hp/Desktop/Bigdata_project/BigData-Project/airflow-venv/lib/python3.10/site-packages/airflow/example_dags/tutorial.py
[2026-01-29T16:07:35.363+0530] {logging_mixin.py:190} INFO - [2026-01-29T16:07:35.362+0530] {dag.py:3239} INFO - Sync 1 DAGs
[2026-01-29T16:07:35.384+0530] {logging_mixin.py:190} INFO - [2026-01-29T16:07:35.383+0530] {dag.py:4180} INFO - Setting next_dagrun for tutorial to 2026-01-28 00:00:00+00:00, run_after=2026-01-29 00:00:00+00:00
[2026-01-29T16:07:35.403+0530] {processor.py:208} INFO - Processing /home/hp/Desktop/Bigdata_project/BigData-Project/airflow-venv/lib/python3.10/site-packages/airflow/example_dags/tutorial.py took 0.080 seconds
[2026-01-29T16:08:33.548+0530] {processor.py:186} INFO - Started process (PID=31434) to work on /home/hp/Desktop/Bigdata_project/BigData-Project/airflow-venv/lib/python3.10/site-packages/airflow/example_dags/tutorial.py
[2026-01-29T16:08:33.549+0530] {processor.py:914} INFO - Processing file /home/hp/Desktop/Bigdata_project/BigData-Project/airflow-venv/lib/python3.10/site-packages/airflow/example_dags/tutorial.py for tasks to queue
[2026-01-29T16:08:33.552+0530] {logging_mixin.py:190} INFO - [2026-01-29T16:08:33.552+0530] {dagbag.py:588} INFO - Filling up the DagBag from /home/hp/Desktop/Bigdata_project/BigData-Project/airflow-venv/lib/python3.10/site-packages/airflow/example_dags/tutorial.py
[2026-01-29T16:08:33.562+0530] {processor.py:925} INFO - DAG(s) 'tutorial' retrieved from /home/hp/Desktop/Bigdata_project/BigData-Project/airflow-venv/lib/python3.10/site-packages/airflow/example_dags/tutorial.py
[2026-01-29T16:08:33.699+0530] {logging_mixin.py:190} INFO - [2026-01-29T16:08:33.699+0530] {override.py:1930} INFO - Created Permission View: can edit on DAG:tutorial
[2026-01-29T16:08:33.725+0530] {logging_mixin.py:190} INFO - [2026-01-29T16:08:33.724+0530] {override.py:1930} INFO - Created Permission View: can delete on DAG:tutorial
[2026-01-29T16:08:33.739+0530] {logging_mixin.py:190} INFO - [2026-01-29T16:08:33.739+0530] {override.py:1930} INFO - Created Permission View: can read on DAG:tutorial
[2026-01-29T16:08:33.760+0530] {logging_mixin.py:190} INFO - [2026-01-29T16:08:33.759+0530] {override.py:1930} INFO - Created Permission View: menu access on DAG Run:tutorial
[2026-01-29T16:08:33.770+0530] {logging_mixin.py:190} INFO - [2026-01-29T16:08:33.770+0530] {override.py:1930} INFO - Created Permission View: can delete on DAG Run:tutorial
[2026-01-29T16:08:33.783+0530] {logging_mixin.py:190} INFO - [2026-01-29T16:08:33.783+0530] {override.py:1930} INFO - Created Permission View: can create on DAG Run:tutorial
[2026-01-29T16:08:33.793+0530] {logging_mixin.py:190} INFO - [2026-01-29T16:08:33.793+0530] {override.py:1930} INFO - Created Permission View: can read on DAG Run:tutorial
[2026-01-29T16:08:33.794+0530] {logging_mixin.py:190} INFO - [2026-01-29T16:08:33.794+0530] {dag.py:3239} INFO - Sync 1 DAGs
[2026-01-29T16:08:33.808+0530] {logging_mixin.py:190} INFO - [2026-01-29T16:08:33.807+0530] {dag.py:3262} INFO - Creating ORM DAG for tutorial
[2026-01-29T16:08:33.818+0530] {logging_mixin.py:190} INFO - [2026-01-29T16:08:33.818+0530] {dag.py:4180} INFO - Setting next_dagrun for tutorial to 2026-01-28 00:00:00+00:00, run_after=2026-01-29 00:00:00+00:00
[2026-01-29T16:08:33.970+0530] {processor.py:208} INFO - Processing /home/hp/Desktop/Bigdata_project/BigData-Project/airflow-venv/lib/python3.10/site-packages/airflow/example_dags/tutorial.py took 0.429 seconds
[2026-01-29T16:09:50.025+0530] {processor.py:186} INFO - Started process (PID=31863) to work on /home/hp/Desktop/Bigdata_project/BigData-Project/airflow-venv/lib/python3.10/site-packages/airflow/example_dags/tutorial.py
[2026-01-29T16:09:50.031+0530] {processor.py:914} INFO - Processing file /home/hp/Desktop/Bigdata_project/BigData-Project/airflow-venv/lib/python3.10/site-packages/airflow/example_dags/tutorial.py for tasks to queue
[2026-01-29T16:09:50.034+0530] {logging_mixin.py:190} INFO - [2026-01-29T16:09:50.033+0530] {dagbag.py:588} INFO - Filling up the DagBag from /home/hp/Desktop/Bigdata_project/BigData-Project/airflow-venv/lib/python3.10/site-packages/airflow/example_dags/tutorial.py
[2026-01-29T16:09:50.042+0530] {processor.py:925} INFO - DAG(s) 'tutorial' retrieved from /home/hp/Desktop/Bigdata_project/BigData-Project/airflow-venv/lib/python3.10/site-packages/airflow/example_dags/tutorial.py
[2026-01-29T16:09:50.139+0530] {logging_mixin.py:190} INFO - [2026-01-29T16:09:50.139+0530] {dag.py:3239} INFO - Sync 1 DAGs
[2026-01-29T16:09:50.158+0530] {logging_mixin.py:190} INFO - [2026-01-29T16:09:50.158+0530] {dag.py:4180} INFO - Setting next_dagrun for tutorial to 2026-01-28 00:00:00+00:00, run_after=2026-01-29 00:00:00+00:00
[2026-01-29T16:09:50.293+0530] {processor.py:208} INFO - Processing /home/hp/Desktop/Bigdata_project/BigData-Project/airflow-venv/lib/python3.10/site-packages/airflow/example_dags/tutorial.py took 0.275 seconds
