[2026-01-29T19:57:29.047+0530] {local_task_job_runner.py:123} INFO - ::group::Pre task execution logs
[2026-01-29T19:57:29.060+0530] {taskinstance.py:2631} INFO - Dependencies all met for dep_context=non-requeueable deps ti=<TaskInstance: weather_system_pipeline_final_new.analyze_weather_data scheduled__2026-01-11T00:00:00+00:00 [queued]>
[2026-01-29T19:57:29.065+0530] {taskinstance.py:2631} INFO - Dependencies all met for dep_context=requeueable deps ti=<TaskInstance: weather_system_pipeline_final_new.analyze_weather_data scheduled__2026-01-11T00:00:00+00:00 [queued]>
[2026-01-29T19:57:29.065+0530] {taskinstance.py:2884} INFO - Starting attempt 2 of 4
[2026-01-29T19:57:29.075+0530] {taskinstance.py:2907} INFO - Executing <Task(BashOperator): analyze_weather_data> on 2026-01-11 00:00:00+00:00
[2026-01-29T19:57:29.079+0530] {standard_task_runner.py:72} INFO - Started process 104787 to run task
[2026-01-29T19:57:29.083+0530] {standard_task_runner.py:104} INFO - Running: ['airflow', 'tasks', 'run', 'weather_system_pipeline_final_new', 'analyze_weather_data', 'scheduled__2026-01-11T00:00:00+00:00', '--job-id', '384', '--raw', '--subdir', 'DAGS_FOLDER/dag_flag.py', '--cfg-path', '/tmp/tmp0lenq5wl']
[2026-01-29T19:57:29.085+0530] {standard_task_runner.py:105} INFO - Job 384: Subtask analyze_weather_data
[2026-01-29T19:57:29.113+0530] {task_command.py:467} INFO - Running <TaskInstance: weather_system_pipeline_final_new.analyze_weather_data scheduled__2026-01-11T00:00:00+00:00 [running]> on host Aishwarya92848DBDA
[2026-01-29T19:57:29.163+0530] {taskinstance.py:3157} INFO - Exporting env vars: AIRFLOW_CTX_DAG_OWNER='Aishwarya' AIRFLOW_CTX_DAG_ID='weather_system_pipeline_final_new' AIRFLOW_CTX_TASK_ID='analyze_weather_data' AIRFLOW_CTX_EXECUTION_DATE='2026-01-11T00:00:00+00:00' AIRFLOW_CTX_TRY_NUMBER='2' AIRFLOW_CTX_DAG_RUN_ID='scheduled__2026-01-11T00:00:00+00:00'
[2026-01-29T19:57:29.163+0530] {taskinstance.py:740} INFO - ::endgroup::
[2026-01-29T19:57:29.172+0530] {subprocess.py:78} INFO - Tmp dir root location: /tmp
[2026-01-29T19:57:29.173+0530] {subprocess.py:88} INFO - Running command: ['/usr/bin/bash', '-c', 'export SPARK_HOME=/home/hp/.local/lib/python3.10/site-packages/pyspark\n     export PATH=$SPARK_HOME/bin:$PATH\n     export PYSPARK_PYTHON=/home/hp/Desktop/Bigdata_project/BigData-Project/airflow-venv/bin/python\n\n     spark-submit --master local[2]      /home/hp/Desktop/Bigdata_project/BigData-Project/processing.py\n        ']
[2026-01-29T19:57:29.181+0530] {subprocess.py:99} INFO - Output:
[2026-01-29T19:57:31.547+0530] {subprocess.py:106} INFO - 26/01/29 19:57:31 INFO SparkContext: Running Spark version 3.5.1
[2026-01-29T19:57:31.550+0530] {subprocess.py:106} INFO - 26/01/29 19:57:31 INFO SparkContext: OS info Linux, 6.8.0-90-generic, amd64
[2026-01-29T19:57:31.550+0530] {subprocess.py:106} INFO - 26/01/29 19:57:31 INFO SparkContext: Java version 1.8.0_472
[2026-01-29T19:57:31.599+0530] {subprocess.py:106} INFO - 26/01/29 19:57:31 WARN NativeCodeLoader: Unable to load native-hadoop library for your platform... using builtin-java classes where applicable
[2026-01-29T19:57:31.663+0530] {subprocess.py:106} INFO - 26/01/29 19:57:31 INFO ResourceUtils: ==============================================================
[2026-01-29T19:57:31.664+0530] {subprocess.py:106} INFO - 26/01/29 19:57:31 INFO ResourceUtils: No custom resources configured for spark.driver.
[2026-01-29T19:57:31.664+0530] {subprocess.py:106} INFO - 26/01/29 19:57:31 INFO ResourceUtils: ==============================================================
[2026-01-29T19:57:31.664+0530] {subprocess.py:106} INFO - 26/01/29 19:57:31 INFO SparkContext: Submitted application: WeatherSystem
[2026-01-29T19:57:31.685+0530] {subprocess.py:106} INFO - 26/01/29 19:57:31 INFO ResourceProfile: Default ResourceProfile created, executor resources: Map(cores -> name: cores, amount: 1, script: , vendor: , memory -> name: memory, amount: 1024, script: , vendor: , offHeap -> name: offHeap, amount: 0, script: , vendor: ), task resources: Map(cpus -> name: cpus, amount: 1.0)
[2026-01-29T19:57:31.696+0530] {subprocess.py:106} INFO - 26/01/29 19:57:31 INFO ResourceProfile: Limiting resource is cpu
[2026-01-29T19:57:31.697+0530] {subprocess.py:106} INFO - 26/01/29 19:57:31 INFO ResourceProfileManager: Added ResourceProfile id: 0
[2026-01-29T19:57:31.749+0530] {subprocess.py:106} INFO - 26/01/29 19:57:31 INFO SecurityManager: Changing view acls to: hp
[2026-01-29T19:57:31.750+0530] {subprocess.py:106} INFO - 26/01/29 19:57:31 INFO SecurityManager: Changing modify acls to: hp
[2026-01-29T19:57:31.750+0530] {subprocess.py:106} INFO - 26/01/29 19:57:31 INFO SecurityManager: Changing view acls groups to:
[2026-01-29T19:57:31.751+0530] {subprocess.py:106} INFO - 26/01/29 19:57:31 INFO SecurityManager: Changing modify acls groups to:
[2026-01-29T19:57:31.751+0530] {subprocess.py:106} INFO - 26/01/29 19:57:31 INFO SecurityManager: SecurityManager: authentication disabled; ui acls disabled; users with view permissions: hp; groups with view permissions: EMPTY; users with modify permissions: hp; groups with modify permissions: EMPTY
[2026-01-29T19:57:31.988+0530] {subprocess.py:106} INFO - 26/01/29 19:57:31 INFO Utils: Successfully started service 'sparkDriver' on port 34887.
[2026-01-29T19:57:32.023+0530] {subprocess.py:106} INFO - 26/01/29 19:57:32 INFO SparkEnv: Registering MapOutputTracker
[2026-01-29T19:57:32.062+0530] {subprocess.py:106} INFO - 26/01/29 19:57:32 INFO SparkEnv: Registering BlockManagerMaster
[2026-01-29T19:57:32.079+0530] {subprocess.py:106} INFO - 26/01/29 19:57:32 INFO BlockManagerMasterEndpoint: Using org.apache.spark.storage.DefaultTopologyMapper for getting topology information
[2026-01-29T19:57:32.080+0530] {subprocess.py:106} INFO - 26/01/29 19:57:32 INFO BlockManagerMasterEndpoint: BlockManagerMasterEndpoint up
[2026-01-29T19:57:32.083+0530] {subprocess.py:106} INFO - 26/01/29 19:57:32 INFO SparkEnv: Registering BlockManagerMasterHeartbeat
[2026-01-29T19:57:32.138+0530] {subprocess.py:106} INFO - 26/01/29 19:57:32 INFO DiskBlockManager: Created local directory at /tmp/blockmgr-547ef467-4c95-4723-9071-277d4211edc7
[2026-01-29T19:57:32.154+0530] {subprocess.py:106} INFO - 26/01/29 19:57:32 INFO MemoryStore: MemoryStore started with capacity 366.3 MiB
[2026-01-29T19:57:32.171+0530] {subprocess.py:106} INFO - 26/01/29 19:57:32 INFO SparkEnv: Registering OutputCommitCoordinator
[2026-01-29T19:57:32.321+0530] {subprocess.py:106} INFO - 26/01/29 19:57:32 INFO JettyUtils: Start Jetty 0.0.0.0:4040 for SparkUI
[2026-01-29T19:57:32.377+0530] {subprocess.py:106} INFO - 26/01/29 19:57:32 INFO Utils: Successfully started service 'SparkUI' on port 4040.
[2026-01-29T19:57:32.474+0530] {subprocess.py:106} INFO - 26/01/29 19:57:32 INFO Executor: Starting executor ID driver on host Aishwarya92848DBDA
[2026-01-29T19:57:32.475+0530] {subprocess.py:106} INFO - 26/01/29 19:57:32 INFO Executor: OS info Linux, 6.8.0-90-generic, amd64
[2026-01-29T19:57:32.476+0530] {subprocess.py:106} INFO - 26/01/29 19:57:32 INFO Executor: Java version 1.8.0_472
[2026-01-29T19:57:32.485+0530] {subprocess.py:106} INFO - 26/01/29 19:57:32 INFO Executor: Starting executor with user classpath (userClassPathFirst = false): ''
[2026-01-29T19:57:32.485+0530] {subprocess.py:106} INFO - 26/01/29 19:57:32 INFO Executor: Created or updated repl class loader org.apache.spark.util.MutableURLClassLoader@6180f13c for default.
[2026-01-29T19:57:32.508+0530] {subprocess.py:106} INFO - 26/01/29 19:57:32 INFO Utils: Successfully started service 'org.apache.spark.network.netty.NettyBlockTransferService' on port 39943.
[2026-01-29T19:57:32.508+0530] {subprocess.py:106} INFO - 26/01/29 19:57:32 INFO NettyBlockTransferService: Server created on Aishwarya92848DBDA:39943
[2026-01-29T19:57:32.510+0530] {subprocess.py:106} INFO - 26/01/29 19:57:32 INFO BlockManager: Using org.apache.spark.storage.RandomBlockReplicationPolicy for block replication policy
[2026-01-29T19:57:32.515+0530] {subprocess.py:106} INFO - 26/01/29 19:57:32 INFO BlockManagerMaster: Registering BlockManager BlockManagerId(driver, Aishwarya92848DBDA, 39943, None)
[2026-01-29T19:57:32.519+0530] {subprocess.py:106} INFO - 26/01/29 19:57:32 INFO BlockManagerMasterEndpoint: Registering block manager Aishwarya92848DBDA:39943 with 366.3 MiB RAM, BlockManagerId(driver, Aishwarya92848DBDA, 39943, None)
[2026-01-29T19:57:32.521+0530] {subprocess.py:106} INFO - 26/01/29 19:57:32 INFO BlockManagerMaster: Registered BlockManager BlockManagerId(driver, Aishwarya92848DBDA, 39943, None)
[2026-01-29T19:57:32.522+0530] {subprocess.py:106} INFO - 26/01/29 19:57:32 INFO BlockManager: Initialized BlockManager: BlockManagerId(driver, Aishwarya92848DBDA, 39943, None)
[2026-01-29T19:57:32.946+0530] {subprocess.py:106} INFO - 26/01/29 19:57:32 INFO SharedState: Setting hive.metastore.warehouse.dir ('null') to the value of spark.sql.warehouse.dir.
[2026-01-29T19:57:32.953+0530] {subprocess.py:106} INFO - 26/01/29 19:57:32 INFO SharedState: Warehouse path is 'file:/tmp/airflowtmp6f17ytef/spark-warehouse'.
[2026-01-29T19:57:34.245+0530] {subprocess.py:106} INFO - 26/01/29 19:57:34 INFO InMemoryFileIndex: It took 62 ms to list leaf files for 1 paths.
[2026-01-29T19:57:34.758+0530] {subprocess.py:106} INFO - 26/01/29 19:57:34 INFO SparkContext: Starting job: parquet at NativeMethodAccessorImpl.java:0
[2026-01-29T19:57:34.783+0530] {subprocess.py:106} INFO - 26/01/29 19:57:34 INFO DAGScheduler: Got job 0 (parquet at NativeMethodAccessorImpl.java:0) with 1 output partitions
[2026-01-29T19:57:34.784+0530] {subprocess.py:106} INFO - 26/01/29 19:57:34 INFO DAGScheduler: Final stage: ResultStage 0 (parquet at NativeMethodAccessorImpl.java:0)
[2026-01-29T19:57:34.784+0530] {subprocess.py:106} INFO - 26/01/29 19:57:34 INFO DAGScheduler: Parents of final stage: List()
[2026-01-29T19:57:34.787+0530] {subprocess.py:106} INFO - 26/01/29 19:57:34 INFO DAGScheduler: Missing parents: List()
[2026-01-29T19:57:34.792+0530] {subprocess.py:106} INFO - 26/01/29 19:57:34 INFO DAGScheduler: Submitting ResultStage 0 (MapPartitionsRDD[1] at parquet at NativeMethodAccessorImpl.java:0), which has no missing parents
[2026-01-29T19:57:34.877+0530] {subprocess.py:106} INFO - 26/01/29 19:57:34 INFO MemoryStore: Block broadcast_0 stored as values in memory (estimated size 103.2 KiB, free 366.2 MiB)
[2026-01-29T19:57:34.910+0530] {subprocess.py:106} INFO - 26/01/29 19:57:34 INFO MemoryStore: Block broadcast_0_piece0 stored as bytes in memory (estimated size 37.2 KiB, free 366.2 MiB)
[2026-01-29T19:57:34.913+0530] {subprocess.py:106} INFO - 26/01/29 19:57:34 INFO BlockManagerInfo: Added broadcast_0_piece0 in memory on Aishwarya92848DBDA:39943 (size: 37.2 KiB, free: 366.3 MiB)
[2026-01-29T19:57:34.919+0530] {subprocess.py:106} INFO - 26/01/29 19:57:34 INFO SparkContext: Created broadcast 0 from broadcast at DAGScheduler.scala:1585
[2026-01-29T19:57:34.936+0530] {subprocess.py:106} INFO - 26/01/29 19:57:34 INFO DAGScheduler: Submitting 1 missing tasks from ResultStage 0 (MapPartitionsRDD[1] at parquet at NativeMethodAccessorImpl.java:0) (first 15 tasks are for partitions Vector(0))
[2026-01-29T19:57:34.938+0530] {subprocess.py:106} INFO - 26/01/29 19:57:34 INFO TaskSchedulerImpl: Adding task set 0.0 with 1 tasks resource profile 0
[2026-01-29T19:57:35.006+0530] {subprocess.py:106} INFO - 26/01/29 19:57:35 INFO TaskSetManager: Starting task 0.0 in stage 0.0 (TID 0) (Aishwarya92848DBDA, executor driver, partition 0, PROCESS_LOCAL, 7848 bytes)
[2026-01-29T19:57:35.024+0530] {subprocess.py:106} INFO - 26/01/29 19:57:35 INFO Executor: Running task 0.0 in stage 0.0 (TID 0)
[2026-01-29T19:57:35.650+0530] {subprocess.py:106} INFO - 26/01/29 19:57:35 INFO Executor: Finished task 0.0 in stage 0.0 (TID 0). 5502 bytes result sent to driver
[2026-01-29T19:57:35.663+0530] {subprocess.py:106} INFO - 26/01/29 19:57:35 INFO TaskSetManager: Finished task 0.0 in stage 0.0 (TID 0) in 686 ms on Aishwarya92848DBDA (executor driver) (1/1)
[2026-01-29T19:57:35.665+0530] {subprocess.py:106} INFO - 26/01/29 19:57:35 INFO TaskSchedulerImpl: Removed TaskSet 0.0, whose tasks have all completed, from pool
[2026-01-29T19:57:35.671+0530] {subprocess.py:106} INFO - 26/01/29 19:57:35 INFO DAGScheduler: ResultStage 0 (parquet at NativeMethodAccessorImpl.java:0) finished in 0.861 s
[2026-01-29T19:57:35.674+0530] {subprocess.py:106} INFO - 26/01/29 19:57:35 INFO DAGScheduler: Job 0 is finished. Cancelling potential speculative or zombie tasks for this job
[2026-01-29T19:57:35.675+0530] {subprocess.py:106} INFO - 26/01/29 19:57:35 INFO TaskSchedulerImpl: Killing all running tasks in stage 0: Stage finished
[2026-01-29T19:57:35.677+0530] {subprocess.py:106} INFO - 26/01/29 19:57:35 INFO DAGScheduler: Job 0 finished: parquet at NativeMethodAccessorImpl.java:0, took 0.918551 s
[2026-01-29T19:57:36.037+0530] {subprocess.py:106} INFO - 26/01/29 19:57:36 INFO BlockManagerInfo: Removed broadcast_0_piece0 on Aishwarya92848DBDA:39943 in memory (size: 37.2 KiB, free: 366.3 MiB)
[2026-01-29T19:57:37.765+0530] {subprocess.py:106} INFO - 26/01/29 19:57:37 INFO FileSourceStrategy: Pushed Filters:
[2026-01-29T19:57:37.767+0530] {subprocess.py:106} INFO - 26/01/29 19:57:37 INFO FileSourceStrategy: Post-Scan Filters:
[2026-01-29T19:57:38.431+0530] {subprocess.py:106} INFO - 26/01/29 19:57:38 INFO CodeGenerator: Code generated in 383.810819 ms
[2026-01-29T19:57:38.460+0530] {subprocess.py:106} INFO - 26/01/29 19:57:38 INFO MemoryStore: Block broadcast_1 stored as values in memory (estimated size 358.0 KiB, free 366.0 MiB)
[2026-01-29T19:57:38.476+0530] {subprocess.py:106} INFO - 26/01/29 19:57:38 INFO MemoryStore: Block broadcast_1_piece0 stored as bytes in memory (estimated size 35.3 KiB, free 365.9 MiB)
[2026-01-29T19:57:38.477+0530] {subprocess.py:106} INFO - 26/01/29 19:57:38 INFO BlockManagerInfo: Added broadcast_1_piece0 in memory on Aishwarya92848DBDA:39943 (size: 35.3 KiB, free: 366.3 MiB)
[2026-01-29T19:57:38.478+0530] {subprocess.py:106} INFO - 26/01/29 19:57:38 INFO SparkContext: Created broadcast 1 from parquet at NativeMethodAccessorImpl.java:0
[2026-01-29T19:57:38.495+0530] {subprocess.py:106} INFO - 26/01/29 19:57:38 INFO FileSourceScanExec: Planning scan with bin packing, max size: 4194304 bytes, open cost is considered as scanning 4194304 bytes.
[2026-01-29T19:57:38.609+0530] {subprocess.py:106} INFO - 26/01/29 19:57:38 INFO DAGScheduler: Registering RDD 5 (parquet at NativeMethodAccessorImpl.java:0) as input to shuffle 0
[2026-01-29T19:57:38.615+0530] {subprocess.py:106} INFO - 26/01/29 19:57:38 INFO DAGScheduler: Got map stage job 1 (parquet at NativeMethodAccessorImpl.java:0) with 4 output partitions
[2026-01-29T19:57:38.615+0530] {subprocess.py:106} INFO - 26/01/29 19:57:38 INFO DAGScheduler: Final stage: ShuffleMapStage 1 (parquet at NativeMethodAccessorImpl.java:0)
[2026-01-29T19:57:38.615+0530] {subprocess.py:106} INFO - 26/01/29 19:57:38 INFO DAGScheduler: Parents of final stage: List()
[2026-01-29T19:57:38.616+0530] {subprocess.py:106} INFO - 26/01/29 19:57:38 INFO DAGScheduler: Missing parents: List()
[2026-01-29T19:57:38.618+0530] {subprocess.py:106} INFO - 26/01/29 19:57:38 INFO DAGScheduler: Submitting ShuffleMapStage 1 (MapPartitionsRDD[5] at parquet at NativeMethodAccessorImpl.java:0), which has no missing parents
[2026-01-29T19:57:38.634+0530] {subprocess.py:106} INFO - 26/01/29 19:57:38 INFO MemoryStore: Block broadcast_2 stored as values in memory (estimated size 68.7 KiB, free 365.8 MiB)
[2026-01-29T19:57:38.638+0530] {subprocess.py:106} INFO - 26/01/29 19:57:38 INFO MemoryStore: Block broadcast_2_piece0 stored as bytes in memory (estimated size 25.7 KiB, free 365.8 MiB)
[2026-01-29T19:57:38.639+0530] {subprocess.py:106} INFO - 26/01/29 19:57:38 INFO BlockManagerInfo: Added broadcast_2_piece0 in memory on Aishwarya92848DBDA:39943 (size: 25.7 KiB, free: 366.2 MiB)
[2026-01-29T19:57:38.640+0530] {subprocess.py:106} INFO - 26/01/29 19:57:38 INFO SparkContext: Created broadcast 2 from broadcast at DAGScheduler.scala:1585
[2026-01-29T19:57:38.643+0530] {subprocess.py:106} INFO - 26/01/29 19:57:38 INFO DAGScheduler: Submitting 4 missing tasks from ShuffleMapStage 1 (MapPartitionsRDD[5] at parquet at NativeMethodAccessorImpl.java:0) (first 15 tasks are for partitions Vector(0, 1, 2, 3))
[2026-01-29T19:57:38.643+0530] {subprocess.py:106} INFO - 26/01/29 19:57:38 INFO TaskSchedulerImpl: Adding task set 1.0 with 4 tasks resource profile 0
[2026-01-29T19:57:38.651+0530] {subprocess.py:106} INFO - 26/01/29 19:57:38 INFO TaskSetManager: Starting task 0.0 in stage 1.0 (TID 1) (Aishwarya92848DBDA, executor driver, partition 0, NODE_LOCAL, 8305 bytes)
[2026-01-29T19:57:38.652+0530] {subprocess.py:106} INFO - 26/01/29 19:57:38 INFO TaskSetManager: Starting task 1.0 in stage 1.0 (TID 2) (Aishwarya92848DBDA, executor driver, partition 1, NODE_LOCAL, 8305 bytes)
[2026-01-29T19:57:38.652+0530] {subprocess.py:106} INFO - 26/01/29 19:57:38 INFO TaskSetManager: Starting task 2.0 in stage 1.0 (TID 3) (Aishwarya92848DBDA, executor driver, partition 2, NODE_LOCAL, 8305 bytes)
[2026-01-29T19:57:38.653+0530] {subprocess.py:106} INFO - 26/01/29 19:57:38 INFO TaskSetManager: Starting task 3.0 in stage 1.0 (TID 4) (Aishwarya92848DBDA, executor driver, partition 3, NODE_LOCAL, 8305 bytes)
[2026-01-29T19:57:38.654+0530] {subprocess.py:106} INFO - 26/01/29 19:57:38 INFO Executor: Running task 0.0 in stage 1.0 (TID 1)
[2026-01-29T19:57:38.676+0530] {subprocess.py:106} INFO - 26/01/29 19:57:38 INFO Executor: Running task 1.0 in stage 1.0 (TID 2)
[2026-01-29T19:57:38.677+0530] {subprocess.py:106} INFO - 26/01/29 19:57:38 INFO Executor: Running task 2.0 in stage 1.0 (TID 3)
[2026-01-29T19:57:38.678+0530] {subprocess.py:106} INFO - 26/01/29 19:57:38 INFO Executor: Running task 3.0 in stage 1.0 (TID 4)
[2026-01-29T19:57:38.843+0530] {subprocess.py:106} INFO - 26/01/29 19:57:38 INFO CodeGenerator: Code generated in 66.742026 ms
[2026-01-29T19:57:38.873+0530] {subprocess.py:106} INFO - 26/01/29 19:57:38 INFO CodeGenerator: Code generated in 11.938029 ms
[2026-01-29T19:57:38.900+0530] {subprocess.py:106} INFO - 26/01/29 19:57:38 INFO CodeGenerator: Code generated in 10.040741 ms
[2026-01-29T19:57:38.936+0530] {subprocess.py:106} INFO - 26/01/29 19:57:38 INFO CodeGenerator: Code generated in 16.458889 ms
[2026-01-29T19:57:38.964+0530] {subprocess.py:106} INFO - 26/01/29 19:57:38 INFO CodeGenerator: Code generated in 8.648685 ms
[2026-01-29T19:57:38.980+0530] {subprocess.py:106} INFO - 26/01/29 19:57:38 INFO FileScanRDD: Reading File path: hdfs://localhost:9000/weather/data/processed/weather_processed.parquet/part-00000-8d92506d-1f10-4b71-a703-f88382888577-c000.snappy.parquet, range: 0-1426237, partition values: [empty row]
[2026-01-29T19:57:38.981+0530] {subprocess.py:106} INFO - 26/01/29 19:57:38 INFO FileScanRDD: Reading File path: hdfs://localhost:9000/weather/data/processed/weather_processed.parquet/part-00003-8d92506d-1f10-4b71-a703-f88382888577-c000.snappy.parquet, range: 0-1424291, partition values: [empty row]
[2026-01-29T19:57:38.982+0530] {subprocess.py:106} INFO - 26/01/29 19:57:38 INFO FileScanRDD: Reading File path: hdfs://localhost:9000/weather/data/processed/weather_processed.parquet/part-00002-8d92506d-1f10-4b71-a703-f88382888577-c000.snappy.parquet, range: 0-970793, partition values: [empty row]
[2026-01-29T19:57:38.983+0530] {subprocess.py:106} INFO - 26/01/29 19:57:38 INFO FileScanRDD: Reading File path: hdfs://localhost:9000/weather/data/processed/weather_processed.parquet/part-00001-8d92506d-1f10-4b71-a703-f88382888577-c000.snappy.parquet, range: 0-964334, partition values: [empty row]
[2026-01-29T19:57:39.209+0530] {subprocess.py:106} INFO - 26/01/29 19:57:39 INFO CodecPool: Got brand-new decompressor [.snappy]
[2026-01-29T19:57:39.210+0530] {subprocess.py:106} INFO - 26/01/29 19:57:39 INFO CodecPool: Got brand-new decompressor [.snappy]
[2026-01-29T19:57:39.210+0530] {subprocess.py:106} INFO - 26/01/29 19:57:39 INFO CodecPool: Got brand-new decompressor [.snappy]
[2026-01-29T19:57:39.210+0530] {subprocess.py:106} INFO - 26/01/29 19:57:39 INFO CodecPool: Got brand-new decompressor [.snappy]
[2026-01-29T19:57:39.532+0530] {subprocess.py:106} INFO - 26/01/29 19:57:39 INFO Executor: Finished task 2.0 in stage 1.0 (TID 3). 2979 bytes result sent to driver
[2026-01-29T19:57:39.532+0530] {subprocess.py:106} INFO - 26/01/29 19:57:39 INFO Executor: Finished task 3.0 in stage 1.0 (TID 4). 2979 bytes result sent to driver
[2026-01-29T19:57:39.533+0530] {subprocess.py:106} INFO - 26/01/29 19:57:39 INFO Executor: Finished task 0.0 in stage 1.0 (TID 1). 2979 bytes result sent to driver
[2026-01-29T19:57:39.533+0530] {subprocess.py:106} INFO - 26/01/29 19:57:39 INFO Executor: Finished task 1.0 in stage 1.0 (TID 2). 2979 bytes result sent to driver
[2026-01-29T19:57:39.536+0530] {subprocess.py:106} INFO - 26/01/29 19:57:39 INFO TaskSetManager: Finished task 3.0 in stage 1.0 (TID 4) in 884 ms on Aishwarya92848DBDA (executor driver) (1/4)
[2026-01-29T19:57:39.537+0530] {subprocess.py:106} INFO - 26/01/29 19:57:39 INFO TaskSetManager: Finished task 0.0 in stage 1.0 (TID 1) in 889 ms on Aishwarya92848DBDA (executor driver) (2/4)
[2026-01-29T19:57:39.537+0530] {subprocess.py:106} INFO - 26/01/29 19:57:39 INFO TaskSetManager: Finished task 1.0 in stage 1.0 (TID 2) in 886 ms on Aishwarya92848DBDA (executor driver) (3/4)
[2026-01-29T19:57:39.538+0530] {subprocess.py:106} INFO - 26/01/29 19:57:39 INFO TaskSetManager: Finished task 2.0 in stage 1.0 (TID 3) in 885 ms on Aishwarya92848DBDA (executor driver) (4/4)
[2026-01-29T19:57:39.538+0530] {subprocess.py:106} INFO - 26/01/29 19:57:39 INFO TaskSchedulerImpl: Removed TaskSet 1.0, whose tasks have all completed, from pool
[2026-01-29T19:57:39.544+0530] {subprocess.py:106} INFO - 26/01/29 19:57:39 INFO DAGScheduler: ShuffleMapStage 1 (parquet at NativeMethodAccessorImpl.java:0) finished in 0.919 s
[2026-01-29T19:57:39.545+0530] {subprocess.py:106} INFO - 26/01/29 19:57:39 INFO DAGScheduler: looking for newly runnable stages
[2026-01-29T19:57:39.545+0530] {subprocess.py:106} INFO - 26/01/29 19:57:39 INFO DAGScheduler: running: Set()
[2026-01-29T19:57:39.546+0530] {subprocess.py:106} INFO - 26/01/29 19:57:39 INFO DAGScheduler: waiting: Set()
[2026-01-29T19:57:39.547+0530] {subprocess.py:106} INFO - 26/01/29 19:57:39 INFO DAGScheduler: failed: Set()
[2026-01-29T19:57:39.585+0530] {subprocess.py:106} INFO - 26/01/29 19:57:39 INFO ShufflePartitionsUtil: For shuffle(0), advisory target size: 67108864, actual target size 1048576, minimum partition size: 1048576
[2026-01-29T19:57:39.615+0530] {subprocess.py:106} INFO - 26/01/29 19:57:39 INFO HashAggregateExec: spark.sql.codegen.aggregate.map.twolevel.enabled is set to true, but current version of codegened fast hashmap does not support this aggregate.
[2026-01-29T19:57:39.694+0530] {subprocess.py:106} INFO - 26/01/29 19:57:39 INFO CodeGenerator: Code generated in 47.491088 ms
[2026-01-29T19:57:39.759+0530] {subprocess.py:106} INFO - 26/01/29 19:57:39 INFO CodeGenerator: Code generated in 13.201165 ms
[2026-01-29T19:57:39.785+0530] {subprocess.py:106} INFO - 26/01/29 19:57:39 INFO SparkContext: Starting job: parquet at NativeMethodAccessorImpl.java:0
[2026-01-29T19:57:39.788+0530] {subprocess.py:106} INFO - 26/01/29 19:57:39 INFO DAGScheduler: Got job 2 (parquet at NativeMethodAccessorImpl.java:0) with 1 output partitions
[2026-01-29T19:57:39.788+0530] {subprocess.py:106} INFO - 26/01/29 19:57:39 INFO DAGScheduler: Final stage: ResultStage 3 (parquet at NativeMethodAccessorImpl.java:0)
[2026-01-29T19:57:39.789+0530] {subprocess.py:106} INFO - 26/01/29 19:57:39 INFO DAGScheduler: Parents of final stage: List(ShuffleMapStage 2)
[2026-01-29T19:57:39.789+0530] {subprocess.py:106} INFO - 26/01/29 19:57:39 INFO DAGScheduler: Missing parents: List()
[2026-01-29T19:57:39.790+0530] {subprocess.py:106} INFO - 26/01/29 19:57:39 INFO DAGScheduler: Submitting ResultStage 3 (MapPartitionsRDD[10] at parquet at NativeMethodAccessorImpl.java:0), which has no missing parents
[2026-01-29T19:57:39.806+0530] {subprocess.py:106} INFO - 26/01/29 19:57:39 INFO MemoryStore: Block broadcast_3 stored as values in memory (estimated size 85.4 KiB, free 365.7 MiB)
[2026-01-29T19:57:39.808+0530] {subprocess.py:106} INFO - 26/01/29 19:57:39 INFO MemoryStore: Block broadcast_3_piece0 stored as bytes in memory (estimated size 31.7 KiB, free 365.7 MiB)
[2026-01-29T19:57:39.809+0530] {subprocess.py:106} INFO - 26/01/29 19:57:39 INFO BlockManagerInfo: Added broadcast_3_piece0 in memory on Aishwarya92848DBDA:39943 (size: 31.7 KiB, free: 366.2 MiB)
[2026-01-29T19:57:39.809+0530] {subprocess.py:106} INFO - 26/01/29 19:57:39 INFO SparkContext: Created broadcast 3 from broadcast at DAGScheduler.scala:1585
[2026-01-29T19:57:39.810+0530] {subprocess.py:106} INFO - 26/01/29 19:57:39 INFO DAGScheduler: Submitting 1 missing tasks from ResultStage 3 (MapPartitionsRDD[10] at parquet at NativeMethodAccessorImpl.java:0) (first 15 tasks are for partitions Vector(0))
[2026-01-29T19:57:39.810+0530] {subprocess.py:106} INFO - 26/01/29 19:57:39 INFO TaskSchedulerImpl: Adding task set 3.0 with 1 tasks resource profile 0
[2026-01-29T19:57:39.812+0530] {subprocess.py:106} INFO - 26/01/29 19:57:39 INFO TaskSetManager: Starting task 0.0 in stage 3.0 (TID 5) (Aishwarya92848DBDA, executor driver, partition 0, NODE_LOCAL, 7615 bytes)
[2026-01-29T19:57:39.813+0530] {subprocess.py:106} INFO - 26/01/29 19:57:39 INFO Executor: Running task 0.0 in stage 3.0 (TID 5)
[2026-01-29T19:57:39.868+0530] {subprocess.py:106} INFO - 26/01/29 19:57:39 INFO ShuffleBlockFetcherIterator: Getting 4 (37.0 KiB) non-empty blocks including 4 (37.0 KiB) local and 0 (0.0 B) host-local and 0 (0.0 B) push-merged-local and 0 (0.0 B) remote blocks
[2026-01-29T19:57:39.869+0530] {subprocess.py:106} INFO - 26/01/29 19:57:39 INFO ShuffleBlockFetcherIterator: Started 0 remote fetches in 11 ms
[2026-01-29T19:57:39.924+0530] {subprocess.py:106} INFO - 26/01/29 19:57:39 INFO CodeGenerator: Code generated in 51.529721 ms
[2026-01-29T19:57:39.979+0530] {subprocess.py:106} INFO - 26/01/29 19:57:39 INFO Executor: Finished task 0.0 in stage 3.0 (TID 5). 19419 bytes result sent to driver
[2026-01-29T19:57:39.982+0530] {subprocess.py:106} INFO - 26/01/29 19:57:39 INFO TaskSetManager: Finished task 0.0 in stage 3.0 (TID 5) in 171 ms on Aishwarya92848DBDA (executor driver) (1/1)
[2026-01-29T19:57:39.983+0530] {subprocess.py:106} INFO - 26/01/29 19:57:39 INFO TaskSchedulerImpl: Removed TaskSet 3.0, whose tasks have all completed, from pool
[2026-01-29T19:57:39.984+0530] {subprocess.py:106} INFO - 26/01/29 19:57:39 INFO DAGScheduler: ResultStage 3 (parquet at NativeMethodAccessorImpl.java:0) finished in 0.182 s
[2026-01-29T19:57:39.985+0530] {subprocess.py:106} INFO - 26/01/29 19:57:39 INFO DAGScheduler: Job 2 is finished. Cancelling potential speculative or zombie tasks for this job
[2026-01-29T19:57:39.985+0530] {subprocess.py:106} INFO - 26/01/29 19:57:39 INFO TaskSchedulerImpl: Killing all running tasks in stage 3: Stage finished
[2026-01-29T19:57:39.985+0530] {subprocess.py:106} INFO - 26/01/29 19:57:39 INFO DAGScheduler: Job 2 finished: parquet at NativeMethodAccessorImpl.java:0, took 0.199547 s
[2026-01-29T19:57:39.997+0530] {subprocess.py:106} INFO - 26/01/29 19:57:39 INFO DAGScheduler: Registering RDD 11 (parquet at NativeMethodAccessorImpl.java:0) as input to shuffle 1
[2026-01-29T19:57:39.997+0530] {subprocess.py:106} INFO - 26/01/29 19:57:39 INFO DAGScheduler: Got map stage job 3 (parquet at NativeMethodAccessorImpl.java:0) with 1 output partitions
[2026-01-29T19:57:39.998+0530] {subprocess.py:106} INFO - 26/01/29 19:57:39 INFO DAGScheduler: Final stage: ShuffleMapStage 5 (parquet at NativeMethodAccessorImpl.java:0)
[2026-01-29T19:57:39.998+0530] {subprocess.py:106} INFO - 26/01/29 19:57:39 INFO DAGScheduler: Parents of final stage: List(ShuffleMapStage 4)
[2026-01-29T19:57:39.998+0530] {subprocess.py:106} INFO - 26/01/29 19:57:39 INFO DAGScheduler: Missing parents: List()
[2026-01-29T19:57:39.999+0530] {subprocess.py:106} INFO - 26/01/29 19:57:39 INFO DAGScheduler: Submitting ShuffleMapStage 5 (MapPartitionsRDD[11] at parquet at NativeMethodAccessorImpl.java:0), which has no missing parents
[2026-01-29T19:57:40.018+0530] {subprocess.py:106} INFO - 26/01/29 19:57:40 INFO MemoryStore: Block broadcast_4 stored as values in memory (estimated size 96.0 KiB, free 365.6 MiB)
[2026-01-29T19:57:40.020+0530] {subprocess.py:106} INFO - 26/01/29 19:57:40 INFO MemoryStore: Block broadcast_4_piece0 stored as bytes in memory (estimated size 33.6 KiB, free 365.6 MiB)
[2026-01-29T19:57:40.020+0530] {subprocess.py:106} INFO - 26/01/29 19:57:40 INFO BlockManagerInfo: Added broadcast_4_piece0 in memory on Aishwarya92848DBDA:39943 (size: 33.6 KiB, free: 366.2 MiB)
[2026-01-29T19:57:40.021+0530] {subprocess.py:106} INFO - 26/01/29 19:57:40 INFO SparkContext: Created broadcast 4 from broadcast at DAGScheduler.scala:1585
[2026-01-29T19:57:40.022+0530] {subprocess.py:106} INFO - 26/01/29 19:57:40 INFO DAGScheduler: Submitting 1 missing tasks from ShuffleMapStage 5 (MapPartitionsRDD[11] at parquet at NativeMethodAccessorImpl.java:0) (first 15 tasks are for partitions Vector(0))
[2026-01-29T19:57:40.022+0530] {subprocess.py:106} INFO - 26/01/29 19:57:40 INFO TaskSchedulerImpl: Adding task set 5.0 with 1 tasks resource profile 0
[2026-01-29T19:57:40.024+0530] {subprocess.py:106} INFO - 26/01/29 19:57:40 INFO TaskSetManager: Starting task 0.0 in stage 5.0 (TID 6) (Aishwarya92848DBDA, executor driver, partition 0, NODE_LOCAL, 7604 bytes)
[2026-01-29T19:57:40.024+0530] {subprocess.py:106} INFO - 26/01/29 19:57:40 INFO Executor: Running task 0.0 in stage 5.0 (TID 6)
[2026-01-29T19:57:40.049+0530] {subprocess.py:106} INFO - 26/01/29 19:57:40 INFO CodeGenerator: Code generated in 8.2978 ms
[2026-01-29T19:57:40.056+0530] {subprocess.py:106} INFO - 26/01/29 19:57:40 INFO ShuffleBlockFetcherIterator: Getting 4 (37.0 KiB) non-empty blocks including 4 (37.0 KiB) local and 0 (0.0 B) host-local and 0 (0.0 B) push-merged-local and 0 (0.0 B) remote blocks
[2026-01-29T19:57:40.057+0530] {subprocess.py:106} INFO - 26/01/29 19:57:40 INFO ShuffleBlockFetcherIterator: Started 0 remote fetches in 1 ms
[2026-01-29T19:57:40.119+0530] {subprocess.py:106} INFO - 26/01/29 19:57:40 INFO BlockManagerInfo: Removed broadcast_3_piece0 on Aishwarya92848DBDA:39943 in memory (size: 31.7 KiB, free: 366.2 MiB)
[2026-01-29T19:57:40.124+0530] {subprocess.py:106} INFO - 26/01/29 19:57:40 INFO BlockManagerInfo: Removed broadcast_2_piece0 on Aishwarya92848DBDA:39943 in memory (size: 25.7 KiB, free: 366.2 MiB)
[2026-01-29T19:57:40.153+0530] {subprocess.py:106} INFO - 26/01/29 19:57:40 INFO Executor: Finished task 0.0 in stage 5.0 (TID 6). 5718 bytes result sent to driver
[2026-01-29T19:57:40.155+0530] {subprocess.py:106} INFO - 26/01/29 19:57:40 INFO TaskSetManager: Finished task 0.0 in stage 5.0 (TID 6) in 131 ms on Aishwarya92848DBDA (executor driver) (1/1)
[2026-01-29T19:57:40.155+0530] {subprocess.py:106} INFO - 26/01/29 19:57:40 INFO TaskSchedulerImpl: Removed TaskSet 5.0, whose tasks have all completed, from pool
[2026-01-29T19:57:40.157+0530] {subprocess.py:106} INFO - 26/01/29 19:57:40 INFO DAGScheduler: ShuffleMapStage 5 (parquet at NativeMethodAccessorImpl.java:0) finished in 0.148 s
[2026-01-29T19:57:40.157+0530] {subprocess.py:106} INFO - 26/01/29 19:57:40 INFO DAGScheduler: looking for newly runnable stages
[2026-01-29T19:57:40.157+0530] {subprocess.py:106} INFO - 26/01/29 19:57:40 INFO DAGScheduler: running: Set()
[2026-01-29T19:57:40.157+0530] {subprocess.py:106} INFO - 26/01/29 19:57:40 INFO DAGScheduler: waiting: Set()
[2026-01-29T19:57:40.158+0530] {subprocess.py:106} INFO - 26/01/29 19:57:40 INFO DAGScheduler: failed: Set()
[2026-01-29T19:57:40.161+0530] {subprocess.py:106} INFO - 26/01/29 19:57:40 INFO ShufflePartitionsUtil: For shuffle(1), advisory target size: 67108864, actual target size 1048576, minimum partition size: 1048576
[2026-01-29T19:57:40.212+0530] {subprocess.py:106} INFO - 26/01/29 19:57:40 INFO ParquetUtils: Using default output committer for Parquet: org.apache.parquet.hadoop.ParquetOutputCommitter
[2026-01-29T19:57:40.223+0530] {subprocess.py:106} INFO - 26/01/29 19:57:40 INFO FileOutputCommitter: File Output Committer Algorithm version is 1
[2026-01-29T19:57:40.223+0530] {subprocess.py:106} INFO - 26/01/29 19:57:40 INFO FileOutputCommitter: FileOutputCommitter skip cleanup _temporary folders under output directory:false, ignore cleanup failures: false
[2026-01-29T19:57:40.224+0530] {subprocess.py:106} INFO - 26/01/29 19:57:40 INFO SQLHadoopMapReduceCommitProtocol: Using user defined output committer class org.apache.parquet.hadoop.ParquetOutputCommitter
[2026-01-29T19:57:40.224+0530] {subprocess.py:106} INFO - 26/01/29 19:57:40 INFO FileOutputCommitter: File Output Committer Algorithm version is 1
[2026-01-29T19:57:40.224+0530] {subprocess.py:106} INFO - 26/01/29 19:57:40 INFO FileOutputCommitter: FileOutputCommitter skip cleanup _temporary folders under output directory:false, ignore cleanup failures: false
[2026-01-29T19:57:40.225+0530] {subprocess.py:106} INFO - 26/01/29 19:57:40 INFO SQLHadoopMapReduceCommitProtocol: Using output committer class org.apache.parquet.hadoop.ParquetOutputCommitter
[2026-01-29T19:57:40.245+0530] {subprocess.py:106} INFO - 26/01/29 19:57:40 INFO CodeGenerator: Code generated in 9.506643 ms
[2026-01-29T19:57:40.254+0530] {subprocess.py:106} INFO - 26/01/29 19:57:40 INFO SparkContext: Starting job: parquet at NativeMethodAccessorImpl.java:0
[2026-01-29T19:57:40.256+0530] {subprocess.py:106} INFO - 26/01/29 19:57:40 INFO DAGScheduler: Got job 4 (parquet at NativeMethodAccessorImpl.java:0) with 1 output partitions
[2026-01-29T19:57:40.256+0530] {subprocess.py:106} INFO - 26/01/29 19:57:40 INFO DAGScheduler: Final stage: ResultStage 8 (parquet at NativeMethodAccessorImpl.java:0)
[2026-01-29T19:57:40.256+0530] {subprocess.py:106} INFO - 26/01/29 19:57:40 INFO DAGScheduler: Parents of final stage: List(ShuffleMapStage 7)
[2026-01-29T19:57:40.257+0530] {subprocess.py:106} INFO - 26/01/29 19:57:40 INFO DAGScheduler: Missing parents: List()
[2026-01-29T19:57:40.258+0530] {subprocess.py:106} INFO - 26/01/29 19:57:40 INFO DAGScheduler: Submitting ResultStage 8 (MapPartitionsRDD[14] at parquet at NativeMethodAccessorImpl.java:0), which has no missing parents
[2026-01-29T19:57:40.291+0530] {subprocess.py:106} INFO - 26/01/29 19:57:40 INFO MemoryStore: Block broadcast_5 stored as values in memory (estimated size 265.8 KiB, free 365.5 MiB)
[2026-01-29T19:57:40.294+0530] {subprocess.py:106} INFO - 26/01/29 19:57:40 INFO MemoryStore: Block broadcast_5_piece0 stored as bytes in memory (estimated size 96.2 KiB, free 365.4 MiB)
[2026-01-29T19:57:40.295+0530] {subprocess.py:106} INFO - 26/01/29 19:57:40 INFO BlockManagerInfo: Added broadcast_5_piece0 in memory on Aishwarya92848DBDA:39943 (size: 96.2 KiB, free: 366.1 MiB)
[2026-01-29T19:57:40.295+0530] {subprocess.py:106} INFO - 26/01/29 19:57:40 INFO SparkContext: Created broadcast 5 from broadcast at DAGScheduler.scala:1585
[2026-01-29T19:57:40.296+0530] {subprocess.py:106} INFO - 26/01/29 19:57:40 INFO DAGScheduler: Submitting 1 missing tasks from ResultStage 8 (MapPartitionsRDD[14] at parquet at NativeMethodAccessorImpl.java:0) (first 15 tasks are for partitions Vector(0))
[2026-01-29T19:57:40.296+0530] {subprocess.py:106} INFO - 26/01/29 19:57:40 INFO TaskSchedulerImpl: Adding task set 8.0 with 1 tasks resource profile 0
[2026-01-29T19:57:40.298+0530] {subprocess.py:106} INFO - 26/01/29 19:57:40 INFO TaskSetManager: Starting task 0.0 in stage 8.0 (TID 7) (Aishwarya92848DBDA, executor driver, partition 0, NODE_LOCAL, 7615 bytes)
[2026-01-29T19:57:40.298+0530] {subprocess.py:106} INFO - 26/01/29 19:57:40 INFO Executor: Running task 0.0 in stage 8.0 (TID 7)
[2026-01-29T19:57:40.326+0530] {subprocess.py:106} INFO - 26/01/29 19:57:40 INFO ShuffleBlockFetcherIterator: Getting 1 (34.9 KiB) non-empty blocks including 1 (34.9 KiB) local and 0 (0.0 B) host-local and 0 (0.0 B) push-merged-local and 0 (0.0 B) remote blocks
[2026-01-29T19:57:40.327+0530] {subprocess.py:106} INFO - 26/01/29 19:57:40 INFO ShuffleBlockFetcherIterator: Started 0 remote fetches in 0 ms
[2026-01-29T19:57:40.335+0530] {subprocess.py:106} INFO - 26/01/29 19:57:40 INFO CodeGenerator: Code generated in 8.200322 ms
[2026-01-29T19:57:40.355+0530] {subprocess.py:106} INFO - 26/01/29 19:57:40 INFO CodeGenerator: Code generated in 8.736964 ms
[2026-01-29T19:57:40.365+0530] {subprocess.py:106} INFO - 26/01/29 19:57:40 INFO FileOutputCommitter: File Output Committer Algorithm version is 1
[2026-01-29T19:57:40.365+0530] {subprocess.py:106} INFO - 26/01/29 19:57:40 INFO FileOutputCommitter: FileOutputCommitter skip cleanup _temporary folders under output directory:false, ignore cleanup failures: false
[2026-01-29T19:57:40.366+0530] {subprocess.py:106} INFO - 26/01/29 19:57:40 INFO SQLHadoopMapReduceCommitProtocol: Using user defined output committer class org.apache.parquet.hadoop.ParquetOutputCommitter
[2026-01-29T19:57:40.366+0530] {subprocess.py:106} INFO - 26/01/29 19:57:40 INFO FileOutputCommitter: File Output Committer Algorithm version is 1
[2026-01-29T19:57:40.366+0530] {subprocess.py:106} INFO - 26/01/29 19:57:40 INFO FileOutputCommitter: FileOutputCommitter skip cleanup _temporary folders under output directory:false, ignore cleanup failures: false
[2026-01-29T19:57:40.366+0530] {subprocess.py:106} INFO - 26/01/29 19:57:40 INFO SQLHadoopMapReduceCommitProtocol: Using output committer class org.apache.parquet.hadoop.ParquetOutputCommitter
[2026-01-29T19:57:40.374+0530] {subprocess.py:106} INFO - 26/01/29 19:57:40 INFO CodecConfig: Compression: SNAPPY
[2026-01-29T19:57:40.377+0530] {subprocess.py:106} INFO - 26/01/29 19:57:40 INFO CodecConfig: Compression: SNAPPY
[2026-01-29T19:57:40.398+0530] {subprocess.py:106} INFO - 26/01/29 19:57:40 INFO ParquetOutputFormat: ParquetRecordWriter [block size: 134217728b, row group padding size: 8388608b, validating: false]
[2026-01-29T19:57:40.408+0530] {subprocess.py:106} INFO - 26/01/29 19:57:40 INFO ParquetWriteSupport: Initialized Parquet WriteSupport with Catalyst schema:
[2026-01-29T19:57:40.409+0530] {subprocess.py:106} INFO - {
[2026-01-29T19:57:40.409+0530] {subprocess.py:106} INFO -   "type" : "struct",
[2026-01-29T19:57:40.409+0530] {subprocess.py:106} INFO -   "fields" : [ {
[2026-01-29T19:57:40.409+0530] {subprocess.py:106} INFO -     "name" : "city",
[2026-01-29T19:57:40.409+0530] {subprocess.py:106} INFO -     "type" : "string",
[2026-01-29T19:57:40.410+0530] {subprocess.py:106} INFO -     "nullable" : true,
[2026-01-29T19:57:40.410+0530] {subprocess.py:106} INFO -     "metadata" : { }
[2026-01-29T19:57:40.410+0530] {subprocess.py:106} INFO -   }, {
[2026-01-29T19:57:40.410+0530] {subprocess.py:106} INFO -     "name" : "year",
[2026-01-29T19:57:40.410+0530] {subprocess.py:106} INFO -     "type" : "integer",
[2026-01-29T19:57:40.410+0530] {subprocess.py:106} INFO -     "nullable" : true,
[2026-01-29T19:57:40.410+0530] {subprocess.py:106} INFO -     "metadata" : { }
[2026-01-29T19:57:40.410+0530] {subprocess.py:106} INFO -   }, {
[2026-01-29T19:57:40.410+0530] {subprocess.py:106} INFO -     "name" : "avg_max_temp",
[2026-01-29T19:57:40.410+0530] {subprocess.py:106} INFO -     "type" : "double",
[2026-01-29T19:57:40.411+0530] {subprocess.py:106} INFO -     "nullable" : true,
[2026-01-29T19:57:40.411+0530] {subprocess.py:106} INFO -     "metadata" : { }
[2026-01-29T19:57:40.411+0530] {subprocess.py:106} INFO -   }, {
[2026-01-29T19:57:40.411+0530] {subprocess.py:106} INFO -     "name" : "avg_min_temp",
[2026-01-29T19:57:40.411+0530] {subprocess.py:106} INFO -     "type" : "double",
[2026-01-29T19:57:40.411+0530] {subprocess.py:106} INFO -     "nullable" : true,
[2026-01-29T19:57:40.411+0530] {subprocess.py:106} INFO -     "metadata" : { }
[2026-01-29T19:57:40.411+0530] {subprocess.py:106} INFO -   }, {
[2026-01-29T19:57:40.411+0530] {subprocess.py:106} INFO -     "name" : "highest_temp",
[2026-01-29T19:57:40.412+0530] {subprocess.py:106} INFO -     "type" : "double",
[2026-01-29T19:57:40.412+0530] {subprocess.py:106} INFO -     "nullable" : true,
[2026-01-29T19:57:40.412+0530] {subprocess.py:106} INFO -     "metadata" : { }
[2026-01-29T19:57:40.412+0530] {subprocess.py:106} INFO -   }, {
[2026-01-29T19:57:40.412+0530] {subprocess.py:106} INFO -     "name" : "lowest_temp",
[2026-01-29T19:57:40.412+0530] {subprocess.py:106} INFO -     "type" : "double",
[2026-01-29T19:57:40.412+0530] {subprocess.py:106} INFO -     "nullable" : true,
[2026-01-29T19:57:40.412+0530] {subprocess.py:106} INFO -     "metadata" : { }
[2026-01-29T19:57:40.413+0530] {subprocess.py:106} INFO -   }, {
[2026-01-29T19:57:40.413+0530] {subprocess.py:106} INFO -     "name" : "temp_range",
[2026-01-29T19:57:40.413+0530] {subprocess.py:106} INFO -     "type" : "double",
[2026-01-29T19:57:40.413+0530] {subprocess.py:106} INFO -     "nullable" : true,
[2026-01-29T19:57:40.413+0530] {subprocess.py:106} INFO -     "metadata" : { }
[2026-01-29T19:57:40.413+0530] {subprocess.py:106} INFO -   }, {
[2026-01-29T19:57:40.413+0530] {subprocess.py:106} INFO -     "name" : "heat_stress",
[2026-01-29T19:57:40.413+0530] {subprocess.py:106} INFO -     "type" : "double",
[2026-01-29T19:57:40.413+0530] {subprocess.py:106} INFO -     "nullable" : true,
[2026-01-29T19:57:40.414+0530] {subprocess.py:106} INFO -     "metadata" : { }
[2026-01-29T19:57:40.414+0530] {subprocess.py:106} INFO -   }, {
[2026-01-29T19:57:40.414+0530] {subprocess.py:106} INFO -     "name" : "heat_stress_type",
[2026-01-29T19:57:40.414+0530] {subprocess.py:106} INFO -     "type" : "string",
[2026-01-29T19:57:40.414+0530] {subprocess.py:106} INFO -     "nullable" : false,
[2026-01-29T19:57:40.414+0530] {subprocess.py:106} INFO -     "metadata" : { }
[2026-01-29T19:57:40.414+0530] {subprocess.py:106} INFO -   }, {
[2026-01-29T19:57:40.414+0530] {subprocess.py:106} INFO -     "name" : "yearly_rainfall",
[2026-01-29T19:57:40.414+0530] {subprocess.py:106} INFO -     "type" : "double",
[2026-01-29T19:57:40.415+0530] {subprocess.py:106} INFO -     "nullable" : true,
[2026-01-29T19:57:40.415+0530] {subprocess.py:106} INFO -     "metadata" : { }
[2026-01-29T19:57:40.415+0530] {subprocess.py:106} INFO -   }, {
[2026-01-29T19:57:40.415+0530] {subprocess.py:106} INFO -     "name" : "max_wind_gust",
[2026-01-29T19:57:40.415+0530] {subprocess.py:106} INFO -     "type" : "double",
[2026-01-29T19:57:40.415+0530] {subprocess.py:106} INFO -     "nullable" : true,
[2026-01-29T19:57:40.415+0530] {subprocess.py:106} INFO -     "metadata" : { }
[2026-01-29T19:57:40.415+0530] {subprocess.py:106} INFO -   } ]
[2026-01-29T19:57:40.415+0530] {subprocess.py:106} INFO - }
[2026-01-29T19:57:40.416+0530] {subprocess.py:106} INFO - and corresponding Parquet message type:
[2026-01-29T19:57:40.416+0530] {subprocess.py:106} INFO - message spark_schema {
[2026-01-29T19:57:40.416+0530] {subprocess.py:106} INFO -   optional binary city (STRING);
[2026-01-29T19:57:40.416+0530] {subprocess.py:106} INFO -   optional int32 year;
[2026-01-29T19:57:40.416+0530] {subprocess.py:106} INFO -   optional double avg_max_temp;
[2026-01-29T19:57:40.416+0530] {subprocess.py:106} INFO -   optional double avg_min_temp;
[2026-01-29T19:57:40.416+0530] {subprocess.py:106} INFO -   optional double highest_temp;
[2026-01-29T19:57:40.416+0530] {subprocess.py:106} INFO -   optional double lowest_temp;
[2026-01-29T19:57:40.416+0530] {subprocess.py:106} INFO -   optional double temp_range;
[2026-01-29T19:57:40.417+0530] {subprocess.py:106} INFO -   optional double heat_stress;
[2026-01-29T19:57:40.417+0530] {subprocess.py:106} INFO -   required binary heat_stress_type (STRING);
[2026-01-29T19:57:40.417+0530] {subprocess.py:106} INFO -   optional double yearly_rainfall;
[2026-01-29T19:57:40.417+0530] {subprocess.py:106} INFO -   optional double max_wind_gust;
[2026-01-29T19:57:40.417+0530] {subprocess.py:106} INFO - }
[2026-01-29T19:57:40.417+0530] {subprocess.py:106} INFO - 
[2026-01-29T19:57:40.417+0530] {subprocess.py:106} INFO - 
[2026-01-29T19:57:40.447+0530] {subprocess.py:106} INFO - 26/01/29 19:57:40 INFO CodecPool: Got brand-new compressor [.snappy]
[2026-01-29T19:57:40.655+0530] {subprocess.py:106} INFO - 26/01/29 19:57:40 INFO FileOutputCommitter: Saved output of task 'attempt_202601291957405856698731650497857_0008_m_000000_7' to hdfs://localhost:9000/weather/analytics/city_summary_yearly/_temporary/0/task_202601291957405856698731650497857_0008_m_000000
[2026-01-29T19:57:40.655+0530] {subprocess.py:106} INFO - 26/01/29 19:57:40 INFO SparkHadoopMapRedUtil: attempt_202601291957405856698731650497857_0008_m_000000_7: Committed. Elapsed time: 7 ms.
[2026-01-29T19:57:40.660+0530] {subprocess.py:106} INFO - 26/01/29 19:57:40 INFO Executor: Finished task 0.0 in stage 8.0 (TID 7). 7814 bytes result sent to driver
[2026-01-29T19:57:40.662+0530] {subprocess.py:106} INFO - 26/01/29 19:57:40 INFO TaskSetManager: Finished task 0.0 in stage 8.0 (TID 7) in 364 ms on Aishwarya92848DBDA (executor driver) (1/1)
[2026-01-29T19:57:40.662+0530] {subprocess.py:106} INFO - 26/01/29 19:57:40 INFO TaskSchedulerImpl: Removed TaskSet 8.0, whose tasks have all completed, from pool
[2026-01-29T19:57:40.663+0530] {subprocess.py:106} INFO - 26/01/29 19:57:40 INFO DAGScheduler: ResultStage 8 (parquet at NativeMethodAccessorImpl.java:0) finished in 0.397 s
[2026-01-29T19:57:40.663+0530] {subprocess.py:106} INFO - 26/01/29 19:57:40 INFO DAGScheduler: Job 4 is finished. Cancelling potential speculative or zombie tasks for this job
[2026-01-29T19:57:40.663+0530] {subprocess.py:106} INFO - 26/01/29 19:57:40 INFO TaskSchedulerImpl: Killing all running tasks in stage 8: Stage finished
[2026-01-29T19:57:40.664+0530] {subprocess.py:106} INFO - 26/01/29 19:57:40 INFO DAGScheduler: Job 4 finished: parquet at NativeMethodAccessorImpl.java:0, took 0.409499 s
[2026-01-29T19:57:40.666+0530] {subprocess.py:106} INFO - 26/01/29 19:57:40 INFO FileFormatWriter: Start to commit write Job c5cfad1d-ec7b-4657-8410-9f06357a1736.
[2026-01-29T19:57:40.682+0530] {subprocess.py:106} INFO - 26/01/29 19:57:40 INFO FileFormatWriter: Write Job c5cfad1d-ec7b-4657-8410-9f06357a1736 committed. Elapsed time: 15 ms.
[2026-01-29T19:57:40.684+0530] {subprocess.py:106} INFO - 26/01/29 19:57:40 INFO FileFormatWriter: Finished processing stats for write job c5cfad1d-ec7b-4657-8410-9f06357a1736.
[2026-01-29T19:57:40.721+0530] {subprocess.py:106} INFO - 26/01/29 19:57:40 INFO FileSourceStrategy: Pushed Filters:
[2026-01-29T19:57:40.722+0530] {subprocess.py:106} INFO - 26/01/29 19:57:40 INFO FileSourceStrategy: Post-Scan Filters:
[2026-01-29T19:57:40.796+0530] {subprocess.py:106} INFO - 26/01/29 19:57:40 INFO CodeGenerator: Code generated in 36.87557 ms
[2026-01-29T19:57:40.802+0530] {subprocess.py:106} INFO - 26/01/29 19:57:40 INFO MemoryStore: Block broadcast_6 stored as values in memory (estimated size 358.3 KiB, free 365.1 MiB)
[2026-01-29T19:57:40.809+0530] {subprocess.py:106} INFO - 26/01/29 19:57:40 INFO MemoryStore: Block broadcast_6_piece0 stored as bytes in memory (estimated size 35.2 KiB, free 365.1 MiB)
[2026-01-29T19:57:40.809+0530] {subprocess.py:106} INFO - 26/01/29 19:57:40 INFO BlockManagerInfo: Added broadcast_6_piece0 in memory on Aishwarya92848DBDA:39943 (size: 35.2 KiB, free: 366.1 MiB)
[2026-01-29T19:57:40.810+0530] {subprocess.py:106} INFO - 26/01/29 19:57:40 INFO SparkContext: Created broadcast 6 from parquet at NativeMethodAccessorImpl.java:0
[2026-01-29T19:57:40.811+0530] {subprocess.py:106} INFO - 26/01/29 19:57:40 INFO FileSourceScanExec: Planning scan with bin packing, max size: 4194304 bytes, open cost is considered as scanning 4194304 bytes.
[2026-01-29T19:57:40.818+0530] {subprocess.py:106} INFO - 26/01/29 19:57:40 INFO DAGScheduler: Registering RDD 18 (parquet at NativeMethodAccessorImpl.java:0) as input to shuffle 2
[2026-01-29T19:57:40.818+0530] {subprocess.py:106} INFO - 26/01/29 19:57:40 INFO DAGScheduler: Got map stage job 5 (parquet at NativeMethodAccessorImpl.java:0) with 4 output partitions
[2026-01-29T19:57:40.818+0530] {subprocess.py:106} INFO - 26/01/29 19:57:40 INFO DAGScheduler: Final stage: ShuffleMapStage 9 (parquet at NativeMethodAccessorImpl.java:0)
[2026-01-29T19:57:40.819+0530] {subprocess.py:106} INFO - 26/01/29 19:57:40 INFO DAGScheduler: Parents of final stage: List()
[2026-01-29T19:57:40.819+0530] {subprocess.py:106} INFO - 26/01/29 19:57:40 INFO DAGScheduler: Missing parents: List()
[2026-01-29T19:57:40.820+0530] {subprocess.py:106} INFO - 26/01/29 19:57:40 INFO DAGScheduler: Submitting ShuffleMapStage 9 (MapPartitionsRDD[18] at parquet at NativeMethodAccessorImpl.java:0), which has no missing parents
[2026-01-29T19:57:40.824+0530] {subprocess.py:106} INFO - 26/01/29 19:57:40 INFO MemoryStore: Block broadcast_7 stored as values in memory (estimated size 70.1 KiB, free 365.0 MiB)
[2026-01-29T19:57:40.826+0530] {subprocess.py:106} INFO - 26/01/29 19:57:40 INFO MemoryStore: Block broadcast_7_piece0 stored as bytes in memory (estimated size 26.1 KiB, free 365.0 MiB)
[2026-01-29T19:57:40.826+0530] {subprocess.py:106} INFO - 26/01/29 19:57:40 INFO BlockManagerInfo: Added broadcast_7_piece0 in memory on Aishwarya92848DBDA:39943 (size: 26.1 KiB, free: 366.1 MiB)
[2026-01-29T19:57:40.827+0530] {subprocess.py:106} INFO - 26/01/29 19:57:40 INFO SparkContext: Created broadcast 7 from broadcast at DAGScheduler.scala:1585
[2026-01-29T19:57:40.828+0530] {subprocess.py:106} INFO - 26/01/29 19:57:40 INFO DAGScheduler: Submitting 4 missing tasks from ShuffleMapStage 9 (MapPartitionsRDD[18] at parquet at NativeMethodAccessorImpl.java:0) (first 15 tasks are for partitions Vector(0, 1, 2, 3))
[2026-01-29T19:57:40.828+0530] {subprocess.py:106} INFO - 26/01/29 19:57:40 INFO TaskSchedulerImpl: Adding task set 9.0 with 4 tasks resource profile 0
[2026-01-29T19:57:40.829+0530] {subprocess.py:106} INFO - 26/01/29 19:57:40 INFO TaskSetManager: Starting task 0.0 in stage 9.0 (TID 8) (Aishwarya92848DBDA, executor driver, partition 0, NODE_LOCAL, 8305 bytes)
[2026-01-29T19:57:40.830+0530] {subprocess.py:106} INFO - 26/01/29 19:57:40 INFO TaskSetManager: Starting task 1.0 in stage 9.0 (TID 9) (Aishwarya92848DBDA, executor driver, partition 1, NODE_LOCAL, 8305 bytes)
[2026-01-29T19:57:40.830+0530] {subprocess.py:106} INFO - 26/01/29 19:57:40 INFO TaskSetManager: Starting task 2.0 in stage 9.0 (TID 10) (Aishwarya92848DBDA, executor driver, partition 2, NODE_LOCAL, 8305 bytes)
[2026-01-29T19:57:40.830+0530] {subprocess.py:106} INFO - 26/01/29 19:57:40 INFO TaskSetManager: Starting task 3.0 in stage 9.0 (TID 11) (Aishwarya92848DBDA, executor driver, partition 3, NODE_LOCAL, 8305 bytes)
[2026-01-29T19:57:40.831+0530] {subprocess.py:106} INFO - 26/01/29 19:57:40 INFO Executor: Running task 2.0 in stage 9.0 (TID 10)
[2026-01-29T19:57:40.831+0530] {subprocess.py:106} INFO - 26/01/29 19:57:40 INFO Executor: Running task 0.0 in stage 9.0 (TID 8)
[2026-01-29T19:57:40.832+0530] {subprocess.py:106} INFO - 26/01/29 19:57:40 INFO Executor: Running task 3.0 in stage 9.0 (TID 11)
[2026-01-29T19:57:40.832+0530] {subprocess.py:106} INFO - 26/01/29 19:57:40 INFO Executor: Running task 1.0 in stage 9.0 (TID 9)
[2026-01-29T19:57:40.875+0530] {subprocess.py:106} INFO - 26/01/29 19:57:40 INFO CodeGenerator: Code generated in 38.079273 ms
[2026-01-29T19:57:40.889+0530] {subprocess.py:106} INFO - 26/01/29 19:57:40 INFO CodeGenerator: Code generated in 8.264826 ms
[2026-01-29T19:57:40.899+0530] {subprocess.py:106} INFO - 26/01/29 19:57:40 INFO CodeGenerator: Code generated in 5.368058 ms
[2026-01-29T19:57:40.912+0530] {subprocess.py:106} INFO - 26/01/29 19:57:40 INFO CodeGenerator: Code generated in 7.76189 ms
[2026-01-29T19:57:40.924+0530] {subprocess.py:106} INFO - 26/01/29 19:57:40 INFO CodeGenerator: Code generated in 6.368081 ms
[2026-01-29T19:57:40.937+0530] {subprocess.py:106} INFO - 26/01/29 19:57:40 INFO FileScanRDD: Reading File path: hdfs://localhost:9000/weather/data/processed/weather_processed.parquet/part-00003-8d92506d-1f10-4b71-a703-f88382888577-c000.snappy.parquet, range: 0-1424291, partition values: [empty row]
[2026-01-29T19:57:40.938+0530] {subprocess.py:106} INFO - 26/01/29 19:57:40 INFO FileScanRDD: Reading File path: hdfs://localhost:9000/weather/data/processed/weather_processed.parquet/part-00000-8d92506d-1f10-4b71-a703-f88382888577-c000.snappy.parquet, range: 0-1426237, partition values: [empty row]
[2026-01-29T19:57:40.938+0530] {subprocess.py:106} INFO - 26/01/29 19:57:40 INFO FileScanRDD: Reading File path: hdfs://localhost:9000/weather/data/processed/weather_processed.parquet/part-00001-8d92506d-1f10-4b71-a703-f88382888577-c000.snappy.parquet, range: 0-964334, partition values: [empty row]
[2026-01-29T19:57:40.939+0530] {subprocess.py:106} INFO - 26/01/29 19:57:40 INFO FileScanRDD: Reading File path: hdfs://localhost:9000/weather/data/processed/weather_processed.parquet/part-00002-8d92506d-1f10-4b71-a703-f88382888577-c000.snappy.parquet, range: 0-970793, partition values: [empty row]
[2026-01-29T19:57:41.109+0530] {subprocess.py:106} INFO - 26/01/29 19:57:41 INFO Executor: Finished task 2.0 in stage 9.0 (TID 10). 3022 bytes result sent to driver
[2026-01-29T19:57:41.116+0530] {subprocess.py:106} INFO - 26/01/29 19:57:41 INFO TaskSetManager: Finished task 2.0 in stage 9.0 (TID 10) in 285 ms on Aishwarya92848DBDA (executor driver) (1/4)
[2026-01-29T19:57:41.119+0530] {subprocess.py:106} INFO - 26/01/29 19:57:41 INFO BlockManagerInfo: Removed broadcast_1_piece0 on Aishwarya92848DBDA:39943 in memory (size: 35.3 KiB, free: 366.1 MiB)
[2026-01-29T19:57:41.132+0530] {subprocess.py:106} INFO - 26/01/29 19:57:41 INFO BlockManagerInfo: Removed broadcast_4_piece0 on Aishwarya92848DBDA:39943 in memory (size: 33.6 KiB, free: 366.1 MiB)
[2026-01-29T19:57:41.135+0530] {subprocess.py:106} INFO - 26/01/29 19:57:41 INFO Executor: Finished task 3.0 in stage 9.0 (TID 11). 2979 bytes result sent to driver
[2026-01-29T19:57:41.136+0530] {subprocess.py:106} INFO - 26/01/29 19:57:41 INFO TaskSetManager: Finished task 3.0 in stage 9.0 (TID 11) in 306 ms on Aishwarya92848DBDA (executor driver) (2/4)
[2026-01-29T19:57:41.139+0530] {subprocess.py:106} INFO - 26/01/29 19:57:41 INFO BlockManagerInfo: Removed broadcast_5_piece0 on Aishwarya92848DBDA:39943 in memory (size: 96.2 KiB, free: 366.2 MiB)
[2026-01-29T19:57:41.148+0530] {subprocess.py:106} INFO - 26/01/29 19:57:41 INFO Executor: Finished task 0.0 in stage 9.0 (TID 8). 2979 bytes result sent to driver
[2026-01-29T19:57:41.149+0530] {subprocess.py:106} INFO - 26/01/29 19:57:41 INFO TaskSetManager: Finished task 0.0 in stage 9.0 (TID 8) in 320 ms on Aishwarya92848DBDA (executor driver) (3/4)
[2026-01-29T19:57:41.150+0530] {subprocess.py:106} INFO - 26/01/29 19:57:41 INFO Executor: Finished task 1.0 in stage 9.0 (TID 9). 2979 bytes result sent to driver
[2026-01-29T19:57:41.152+0530] {subprocess.py:106} INFO - 26/01/29 19:57:41 INFO TaskSetManager: Finished task 1.0 in stage 9.0 (TID 9) in 322 ms on Aishwarya92848DBDA (executor driver) (4/4)
[2026-01-29T19:57:41.153+0530] {subprocess.py:106} INFO - 26/01/29 19:57:41 INFO TaskSchedulerImpl: Removed TaskSet 9.0, whose tasks have all completed, from pool
[2026-01-29T19:57:41.153+0530] {subprocess.py:106} INFO - 26/01/29 19:57:41 INFO DAGScheduler: ShuffleMapStage 9 (parquet at NativeMethodAccessorImpl.java:0) finished in 0.332 s
[2026-01-29T19:57:41.153+0530] {subprocess.py:106} INFO - 26/01/29 19:57:41 INFO DAGScheduler: looking for newly runnable stages
[2026-01-29T19:57:41.154+0530] {subprocess.py:106} INFO - 26/01/29 19:57:41 INFO DAGScheduler: running: Set()
[2026-01-29T19:57:41.154+0530] {subprocess.py:106} INFO - 26/01/29 19:57:41 INFO DAGScheduler: waiting: Set()
[2026-01-29T19:57:41.154+0530] {subprocess.py:106} INFO - 26/01/29 19:57:41 INFO DAGScheduler: failed: Set()
[2026-01-29T19:57:41.161+0530] {subprocess.py:106} INFO - 26/01/29 19:57:41 INFO ShufflePartitionsUtil: For shuffle(2), advisory target size: 67108864, actual target size 1048576, minimum partition size: 1048576
[2026-01-29T19:57:41.174+0530] {subprocess.py:106} INFO - 26/01/29 19:57:41 INFO HashAggregateExec: spark.sql.codegen.aggregate.map.twolevel.enabled is set to true, but current version of codegened fast hashmap does not support this aggregate.
[2026-01-29T19:57:41.212+0530] {subprocess.py:106} INFO - 26/01/29 19:57:41 INFO CodeGenerator: Code generated in 25.632708 ms
[2026-01-29T19:57:41.227+0530] {subprocess.py:106} INFO - 26/01/29 19:57:41 INFO CodeGenerator: Code generated in 5.526171 ms
[2026-01-29T19:57:41.241+0530] {subprocess.py:106} INFO - 26/01/29 19:57:41 INFO SparkContext: Starting job: parquet at NativeMethodAccessorImpl.java:0
[2026-01-29T19:57:41.243+0530] {subprocess.py:106} INFO - 26/01/29 19:57:41 INFO DAGScheduler: Got job 6 (parquet at NativeMethodAccessorImpl.java:0) with 1 output partitions
[2026-01-29T19:57:41.243+0530] {subprocess.py:106} INFO - 26/01/29 19:57:41 INFO DAGScheduler: Final stage: ResultStage 11 (parquet at NativeMethodAccessorImpl.java:0)
[2026-01-29T19:57:41.244+0530] {subprocess.py:106} INFO - 26/01/29 19:57:41 INFO DAGScheduler: Parents of final stage: List(ShuffleMapStage 10)
[2026-01-29T19:57:41.244+0530] {subprocess.py:106} INFO - 26/01/29 19:57:41 INFO DAGScheduler: Missing parents: List()
[2026-01-29T19:57:41.245+0530] {subprocess.py:106} INFO - 26/01/29 19:57:41 INFO DAGScheduler: Submitting ResultStage 11 (MapPartitionsRDD[23] at parquet at NativeMethodAccessorImpl.java:0), which has no missing parents
[2026-01-29T19:57:41.256+0530] {subprocess.py:106} INFO - 26/01/29 19:57:41 INFO MemoryStore: Block broadcast_8 stored as values in memory (estimated size 84.5 KiB, free 365.7 MiB)
[2026-01-29T19:57:41.258+0530] {subprocess.py:106} INFO - 26/01/29 19:57:41 INFO MemoryStore: Block broadcast_8_piece0 stored as bytes in memory (estimated size 31.6 KiB, free 365.7 MiB)
[2026-01-29T19:57:41.259+0530] {subprocess.py:106} INFO - 26/01/29 19:57:41 INFO BlockManagerInfo: Added broadcast_8_piece0 in memory on Aishwarya92848DBDA:39943 (size: 31.6 KiB, free: 366.2 MiB)
[2026-01-29T19:57:41.259+0530] {subprocess.py:106} INFO - 26/01/29 19:57:41 INFO SparkContext: Created broadcast 8 from broadcast at DAGScheduler.scala:1585
[2026-01-29T19:57:41.260+0530] {subprocess.py:106} INFO - 26/01/29 19:57:41 INFO DAGScheduler: Submitting 1 missing tasks from ResultStage 11 (MapPartitionsRDD[23] at parquet at NativeMethodAccessorImpl.java:0) (first 15 tasks are for partitions Vector(0))
[2026-01-29T19:57:41.260+0530] {subprocess.py:106} INFO - 26/01/29 19:57:41 INFO TaskSchedulerImpl: Adding task set 11.0 with 1 tasks resource profile 0
[2026-01-29T19:57:41.261+0530] {subprocess.py:106} INFO - 26/01/29 19:57:41 INFO TaskSetManager: Starting task 0.0 in stage 11.0 (TID 12) (Aishwarya92848DBDA, executor driver, partition 0, NODE_LOCAL, 7615 bytes)
[2026-01-29T19:57:41.262+0530] {subprocess.py:106} INFO - 26/01/29 19:57:41 INFO Executor: Running task 0.0 in stage 11.0 (TID 12)
[2026-01-29T19:57:41.270+0530] {subprocess.py:106} INFO - 26/01/29 19:57:41 INFO ShuffleBlockFetcherIterator: Getting 4 (296.9 KiB) non-empty blocks including 4 (296.9 KiB) local and 0 (0.0 B) host-local and 0 (0.0 B) push-merged-local and 0 (0.0 B) remote blocks
[2026-01-29T19:57:41.270+0530] {subprocess.py:106} INFO - 26/01/29 19:57:41 INFO ShuffleBlockFetcherIterator: Started 0 remote fetches in 1 ms
[2026-01-29T19:57:41.298+0530] {subprocess.py:106} INFO - 26/01/29 19:57:41 INFO CodeGenerator: Code generated in 27.250216 ms
[2026-01-29T19:57:41.356+0530] {subprocess.py:106} INFO - 26/01/29 19:57:41 INFO Executor: Finished task 0.0 in stage 11.0 (TID 12). 192303 bytes result sent to driver
[2026-01-29T19:57:41.360+0530] {subprocess.py:106} INFO - 26/01/29 19:57:41 INFO TaskSetManager: Finished task 0.0 in stage 11.0 (TID 12) in 98 ms on Aishwarya92848DBDA (executor driver) (1/1)
[2026-01-29T19:57:41.360+0530] {subprocess.py:106} INFO - 26/01/29 19:57:41 INFO TaskSchedulerImpl: Removed TaskSet 11.0, whose tasks have all completed, from pool
[2026-01-29T19:57:41.361+0530] {subprocess.py:106} INFO - 26/01/29 19:57:41 INFO DAGScheduler: ResultStage 11 (parquet at NativeMethodAccessorImpl.java:0) finished in 0.109 s
[2026-01-29T19:57:41.362+0530] {subprocess.py:106} INFO - 26/01/29 19:57:41 INFO DAGScheduler: Job 6 is finished. Cancelling potential speculative or zombie tasks for this job
[2026-01-29T19:57:41.362+0530] {subprocess.py:106} INFO - 26/01/29 19:57:41 INFO TaskSchedulerImpl: Killing all running tasks in stage 11: Stage finished
[2026-01-29T19:57:41.362+0530] {subprocess.py:106} INFO - 26/01/29 19:57:41 INFO DAGScheduler: Job 6 finished: parquet at NativeMethodAccessorImpl.java:0, took 0.120586 s
[2026-01-29T19:57:41.376+0530] {subprocess.py:106} INFO - 26/01/29 19:57:41 INFO DAGScheduler: Registering RDD 24 (parquet at NativeMethodAccessorImpl.java:0) as input to shuffle 3
[2026-01-29T19:57:41.377+0530] {subprocess.py:106} INFO - 26/01/29 19:57:41 INFO DAGScheduler: Got map stage job 7 (parquet at NativeMethodAccessorImpl.java:0) with 1 output partitions
[2026-01-29T19:57:41.377+0530] {subprocess.py:106} INFO - 26/01/29 19:57:41 INFO DAGScheduler: Final stage: ShuffleMapStage 13 (parquet at NativeMethodAccessorImpl.java:0)
[2026-01-29T19:57:41.377+0530] {subprocess.py:106} INFO - 26/01/29 19:57:41 INFO DAGScheduler: Parents of final stage: List(ShuffleMapStage 12)
[2026-01-29T19:57:41.378+0530] {subprocess.py:106} INFO - 26/01/29 19:57:41 INFO DAGScheduler: Missing parents: List()
[2026-01-29T19:57:41.379+0530] {subprocess.py:106} INFO - 26/01/29 19:57:41 INFO DAGScheduler: Submitting ShuffleMapStage 13 (MapPartitionsRDD[24] at parquet at NativeMethodAccessorImpl.java:0), which has no missing parents
[2026-01-29T19:57:41.387+0530] {subprocess.py:106} INFO - 26/01/29 19:57:41 INFO MemoryStore: Block broadcast_9 stored as values in memory (estimated size 96.8 KiB, free 365.6 MiB)
[2026-01-29T19:57:41.389+0530] {subprocess.py:106} INFO - 26/01/29 19:57:41 INFO MemoryStore: Block broadcast_9_piece0 stored as bytes in memory (estimated size 33.7 KiB, free 365.6 MiB)
[2026-01-29T19:57:41.390+0530] {subprocess.py:106} INFO - 26/01/29 19:57:41 INFO BlockManagerInfo: Added broadcast_9_piece0 in memory on Aishwarya92848DBDA:39943 (size: 33.7 KiB, free: 366.2 MiB)
[2026-01-29T19:57:41.391+0530] {subprocess.py:106} INFO - 26/01/29 19:57:41 INFO SparkContext: Created broadcast 9 from broadcast at DAGScheduler.scala:1585
[2026-01-29T19:57:41.391+0530] {subprocess.py:106} INFO - 26/01/29 19:57:41 INFO DAGScheduler: Submitting 1 missing tasks from ShuffleMapStage 13 (MapPartitionsRDD[24] at parquet at NativeMethodAccessorImpl.java:0) (first 15 tasks are for partitions Vector(0))
[2026-01-29T19:57:41.392+0530] {subprocess.py:106} INFO - 26/01/29 19:57:41 INFO TaskSchedulerImpl: Adding task set 13.0 with 1 tasks resource profile 0
[2026-01-29T19:57:41.393+0530] {subprocess.py:106} INFO - 26/01/29 19:57:41 INFO TaskSetManager: Starting task 0.0 in stage 13.0 (TID 13) (Aishwarya92848DBDA, executor driver, partition 0, NODE_LOCAL, 7604 bytes)
[2026-01-29T19:57:41.394+0530] {subprocess.py:106} INFO - 26/01/29 19:57:41 INFO Executor: Running task 0.0 in stage 13.0 (TID 13)
[2026-01-29T19:57:41.405+0530] {subprocess.py:106} INFO - 26/01/29 19:57:41 INFO CodeGenerator: Code generated in 5.586307 ms
[2026-01-29T19:57:41.409+0530] {subprocess.py:106} INFO - 26/01/29 19:57:41 INFO ShuffleBlockFetcherIterator: Getting 4 (296.9 KiB) non-empty blocks including 4 (296.9 KiB) local and 0 (0.0 B) host-local and 0 (0.0 B) push-merged-local and 0 (0.0 B) remote blocks
[2026-01-29T19:57:41.409+0530] {subprocess.py:106} INFO - 26/01/29 19:57:41 INFO ShuffleBlockFetcherIterator: Started 0 remote fetches in 1 ms
[2026-01-29T19:57:41.480+0530] {subprocess.py:106} INFO - 26/01/29 19:57:41 INFO Executor: Finished task 0.0 in stage 13.0 (TID 13). 5675 bytes result sent to driver
[2026-01-29T19:57:41.481+0530] {subprocess.py:106} INFO - 26/01/29 19:57:41 INFO TaskSetManager: Finished task 0.0 in stage 13.0 (TID 13) in 87 ms on Aishwarya92848DBDA (executor driver) (1/1)
[2026-01-29T19:57:41.481+0530] {subprocess.py:106} INFO - 26/01/29 19:57:41 INFO TaskSchedulerImpl: Removed TaskSet 13.0, whose tasks have all completed, from pool
[2026-01-29T19:57:41.482+0530] {subprocess.py:106} INFO - 26/01/29 19:57:41 INFO DAGScheduler: ShuffleMapStage 13 (parquet at NativeMethodAccessorImpl.java:0) finished in 0.099 s
[2026-01-29T19:57:41.483+0530] {subprocess.py:106} INFO - 26/01/29 19:57:41 INFO DAGScheduler: looking for newly runnable stages
[2026-01-29T19:57:41.483+0530] {subprocess.py:106} INFO - 26/01/29 19:57:41 INFO DAGScheduler: running: Set()
[2026-01-29T19:57:41.484+0530] {subprocess.py:106} INFO - 26/01/29 19:57:41 INFO DAGScheduler: waiting: Set()
[2026-01-29T19:57:41.484+0530] {subprocess.py:106} INFO - 26/01/29 19:57:41 INFO DAGScheduler: failed: Set()
[2026-01-29T19:57:41.487+0530] {subprocess.py:106} INFO - 26/01/29 19:57:41 INFO ShufflePartitionsUtil: For shuffle(3), advisory target size: 67108864, actual target size 1048576, minimum partition size: 1048576
[2026-01-29T19:57:41.508+0530] {subprocess.py:106} INFO - 26/01/29 19:57:41 INFO ParquetUtils: Using default output committer for Parquet: org.apache.parquet.hadoop.ParquetOutputCommitter
[2026-01-29T19:57:41.511+0530] {subprocess.py:106} INFO - 26/01/29 19:57:41 INFO FileOutputCommitter: File Output Committer Algorithm version is 1
[2026-01-29T19:57:41.512+0530] {subprocess.py:106} INFO - 26/01/29 19:57:41 INFO FileOutputCommitter: FileOutputCommitter skip cleanup _temporary folders under output directory:false, ignore cleanup failures: false
[2026-01-29T19:57:41.512+0530] {subprocess.py:106} INFO - 26/01/29 19:57:41 INFO SQLHadoopMapReduceCommitProtocol: Using user defined output committer class org.apache.parquet.hadoop.ParquetOutputCommitter
[2026-01-29T19:57:41.512+0530] {subprocess.py:106} INFO - 26/01/29 19:57:41 INFO FileOutputCommitter: File Output Committer Algorithm version is 1
[2026-01-29T19:57:41.513+0530] {subprocess.py:106} INFO - 26/01/29 19:57:41 INFO FileOutputCommitter: FileOutputCommitter skip cleanup _temporary folders under output directory:false, ignore cleanup failures: false
[2026-01-29T19:57:41.513+0530] {subprocess.py:106} INFO - 26/01/29 19:57:41 INFO SQLHadoopMapReduceCommitProtocol: Using output committer class org.apache.parquet.hadoop.ParquetOutputCommitter
[2026-01-29T19:57:41.532+0530] {subprocess.py:106} INFO - 26/01/29 19:57:41 INFO SparkContext: Starting job: parquet at NativeMethodAccessorImpl.java:0
[2026-01-29T19:57:41.534+0530] {subprocess.py:106} INFO - 26/01/29 19:57:41 INFO DAGScheduler: Got job 8 (parquet at NativeMethodAccessorImpl.java:0) with 1 output partitions
[2026-01-29T19:57:41.534+0530] {subprocess.py:106} INFO - 26/01/29 19:57:41 INFO DAGScheduler: Final stage: ResultStage 16 (parquet at NativeMethodAccessorImpl.java:0)
[2026-01-29T19:57:41.534+0530] {subprocess.py:106} INFO - 26/01/29 19:57:41 INFO DAGScheduler: Parents of final stage: List(ShuffleMapStage 15)
[2026-01-29T19:57:41.535+0530] {subprocess.py:106} INFO - 26/01/29 19:57:41 INFO DAGScheduler: Missing parents: List()
[2026-01-29T19:57:41.535+0530] {subprocess.py:106} INFO - 26/01/29 19:57:41 INFO DAGScheduler: Submitting ResultStage 16 (MapPartitionsRDD[27] at parquet at NativeMethodAccessorImpl.java:0), which has no missing parents
[2026-01-29T19:57:41.558+0530] {subprocess.py:106} INFO - 26/01/29 19:57:41 INFO MemoryStore: Block broadcast_10 stored as values in memory (estimated size 263.4 KiB, free 365.3 MiB)
[2026-01-29T19:57:41.561+0530] {subprocess.py:106} INFO - 26/01/29 19:57:41 INFO MemoryStore: Block broadcast_10_piece0 stored as bytes in memory (estimated size 95.9 KiB, free 365.2 MiB)
[2026-01-29T19:57:41.562+0530] {subprocess.py:106} INFO - 26/01/29 19:57:41 INFO BlockManagerInfo: Added broadcast_10_piece0 in memory on Aishwarya92848DBDA:39943 (size: 95.9 KiB, free: 366.1 MiB)
[2026-01-29T19:57:41.562+0530] {subprocess.py:106} INFO - 26/01/29 19:57:41 INFO SparkContext: Created broadcast 10 from broadcast at DAGScheduler.scala:1585
[2026-01-29T19:57:41.563+0530] {subprocess.py:106} INFO - 26/01/29 19:57:41 INFO DAGScheduler: Submitting 1 missing tasks from ResultStage 16 (MapPartitionsRDD[27] at parquet at NativeMethodAccessorImpl.java:0) (first 15 tasks are for partitions Vector(0))
[2026-01-29T19:57:41.563+0530] {subprocess.py:106} INFO - 26/01/29 19:57:41 INFO TaskSchedulerImpl: Adding task set 16.0 with 1 tasks resource profile 0
[2026-01-29T19:57:41.565+0530] {subprocess.py:106} INFO - 26/01/29 19:57:41 INFO TaskSetManager: Starting task 0.0 in stage 16.0 (TID 14) (Aishwarya92848DBDA, executor driver, partition 0, NODE_LOCAL, 7615 bytes)
[2026-01-29T19:57:41.566+0530] {subprocess.py:106} INFO - 26/01/29 19:57:41 INFO Executor: Running task 0.0 in stage 16.0 (TID 14)
[2026-01-29T19:57:41.583+0530] {subprocess.py:106} INFO - 26/01/29 19:57:41 INFO ShuffleBlockFetcherIterator: Getting 1 (172.5 KiB) non-empty blocks including 1 (172.5 KiB) local and 0 (0.0 B) host-local and 0 (0.0 B) push-merged-local and 0 (0.0 B) remote blocks
[2026-01-29T19:57:41.584+0530] {subprocess.py:106} INFO - 26/01/29 19:57:41 INFO ShuffleBlockFetcherIterator: Started 0 remote fetches in 0 ms
[2026-01-29T19:57:41.589+0530] {subprocess.py:106} INFO - 26/01/29 19:57:41 INFO FileOutputCommitter: File Output Committer Algorithm version is 1
[2026-01-29T19:57:41.590+0530] {subprocess.py:106} INFO - 26/01/29 19:57:41 INFO FileOutputCommitter: FileOutputCommitter skip cleanup _temporary folders under output directory:false, ignore cleanup failures: false
[2026-01-29T19:57:41.590+0530] {subprocess.py:106} INFO - 26/01/29 19:57:41 INFO SQLHadoopMapReduceCommitProtocol: Using user defined output committer class org.apache.parquet.hadoop.ParquetOutputCommitter
[2026-01-29T19:57:41.590+0530] {subprocess.py:106} INFO - 26/01/29 19:57:41 INFO FileOutputCommitter: File Output Committer Algorithm version is 1
[2026-01-29T19:57:41.590+0530] {subprocess.py:106} INFO - 26/01/29 19:57:41 INFO FileOutputCommitter: FileOutputCommitter skip cleanup _temporary folders under output directory:false, ignore cleanup failures: false
[2026-01-29T19:57:41.591+0530] {subprocess.py:106} INFO - 26/01/29 19:57:41 INFO SQLHadoopMapReduceCommitProtocol: Using output committer class org.apache.parquet.hadoop.ParquetOutputCommitter
[2026-01-29T19:57:41.591+0530] {subprocess.py:106} INFO - 26/01/29 19:57:41 INFO CodecConfig: Compression: SNAPPY
[2026-01-29T19:57:41.591+0530] {subprocess.py:106} INFO - 26/01/29 19:57:41 INFO CodecConfig: Compression: SNAPPY
[2026-01-29T19:57:41.592+0530] {subprocess.py:106} INFO - 26/01/29 19:57:41 INFO ParquetOutputFormat: ParquetRecordWriter [block size: 134217728b, row group padding size: 8388608b, validating: false]
[2026-01-29T19:57:41.594+0530] {subprocess.py:106} INFO - 26/01/29 19:57:41 INFO ParquetWriteSupport: Initialized Parquet WriteSupport with Catalyst schema:
[2026-01-29T19:57:41.595+0530] {subprocess.py:106} INFO - {
[2026-01-29T19:57:41.595+0530] {subprocess.py:106} INFO -   "type" : "struct",
[2026-01-29T19:57:41.595+0530] {subprocess.py:106} INFO -   "fields" : [ {
[2026-01-29T19:57:41.596+0530] {subprocess.py:106} INFO -     "name" : "city",
[2026-01-29T19:57:41.596+0530] {subprocess.py:106} INFO -     "type" : "string",
[2026-01-29T19:57:41.596+0530] {subprocess.py:106} INFO -     "nullable" : true,
[2026-01-29T19:57:41.596+0530] {subprocess.py:106} INFO -     "metadata" : { }
[2026-01-29T19:57:41.596+0530] {subprocess.py:106} INFO -   }, {
[2026-01-29T19:57:41.596+0530] {subprocess.py:106} INFO -     "name" : "year",
[2026-01-29T19:57:41.597+0530] {subprocess.py:106} INFO -     "type" : "integer",
[2026-01-29T19:57:41.597+0530] {subprocess.py:106} INFO -     "nullable" : true,
[2026-01-29T19:57:41.597+0530] {subprocess.py:106} INFO -     "metadata" : { }
[2026-01-29T19:57:41.597+0530] {subprocess.py:106} INFO -   }, {
[2026-01-29T19:57:41.597+0530] {subprocess.py:106} INFO -     "name" : "month",
[2026-01-29T19:57:41.598+0530] {subprocess.py:106} INFO -     "type" : "integer",
[2026-01-29T19:57:41.598+0530] {subprocess.py:106} INFO -     "nullable" : true,
[2026-01-29T19:57:41.598+0530] {subprocess.py:106} INFO -     "metadata" : { }
[2026-01-29T19:57:41.598+0530] {subprocess.py:106} INFO -   }, {
[2026-01-29T19:57:41.598+0530] {subprocess.py:106} INFO -     "name" : "avg_max_temp",
[2026-01-29T19:57:41.598+0530] {subprocess.py:106} INFO -     "type" : "double",
[2026-01-29T19:57:41.599+0530] {subprocess.py:106} INFO -     "nullable" : true,
[2026-01-29T19:57:41.599+0530] {subprocess.py:106} INFO -     "metadata" : { }
[2026-01-29T19:57:41.599+0530] {subprocess.py:106} INFO -   }, {
[2026-01-29T19:57:41.599+0530] {subprocess.py:106} INFO -     "name" : "avg_min_temp",
[2026-01-29T19:57:41.599+0530] {subprocess.py:106} INFO -     "type" : "double",
[2026-01-29T19:57:41.599+0530] {subprocess.py:106} INFO -     "nullable" : true,
[2026-01-29T19:57:41.600+0530] {subprocess.py:106} INFO -     "metadata" : { }
[2026-01-29T19:57:41.600+0530] {subprocess.py:106} INFO -   }, {
[2026-01-29T19:57:41.600+0530] {subprocess.py:106} INFO -     "name" : "highest_temp",
[2026-01-29T19:57:41.600+0530] {subprocess.py:106} INFO -     "type" : "double",
[2026-01-29T19:57:41.601+0530] {subprocess.py:106} INFO -     "nullable" : true,
[2026-01-29T19:57:41.601+0530] {subprocess.py:106} INFO -     "metadata" : { }
[2026-01-29T19:57:41.601+0530] {subprocess.py:106} INFO -   }, {
[2026-01-29T19:57:41.601+0530] {subprocess.py:106} INFO -     "name" : "lowest_temp",
[2026-01-29T19:57:41.601+0530] {subprocess.py:106} INFO -     "type" : "double",
[2026-01-29T19:57:41.602+0530] {subprocess.py:106} INFO -     "nullable" : true,
[2026-01-29T19:57:41.602+0530] {subprocess.py:106} INFO -     "metadata" : { }
[2026-01-29T19:57:41.602+0530] {subprocess.py:106} INFO -   }, {
[2026-01-29T19:57:41.602+0530] {subprocess.py:106} INFO -     "name" : "temp_range",
[2026-01-29T19:57:41.602+0530] {subprocess.py:106} INFO -     "type" : "double",
[2026-01-29T19:57:41.602+0530] {subprocess.py:106} INFO -     "nullable" : true,
[2026-01-29T19:57:41.603+0530] {subprocess.py:106} INFO -     "metadata" : { }
[2026-01-29T19:57:41.603+0530] {subprocess.py:106} INFO -   }, {
[2026-01-29T19:57:41.603+0530] {subprocess.py:106} INFO -     "name" : "heat_stress_type",
[2026-01-29T19:57:41.603+0530] {subprocess.py:106} INFO -     "type" : "string",
[2026-01-29T19:57:41.603+0530] {subprocess.py:106} INFO -     "nullable" : false,
[2026-01-29T19:57:41.604+0530] {subprocess.py:106} INFO -     "metadata" : { }
[2026-01-29T19:57:41.604+0530] {subprocess.py:106} INFO -   }, {
[2026-01-29T19:57:41.604+0530] {subprocess.py:106} INFO -     "name" : "monthly_rainfall",
[2026-01-29T19:57:41.604+0530] {subprocess.py:106} INFO -     "type" : "double",
[2026-01-29T19:57:41.604+0530] {subprocess.py:106} INFO -     "nullable" : true,
[2026-01-29T19:57:41.605+0530] {subprocess.py:106} INFO -     "metadata" : { }
[2026-01-29T19:57:41.605+0530] {subprocess.py:106} INFO -   }, {
[2026-01-29T19:57:41.605+0530] {subprocess.py:106} INFO -     "name" : "max_wind_gust",
[2026-01-29T19:57:41.605+0530] {subprocess.py:106} INFO -     "type" : "double",
[2026-01-29T19:57:41.606+0530] {subprocess.py:106} INFO -     "nullable" : true,
[2026-01-29T19:57:41.606+0530] {subprocess.py:106} INFO -     "metadata" : { }
[2026-01-29T19:57:41.606+0530] {subprocess.py:106} INFO -   } ]
[2026-01-29T19:57:41.606+0530] {subprocess.py:106} INFO - }
[2026-01-29T19:57:41.607+0530] {subprocess.py:106} INFO - and corresponding Parquet message type:
[2026-01-29T19:57:41.607+0530] {subprocess.py:106} INFO - message spark_schema {
[2026-01-29T19:57:41.607+0530] {subprocess.py:106} INFO -   optional binary city (STRING);
[2026-01-29T19:57:41.607+0530] {subprocess.py:106} INFO -   optional int32 year;
[2026-01-29T19:57:41.607+0530] {subprocess.py:106} INFO -   optional int32 month;
[2026-01-29T19:57:41.607+0530] {subprocess.py:106} INFO -   optional double avg_max_temp;
[2026-01-29T19:57:41.608+0530] {subprocess.py:106} INFO -   optional double avg_min_temp;
[2026-01-29T19:57:41.608+0530] {subprocess.py:106} INFO -   optional double highest_temp;
[2026-01-29T19:57:41.608+0530] {subprocess.py:106} INFO -   optional double lowest_temp;
[2026-01-29T19:57:41.608+0530] {subprocess.py:106} INFO -   optional double temp_range;
[2026-01-29T19:57:41.608+0530] {subprocess.py:106} INFO -   required binary heat_stress_type (STRING);
[2026-01-29T19:57:41.609+0530] {subprocess.py:106} INFO -   optional double monthly_rainfall;
[2026-01-29T19:57:41.609+0530] {subprocess.py:106} INFO -   optional double max_wind_gust;
[2026-01-29T19:57:41.609+0530] {subprocess.py:106} INFO - }
[2026-01-29T19:57:41.609+0530] {subprocess.py:106} INFO - 
[2026-01-29T19:57:41.609+0530] {subprocess.py:106} INFO - 
[2026-01-29T19:57:41.674+0530] {local_task_job_runner.py:245} INFO - ::endgroup::
[2026-01-29T19:57:41.685+0530] {subprocess.py:106} INFO - 26/01/29 19:57:41 INFO FileOutputCommitter: Saved output of task 'attempt_202601291957418196186279614857591_0016_m_000000_14' to hdfs://localhost:9000/weather/analytics/city_summary_monthly/_temporary/0/task_202601291957418196186279614857591_0016_m_000000
[2026-01-29T19:57:41.686+0530] {subprocess.py:106} INFO - 26/01/29 19:57:41 INFO SparkHadoopMapRedUtil: attempt_202601291957418196186279614857591_0016_m_000000_14: Committed. Elapsed time: 4 ms.
[2026-01-29T19:57:41.687+0530] {subprocess.py:106} INFO - 26/01/29 19:57:41 INFO Executor: Finished task 0.0 in stage 16.0 (TID 14). 7771 bytes result sent to driver
[2026-01-29T19:57:41.689+0530] {process_utils.py:132} INFO - Sending 15 to group 104787. PIDs of all processes in the group: [104790, 104791, 104845, 104787]
[2026-01-29T19:57:41.689+0530] {subprocess.py:106} INFO - 26/01/29 19:57:41 INFO TaskSetManager: Finished task 0.0 in stage 16.0 (TID 14) in 125 ms on Aishwarya92848DBDA (executor driver) (1/1)
[2026-01-29T19:57:41.690+0530] {process_utils.py:87} INFO - Sending the signal 15 to group 104787
[2026-01-29T19:57:41.690+0530] {taskinstance.py:3117} ERROR - Received SIGTERM. Terminating subprocesses.
[2026-01-29T19:57:41.695+0530] {taskinstance.py:3118} ERROR - Stacktrace: 
  File "/home/hp/Desktop/Bigdata_project/BigData-Project/airflow-venv/bin/airflow", line 8, in <module>
    sys.exit(main())
  File "/home/hp/Desktop/Bigdata_project/BigData-Project/airflow-venv/lib/python3.10/site-packages/airflow/__main__.py", line 62, in main
    args.func(args)
  File "/home/hp/Desktop/Bigdata_project/BigData-Project/airflow-venv/lib/python3.10/site-packages/airflow/cli/cli_config.py", line 49, in command
    return func(*args, **kwargs)
  File "/home/hp/Desktop/Bigdata_project/BigData-Project/airflow-venv/lib/python3.10/site-packages/airflow/utils/cli.py", line 116, in wrapper
    return f(*args, **kwargs)
  File "/home/hp/Desktop/Bigdata_project/BigData-Project/airflow-venv/lib/python3.10/site-packages/airflow/cli/commands/task_command.py", line 483, in task_run
    task_return_code = _run_task_by_selected_method(args, _dag, ti)
  File "/home/hp/Desktop/Bigdata_project/BigData-Project/airflow-venv/lib/python3.10/site-packages/airflow/cli/commands/task_command.py", line 254, in _run_task_by_selected_method
    return _run_task_by_local_task_job(args, ti)
  File "/home/hp/Desktop/Bigdata_project/BigData-Project/airflow-venv/lib/python3.10/site-packages/airflow/cli/commands/task_command.py", line 322, in _run_task_by_local_task_job
    ret = run_job(job=job_runner.job, execute_callable=job_runner._execute)
  File "/home/hp/Desktop/Bigdata_project/BigData-Project/airflow-venv/lib/python3.10/site-packages/airflow/utils/session.py", line 97, in wrapper
    return func(*args, session=session, **kwargs)
  File "/home/hp/Desktop/Bigdata_project/BigData-Project/airflow-venv/lib/python3.10/site-packages/airflow/jobs/job.py", line 421, in run_job
    return execute_job(job, execute_callable=execute_callable)
  File "/home/hp/Desktop/Bigdata_project/BigData-Project/airflow-venv/lib/python3.10/site-packages/airflow/jobs/job.py", line 450, in execute_job
    ret = execute_callable()
  File "/home/hp/Desktop/Bigdata_project/BigData-Project/airflow-venv/lib/python3.10/site-packages/airflow/jobs/local_task_job_runner.py", line 171, in _execute
    self.task_runner.start()
  File "/home/hp/Desktop/Bigdata_project/BigData-Project/airflow-venv/lib/python3.10/site-packages/airflow/task/task_runner/standard_task_runner.py", line 55, in start
    self.process = self._start_by_fork()
  File "/home/hp/Desktop/Bigdata_project/BigData-Project/airflow-venv/lib/python3.10/site-packages/airflow/task/task_runner/standard_task_runner.py", line 117, in _start_by_fork
    ret = args.func(args, dag=self.dag)
  File "/home/hp/Desktop/Bigdata_project/BigData-Project/airflow-venv/lib/python3.10/site-packages/airflow/cli/cli_config.py", line 49, in command
    return func(*args, **kwargs)
  File "/home/hp/Desktop/Bigdata_project/BigData-Project/airflow-venv/lib/python3.10/site-packages/airflow/utils/cli.py", line 116, in wrapper
    return f(*args, **kwargs)
  File "/home/hp/Desktop/Bigdata_project/BigData-Project/airflow-venv/lib/python3.10/site-packages/airflow/cli/commands/task_command.py", line 483, in task_run
    task_return_code = _run_task_by_selected_method(args, _dag, ti)
  File "/home/hp/Desktop/Bigdata_project/BigData-Project/airflow-venv/lib/python3.10/site-packages/airflow/cli/commands/task_command.py", line 256, in _run_task_by_selected_method
    return _run_raw_task(args, ti)
  File "/home/hp/Desktop/Bigdata_project/BigData-Project/airflow-venv/lib/python3.10/site-packages/airflow/cli/commands/task_command.py", line 341, in _run_raw_task
    return ti._run_raw_task(
  File "/home/hp/Desktop/Bigdata_project/BigData-Project/airflow-venv/lib/python3.10/site-packages/airflow/utils/session.py", line 97, in wrapper
    return func(*args, session=session, **kwargs)
  File "/home/hp/Desktop/Bigdata_project/BigData-Project/airflow-venv/lib/python3.10/site-packages/airflow/models/taskinstance.py", line 3029, in _run_raw_task
    return _run_raw_task(
  File "/home/hp/Desktop/Bigdata_project/BigData-Project/airflow-venv/lib/python3.10/site-packages/airflow/models/taskinstance.py", line 282, in _run_raw_task
    TaskInstance._execute_task_with_callbacks(
  File "/home/hp/Desktop/Bigdata_project/BigData-Project/airflow-venv/lib/python3.10/site-packages/airflow/models/taskinstance.py", line 3184, in _execute_task_with_callbacks
    result = self._execute_task(context, task_orig)
  File "/home/hp/Desktop/Bigdata_project/BigData-Project/airflow-venv/lib/python3.10/site-packages/airflow/models/taskinstance.py", line 3208, in _execute_task
    return _execute_task(self, context, task_orig)
  File "/home/hp/Desktop/Bigdata_project/BigData-Project/airflow-venv/lib/python3.10/site-packages/airflow/models/taskinstance.py", line 776, in _execute_task
    result = _execute_callable(context=context, **execute_callable_kwargs)
  File "/home/hp/Desktop/Bigdata_project/BigData-Project/airflow-venv/lib/python3.10/site-packages/airflow/models/taskinstance.py", line 742, in _execute_callable
    return ExecutionCallableRunner(
  File "/home/hp/Desktop/Bigdata_project/BigData-Project/airflow-venv/lib/python3.10/site-packages/airflow/utils/operator_helpers.py", line 252, in run
    return self.func(*args, **kwargs)
  File "/home/hp/Desktop/Bigdata_project/BigData-Project/airflow-venv/lib/python3.10/site-packages/airflow/models/baseoperator.py", line 424, in wrapper
    return func(self, *args, **kwargs)
  File "/home/hp/Desktop/Bigdata_project/BigData-Project/airflow-venv/lib/python3.10/site-packages/airflow/operators/bash.py", line 257, in execute
    result = self._run_inline_command(bash_path=bash_path, env=env)
  File "/home/hp/Desktop/Bigdata_project/BigData-Project/airflow-venv/lib/python3.10/site-packages/airflow/operators/bash.py", line 284, in _run_inline_command
    return self.subprocess_hook.run_command(
  File "/home/hp/Desktop/Bigdata_project/BigData-Project/airflow-venv/lib/python3.10/site-packages/airflow/hooks/subprocess.py", line 106, in run_command
    self.log.info("%s", line)
  File "/usr/lib/python3.10/logging/__init__.py", line 1477, in info
    self._log(INFO, msg, args, **kwargs)
  File "/usr/lib/python3.10/logging/__init__.py", line 1624, in _log
    self.handle(record)
  File "/usr/lib/python3.10/logging/__init__.py", line 1634, in handle
    self.callHandlers(record)
  File "/usr/lib/python3.10/logging/__init__.py", line 1696, in callHandlers
    hdlr.handle(record)
  File "/usr/lib/python3.10/logging/__init__.py", line 964, in handle
    rv = self.filter(record)
  File "/usr/lib/python3.10/logging/__init__.py", line 821, in filter
    result = f.filter(record)
  File "/home/hp/Desktop/Bigdata_project/BigData-Project/airflow-venv/lib/python3.10/site-packages/airflow/utils/log/secrets_masker.py", line 211, in filter
    record.__dict__[k] = self.redact(v)
  File "/home/hp/Desktop/Bigdata_project/BigData-Project/airflow-venv/lib/python3.10/site-packages/airflow/utils/log/secrets_masker.py", line 300, in redact
    return self._redact(item, name, depth=0, max_depth=max_depth or self.MAX_RECURSION_DEPTH)
  File "/home/hp/Desktop/Bigdata_project/BigData-Project/airflow-venv/lib/python3.10/site-packages/airflow/utils/log/secrets_masker.py", line 265, in _redact
    return self.replacer.sub("***", str(item))
  File "/home/hp/Desktop/Bigdata_project/BigData-Project/airflow-venv/lib/python3.10/site-packages/re2/__init__.py", line 292, in sub
    joined_pieces, _ = self.subn(repl, text, count)
  File "/home/hp/Desktop/Bigdata_project/BigData-Project/airflow-venv/lib/python3.10/site-packages/re2/__init__.py", line 284, in subn
    def subn(self, repl, text, count=0):
  File "/home/hp/Desktop/Bigdata_project/BigData-Project/airflow-venv/lib/python3.10/site-packages/airflow/models/taskinstance.py", line 3118, in signal_handler
    self.log.error("Stacktrace: \n%s", "".join(traceback.format_stack()))

[2026-01-29T19:57:41.696+0530] {subprocess.py:117} INFO - Sending SIGTERM signal to process group
[2026-01-29T19:57:41.706+0530] {taskinstance.py:3336} ERROR - Task failed with exception
Traceback (most recent call last):
  File "/home/hp/Desktop/Bigdata_project/BigData-Project/airflow-venv/lib/python3.10/site-packages/airflow/models/taskinstance.py", line 776, in _execute_task
    result = _execute_callable(context=context, **execute_callable_kwargs)
  File "/home/hp/Desktop/Bigdata_project/BigData-Project/airflow-venv/lib/python3.10/site-packages/airflow/models/taskinstance.py", line 742, in _execute_callable
    return ExecutionCallableRunner(
  File "/home/hp/Desktop/Bigdata_project/BigData-Project/airflow-venv/lib/python3.10/site-packages/airflow/utils/operator_helpers.py", line 252, in run
    return self.func(*args, **kwargs)
  File "/home/hp/Desktop/Bigdata_project/BigData-Project/airflow-venv/lib/python3.10/site-packages/airflow/models/baseoperator.py", line 424, in wrapper
    return func(self, *args, **kwargs)
  File "/home/hp/Desktop/Bigdata_project/BigData-Project/airflow-venv/lib/python3.10/site-packages/airflow/operators/bash.py", line 257, in execute
    result = self._run_inline_command(bash_path=bash_path, env=env)
  File "/home/hp/Desktop/Bigdata_project/BigData-Project/airflow-venv/lib/python3.10/site-packages/airflow/operators/bash.py", line 284, in _run_inline_command
    return self.subprocess_hook.run_command(
  File "/home/hp/Desktop/Bigdata_project/BigData-Project/airflow-venv/lib/python3.10/site-packages/airflow/hooks/subprocess.py", line 106, in run_command
    self.log.info("%s", line)
  File "/usr/lib/python3.10/logging/__init__.py", line 1477, in info
    self._log(INFO, msg, args, **kwargs)
  File "/usr/lib/python3.10/logging/__init__.py", line 1624, in _log
    self.handle(record)
  File "/usr/lib/python3.10/logging/__init__.py", line 1634, in handle
    self.callHandlers(record)
  File "/usr/lib/python3.10/logging/__init__.py", line 1696, in callHandlers
    hdlr.handle(record)
  File "/usr/lib/python3.10/logging/__init__.py", line 964, in handle
    rv = self.filter(record)
  File "/usr/lib/python3.10/logging/__init__.py", line 821, in filter
    result = f.filter(record)
  File "/home/hp/Desktop/Bigdata_project/BigData-Project/airflow-venv/lib/python3.10/site-packages/airflow/utils/log/secrets_masker.py", line 211, in filter
    record.__dict__[k] = self.redact(v)
  File "/home/hp/Desktop/Bigdata_project/BigData-Project/airflow-venv/lib/python3.10/site-packages/airflow/utils/log/secrets_masker.py", line 300, in redact
    return self._redact(item, name, depth=0, max_depth=max_depth or self.MAX_RECURSION_DEPTH)
  File "/home/hp/Desktop/Bigdata_project/BigData-Project/airflow-venv/lib/python3.10/site-packages/airflow/utils/log/secrets_masker.py", line 265, in _redact
    return self.replacer.sub("***", str(item))
  File "/home/hp/Desktop/Bigdata_project/BigData-Project/airflow-venv/lib/python3.10/site-packages/re2/__init__.py", line 292, in sub
    joined_pieces, _ = self.subn(repl, text, count)
  File "/home/hp/Desktop/Bigdata_project/BigData-Project/airflow-venv/lib/python3.10/site-packages/re2/__init__.py", line 284, in subn
    def subn(self, repl, text, count=0):
  File "/home/hp/Desktop/Bigdata_project/BigData-Project/airflow-venv/lib/python3.10/site-packages/airflow/models/taskinstance.py", line 3120, in signal_handler
    raise AirflowTaskTerminated("Task received SIGTERM signal")
airflow.exceptions.AirflowTaskTerminated: Task received SIGTERM signal
[2026-01-29T19:57:41.713+0530] {taskinstance.py:1242} INFO - Marking task as UP_FOR_RETRY. dag_id=weather_system_pipeline_final_new, task_id=analyze_weather_data, run_id=scheduled__2026-01-11T00:00:00+00:00, execution_date=20260111T000000, start_date=20260129T142729, end_date=20260129T142741
[2026-01-29T19:57:41.737+0530] {taskinstance.py:349} INFO - ::group::Post task execution logs
[2026-01-29T19:57:41.782+0530] {process_utils.py:80} INFO - Process psutil.Process(pid=104787, status='terminated', exitcode=2, started='19:57:28') (104787) terminated with exit code 2
[2026-01-29T19:57:41.783+0530] {process_utils.py:80} INFO - Process psutil.Process(pid=104790, status='terminated', started='19:57:29') (104790) terminated with exit code None
[2026-01-29T19:57:41.783+0530] {process_utils.py:80} INFO - Process psutil.Process(pid=104845, status='terminated', started='19:57:30') (104845) terminated with exit code None
[2026-01-29T19:57:41.916+0530] {process_utils.py:80} INFO - Process psutil.Process(pid=104791, status='terminated', started='19:57:29') (104791) terminated with exit code None
[2026-01-29T19:57:48.572+0530] {local_task_job_runner.py:123} INFO - ::group::Pre task execution logs
[2026-01-29T19:57:48.579+0530] {taskinstance.py:2621} INFO - Dependencies not met for <TaskInstance: weather_system_pipeline_final_new.analyze_weather_data scheduled__2026-01-11T00:00:00+00:00 [up_for_retry]>, dependency 'Not In Retry Period' FAILED: Task is not ready for retry yet but will be retried automatically. Current date is 2026-01-29T14:27:48.578961+00:00 and task will be retried at 2026-01-29T14:28:41.713343+00:00.
[2026-01-29T19:57:48.586+0530] {local_task_job_runner.py:166} INFO - Task is not able to be run
