[2026-01-29T15:55:21.508+0530] {processor.py:186} INFO - Started process (PID=28245) to work on /home/hp/Desktop/Bigdata_project/BigData-Project/airflow-venv/lib/python3.10/site-packages/airflow/example_dags/plugins/listener_plugin.py
[2026-01-29T15:55:21.509+0530] {processor.py:914} INFO - Processing file /home/hp/Desktop/Bigdata_project/BigData-Project/airflow-venv/lib/python3.10/site-packages/airflow/example_dags/plugins/listener_plugin.py for tasks to queue
[2026-01-29T15:55:21.512+0530] {logging_mixin.py:190} INFO - [2026-01-29T15:55:21.511+0530] {dagbag.py:588} INFO - Filling up the DagBag from /home/hp/Desktop/Bigdata_project/BigData-Project/airflow-venv/lib/python3.10/site-packages/airflow/example_dags/plugins/listener_plugin.py
[2026-01-29T15:55:21.515+0530] {processor.py:927} WARNING - No viable dags retrieved from /home/hp/Desktop/Bigdata_project/BigData-Project/airflow-venv/lib/python3.10/site-packages/airflow/example_dags/plugins/listener_plugin.py
[2026-01-29T15:55:21.528+0530] {processor.py:208} INFO - Processing /home/hp/Desktop/Bigdata_project/BigData-Project/airflow-venv/lib/python3.10/site-packages/airflow/example_dags/plugins/listener_plugin.py took 0.029 seconds
[2026-01-29T15:56:27.579+0530] {processor.py:186} INFO - Started process (PID=28526) to work on /home/hp/Desktop/Bigdata_project/BigData-Project/airflow-venv/lib/python3.10/site-packages/airflow/example_dags/plugins/listener_plugin.py
[2026-01-29T15:56:27.585+0530] {processor.py:914} INFO - Processing file /home/hp/Desktop/Bigdata_project/BigData-Project/airflow-venv/lib/python3.10/site-packages/airflow/example_dags/plugins/listener_plugin.py for tasks to queue
[2026-01-29T15:56:27.588+0530] {logging_mixin.py:190} INFO - [2026-01-29T15:56:27.588+0530] {dagbag.py:588} INFO - Filling up the DagBag from /home/hp/Desktop/Bigdata_project/BigData-Project/airflow-venv/lib/python3.10/site-packages/airflow/example_dags/plugins/listener_plugin.py
[2026-01-29T15:56:27.591+0530] {processor.py:927} WARNING - No viable dags retrieved from /home/hp/Desktop/Bigdata_project/BigData-Project/airflow-venv/lib/python3.10/site-packages/airflow/example_dags/plugins/listener_plugin.py
[2026-01-29T15:56:27.602+0530] {processor.py:208} INFO - Processing /home/hp/Desktop/Bigdata_project/BigData-Project/airflow-venv/lib/python3.10/site-packages/airflow/example_dags/plugins/listener_plugin.py took 0.029 seconds
[2026-01-29T15:57:25.895+0530] {processor.py:186} INFO - Started process (PID=28697) to work on /home/hp/Desktop/Bigdata_project/BigData-Project/airflow-venv/lib/python3.10/site-packages/airflow/example_dags/plugins/listener_plugin.py
[2026-01-29T15:57:25.896+0530] {processor.py:914} INFO - Processing file /home/hp/Desktop/Bigdata_project/BigData-Project/airflow-venv/lib/python3.10/site-packages/airflow/example_dags/plugins/listener_plugin.py for tasks to queue
[2026-01-29T15:57:25.898+0530] {logging_mixin.py:190} INFO - [2026-01-29T15:57:25.898+0530] {dagbag.py:588} INFO - Filling up the DagBag from /home/hp/Desktop/Bigdata_project/BigData-Project/airflow-venv/lib/python3.10/site-packages/airflow/example_dags/plugins/listener_plugin.py
[2026-01-29T15:57:25.901+0530] {processor.py:927} WARNING - No viable dags retrieved from /home/hp/Desktop/Bigdata_project/BigData-Project/airflow-venv/lib/python3.10/site-packages/airflow/example_dags/plugins/listener_plugin.py
[2026-01-29T15:57:25.912+0530] {processor.py:208} INFO - Processing /home/hp/Desktop/Bigdata_project/BigData-Project/airflow-venv/lib/python3.10/site-packages/airflow/example_dags/plugins/listener_plugin.py took 0.024 seconds
[2026-01-29T16:00:02.287+0530] {processor.py:186} INFO - Started process (PID=29078) to work on /home/hp/Desktop/Bigdata_project/BigData-Project/airflow-venv/lib/python3.10/site-packages/airflow/example_dags/plugins/listener_plugin.py
[2026-01-29T16:00:02.294+0530] {processor.py:914} INFO - Processing file /home/hp/Desktop/Bigdata_project/BigData-Project/airflow-venv/lib/python3.10/site-packages/airflow/example_dags/plugins/listener_plugin.py for tasks to queue
[2026-01-29T16:00:02.298+0530] {logging_mixin.py:190} INFO - [2026-01-29T16:00:02.297+0530] {dagbag.py:588} INFO - Filling up the DagBag from /home/hp/Desktop/Bigdata_project/BigData-Project/airflow-venv/lib/python3.10/site-packages/airflow/example_dags/plugins/listener_plugin.py
[2026-01-29T16:00:02.300+0530] {processor.py:927} WARNING - No viable dags retrieved from /home/hp/Desktop/Bigdata_project/BigData-Project/airflow-venv/lib/python3.10/site-packages/airflow/example_dags/plugins/listener_plugin.py
[2026-01-29T16:00:02.311+0530] {processor.py:208} INFO - Processing /home/hp/Desktop/Bigdata_project/BigData-Project/airflow-venv/lib/python3.10/site-packages/airflow/example_dags/plugins/listener_plugin.py took 0.031 seconds
[2026-01-29T16:00:57.818+0530] {processor.py:186} INFO - Started process (PID=29449) to work on /home/hp/Desktop/Bigdata_project/BigData-Project/airflow-venv/lib/python3.10/site-packages/airflow/example_dags/plugins/listener_plugin.py
[2026-01-29T16:00:57.824+0530] {processor.py:914} INFO - Processing file /home/hp/Desktop/Bigdata_project/BigData-Project/airflow-venv/lib/python3.10/site-packages/airflow/example_dags/plugins/listener_plugin.py for tasks to queue
[2026-01-29T16:00:57.827+0530] {logging_mixin.py:190} INFO - [2026-01-29T16:00:57.827+0530] {dagbag.py:588} INFO - Filling up the DagBag from /home/hp/Desktop/Bigdata_project/BigData-Project/airflow-venv/lib/python3.10/site-packages/airflow/example_dags/plugins/listener_plugin.py
[2026-01-29T16:00:57.830+0530] {processor.py:927} WARNING - No viable dags retrieved from /home/hp/Desktop/Bigdata_project/BigData-Project/airflow-venv/lib/python3.10/site-packages/airflow/example_dags/plugins/listener_plugin.py
[2026-01-29T16:00:57.841+0530] {processor.py:208} INFO - Processing /home/hp/Desktop/Bigdata_project/BigData-Project/airflow-venv/lib/python3.10/site-packages/airflow/example_dags/plugins/listener_plugin.py took 0.029 seconds
[2026-01-29T16:01:51.692+0530] {processor.py:186} INFO - Started process (PID=29675) to work on /home/hp/Desktop/Bigdata_project/BigData-Project/airflow-venv/lib/python3.10/site-packages/airflow/example_dags/plugins/listener_plugin.py
[2026-01-29T16:01:51.698+0530] {processor.py:914} INFO - Processing file /home/hp/Desktop/Bigdata_project/BigData-Project/airflow-venv/lib/python3.10/site-packages/airflow/example_dags/plugins/listener_plugin.py for tasks to queue
[2026-01-29T16:01:51.701+0530] {logging_mixin.py:190} INFO - [2026-01-29T16:01:51.701+0530] {dagbag.py:588} INFO - Filling up the DagBag from /home/hp/Desktop/Bigdata_project/BigData-Project/airflow-venv/lib/python3.10/site-packages/airflow/example_dags/plugins/listener_plugin.py
[2026-01-29T16:01:51.704+0530] {processor.py:927} WARNING - No viable dags retrieved from /home/hp/Desktop/Bigdata_project/BigData-Project/airflow-venv/lib/python3.10/site-packages/airflow/example_dags/plugins/listener_plugin.py
[2026-01-29T16:01:51.715+0530] {processor.py:208} INFO - Processing /home/hp/Desktop/Bigdata_project/BigData-Project/airflow-venv/lib/python3.10/site-packages/airflow/example_dags/plugins/listener_plugin.py took 0.031 seconds
[2026-01-29T16:02:45.218+0530] {processor.py:186} INFO - Started process (PID=29907) to work on /home/hp/Desktop/Bigdata_project/BigData-Project/airflow-venv/lib/python3.10/site-packages/airflow/example_dags/plugins/listener_plugin.py
[2026-01-29T16:02:45.225+0530] {processor.py:914} INFO - Processing file /home/hp/Desktop/Bigdata_project/BigData-Project/airflow-venv/lib/python3.10/site-packages/airflow/example_dags/plugins/listener_plugin.py for tasks to queue
[2026-01-29T16:02:45.228+0530] {logging_mixin.py:190} INFO - [2026-01-29T16:02:45.228+0530] {dagbag.py:588} INFO - Filling up the DagBag from /home/hp/Desktop/Bigdata_project/BigData-Project/airflow-venv/lib/python3.10/site-packages/airflow/example_dags/plugins/listener_plugin.py
[2026-01-29T16:02:45.231+0530] {processor.py:927} WARNING - No viable dags retrieved from /home/hp/Desktop/Bigdata_project/BigData-Project/airflow-venv/lib/python3.10/site-packages/airflow/example_dags/plugins/listener_plugin.py
[2026-01-29T16:02:45.242+0530] {processor.py:208} INFO - Processing /home/hp/Desktop/Bigdata_project/BigData-Project/airflow-venv/lib/python3.10/site-packages/airflow/example_dags/plugins/listener_plugin.py took 0.030 seconds
[2026-01-29T16:03:39.270+0530] {processor.py:186} INFO - Started process (PID=30120) to work on /home/hp/Desktop/Bigdata_project/BigData-Project/airflow-venv/lib/python3.10/site-packages/airflow/example_dags/plugins/listener_plugin.py
[2026-01-29T16:03:39.276+0530] {processor.py:914} INFO - Processing file /home/hp/Desktop/Bigdata_project/BigData-Project/airflow-venv/lib/python3.10/site-packages/airflow/example_dags/plugins/listener_plugin.py for tasks to queue
[2026-01-29T16:03:39.278+0530] {logging_mixin.py:190} INFO - [2026-01-29T16:03:39.278+0530] {dagbag.py:588} INFO - Filling up the DagBag from /home/hp/Desktop/Bigdata_project/BigData-Project/airflow-venv/lib/python3.10/site-packages/airflow/example_dags/plugins/listener_plugin.py
[2026-01-29T16:03:39.281+0530] {processor.py:927} WARNING - No viable dags retrieved from /home/hp/Desktop/Bigdata_project/BigData-Project/airflow-venv/lib/python3.10/site-packages/airflow/example_dags/plugins/listener_plugin.py
[2026-01-29T16:03:39.292+0530] {processor.py:208} INFO - Processing /home/hp/Desktop/Bigdata_project/BigData-Project/airflow-venv/lib/python3.10/site-packages/airflow/example_dags/plugins/listener_plugin.py took 0.029 seconds
[2026-01-29T16:04:35.427+0530] {processor.py:186} INFO - Started process (PID=30325) to work on /home/hp/Desktop/Bigdata_project/BigData-Project/airflow-venv/lib/python3.10/site-packages/airflow/example_dags/plugins/listener_plugin.py
[2026-01-29T16:04:35.434+0530] {processor.py:914} INFO - Processing file /home/hp/Desktop/Bigdata_project/BigData-Project/airflow-venv/lib/python3.10/site-packages/airflow/example_dags/plugins/listener_plugin.py for tasks to queue
[2026-01-29T16:04:35.436+0530] {logging_mixin.py:190} INFO - [2026-01-29T16:04:35.436+0530] {dagbag.py:588} INFO - Filling up the DagBag from /home/hp/Desktop/Bigdata_project/BigData-Project/airflow-venv/lib/python3.10/site-packages/airflow/example_dags/plugins/listener_plugin.py
[2026-01-29T16:04:35.439+0530] {processor.py:927} WARNING - No viable dags retrieved from /home/hp/Desktop/Bigdata_project/BigData-Project/airflow-venv/lib/python3.10/site-packages/airflow/example_dags/plugins/listener_plugin.py
[2026-01-29T16:04:35.451+0530] {processor.py:208} INFO - Processing /home/hp/Desktop/Bigdata_project/BigData-Project/airflow-venv/lib/python3.10/site-packages/airflow/example_dags/plugins/listener_plugin.py took 0.030 seconds
[2026-01-29T16:05:32.035+0530] {processor.py:186} INFO - Started process (PID=30624) to work on /home/hp/Desktop/Bigdata_project/BigData-Project/airflow-venv/lib/python3.10/site-packages/airflow/example_dags/plugins/listener_plugin.py
[2026-01-29T16:05:32.042+0530] {processor.py:914} INFO - Processing file /home/hp/Desktop/Bigdata_project/BigData-Project/airflow-venv/lib/python3.10/site-packages/airflow/example_dags/plugins/listener_plugin.py for tasks to queue
[2026-01-29T16:05:32.044+0530] {logging_mixin.py:190} INFO - [2026-01-29T16:05:32.044+0530] {dagbag.py:588} INFO - Filling up the DagBag from /home/hp/Desktop/Bigdata_project/BigData-Project/airflow-venv/lib/python3.10/site-packages/airflow/example_dags/plugins/listener_plugin.py
[2026-01-29T16:05:32.047+0530] {processor.py:927} WARNING - No viable dags retrieved from /home/hp/Desktop/Bigdata_project/BigData-Project/airflow-venv/lib/python3.10/site-packages/airflow/example_dags/plugins/listener_plugin.py
[2026-01-29T16:05:32.059+0530] {processor.py:208} INFO - Processing /home/hp/Desktop/Bigdata_project/BigData-Project/airflow-venv/lib/python3.10/site-packages/airflow/example_dags/plugins/listener_plugin.py took 0.031 seconds
[2026-01-29T16:06:28.603+0530] {processor.py:186} INFO - Started process (PID=30893) to work on /home/hp/Desktop/Bigdata_project/BigData-Project/airflow-venv/lib/python3.10/site-packages/airflow/example_dags/plugins/listener_plugin.py
[2026-01-29T16:06:28.609+0530] {processor.py:914} INFO - Processing file /home/hp/Desktop/Bigdata_project/BigData-Project/airflow-venv/lib/python3.10/site-packages/airflow/example_dags/plugins/listener_plugin.py for tasks to queue
[2026-01-29T16:06:28.612+0530] {logging_mixin.py:190} INFO - [2026-01-29T16:06:28.612+0530] {dagbag.py:588} INFO - Filling up the DagBag from /home/hp/Desktop/Bigdata_project/BigData-Project/airflow-venv/lib/python3.10/site-packages/airflow/example_dags/plugins/listener_plugin.py
[2026-01-29T16:06:28.614+0530] {processor.py:927} WARNING - No viable dags retrieved from /home/hp/Desktop/Bigdata_project/BigData-Project/airflow-venv/lib/python3.10/site-packages/airflow/example_dags/plugins/listener_plugin.py
[2026-01-29T16:06:28.626+0530] {processor.py:208} INFO - Processing /home/hp/Desktop/Bigdata_project/BigData-Project/airflow-venv/lib/python3.10/site-packages/airflow/example_dags/plugins/listener_plugin.py took 0.030 seconds
[2026-01-29T16:07:26.330+0530] {processor.py:186} INFO - Started process (PID=31167) to work on /home/hp/Desktop/Bigdata_project/BigData-Project/airflow-venv/lib/python3.10/site-packages/airflow/example_dags/plugins/listener_plugin.py
[2026-01-29T16:07:26.336+0530] {processor.py:914} INFO - Processing file /home/hp/Desktop/Bigdata_project/BigData-Project/airflow-venv/lib/python3.10/site-packages/airflow/example_dags/plugins/listener_plugin.py for tasks to queue
[2026-01-29T16:07:26.338+0530] {logging_mixin.py:190} INFO - [2026-01-29T16:07:26.337+0530] {dagbag.py:588} INFO - Filling up the DagBag from /home/hp/Desktop/Bigdata_project/BigData-Project/airflow-venv/lib/python3.10/site-packages/airflow/example_dags/plugins/listener_plugin.py
[2026-01-29T16:07:26.341+0530] {processor.py:927} WARNING - No viable dags retrieved from /home/hp/Desktop/Bigdata_project/BigData-Project/airflow-venv/lib/python3.10/site-packages/airflow/example_dags/plugins/listener_plugin.py
[2026-01-29T16:07:26.352+0530] {processor.py:208} INFO - Processing /home/hp/Desktop/Bigdata_project/BigData-Project/airflow-venv/lib/python3.10/site-packages/airflow/example_dags/plugins/listener_plugin.py took 0.029 seconds
[2026-01-29T16:08:24.751+0530] {processor.py:186} INFO - Started process (PID=31398) to work on /home/hp/Desktop/Bigdata_project/BigData-Project/airflow-venv/lib/python3.10/site-packages/airflow/example_dags/plugins/listener_plugin.py
[2026-01-29T16:08:24.752+0530] {processor.py:914} INFO - Processing file /home/hp/Desktop/Bigdata_project/BigData-Project/airflow-venv/lib/python3.10/site-packages/airflow/example_dags/plugins/listener_plugin.py for tasks to queue
[2026-01-29T16:08:24.754+0530] {logging_mixin.py:190} INFO - [2026-01-29T16:08:24.754+0530] {dagbag.py:588} INFO - Filling up the DagBag from /home/hp/Desktop/Bigdata_project/BigData-Project/airflow-venv/lib/python3.10/site-packages/airflow/example_dags/plugins/listener_plugin.py
[2026-01-29T16:08:24.757+0530] {processor.py:927} WARNING - No viable dags retrieved from /home/hp/Desktop/Bigdata_project/BigData-Project/airflow-venv/lib/python3.10/site-packages/airflow/example_dags/plugins/listener_plugin.py
[2026-01-29T16:08:24.769+0530] {processor.py:208} INFO - Processing /home/hp/Desktop/Bigdata_project/BigData-Project/airflow-venv/lib/python3.10/site-packages/airflow/example_dags/plugins/listener_plugin.py took 0.027 seconds
[2026-01-29T16:09:39.576+0530] {processor.py:186} INFO - Started process (PID=31809) to work on /home/hp/Desktop/Bigdata_project/BigData-Project/airflow-venv/lib/python3.10/site-packages/airflow/example_dags/plugins/listener_plugin.py
[2026-01-29T16:09:39.583+0530] {processor.py:914} INFO - Processing file /home/hp/Desktop/Bigdata_project/BigData-Project/airflow-venv/lib/python3.10/site-packages/airflow/example_dags/plugins/listener_plugin.py for tasks to queue
[2026-01-29T16:09:39.585+0530] {logging_mixin.py:190} INFO - [2026-01-29T16:09:39.585+0530] {dagbag.py:588} INFO - Filling up the DagBag from /home/hp/Desktop/Bigdata_project/BigData-Project/airflow-venv/lib/python3.10/site-packages/airflow/example_dags/plugins/listener_plugin.py
[2026-01-29T16:09:39.588+0530] {processor.py:927} WARNING - No viable dags retrieved from /home/hp/Desktop/Bigdata_project/BigData-Project/airflow-venv/lib/python3.10/site-packages/airflow/example_dags/plugins/listener_plugin.py
[2026-01-29T16:09:39.599+0530] {processor.py:208} INFO - Processing /home/hp/Desktop/Bigdata_project/BigData-Project/airflow-venv/lib/python3.10/site-packages/airflow/example_dags/plugins/listener_plugin.py took 0.029 seconds
