[2026-01-29T15:55:16.770+0530] {processor.py:186} INFO - Started process (PID=28220) to work on /home/hp/Desktop/Bigdata_project/BigData-Project/airflow-venv/lib/python3.10/site-packages/airflow/example_dags/plugins/workday.py
[2026-01-29T15:55:16.771+0530] {processor.py:914} INFO - Processing file /home/hp/Desktop/Bigdata_project/BigData-Project/airflow-venv/lib/python3.10/site-packages/airflow/example_dags/plugins/workday.py for tasks to queue
[2026-01-29T15:55:16.774+0530] {logging_mixin.py:190} INFO - [2026-01-29T15:55:16.773+0530] {dagbag.py:588} INFO - Filling up the DagBag from /home/hp/Desktop/Bigdata_project/BigData-Project/airflow-venv/lib/python3.10/site-packages/airflow/example_dags/plugins/workday.py
[2026-01-29T15:55:16.777+0530] {processor.py:927} WARNING - No viable dags retrieved from /home/hp/Desktop/Bigdata_project/BigData-Project/airflow-venv/lib/python3.10/site-packages/airflow/example_dags/plugins/workday.py
[2026-01-29T15:55:16.791+0530] {processor.py:208} INFO - Processing /home/hp/Desktop/Bigdata_project/BigData-Project/airflow-venv/lib/python3.10/site-packages/airflow/example_dags/plugins/workday.py took 0.029 seconds
[2026-01-29T15:56:23.970+0530] {processor.py:186} INFO - Started process (PID=28502) to work on /home/hp/Desktop/Bigdata_project/BigData-Project/airflow-venv/lib/python3.10/site-packages/airflow/example_dags/plugins/workday.py
[2026-01-29T15:56:23.977+0530] {processor.py:914} INFO - Processing file /home/hp/Desktop/Bigdata_project/BigData-Project/airflow-venv/lib/python3.10/site-packages/airflow/example_dags/plugins/workday.py for tasks to queue
[2026-01-29T15:56:23.980+0530] {logging_mixin.py:190} INFO - [2026-01-29T15:56:23.979+0530] {dagbag.py:588} INFO - Filling up the DagBag from /home/hp/Desktop/Bigdata_project/BigData-Project/airflow-venv/lib/python3.10/site-packages/airflow/example_dags/plugins/workday.py
[2026-01-29T15:56:23.983+0530] {processor.py:927} WARNING - No viable dags retrieved from /home/hp/Desktop/Bigdata_project/BigData-Project/airflow-venv/lib/python3.10/site-packages/airflow/example_dags/plugins/workday.py
[2026-01-29T15:56:23.994+0530] {processor.py:208} INFO - Processing /home/hp/Desktop/Bigdata_project/BigData-Project/airflow-venv/lib/python3.10/site-packages/airflow/example_dags/plugins/workday.py took 0.031 seconds
[2026-01-29T15:56:56.328+0530] {processor.py:186} INFO - Started process (PID=28610) to work on /home/hp/Desktop/Bigdata_project/BigData-Project/airflow-venv/lib/python3.10/site-packages/airflow/example_dags/plugins/workday.py
[2026-01-29T15:56:56.334+0530] {processor.py:914} INFO - Processing file /home/hp/Desktop/Bigdata_project/BigData-Project/airflow-venv/lib/python3.10/site-packages/airflow/example_dags/plugins/workday.py for tasks to queue
[2026-01-29T15:56:56.337+0530] {logging_mixin.py:190} INFO - [2026-01-29T15:56:56.337+0530] {dagbag.py:588} INFO - Filling up the DagBag from /home/hp/Desktop/Bigdata_project/BigData-Project/airflow-venv/lib/python3.10/site-packages/airflow/example_dags/plugins/workday.py
[2026-01-29T15:56:56.340+0530] {processor.py:927} WARNING - No viable dags retrieved from /home/hp/Desktop/Bigdata_project/BigData-Project/airflow-venv/lib/python3.10/site-packages/airflow/example_dags/plugins/workday.py
[2026-01-29T15:56:56.352+0530] {processor.py:208} INFO - Processing /home/hp/Desktop/Bigdata_project/BigData-Project/airflow-venv/lib/python3.10/site-packages/airflow/example_dags/plugins/workday.py took 0.031 seconds
[2026-01-29T15:59:58.536+0530] {processor.py:186} INFO - Started process (PID=29068) to work on /home/hp/Desktop/Bigdata_project/BigData-Project/airflow-venv/lib/python3.10/site-packages/airflow/example_dags/plugins/workday.py
[2026-01-29T15:59:58.542+0530] {processor.py:914} INFO - Processing file /home/hp/Desktop/Bigdata_project/BigData-Project/airflow-venv/lib/python3.10/site-packages/airflow/example_dags/plugins/workday.py for tasks to queue
[2026-01-29T15:59:58.545+0530] {logging_mixin.py:190} INFO - [2026-01-29T15:59:58.544+0530] {dagbag.py:588} INFO - Filling up the DagBag from /home/hp/Desktop/Bigdata_project/BigData-Project/airflow-venv/lib/python3.10/site-packages/airflow/example_dags/plugins/workday.py
[2026-01-29T15:59:58.548+0530] {processor.py:927} WARNING - No viable dags retrieved from /home/hp/Desktop/Bigdata_project/BigData-Project/airflow-venv/lib/python3.10/site-packages/airflow/example_dags/plugins/workday.py
[2026-01-29T15:59:58.559+0530] {processor.py:208} INFO - Processing /home/hp/Desktop/Bigdata_project/BigData-Project/airflow-venv/lib/python3.10/site-packages/airflow/example_dags/plugins/workday.py took 0.030 seconds
[2026-01-29T16:00:54.801+0530] {processor.py:186} INFO - Started process (PID=29435) to work on /home/hp/Desktop/Bigdata_project/BigData-Project/airflow-venv/lib/python3.10/site-packages/airflow/example_dags/plugins/workday.py
[2026-01-29T16:00:54.808+0530] {processor.py:914} INFO - Processing file /home/hp/Desktop/Bigdata_project/BigData-Project/airflow-venv/lib/python3.10/site-packages/airflow/example_dags/plugins/workday.py for tasks to queue
[2026-01-29T16:00:54.810+0530] {logging_mixin.py:190} INFO - [2026-01-29T16:00:54.809+0530] {dagbag.py:588} INFO - Filling up the DagBag from /home/hp/Desktop/Bigdata_project/BigData-Project/airflow-venv/lib/python3.10/site-packages/airflow/example_dags/plugins/workday.py
[2026-01-29T16:00:54.813+0530] {processor.py:927} WARNING - No viable dags retrieved from /home/hp/Desktop/Bigdata_project/BigData-Project/airflow-venv/lib/python3.10/site-packages/airflow/example_dags/plugins/workday.py
[2026-01-29T16:00:54.824+0530] {processor.py:208} INFO - Processing /home/hp/Desktop/Bigdata_project/BigData-Project/airflow-venv/lib/python3.10/site-packages/airflow/example_dags/plugins/workday.py took 0.029 seconds
[2026-01-29T16:01:48.924+0530] {processor.py:186} INFO - Started process (PID=29652) to work on /home/hp/Desktop/Bigdata_project/BigData-Project/airflow-venv/lib/python3.10/site-packages/airflow/example_dags/plugins/workday.py
[2026-01-29T16:01:48.930+0530] {processor.py:914} INFO - Processing file /home/hp/Desktop/Bigdata_project/BigData-Project/airflow-venv/lib/python3.10/site-packages/airflow/example_dags/plugins/workday.py for tasks to queue
[2026-01-29T16:01:48.933+0530] {logging_mixin.py:190} INFO - [2026-01-29T16:01:48.933+0530] {dagbag.py:588} INFO - Filling up the DagBag from /home/hp/Desktop/Bigdata_project/BigData-Project/airflow-venv/lib/python3.10/site-packages/airflow/example_dags/plugins/workday.py
[2026-01-29T16:01:48.936+0530] {processor.py:927} WARNING - No viable dags retrieved from /home/hp/Desktop/Bigdata_project/BigData-Project/airflow-venv/lib/python3.10/site-packages/airflow/example_dags/plugins/workday.py
[2026-01-29T16:01:48.947+0530] {processor.py:208} INFO - Processing /home/hp/Desktop/Bigdata_project/BigData-Project/airflow-venv/lib/python3.10/site-packages/airflow/example_dags/plugins/workday.py took 0.030 seconds
[2026-01-29T16:02:41.205+0530] {processor.py:186} INFO - Started process (PID=29897) to work on /home/hp/Desktop/Bigdata_project/BigData-Project/airflow-venv/lib/python3.10/site-packages/airflow/example_dags/plugins/workday.py
[2026-01-29T16:02:41.212+0530] {processor.py:914} INFO - Processing file /home/hp/Desktop/Bigdata_project/BigData-Project/airflow-venv/lib/python3.10/site-packages/airflow/example_dags/plugins/workday.py for tasks to queue
[2026-01-29T16:02:41.214+0530] {logging_mixin.py:190} INFO - [2026-01-29T16:02:41.214+0530] {dagbag.py:588} INFO - Filling up the DagBag from /home/hp/Desktop/Bigdata_project/BigData-Project/airflow-venv/lib/python3.10/site-packages/airflow/example_dags/plugins/workday.py
[2026-01-29T16:02:41.217+0530] {processor.py:927} WARNING - No viable dags retrieved from /home/hp/Desktop/Bigdata_project/BigData-Project/airflow-venv/lib/python3.10/site-packages/airflow/example_dags/plugins/workday.py
[2026-01-29T16:02:41.228+0530] {processor.py:208} INFO - Processing /home/hp/Desktop/Bigdata_project/BigData-Project/airflow-venv/lib/python3.10/site-packages/airflow/example_dags/plugins/workday.py took 0.030 seconds
[2026-01-29T16:03:35.272+0530] {processor.py:186} INFO - Started process (PID=30111) to work on /home/hp/Desktop/Bigdata_project/BigData-Project/airflow-venv/lib/python3.10/site-packages/airflow/example_dags/plugins/workday.py
[2026-01-29T16:03:35.278+0530] {processor.py:914} INFO - Processing file /home/hp/Desktop/Bigdata_project/BigData-Project/airflow-venv/lib/python3.10/site-packages/airflow/example_dags/plugins/workday.py for tasks to queue
[2026-01-29T16:03:35.282+0530] {logging_mixin.py:190} INFO - [2026-01-29T16:03:35.281+0530] {dagbag.py:588} INFO - Filling up the DagBag from /home/hp/Desktop/Bigdata_project/BigData-Project/airflow-venv/lib/python3.10/site-packages/airflow/example_dags/plugins/workday.py
[2026-01-29T16:03:35.284+0530] {processor.py:927} WARNING - No viable dags retrieved from /home/hp/Desktop/Bigdata_project/BigData-Project/airflow-venv/lib/python3.10/site-packages/airflow/example_dags/plugins/workday.py
[2026-01-29T16:03:35.296+0530] {processor.py:208} INFO - Processing /home/hp/Desktop/Bigdata_project/BigData-Project/airflow-venv/lib/python3.10/site-packages/airflow/example_dags/plugins/workday.py took 0.031 seconds
[2026-01-29T16:04:31.069+0530] {processor.py:186} INFO - Started process (PID=30315) to work on /home/hp/Desktop/Bigdata_project/BigData-Project/airflow-venv/lib/python3.10/site-packages/airflow/example_dags/plugins/workday.py
[2026-01-29T16:04:31.075+0530] {processor.py:914} INFO - Processing file /home/hp/Desktop/Bigdata_project/BigData-Project/airflow-venv/lib/python3.10/site-packages/airflow/example_dags/plugins/workday.py for tasks to queue
[2026-01-29T16:04:31.078+0530] {logging_mixin.py:190} INFO - [2026-01-29T16:04:31.078+0530] {dagbag.py:588} INFO - Filling up the DagBag from /home/hp/Desktop/Bigdata_project/BigData-Project/airflow-venv/lib/python3.10/site-packages/airflow/example_dags/plugins/workday.py
[2026-01-29T16:04:31.081+0530] {processor.py:927} WARNING - No viable dags retrieved from /home/hp/Desktop/Bigdata_project/BigData-Project/airflow-venv/lib/python3.10/site-packages/airflow/example_dags/plugins/workday.py
[2026-01-29T16:04:31.093+0530] {processor.py:208} INFO - Processing /home/hp/Desktop/Bigdata_project/BigData-Project/airflow-venv/lib/python3.10/site-packages/airflow/example_dags/plugins/workday.py took 0.031 seconds
[2026-01-29T16:05:28.314+0530] {processor.py:186} INFO - Started process (PID=30614) to work on /home/hp/Desktop/Bigdata_project/BigData-Project/airflow-venv/lib/python3.10/site-packages/airflow/example_dags/plugins/workday.py
[2026-01-29T16:05:28.316+0530] {processor.py:914} INFO - Processing file /home/hp/Desktop/Bigdata_project/BigData-Project/airflow-venv/lib/python3.10/site-packages/airflow/example_dags/plugins/workday.py for tasks to queue
[2026-01-29T16:05:28.318+0530] {logging_mixin.py:190} INFO - [2026-01-29T16:05:28.318+0530] {dagbag.py:588} INFO - Filling up the DagBag from /home/hp/Desktop/Bigdata_project/BigData-Project/airflow-venv/lib/python3.10/site-packages/airflow/example_dags/plugins/workday.py
[2026-01-29T16:05:28.321+0530] {processor.py:927} WARNING - No viable dags retrieved from /home/hp/Desktop/Bigdata_project/BigData-Project/airflow-venv/lib/python3.10/site-packages/airflow/example_dags/plugins/workday.py
[2026-01-29T16:05:28.332+0530] {processor.py:208} INFO - Processing /home/hp/Desktop/Bigdata_project/BigData-Project/airflow-venv/lib/python3.10/site-packages/airflow/example_dags/plugins/workday.py took 0.025 seconds
[2026-01-29T16:06:24.034+0530] {processor.py:186} INFO - Started process (PID=30868) to work on /home/hp/Desktop/Bigdata_project/BigData-Project/airflow-venv/lib/python3.10/site-packages/airflow/example_dags/plugins/workday.py
[2026-01-29T16:06:24.040+0530] {processor.py:914} INFO - Processing file /home/hp/Desktop/Bigdata_project/BigData-Project/airflow-venv/lib/python3.10/site-packages/airflow/example_dags/plugins/workday.py for tasks to queue
[2026-01-29T16:06:24.043+0530] {logging_mixin.py:190} INFO - [2026-01-29T16:06:24.043+0530] {dagbag.py:588} INFO - Filling up the DagBag from /home/hp/Desktop/Bigdata_project/BigData-Project/airflow-venv/lib/python3.10/site-packages/airflow/example_dags/plugins/workday.py
[2026-01-29T16:06:24.046+0530] {processor.py:927} WARNING - No viable dags retrieved from /home/hp/Desktop/Bigdata_project/BigData-Project/airflow-venv/lib/python3.10/site-packages/airflow/example_dags/plugins/workday.py
[2026-01-29T16:06:24.057+0530] {processor.py:208} INFO - Processing /home/hp/Desktop/Bigdata_project/BigData-Project/airflow-venv/lib/python3.10/site-packages/airflow/example_dags/plugins/workday.py took 0.029 seconds
[2026-01-29T16:07:21.718+0530] {processor.py:186} INFO - Started process (PID=31152) to work on /home/hp/Desktop/Bigdata_project/BigData-Project/airflow-venv/lib/python3.10/site-packages/airflow/example_dags/plugins/workday.py
[2026-01-29T16:07:21.719+0530] {processor.py:914} INFO - Processing file /home/hp/Desktop/Bigdata_project/BigData-Project/airflow-venv/lib/python3.10/site-packages/airflow/example_dags/plugins/workday.py for tasks to queue
[2026-01-29T16:07:21.721+0530] {logging_mixin.py:190} INFO - [2026-01-29T16:07:21.721+0530] {dagbag.py:588} INFO - Filling up the DagBag from /home/hp/Desktop/Bigdata_project/BigData-Project/airflow-venv/lib/python3.10/site-packages/airflow/example_dags/plugins/workday.py
[2026-01-29T16:07:21.724+0530] {processor.py:927} WARNING - No viable dags retrieved from /home/hp/Desktop/Bigdata_project/BigData-Project/airflow-venv/lib/python3.10/site-packages/airflow/example_dags/plugins/workday.py
[2026-01-29T16:07:21.736+0530] {processor.py:208} INFO - Processing /home/hp/Desktop/Bigdata_project/BigData-Project/airflow-venv/lib/python3.10/site-packages/airflow/example_dags/plugins/workday.py took 0.025 seconds
[2026-01-29T16:08:20.742+0530] {processor.py:186} INFO - Started process (PID=31388) to work on /home/hp/Desktop/Bigdata_project/BigData-Project/airflow-venv/lib/python3.10/site-packages/airflow/example_dags/plugins/workday.py
[2026-01-29T16:08:20.749+0530] {processor.py:914} INFO - Processing file /home/hp/Desktop/Bigdata_project/BigData-Project/airflow-venv/lib/python3.10/site-packages/airflow/example_dags/plugins/workday.py for tasks to queue
[2026-01-29T16:08:20.751+0530] {logging_mixin.py:190} INFO - [2026-01-29T16:08:20.751+0530] {dagbag.py:588} INFO - Filling up the DagBag from /home/hp/Desktop/Bigdata_project/BigData-Project/airflow-venv/lib/python3.10/site-packages/airflow/example_dags/plugins/workday.py
[2026-01-29T16:08:20.754+0530] {processor.py:927} WARNING - No viable dags retrieved from /home/hp/Desktop/Bigdata_project/BigData-Project/airflow-venv/lib/python3.10/site-packages/airflow/example_dags/plugins/workday.py
[2026-01-29T16:08:20.766+0530] {processor.py:208} INFO - Processing /home/hp/Desktop/Bigdata_project/BigData-Project/airflow-venv/lib/python3.10/site-packages/airflow/example_dags/plugins/workday.py took 0.031 seconds
[2026-01-29T16:08:54.388+0530] {processor.py:186} INFO - Started process (PID=31553) to work on /home/hp/Desktop/Bigdata_project/BigData-Project/airflow-venv/lib/python3.10/site-packages/airflow/example_dags/plugins/workday.py
[2026-01-29T16:08:54.394+0530] {processor.py:914} INFO - Processing file /home/hp/Desktop/Bigdata_project/BigData-Project/airflow-venv/lib/python3.10/site-packages/airflow/example_dags/plugins/workday.py for tasks to queue
[2026-01-29T16:08:54.397+0530] {logging_mixin.py:190} INFO - [2026-01-29T16:08:54.397+0530] {dagbag.py:588} INFO - Filling up the DagBag from /home/hp/Desktop/Bigdata_project/BigData-Project/airflow-venv/lib/python3.10/site-packages/airflow/example_dags/plugins/workday.py
[2026-01-29T16:08:54.400+0530] {processor.py:927} WARNING - No viable dags retrieved from /home/hp/Desktop/Bigdata_project/BigData-Project/airflow-venv/lib/python3.10/site-packages/airflow/example_dags/plugins/workday.py
[2026-01-29T16:08:54.412+0530] {processor.py:208} INFO - Processing /home/hp/Desktop/Bigdata_project/BigData-Project/airflow-venv/lib/python3.10/site-packages/airflow/example_dags/plugins/workday.py took 0.032 seconds
[2026-01-29T16:09:35.670+0530] {processor.py:186} INFO - Started process (PID=31780) to work on /home/hp/Desktop/Bigdata_project/BigData-Project/airflow-venv/lib/python3.10/site-packages/airflow/example_dags/plugins/workday.py
[2026-01-29T16:09:35.672+0530] {processor.py:914} INFO - Processing file /home/hp/Desktop/Bigdata_project/BigData-Project/airflow-venv/lib/python3.10/site-packages/airflow/example_dags/plugins/workday.py for tasks to queue
[2026-01-29T16:09:35.674+0530] {logging_mixin.py:190} INFO - [2026-01-29T16:09:35.673+0530] {dagbag.py:588} INFO - Filling up the DagBag from /home/hp/Desktop/Bigdata_project/BigData-Project/airflow-venv/lib/python3.10/site-packages/airflow/example_dags/plugins/workday.py
[2026-01-29T16:09:35.676+0530] {processor.py:927} WARNING - No viable dags retrieved from /home/hp/Desktop/Bigdata_project/BigData-Project/airflow-venv/lib/python3.10/site-packages/airflow/example_dags/plugins/workday.py
[2026-01-29T16:09:35.688+0530] {processor.py:208} INFO - Processing /home/hp/Desktop/Bigdata_project/BigData-Project/airflow-venv/lib/python3.10/site-packages/airflow/example_dags/plugins/workday.py took 0.025 seconds
