[2026-01-29T19:41:36.821+0530] {local_task_job_runner.py:123} INFO - ::group::Pre task execution logs
[2026-01-29T19:41:36.833+0530] {taskinstance.py:2631} INFO - Dependencies all met for dep_context=non-requeueable deps ti=<TaskInstance: weather_system_pipeline_final_new.mark_pipeline_done scheduled__2026-01-04T00:00:00+00:00 [queued]>
[2026-01-29T19:41:36.839+0530] {taskinstance.py:2631} INFO - Dependencies all met for dep_context=requeueable deps ti=<TaskInstance: weather_system_pipeline_final_new.mark_pipeline_done scheduled__2026-01-04T00:00:00+00:00 [queued]>
[2026-01-29T19:41:36.839+0530] {taskinstance.py:2884} INFO - Starting attempt 1 of 4
[2026-01-29T19:41:36.849+0530] {taskinstance.py:2907} INFO - Executing <Task(BashOperator): mark_pipeline_done> on 2026-01-04 00:00:00+00:00
[2026-01-29T19:41:36.853+0530] {standard_task_runner.py:72} INFO - Started process 95054 to run task
[2026-01-29T19:41:36.858+0530] {standard_task_runner.py:104} INFO - Running: ['airflow', 'tasks', 'run', 'weather_system_pipeline_final_new', 'mark_pipeline_done', 'scheduled__2026-01-04T00:00:00+00:00', '--job-id', '348', '--raw', '--subdir', 'DAGS_FOLDER/dag_flag.py', '--cfg-path', '/tmp/tmpw5d6yjt6']
[2026-01-29T19:41:36.859+0530] {standard_task_runner.py:105} INFO - Job 348: Subtask mark_pipeline_done
[2026-01-29T19:41:36.886+0530] {task_command.py:467} INFO - Running <TaskInstance: weather_system_pipeline_final_new.mark_pipeline_done scheduled__2026-01-04T00:00:00+00:00 [running]> on host Aishwarya92848DBDA
[2026-01-29T19:41:36.937+0530] {taskinstance.py:3157} INFO - Exporting env vars: AIRFLOW_CTX_DAG_OWNER='Aishwarya' AIRFLOW_CTX_DAG_ID='weather_system_pipeline_final_new' AIRFLOW_CTX_TASK_ID='mark_pipeline_done' AIRFLOW_CTX_EXECUTION_DATE='2026-01-04T00:00:00+00:00' AIRFLOW_CTX_TRY_NUMBER='1' AIRFLOW_CTX_DAG_RUN_ID='scheduled__2026-01-04T00:00:00+00:00'
[2026-01-29T19:41:36.937+0530] {taskinstance.py:740} INFO - ::endgroup::
[2026-01-29T19:41:36.946+0530] {subprocess.py:78} INFO - Tmp dir root location: /tmp
[2026-01-29T19:41:36.947+0530] {subprocess.py:88} INFO - Running command: ['/usr/bin/bash', '-c', '\n    hdfs dfs -touchz /weather/_SUCCESS\n    ']
[2026-01-29T19:41:36.956+0530] {subprocess.py:99} INFO - Output:
[2026-01-29T19:41:38.430+0530] {subprocess.py:110} INFO - Command exited with return code 0
[2026-01-29T19:41:38.444+0530] {taskinstance.py:349} INFO - ::group::Post task execution logs
[2026-01-29T19:41:38.444+0530] {taskinstance.py:361} INFO - Marking task as SUCCESS. dag_id=weather_system_pipeline_final_new, task_id=mark_pipeline_done, run_id=scheduled__2026-01-04T00:00:00+00:00, execution_date=20260104T000000, start_date=20260129T141136, end_date=20260129T141138
[2026-01-29T19:41:38.474+0530] {local_task_job_runner.py:266} INFO - Task exited with return code 0
[2026-01-29T19:41:38.483+0530] {taskinstance.py:3924} INFO - 0 downstream tasks scheduled from follow-on schedule check
[2026-01-29T19:41:38.484+0530] {local_task_job_runner.py:245} INFO - ::endgroup::
