[2026-01-30T09:36:02.755+0530] {processor.py:186} INFO - Started process (PID=9964) to work on /home/hp/Desktop/Bigdata_project/BigData-Project/airflow/dags/dag.py
[2026-01-30T09:36:02.756+0530] {processor.py:914} INFO - Processing file /home/hp/Desktop/Bigdata_project/BigData-Project/airflow/dags/dag.py for tasks to queue
[2026-01-30T09:36:02.758+0530] {logging_mixin.py:190} INFO - [2026-01-30T09:36:02.758+0530] {dagbag.py:588} INFO - Filling up the DagBag from /home/hp/Desktop/Bigdata_project/BigData-Project/airflow/dags/dag.py
[2026-01-30T09:36:02.774+0530] {processor.py:925} INFO - DAG(s) 'weather_system_pipeline_finally' retrieved from /home/hp/Desktop/Bigdata_project/BigData-Project/airflow/dags/dag.py
[2026-01-30T09:36:02.797+0530] {logging_mixin.py:190} INFO - [2026-01-30T09:36:02.797+0530] {dag.py:3239} INFO - Sync 1 DAGs
[2026-01-30T09:36:02.819+0530] {logging_mixin.py:190} INFO - [2026-01-30T09:36:02.819+0530] {dag.py:4180} INFO - Setting next_dagrun for weather_system_pipeline_finally to 2026-01-29 00:00:00+00:00, run_after=2026-01-30 00:00:00+00:00
[2026-01-30T09:36:02.839+0530] {processor.py:208} INFO - Processing /home/hp/Desktop/Bigdata_project/BigData-Project/airflow/dags/dag.py took 0.091 seconds
[2026-01-30T09:36:59.048+0530] {processor.py:186} INFO - Started process (PID=10710) to work on /home/hp/Desktop/Bigdata_project/BigData-Project/airflow/dags/dag.py
[2026-01-30T09:36:59.049+0530] {processor.py:914} INFO - Processing file /home/hp/Desktop/Bigdata_project/BigData-Project/airflow/dags/dag.py for tasks to queue
[2026-01-30T09:36:59.050+0530] {logging_mixin.py:190} INFO - [2026-01-30T09:36:59.050+0530] {dagbag.py:588} INFO - Filling up the DagBag from /home/hp/Desktop/Bigdata_project/BigData-Project/airflow/dags/dag.py
[2026-01-30T09:36:59.059+0530] {processor.py:925} INFO - DAG(s) 'weather_system_pipeline_finally' retrieved from /home/hp/Desktop/Bigdata_project/BigData-Project/airflow/dags/dag.py
[2026-01-30T09:36:59.075+0530] {logging_mixin.py:190} INFO - [2026-01-30T09:36:59.075+0530] {dag.py:3239} INFO - Sync 1 DAGs
[2026-01-30T09:36:59.090+0530] {logging_mixin.py:190} INFO - [2026-01-30T09:36:59.090+0530] {dag.py:4180} INFO - Setting next_dagrun for weather_system_pipeline_finally to 2026-01-30 00:00:00+00:00, run_after=2026-01-31 00:00:00+00:00
[2026-01-30T09:36:59.179+0530] {processor.py:208} INFO - Processing /home/hp/Desktop/Bigdata_project/BigData-Project/airflow/dags/dag.py took 0.137 seconds
[2026-01-30T09:37:29.266+0530] {processor.py:186} INFO - Started process (PID=10980) to work on /home/hp/Desktop/Bigdata_project/BigData-Project/airflow/dags/dag.py
[2026-01-30T09:37:29.267+0530] {processor.py:914} INFO - Processing file /home/hp/Desktop/Bigdata_project/BigData-Project/airflow/dags/dag.py for tasks to queue
[2026-01-30T09:37:29.269+0530] {logging_mixin.py:190} INFO - [2026-01-30T09:37:29.269+0530] {dagbag.py:588} INFO - Filling up the DagBag from /home/hp/Desktop/Bigdata_project/BigData-Project/airflow/dags/dag.py
[2026-01-30T09:37:29.282+0530] {processor.py:925} INFO - DAG(s) 'weather_system_pipeline_finally' retrieved from /home/hp/Desktop/Bigdata_project/BigData-Project/airflow/dags/dag.py
[2026-01-30T09:37:29.305+0530] {logging_mixin.py:190} INFO - [2026-01-30T09:37:29.305+0530] {dag.py:3239} INFO - Sync 1 DAGs
[2026-01-30T09:37:29.420+0530] {logging_mixin.py:190} INFO - [2026-01-30T09:37:29.420+0530] {dag.py:4180} INFO - Setting next_dagrun for weather_system_pipeline_finally to 2026-01-30 00:00:00+00:00, run_after=2026-01-31 00:00:00+00:00
[2026-01-30T09:37:29.441+0530] {processor.py:208} INFO - Processing /home/hp/Desktop/Bigdata_project/BigData-Project/airflow/dags/dag.py took 0.182 seconds
[2026-01-30T09:37:59.863+0530] {processor.py:186} INFO - Started process (PID=11727) to work on /home/hp/Desktop/Bigdata_project/BigData-Project/airflow/dags/dag.py
[2026-01-30T09:37:59.864+0530] {processor.py:914} INFO - Processing file /home/hp/Desktop/Bigdata_project/BigData-Project/airflow/dags/dag.py for tasks to queue
[2026-01-30T09:37:59.866+0530] {logging_mixin.py:190} INFO - [2026-01-30T09:37:59.866+0530] {dagbag.py:588} INFO - Filling up the DagBag from /home/hp/Desktop/Bigdata_project/BigData-Project/airflow/dags/dag.py
[2026-01-30T09:37:59.880+0530] {processor.py:925} INFO - DAG(s) 'weather_system_pipeline_finally' retrieved from /home/hp/Desktop/Bigdata_project/BigData-Project/airflow/dags/dag.py
[2026-01-30T09:37:59.901+0530] {logging_mixin.py:190} INFO - [2026-01-30T09:37:59.901+0530] {dag.py:3239} INFO - Sync 1 DAGs
[2026-01-30T09:38:00.010+0530] {logging_mixin.py:190} INFO - [2026-01-30T09:38:00.010+0530] {dag.py:4180} INFO - Setting next_dagrun for weather_system_pipeline_finally to 2026-01-30 00:00:00+00:00, run_after=2026-01-31 00:00:00+00:00
[2026-01-30T09:38:00.032+0530] {processor.py:208} INFO - Processing /home/hp/Desktop/Bigdata_project/BigData-Project/airflow/dags/dag.py took 0.175 seconds
[2026-01-30T09:38:35.223+0530] {processor.py:186} INFO - Started process (PID=11988) to work on /home/hp/Desktop/Bigdata_project/BigData-Project/airflow/dags/dag.py
[2026-01-30T09:38:35.224+0530] {processor.py:914} INFO - Processing file /home/hp/Desktop/Bigdata_project/BigData-Project/airflow/dags/dag.py for tasks to queue
[2026-01-30T09:38:35.227+0530] {logging_mixin.py:190} INFO - [2026-01-30T09:38:35.226+0530] {dagbag.py:588} INFO - Filling up the DagBag from /home/hp/Desktop/Bigdata_project/BigData-Project/airflow/dags/dag.py
[2026-01-30T09:38:35.236+0530] {processor.py:925} INFO - DAG(s) 'weather_system_pipeline_finally' retrieved from /home/hp/Desktop/Bigdata_project/BigData-Project/airflow/dags/dag.py
[2026-01-30T09:38:35.253+0530] {logging_mixin.py:190} INFO - [2026-01-30T09:38:35.252+0530] {dag.py:3239} INFO - Sync 1 DAGs
[2026-01-30T09:38:35.345+0530] {logging_mixin.py:190} INFO - [2026-01-30T09:38:35.344+0530] {dag.py:4180} INFO - Setting next_dagrun for weather_system_pipeline_finally to 2026-01-30 00:00:00+00:00, run_after=2026-01-31 00:00:00+00:00
[2026-01-30T09:38:35.364+0530] {processor.py:208} INFO - Processing /home/hp/Desktop/Bigdata_project/BigData-Project/airflow/dags/dag.py took 0.145 seconds
[2026-01-30T09:39:23.873+0530] {processor.py:186} INFO - Started process (PID=13054) to work on /home/hp/Desktop/Bigdata_project/BigData-Project/airflow/dags/dag.py
[2026-01-30T09:39:23.874+0530] {processor.py:914} INFO - Processing file /home/hp/Desktop/Bigdata_project/BigData-Project/airflow/dags/dag.py for tasks to queue
[2026-01-30T09:39:23.876+0530] {logging_mixin.py:190} INFO - [2026-01-30T09:39:23.876+0530] {dagbag.py:588} INFO - Filling up the DagBag from /home/hp/Desktop/Bigdata_project/BigData-Project/airflow/dags/dag.py
[2026-01-30T09:39:23.885+0530] {processor.py:925} INFO - DAG(s) 'weather_system_pipeline_finally' retrieved from /home/hp/Desktop/Bigdata_project/BigData-Project/airflow/dags/dag.py
[2026-01-30T09:39:23.901+0530] {logging_mixin.py:190} INFO - [2026-01-30T09:39:23.901+0530] {dag.py:3239} INFO - Sync 1 DAGs
[2026-01-30T09:39:23.993+0530] {logging_mixin.py:190} INFO - [2026-01-30T09:39:23.993+0530] {dag.py:4180} INFO - Setting next_dagrun for weather_system_pipeline_finally to 2026-01-30 00:00:00+00:00, run_after=2026-01-31 00:00:00+00:00
[2026-01-30T09:39:24.012+0530] {processor.py:208} INFO - Processing /home/hp/Desktop/Bigdata_project/BigData-Project/airflow/dags/dag.py took 0.144 seconds
[2026-01-30T09:39:55.098+0530] {processor.py:186} INFO - Started process (PID=13164) to work on /home/hp/Desktop/Bigdata_project/BigData-Project/airflow/dags/dag.py
[2026-01-30T09:39:55.104+0530] {processor.py:914} INFO - Processing file /home/hp/Desktop/Bigdata_project/BigData-Project/airflow/dags/dag.py for tasks to queue
[2026-01-30T09:39:55.106+0530] {logging_mixin.py:190} INFO - [2026-01-30T09:39:55.105+0530] {dagbag.py:588} INFO - Filling up the DagBag from /home/hp/Desktop/Bigdata_project/BigData-Project/airflow/dags/dag.py
[2026-01-30T09:39:55.116+0530] {processor.py:925} INFO - DAG(s) 'weather_system_pipeline_finally' retrieved from /home/hp/Desktop/Bigdata_project/BigData-Project/airflow/dags/dag.py
[2026-01-30T09:39:55.132+0530] {logging_mixin.py:190} INFO - [2026-01-30T09:39:55.132+0530] {dag.py:3239} INFO - Sync 1 DAGs
[2026-01-30T09:39:55.224+0530] {logging_mixin.py:190} INFO - [2026-01-30T09:39:55.224+0530] {dag.py:4180} INFO - Setting next_dagrun for weather_system_pipeline_finally to 2026-01-30 00:00:00+00:00, run_after=2026-01-31 00:00:00+00:00
[2026-01-30T09:39:55.243+0530] {processor.py:208} INFO - Processing /home/hp/Desktop/Bigdata_project/BigData-Project/airflow/dags/dag.py took 0.150 seconds
[2026-01-30T09:40:25.331+0530] {processor.py:186} INFO - Started process (PID=13231) to work on /home/hp/Desktop/Bigdata_project/BigData-Project/airflow/dags/dag.py
[2026-01-30T09:40:25.332+0530] {processor.py:914} INFO - Processing file /home/hp/Desktop/Bigdata_project/BigData-Project/airflow/dags/dag.py for tasks to queue
[2026-01-30T09:40:25.334+0530] {logging_mixin.py:190} INFO - [2026-01-30T09:40:25.334+0530] {dagbag.py:588} INFO - Filling up the DagBag from /home/hp/Desktop/Bigdata_project/BigData-Project/airflow/dags/dag.py
[2026-01-30T09:40:25.344+0530] {processor.py:925} INFO - DAG(s) 'weather_system_pipeline_finally' retrieved from /home/hp/Desktop/Bigdata_project/BigData-Project/airflow/dags/dag.py
[2026-01-30T09:40:25.362+0530] {logging_mixin.py:190} INFO - [2026-01-30T09:40:25.362+0530] {dag.py:3239} INFO - Sync 1 DAGs
[2026-01-30T09:40:25.452+0530] {logging_mixin.py:190} INFO - [2026-01-30T09:40:25.452+0530] {dag.py:4180} INFO - Setting next_dagrun for weather_system_pipeline_finally to 2026-01-30 00:00:00+00:00, run_after=2026-01-31 00:00:00+00:00
[2026-01-30T09:40:25.472+0530] {processor.py:208} INFO - Processing /home/hp/Desktop/Bigdata_project/BigData-Project/airflow/dags/dag.py took 0.146 seconds
[2026-01-30T09:40:55.611+0530] {processor.py:186} INFO - Started process (PID=13284) to work on /home/hp/Desktop/Bigdata_project/BigData-Project/airflow/dags/dag.py
[2026-01-30T09:40:55.617+0530] {processor.py:914} INFO - Processing file /home/hp/Desktop/Bigdata_project/BigData-Project/airflow/dags/dag.py for tasks to queue
[2026-01-30T09:40:55.618+0530] {logging_mixin.py:190} INFO - [2026-01-30T09:40:55.618+0530] {dagbag.py:588} INFO - Filling up the DagBag from /home/hp/Desktop/Bigdata_project/BigData-Project/airflow/dags/dag.py
[2026-01-30T09:40:55.629+0530] {processor.py:925} INFO - DAG(s) 'weather_system_pipeline_finally' retrieved from /home/hp/Desktop/Bigdata_project/BigData-Project/airflow/dags/dag.py
[2026-01-30T09:40:55.724+0530] {logging_mixin.py:190} INFO - [2026-01-30T09:40:55.724+0530] {dag.py:3239} INFO - Sync 1 DAGs
[2026-01-30T09:40:55.739+0530] {logging_mixin.py:190} INFO - [2026-01-30T09:40:55.738+0530] {dag.py:4180} INFO - Setting next_dagrun for weather_system_pipeline_finally to 2026-01-30 00:00:00+00:00, run_after=2026-01-31 00:00:00+00:00
[2026-01-30T09:40:55.758+0530] {processor.py:208} INFO - Processing /home/hp/Desktop/Bigdata_project/BigData-Project/airflow/dags/dag.py took 0.153 seconds
[2026-01-30T09:41:25.890+0530] {processor.py:186} INFO - Started process (PID=13354) to work on /home/hp/Desktop/Bigdata_project/BigData-Project/airflow/dags/dag.py
[2026-01-30T09:41:25.896+0530] {processor.py:914} INFO - Processing file /home/hp/Desktop/Bigdata_project/BigData-Project/airflow/dags/dag.py for tasks to queue
[2026-01-30T09:41:25.898+0530] {logging_mixin.py:190} INFO - [2026-01-30T09:41:25.898+0530] {dagbag.py:588} INFO - Filling up the DagBag from /home/hp/Desktop/Bigdata_project/BigData-Project/airflow/dags/dag.py
[2026-01-30T09:41:25.908+0530] {processor.py:925} INFO - DAG(s) 'weather_system_pipeline_finally' retrieved from /home/hp/Desktop/Bigdata_project/BigData-Project/airflow/dags/dag.py
[2026-01-30T09:41:25.925+0530] {logging_mixin.py:190} INFO - [2026-01-30T09:41:25.925+0530] {dag.py:3239} INFO - Sync 1 DAGs
[2026-01-30T09:41:25.940+0530] {logging_mixin.py:190} INFO - [2026-01-30T09:41:25.940+0530] {dag.py:4180} INFO - Setting next_dagrun for weather_system_pipeline_finally to 2026-01-30 00:00:00+00:00, run_after=2026-01-31 00:00:00+00:00
[2026-01-30T09:41:25.955+0530] {processor.py:208} INFO - Processing /home/hp/Desktop/Bigdata_project/BigData-Project/airflow/dags/dag.py took 0.071 seconds
[2026-01-30T09:41:56.165+0530] {processor.py:186} INFO - Started process (PID=13406) to work on /home/hp/Desktop/Bigdata_project/BigData-Project/airflow/dags/dag.py
[2026-01-30T09:41:56.171+0530] {processor.py:914} INFO - Processing file /home/hp/Desktop/Bigdata_project/BigData-Project/airflow/dags/dag.py for tasks to queue
[2026-01-30T09:41:56.174+0530] {logging_mixin.py:190} INFO - [2026-01-30T09:41:56.173+0530] {dagbag.py:588} INFO - Filling up the DagBag from /home/hp/Desktop/Bigdata_project/BigData-Project/airflow/dags/dag.py
[2026-01-30T09:41:56.183+0530] {processor.py:925} INFO - DAG(s) 'weather_system_pipeline_finally' retrieved from /home/hp/Desktop/Bigdata_project/BigData-Project/airflow/dags/dag.py
[2026-01-30T09:41:56.200+0530] {logging_mixin.py:190} INFO - [2026-01-30T09:41:56.199+0530] {dag.py:3239} INFO - Sync 1 DAGs
[2026-01-30T09:41:56.215+0530] {logging_mixin.py:190} INFO - [2026-01-30T09:41:56.215+0530] {dag.py:4180} INFO - Setting next_dagrun for weather_system_pipeline_finally to 2026-01-30 00:00:00+00:00, run_after=2026-01-31 00:00:00+00:00
[2026-01-30T09:41:56.230+0530] {processor.py:208} INFO - Processing /home/hp/Desktop/Bigdata_project/BigData-Project/airflow/dags/dag.py took 0.071 seconds
[2026-01-30T09:42:26.431+0530] {processor.py:186} INFO - Started process (PID=13476) to work on /home/hp/Desktop/Bigdata_project/BigData-Project/airflow/dags/dag.py
[2026-01-30T09:42:26.437+0530] {processor.py:914} INFO - Processing file /home/hp/Desktop/Bigdata_project/BigData-Project/airflow/dags/dag.py for tasks to queue
[2026-01-30T09:42:26.440+0530] {logging_mixin.py:190} INFO - [2026-01-30T09:42:26.439+0530] {dagbag.py:588} INFO - Filling up the DagBag from /home/hp/Desktop/Bigdata_project/BigData-Project/airflow/dags/dag.py
[2026-01-30T09:42:26.449+0530] {processor.py:925} INFO - DAG(s) 'weather_system_pipeline_finally' retrieved from /home/hp/Desktop/Bigdata_project/BigData-Project/airflow/dags/dag.py
[2026-01-30T09:42:26.466+0530] {logging_mixin.py:190} INFO - [2026-01-30T09:42:26.466+0530] {dag.py:3239} INFO - Sync 1 DAGs
[2026-01-30T09:42:26.482+0530] {logging_mixin.py:190} INFO - [2026-01-30T09:42:26.482+0530] {dag.py:4180} INFO - Setting next_dagrun for weather_system_pipeline_finally to 2026-01-30 00:00:00+00:00, run_after=2026-01-31 00:00:00+00:00
[2026-01-30T09:42:26.497+0530] {processor.py:208} INFO - Processing /home/hp/Desktop/Bigdata_project/BigData-Project/airflow/dags/dag.py took 0.070 seconds
[2026-01-30T09:42:56.704+0530] {processor.py:186} INFO - Started process (PID=13542) to work on /home/hp/Desktop/Bigdata_project/BigData-Project/airflow/dags/dag.py
[2026-01-30T09:42:56.710+0530] {processor.py:914} INFO - Processing file /home/hp/Desktop/Bigdata_project/BigData-Project/airflow/dags/dag.py for tasks to queue
[2026-01-30T09:42:56.712+0530] {logging_mixin.py:190} INFO - [2026-01-30T09:42:56.711+0530] {dagbag.py:588} INFO - Filling up the DagBag from /home/hp/Desktop/Bigdata_project/BigData-Project/airflow/dags/dag.py
[2026-01-30T09:42:56.721+0530] {processor.py:925} INFO - DAG(s) 'weather_system_pipeline_finally' retrieved from /home/hp/Desktop/Bigdata_project/BigData-Project/airflow/dags/dag.py
[2026-01-30T09:42:56.737+0530] {logging_mixin.py:190} INFO - [2026-01-30T09:42:56.737+0530] {dag.py:3239} INFO - Sync 1 DAGs
[2026-01-30T09:42:56.753+0530] {logging_mixin.py:190} INFO - [2026-01-30T09:42:56.753+0530] {dag.py:4180} INFO - Setting next_dagrun for weather_system_pipeline_finally to 2026-01-30 00:00:00+00:00, run_after=2026-01-31 00:00:00+00:00
[2026-01-30T09:42:56.767+0530] {processor.py:208} INFO - Processing /home/hp/Desktop/Bigdata_project/BigData-Project/airflow/dags/dag.py took 0.069 seconds
[2026-01-30T09:43:26.967+0530] {processor.py:186} INFO - Started process (PID=13686) to work on /home/hp/Desktop/Bigdata_project/BigData-Project/airflow/dags/dag.py
[2026-01-30T09:43:26.973+0530] {processor.py:914} INFO - Processing file /home/hp/Desktop/Bigdata_project/BigData-Project/airflow/dags/dag.py for tasks to queue
[2026-01-30T09:43:26.975+0530] {logging_mixin.py:190} INFO - [2026-01-30T09:43:26.975+0530] {dagbag.py:588} INFO - Filling up the DagBag from /home/hp/Desktop/Bigdata_project/BigData-Project/airflow/dags/dag.py
[2026-01-30T09:43:26.984+0530] {processor.py:925} INFO - DAG(s) 'weather_system_pipeline_finally' retrieved from /home/hp/Desktop/Bigdata_project/BigData-Project/airflow/dags/dag.py
[2026-01-30T09:43:27.000+0530] {logging_mixin.py:190} INFO - [2026-01-30T09:43:26.999+0530] {dag.py:3239} INFO - Sync 1 DAGs
[2026-01-30T09:43:27.015+0530] {logging_mixin.py:190} INFO - [2026-01-30T09:43:27.015+0530] {dag.py:4180} INFO - Setting next_dagrun for weather_system_pipeline_finally to 2026-01-30 00:00:00+00:00, run_after=2026-01-31 00:00:00+00:00
[2026-01-30T09:43:27.030+0530] {processor.py:208} INFO - Processing /home/hp/Desktop/Bigdata_project/BigData-Project/airflow/dags/dag.py took 0.069 seconds
[2026-01-30T09:43:57.225+0530] {processor.py:186} INFO - Started process (PID=13739) to work on /home/hp/Desktop/Bigdata_project/BigData-Project/airflow/dags/dag.py
[2026-01-30T09:43:57.231+0530] {processor.py:914} INFO - Processing file /home/hp/Desktop/Bigdata_project/BigData-Project/airflow/dags/dag.py for tasks to queue
[2026-01-30T09:43:57.233+0530] {logging_mixin.py:190} INFO - [2026-01-30T09:43:57.233+0530] {dagbag.py:588} INFO - Filling up the DagBag from /home/hp/Desktop/Bigdata_project/BigData-Project/airflow/dags/dag.py
[2026-01-30T09:43:57.243+0530] {processor.py:925} INFO - DAG(s) 'weather_system_pipeline_finally' retrieved from /home/hp/Desktop/Bigdata_project/BigData-Project/airflow/dags/dag.py
[2026-01-30T09:43:57.259+0530] {logging_mixin.py:190} INFO - [2026-01-30T09:43:57.259+0530] {dag.py:3239} INFO - Sync 1 DAGs
[2026-01-30T09:43:57.274+0530] {logging_mixin.py:190} INFO - [2026-01-30T09:43:57.273+0530] {dag.py:4180} INFO - Setting next_dagrun for weather_system_pipeline_finally to 2026-01-30 00:00:00+00:00, run_after=2026-01-31 00:00:00+00:00
[2026-01-30T09:43:57.287+0530] {processor.py:208} INFO - Processing /home/hp/Desktop/Bigdata_project/BigData-Project/airflow/dags/dag.py took 0.068 seconds
[2026-01-30T09:44:27.490+0530] {processor.py:186} INFO - Started process (PID=13810) to work on /home/hp/Desktop/Bigdata_project/BigData-Project/airflow/dags/dag.py
[2026-01-30T09:44:27.490+0530] {processor.py:914} INFO - Processing file /home/hp/Desktop/Bigdata_project/BigData-Project/airflow/dags/dag.py for tasks to queue
[2026-01-30T09:44:27.492+0530] {logging_mixin.py:190} INFO - [2026-01-30T09:44:27.492+0530] {dagbag.py:588} INFO - Filling up the DagBag from /home/hp/Desktop/Bigdata_project/BigData-Project/airflow/dags/dag.py
[2026-01-30T09:44:27.502+0530] {processor.py:925} INFO - DAG(s) 'weather_system_pipeline_finally' retrieved from /home/hp/Desktop/Bigdata_project/BigData-Project/airflow/dags/dag.py
[2026-01-30T09:44:27.518+0530] {logging_mixin.py:190} INFO - [2026-01-30T09:44:27.518+0530] {dag.py:3239} INFO - Sync 1 DAGs
[2026-01-30T09:44:27.533+0530] {logging_mixin.py:190} INFO - [2026-01-30T09:44:27.533+0530] {dag.py:4180} INFO - Setting next_dagrun for weather_system_pipeline_finally to 2026-01-30 00:00:00+00:00, run_after=2026-01-31 00:00:00+00:00
[2026-01-30T09:44:27.547+0530] {processor.py:208} INFO - Processing /home/hp/Desktop/Bigdata_project/BigData-Project/airflow/dags/dag.py took 0.063 seconds
[2026-01-30T09:44:57.768+0530] {processor.py:186} INFO - Started process (PID=13863) to work on /home/hp/Desktop/Bigdata_project/BigData-Project/airflow/dags/dag.py
[2026-01-30T09:44:57.774+0530] {processor.py:914} INFO - Processing file /home/hp/Desktop/Bigdata_project/BigData-Project/airflow/dags/dag.py for tasks to queue
[2026-01-30T09:44:57.777+0530] {logging_mixin.py:190} INFO - [2026-01-30T09:44:57.777+0530] {dagbag.py:588} INFO - Filling up the DagBag from /home/hp/Desktop/Bigdata_project/BigData-Project/airflow/dags/dag.py
[2026-01-30T09:44:57.786+0530] {processor.py:925} INFO - DAG(s) 'weather_system_pipeline_finally' retrieved from /home/hp/Desktop/Bigdata_project/BigData-Project/airflow/dags/dag.py
[2026-01-30T09:44:57.802+0530] {logging_mixin.py:190} INFO - [2026-01-30T09:44:57.802+0530] {dag.py:3239} INFO - Sync 1 DAGs
[2026-01-30T09:44:57.817+0530] {logging_mixin.py:190} INFO - [2026-01-30T09:44:57.817+0530] {dag.py:4180} INFO - Setting next_dagrun for weather_system_pipeline_finally to 2026-01-30 00:00:00+00:00, run_after=2026-01-31 00:00:00+00:00
[2026-01-30T09:44:57.831+0530] {processor.py:208} INFO - Processing /home/hp/Desktop/Bigdata_project/BigData-Project/airflow/dags/dag.py took 0.068 seconds
[2026-01-30T09:45:28.045+0530] {processor.py:186} INFO - Started process (PID=13931) to work on /home/hp/Desktop/Bigdata_project/BigData-Project/airflow/dags/dag.py
[2026-01-30T09:45:28.045+0530] {processor.py:914} INFO - Processing file /home/hp/Desktop/Bigdata_project/BigData-Project/airflow/dags/dag.py for tasks to queue
[2026-01-30T09:45:28.047+0530] {logging_mixin.py:190} INFO - [2026-01-30T09:45:28.047+0530] {dagbag.py:588} INFO - Filling up the DagBag from /home/hp/Desktop/Bigdata_project/BigData-Project/airflow/dags/dag.py
[2026-01-30T09:45:28.056+0530] {processor.py:925} INFO - DAG(s) 'weather_system_pipeline_finally' retrieved from /home/hp/Desktop/Bigdata_project/BigData-Project/airflow/dags/dag.py
[2026-01-30T09:45:28.073+0530] {logging_mixin.py:190} INFO - [2026-01-30T09:45:28.072+0530] {dag.py:3239} INFO - Sync 1 DAGs
[2026-01-30T09:45:28.087+0530] {logging_mixin.py:190} INFO - [2026-01-30T09:45:28.087+0530] {dag.py:4180} INFO - Setting next_dagrun for weather_system_pipeline_finally to 2026-01-30 00:00:00+00:00, run_after=2026-01-31 00:00:00+00:00
[2026-01-30T09:45:28.103+0530] {processor.py:208} INFO - Processing /home/hp/Desktop/Bigdata_project/BigData-Project/airflow/dags/dag.py took 0.064 seconds
[2026-01-30T09:45:58.323+0530] {processor.py:186} INFO - Started process (PID=13985) to work on /home/hp/Desktop/Bigdata_project/BigData-Project/airflow/dags/dag.py
[2026-01-30T09:45:58.329+0530] {processor.py:914} INFO - Processing file /home/hp/Desktop/Bigdata_project/BigData-Project/airflow/dags/dag.py for tasks to queue
[2026-01-30T09:45:58.331+0530] {logging_mixin.py:190} INFO - [2026-01-30T09:45:58.331+0530] {dagbag.py:588} INFO - Filling up the DagBag from /home/hp/Desktop/Bigdata_project/BigData-Project/airflow/dags/dag.py
[2026-01-30T09:45:58.341+0530] {processor.py:925} INFO - DAG(s) 'weather_system_pipeline_finally' retrieved from /home/hp/Desktop/Bigdata_project/BigData-Project/airflow/dags/dag.py
[2026-01-30T09:45:58.357+0530] {logging_mixin.py:190} INFO - [2026-01-30T09:45:58.356+0530] {dag.py:3239} INFO - Sync 1 DAGs
[2026-01-30T09:45:58.372+0530] {logging_mixin.py:190} INFO - [2026-01-30T09:45:58.372+0530] {dag.py:4180} INFO - Setting next_dagrun for weather_system_pipeline_finally to 2026-01-30 00:00:00+00:00, run_after=2026-01-31 00:00:00+00:00
[2026-01-30T09:45:58.386+0530] {processor.py:208} INFO - Processing /home/hp/Desktop/Bigdata_project/BigData-Project/airflow/dags/dag.py took 0.069 seconds
[2026-01-30T09:46:28.596+0530] {processor.py:186} INFO - Started process (PID=14035) to work on /home/hp/Desktop/Bigdata_project/BigData-Project/airflow/dags/dag.py
[2026-01-30T09:46:28.602+0530] {processor.py:914} INFO - Processing file /home/hp/Desktop/Bigdata_project/BigData-Project/airflow/dags/dag.py for tasks to queue
[2026-01-30T09:46:28.604+0530] {logging_mixin.py:190} INFO - [2026-01-30T09:46:28.604+0530] {dagbag.py:588} INFO - Filling up the DagBag from /home/hp/Desktop/Bigdata_project/BigData-Project/airflow/dags/dag.py
[2026-01-30T09:46:28.614+0530] {processor.py:925} INFO - DAG(s) 'weather_system_pipeline_finally' retrieved from /home/hp/Desktop/Bigdata_project/BigData-Project/airflow/dags/dag.py
[2026-01-30T09:46:28.630+0530] {logging_mixin.py:190} INFO - [2026-01-30T09:46:28.630+0530] {dag.py:3239} INFO - Sync 1 DAGs
[2026-01-30T09:46:28.645+0530] {logging_mixin.py:190} INFO - [2026-01-30T09:46:28.645+0530] {dag.py:4180} INFO - Setting next_dagrun for weather_system_pipeline_finally to 2026-01-30 00:00:00+00:00, run_after=2026-01-31 00:00:00+00:00
[2026-01-30T09:46:28.659+0530] {processor.py:208} INFO - Processing /home/hp/Desktop/Bigdata_project/BigData-Project/airflow/dags/dag.py took 0.069 seconds
[2026-01-30T09:46:58.871+0530] {processor.py:186} INFO - Started process (PID=14104) to work on /home/hp/Desktop/Bigdata_project/BigData-Project/airflow/dags/dag.py
[2026-01-30T09:46:58.872+0530] {processor.py:914} INFO - Processing file /home/hp/Desktop/Bigdata_project/BigData-Project/airflow/dags/dag.py for tasks to queue
[2026-01-30T09:46:58.874+0530] {logging_mixin.py:190} INFO - [2026-01-30T09:46:58.874+0530] {dagbag.py:588} INFO - Filling up the DagBag from /home/hp/Desktop/Bigdata_project/BigData-Project/airflow/dags/dag.py
[2026-01-30T09:46:58.885+0530] {processor.py:925} INFO - DAG(s) 'weather_system_pipeline_finally' retrieved from /home/hp/Desktop/Bigdata_project/BigData-Project/airflow/dags/dag.py
[2026-01-30T09:46:58.902+0530] {logging_mixin.py:190} INFO - [2026-01-30T09:46:58.901+0530] {dag.py:3239} INFO - Sync 1 DAGs
[2026-01-30T09:46:58.916+0530] {logging_mixin.py:190} INFO - [2026-01-30T09:46:58.916+0530] {dag.py:4180} INFO - Setting next_dagrun for weather_system_pipeline_finally to 2026-01-30 00:00:00+00:00, run_after=2026-01-31 00:00:00+00:00
[2026-01-30T09:46:58.931+0530] {processor.py:208} INFO - Processing /home/hp/Desktop/Bigdata_project/BigData-Project/airflow/dags/dag.py took 0.066 seconds
[2026-01-30T09:47:29.142+0530] {processor.py:186} INFO - Started process (PID=14156) to work on /home/hp/Desktop/Bigdata_project/BigData-Project/airflow/dags/dag.py
[2026-01-30T09:47:29.143+0530] {processor.py:914} INFO - Processing file /home/hp/Desktop/Bigdata_project/BigData-Project/airflow/dags/dag.py for tasks to queue
[2026-01-30T09:47:29.145+0530] {logging_mixin.py:190} INFO - [2026-01-30T09:47:29.145+0530] {dagbag.py:588} INFO - Filling up the DagBag from /home/hp/Desktop/Bigdata_project/BigData-Project/airflow/dags/dag.py
[2026-01-30T09:47:29.154+0530] {processor.py:925} INFO - DAG(s) 'weather_system_pipeline_finally' retrieved from /home/hp/Desktop/Bigdata_project/BigData-Project/airflow/dags/dag.py
[2026-01-30T09:47:29.170+0530] {logging_mixin.py:190} INFO - [2026-01-30T09:47:29.170+0530] {dag.py:3239} INFO - Sync 1 DAGs
[2026-01-30T09:47:29.185+0530] {logging_mixin.py:190} INFO - [2026-01-30T09:47:29.185+0530] {dag.py:4180} INFO - Setting next_dagrun for weather_system_pipeline_finally to 2026-01-30 00:00:00+00:00, run_after=2026-01-31 00:00:00+00:00
[2026-01-30T09:47:29.199+0530] {processor.py:208} INFO - Processing /home/hp/Desktop/Bigdata_project/BigData-Project/airflow/dags/dag.py took 0.063 seconds
[2026-01-30T09:47:59.407+0530] {processor.py:186} INFO - Started process (PID=14297) to work on /home/hp/Desktop/Bigdata_project/BigData-Project/airflow/dags/dag.py
[2026-01-30T09:47:59.414+0530] {processor.py:914} INFO - Processing file /home/hp/Desktop/Bigdata_project/BigData-Project/airflow/dags/dag.py for tasks to queue
[2026-01-30T09:47:59.416+0530] {logging_mixin.py:190} INFO - [2026-01-30T09:47:59.416+0530] {dagbag.py:588} INFO - Filling up the DagBag from /home/hp/Desktop/Bigdata_project/BigData-Project/airflow/dags/dag.py
[2026-01-30T09:47:59.426+0530] {processor.py:925} INFO - DAG(s) 'weather_system_pipeline_finally' retrieved from /home/hp/Desktop/Bigdata_project/BigData-Project/airflow/dags/dag.py
[2026-01-30T09:47:59.442+0530] {logging_mixin.py:190} INFO - [2026-01-30T09:47:59.442+0530] {dag.py:3239} INFO - Sync 1 DAGs
[2026-01-30T09:47:59.457+0530] {logging_mixin.py:190} INFO - [2026-01-30T09:47:59.457+0530] {dag.py:4180} INFO - Setting next_dagrun for weather_system_pipeline_finally to 2026-01-30 00:00:00+00:00, run_after=2026-01-31 00:00:00+00:00
[2026-01-30T09:47:59.471+0530] {processor.py:208} INFO - Processing /home/hp/Desktop/Bigdata_project/BigData-Project/airflow/dags/dag.py took 0.070 seconds
[2026-01-30T09:48:29.683+0530] {processor.py:186} INFO - Started process (PID=14457) to work on /home/hp/Desktop/Bigdata_project/BigData-Project/airflow/dags/dag.py
[2026-01-30T09:48:29.684+0530] {processor.py:914} INFO - Processing file /home/hp/Desktop/Bigdata_project/BigData-Project/airflow/dags/dag.py for tasks to queue
[2026-01-30T09:48:29.685+0530] {logging_mixin.py:190} INFO - [2026-01-30T09:48:29.685+0530] {dagbag.py:588} INFO - Filling up the DagBag from /home/hp/Desktop/Bigdata_project/BigData-Project/airflow/dags/dag.py
[2026-01-30T09:48:29.695+0530] {processor.py:925} INFO - DAG(s) 'weather_system_pipeline_finally' retrieved from /home/hp/Desktop/Bigdata_project/BigData-Project/airflow/dags/dag.py
[2026-01-30T09:48:29.710+0530] {logging_mixin.py:190} INFO - [2026-01-30T09:48:29.710+0530] {dag.py:3239} INFO - Sync 1 DAGs
[2026-01-30T09:48:29.725+0530] {logging_mixin.py:190} INFO - [2026-01-30T09:48:29.725+0530] {dag.py:4180} INFO - Setting next_dagrun for weather_system_pipeline_finally to 2026-01-30 00:00:00+00:00, run_after=2026-01-31 00:00:00+00:00
[2026-01-30T09:48:29.739+0530] {processor.py:208} INFO - Processing /home/hp/Desktop/Bigdata_project/BigData-Project/airflow/dags/dag.py took 0.062 seconds
[2026-01-30T09:48:59.959+0530] {processor.py:186} INFO - Started process (PID=14526) to work on /home/hp/Desktop/Bigdata_project/BigData-Project/airflow/dags/dag.py
[2026-01-30T09:48:59.966+0530] {processor.py:914} INFO - Processing file /home/hp/Desktop/Bigdata_project/BigData-Project/airflow/dags/dag.py for tasks to queue
[2026-01-30T09:48:59.968+0530] {logging_mixin.py:190} INFO - [2026-01-30T09:48:59.968+0530] {dagbag.py:588} INFO - Filling up the DagBag from /home/hp/Desktop/Bigdata_project/BigData-Project/airflow/dags/dag.py
[2026-01-30T09:48:59.978+0530] {processor.py:925} INFO - DAG(s) 'weather_system_pipeline_finally' retrieved from /home/hp/Desktop/Bigdata_project/BigData-Project/airflow/dags/dag.py
[2026-01-30T09:48:59.994+0530] {logging_mixin.py:190} INFO - [2026-01-30T09:48:59.994+0530] {dag.py:3239} INFO - Sync 1 DAGs
[2026-01-30T09:49:00.011+0530] {logging_mixin.py:190} INFO - [2026-01-30T09:49:00.010+0530] {dag.py:4180} INFO - Setting next_dagrun for weather_system_pipeline_finally to 2026-01-30 00:00:00+00:00, run_after=2026-01-31 00:00:00+00:00
[2026-01-30T09:49:00.024+0530] {processor.py:208} INFO - Processing /home/hp/Desktop/Bigdata_project/BigData-Project/airflow/dags/dag.py took 0.071 seconds
[2026-01-30T09:49:30.232+0530] {processor.py:186} INFO - Started process (PID=14582) to work on /home/hp/Desktop/Bigdata_project/BigData-Project/airflow/dags/dag.py
[2026-01-30T09:49:30.233+0530] {processor.py:914} INFO - Processing file /home/hp/Desktop/Bigdata_project/BigData-Project/airflow/dags/dag.py for tasks to queue
[2026-01-30T09:49:30.234+0530] {logging_mixin.py:190} INFO - [2026-01-30T09:49:30.234+0530] {dagbag.py:588} INFO - Filling up the DagBag from /home/hp/Desktop/Bigdata_project/BigData-Project/airflow/dags/dag.py
[2026-01-30T09:49:30.244+0530] {processor.py:925} INFO - DAG(s) 'weather_system_pipeline_finally' retrieved from /home/hp/Desktop/Bigdata_project/BigData-Project/airflow/dags/dag.py
[2026-01-30T09:49:30.260+0530] {logging_mixin.py:190} INFO - [2026-01-30T09:49:30.259+0530] {dag.py:3239} INFO - Sync 1 DAGs
[2026-01-30T09:49:30.275+0530] {logging_mixin.py:190} INFO - [2026-01-30T09:49:30.275+0530] {dag.py:4180} INFO - Setting next_dagrun for weather_system_pipeline_finally to 2026-01-30 00:00:00+00:00, run_after=2026-01-31 00:00:00+00:00
[2026-01-30T09:49:30.289+0530] {processor.py:208} INFO - Processing /home/hp/Desktop/Bigdata_project/BigData-Project/airflow/dags/dag.py took 0.063 seconds
[2026-01-30T09:50:00.500+0530] {processor.py:186} INFO - Started process (PID=14650) to work on /home/hp/Desktop/Bigdata_project/BigData-Project/airflow/dags/dag.py
[2026-01-30T09:50:00.506+0530] {processor.py:914} INFO - Processing file /home/hp/Desktop/Bigdata_project/BigData-Project/airflow/dags/dag.py for tasks to queue
[2026-01-30T09:50:00.509+0530] {logging_mixin.py:190} INFO - [2026-01-30T09:50:00.509+0530] {dagbag.py:588} INFO - Filling up the DagBag from /home/hp/Desktop/Bigdata_project/BigData-Project/airflow/dags/dag.py
[2026-01-30T09:50:00.519+0530] {processor.py:925} INFO - DAG(s) 'weather_system_pipeline_finally' retrieved from /home/hp/Desktop/Bigdata_project/BigData-Project/airflow/dags/dag.py
[2026-01-30T09:50:00.534+0530] {logging_mixin.py:190} INFO - [2026-01-30T09:50:00.534+0530] {dag.py:3239} INFO - Sync 1 DAGs
[2026-01-30T09:50:00.549+0530] {logging_mixin.py:190} INFO - [2026-01-30T09:50:00.549+0530] {dag.py:4180} INFO - Setting next_dagrun for weather_system_pipeline_finally to 2026-01-30 00:00:00+00:00, run_after=2026-01-31 00:00:00+00:00
[2026-01-30T09:50:00.564+0530] {processor.py:208} INFO - Processing /home/hp/Desktop/Bigdata_project/BigData-Project/airflow/dags/dag.py took 0.070 seconds
[2026-01-30T09:50:30.774+0530] {processor.py:186} INFO - Started process (PID=14703) to work on /home/hp/Desktop/Bigdata_project/BigData-Project/airflow/dags/dag.py
[2026-01-30T09:50:30.775+0530] {processor.py:914} INFO - Processing file /home/hp/Desktop/Bigdata_project/BigData-Project/airflow/dags/dag.py for tasks to queue
[2026-01-30T09:50:30.776+0530] {logging_mixin.py:190} INFO - [2026-01-30T09:50:30.776+0530] {dagbag.py:588} INFO - Filling up the DagBag from /home/hp/Desktop/Bigdata_project/BigData-Project/airflow/dags/dag.py
[2026-01-30T09:50:30.786+0530] {processor.py:925} INFO - DAG(s) 'weather_system_pipeline_finally' retrieved from /home/hp/Desktop/Bigdata_project/BigData-Project/airflow/dags/dag.py
[2026-01-30T09:50:30.803+0530] {logging_mixin.py:190} INFO - [2026-01-30T09:50:30.803+0530] {dag.py:3239} INFO - Sync 1 DAGs
[2026-01-30T09:50:30.818+0530] {logging_mixin.py:190} INFO - [2026-01-30T09:50:30.817+0530] {dag.py:4180} INFO - Setting next_dagrun for weather_system_pipeline_finally to 2026-01-30 00:00:00+00:00, run_after=2026-01-31 00:00:00+00:00
[2026-01-30T09:50:30.832+0530] {processor.py:208} INFO - Processing /home/hp/Desktop/Bigdata_project/BigData-Project/airflow/dags/dag.py took 0.063 seconds
[2026-01-30T09:51:01.048+0530] {processor.py:186} INFO - Started process (PID=14774) to work on /home/hp/Desktop/Bigdata_project/BigData-Project/airflow/dags/dag.py
[2026-01-30T09:51:01.049+0530] {processor.py:914} INFO - Processing file /home/hp/Desktop/Bigdata_project/BigData-Project/airflow/dags/dag.py for tasks to queue
[2026-01-30T09:51:01.051+0530] {logging_mixin.py:190} INFO - [2026-01-30T09:51:01.051+0530] {dagbag.py:588} INFO - Filling up the DagBag from /home/hp/Desktop/Bigdata_project/BigData-Project/airflow/dags/dag.py
[2026-01-30T09:51:01.061+0530] {processor.py:925} INFO - DAG(s) 'weather_system_pipeline_finally' retrieved from /home/hp/Desktop/Bigdata_project/BigData-Project/airflow/dags/dag.py
[2026-01-30T09:51:01.077+0530] {logging_mixin.py:190} INFO - [2026-01-30T09:51:01.077+0530] {dag.py:3239} INFO - Sync 1 DAGs
[2026-01-30T09:51:01.092+0530] {logging_mixin.py:190} INFO - [2026-01-30T09:51:01.092+0530] {dag.py:4180} INFO - Setting next_dagrun for weather_system_pipeline_finally to 2026-01-30 00:00:00+00:00, run_after=2026-01-31 00:00:00+00:00
[2026-01-30T09:51:01.107+0530] {processor.py:208} INFO - Processing /home/hp/Desktop/Bigdata_project/BigData-Project/airflow/dags/dag.py took 0.065 seconds
[2026-01-30T09:51:31.309+0530] {processor.py:186} INFO - Started process (PID=14826) to work on /home/hp/Desktop/Bigdata_project/BigData-Project/airflow/dags/dag.py
[2026-01-30T09:51:31.310+0530] {processor.py:914} INFO - Processing file /home/hp/Desktop/Bigdata_project/BigData-Project/airflow/dags/dag.py for tasks to queue
[2026-01-30T09:51:31.312+0530] {logging_mixin.py:190} INFO - [2026-01-30T09:51:31.312+0530] {dagbag.py:588} INFO - Filling up the DagBag from /home/hp/Desktop/Bigdata_project/BigData-Project/airflow/dags/dag.py
[2026-01-30T09:51:31.322+0530] {processor.py:925} INFO - DAG(s) 'weather_system_pipeline_finally' retrieved from /home/hp/Desktop/Bigdata_project/BigData-Project/airflow/dags/dag.py
[2026-01-30T09:51:31.338+0530] {logging_mixin.py:190} INFO - [2026-01-30T09:51:31.338+0530] {dag.py:3239} INFO - Sync 1 DAGs
[2026-01-30T09:51:31.353+0530] {logging_mixin.py:190} INFO - [2026-01-30T09:51:31.353+0530] {dag.py:4180} INFO - Setting next_dagrun for weather_system_pipeline_finally to 2026-01-30 00:00:00+00:00, run_after=2026-01-31 00:00:00+00:00
[2026-01-30T09:51:31.369+0530] {processor.py:208} INFO - Processing /home/hp/Desktop/Bigdata_project/BigData-Project/airflow/dags/dag.py took 0.065 seconds
[2026-01-30T09:52:01.624+0530] {processor.py:186} INFO - Started process (PID=14893) to work on /home/hp/Desktop/Bigdata_project/BigData-Project/airflow/dags/dag.py
[2026-01-30T09:52:01.630+0530] {processor.py:914} INFO - Processing file /home/hp/Desktop/Bigdata_project/BigData-Project/airflow/dags/dag.py for tasks to queue
[2026-01-30T09:52:01.633+0530] {logging_mixin.py:190} INFO - [2026-01-30T09:52:01.632+0530] {dagbag.py:588} INFO - Filling up the DagBag from /home/hp/Desktop/Bigdata_project/BigData-Project/airflow/dags/dag.py
[2026-01-30T09:52:01.643+0530] {processor.py:925} INFO - DAG(s) 'weather_system_pipeline_finally' retrieved from /home/hp/Desktop/Bigdata_project/BigData-Project/airflow/dags/dag.py
[2026-01-30T09:52:01.659+0530] {logging_mixin.py:190} INFO - [2026-01-30T09:52:01.659+0530] {dag.py:3239} INFO - Sync 1 DAGs
[2026-01-30T09:52:01.674+0530] {logging_mixin.py:190} INFO - [2026-01-30T09:52:01.674+0530] {dag.py:4180} INFO - Setting next_dagrun for weather_system_pipeline_finally to 2026-01-30 00:00:00+00:00, run_after=2026-01-31 00:00:00+00:00
[2026-01-30T09:52:01.691+0530] {processor.py:208} INFO - Processing /home/hp/Desktop/Bigdata_project/BigData-Project/airflow/dags/dag.py took 0.073 seconds
[2026-01-30T09:52:31.978+0530] {processor.py:186} INFO - Started process (PID=14958) to work on /home/hp/Desktop/Bigdata_project/BigData-Project/airflow/dags/dag.py
[2026-01-30T09:52:31.984+0530] {processor.py:914} INFO - Processing file /home/hp/Desktop/Bigdata_project/BigData-Project/airflow/dags/dag.py for tasks to queue
[2026-01-30T09:52:31.986+0530] {logging_mixin.py:190} INFO - [2026-01-30T09:52:31.986+0530] {dagbag.py:588} INFO - Filling up the DagBag from /home/hp/Desktop/Bigdata_project/BigData-Project/airflow/dags/dag.py
[2026-01-30T09:52:31.996+0530] {processor.py:925} INFO - DAG(s) 'weather_system_pipeline_finally' retrieved from /home/hp/Desktop/Bigdata_project/BigData-Project/airflow/dags/dag.py
[2026-01-30T09:52:32.012+0530] {logging_mixin.py:190} INFO - [2026-01-30T09:52:32.012+0530] {dag.py:3239} INFO - Sync 1 DAGs
[2026-01-30T09:52:32.028+0530] {logging_mixin.py:190} INFO - [2026-01-30T09:52:32.027+0530] {dag.py:4180} INFO - Setting next_dagrun for weather_system_pipeline_finally to 2026-01-30 00:00:00+00:00, run_after=2026-01-31 00:00:00+00:00
[2026-01-30T09:52:32.042+0530] {processor.py:208} INFO - Processing /home/hp/Desktop/Bigdata_project/BigData-Project/airflow/dags/dag.py took 0.070 seconds
[2026-01-30T09:53:02.342+0530] {processor.py:186} INFO - Started process (PID=15027) to work on /home/hp/Desktop/Bigdata_project/BigData-Project/airflow/dags/dag.py
[2026-01-30T09:53:02.348+0530] {processor.py:914} INFO - Processing file /home/hp/Desktop/Bigdata_project/BigData-Project/airflow/dags/dag.py for tasks to queue
[2026-01-30T09:53:02.351+0530] {logging_mixin.py:190} INFO - [2026-01-30T09:53:02.350+0530] {dagbag.py:588} INFO - Filling up the DagBag from /home/hp/Desktop/Bigdata_project/BigData-Project/airflow/dags/dag.py
[2026-01-30T09:53:02.360+0530] {processor.py:925} INFO - DAG(s) 'weather_system_pipeline_finally' retrieved from /home/hp/Desktop/Bigdata_project/BigData-Project/airflow/dags/dag.py
[2026-01-30T09:53:02.376+0530] {logging_mixin.py:190} INFO - [2026-01-30T09:53:02.376+0530] {dag.py:3239} INFO - Sync 1 DAGs
[2026-01-30T09:53:02.392+0530] {logging_mixin.py:190} INFO - [2026-01-30T09:53:02.392+0530] {dag.py:4180} INFO - Setting next_dagrun for weather_system_pipeline_finally to 2026-01-30 00:00:00+00:00, run_after=2026-01-31 00:00:00+00:00
[2026-01-30T09:53:02.406+0530] {processor.py:208} INFO - Processing /home/hp/Desktop/Bigdata_project/BigData-Project/airflow/dags/dag.py took 0.069 seconds
[2026-01-30T09:53:32.714+0530] {processor.py:186} INFO - Started process (PID=15135) to work on /home/hp/Desktop/Bigdata_project/BigData-Project/airflow/dags/dag.py
[2026-01-30T09:53:32.720+0530] {processor.py:914} INFO - Processing file /home/hp/Desktop/Bigdata_project/BigData-Project/airflow/dags/dag.py for tasks to queue
[2026-01-30T09:53:32.722+0530] {logging_mixin.py:190} INFO - [2026-01-30T09:53:32.722+0530] {dagbag.py:588} INFO - Filling up the DagBag from /home/hp/Desktop/Bigdata_project/BigData-Project/airflow/dags/dag.py
[2026-01-30T09:53:32.732+0530] {processor.py:925} INFO - DAG(s) 'weather_system_pipeline_finally' retrieved from /home/hp/Desktop/Bigdata_project/BigData-Project/airflow/dags/dag.py
[2026-01-30T09:53:32.748+0530] {logging_mixin.py:190} INFO - [2026-01-30T09:53:32.748+0530] {dag.py:3239} INFO - Sync 1 DAGs
[2026-01-30T09:53:32.763+0530] {logging_mixin.py:190} INFO - [2026-01-30T09:53:32.763+0530] {dag.py:4180} INFO - Setting next_dagrun for weather_system_pipeline_finally to 2026-01-30 00:00:00+00:00, run_after=2026-01-31 00:00:00+00:00
[2026-01-30T09:53:32.777+0530] {processor.py:208} INFO - Processing /home/hp/Desktop/Bigdata_project/BigData-Project/airflow/dags/dag.py took 0.069 seconds
[2026-01-30T09:54:03.080+0530] {processor.py:186} INFO - Started process (PID=15203) to work on /home/hp/Desktop/Bigdata_project/BigData-Project/airflow/dags/dag.py
[2026-01-30T09:54:03.087+0530] {processor.py:914} INFO - Processing file /home/hp/Desktop/Bigdata_project/BigData-Project/airflow/dags/dag.py for tasks to queue
[2026-01-30T09:54:03.089+0530] {logging_mixin.py:190} INFO - [2026-01-30T09:54:03.089+0530] {dagbag.py:588} INFO - Filling up the DagBag from /home/hp/Desktop/Bigdata_project/BigData-Project/airflow/dags/dag.py
[2026-01-30T09:54:03.099+0530] {processor.py:925} INFO - DAG(s) 'weather_system_pipeline_finally' retrieved from /home/hp/Desktop/Bigdata_project/BigData-Project/airflow/dags/dag.py
[2026-01-30T09:54:03.115+0530] {logging_mixin.py:190} INFO - [2026-01-30T09:54:03.115+0530] {dag.py:3239} INFO - Sync 1 DAGs
[2026-01-30T09:54:03.130+0530] {logging_mixin.py:190} INFO - [2026-01-30T09:54:03.130+0530] {dag.py:4180} INFO - Setting next_dagrun for weather_system_pipeline_finally to 2026-01-30 00:00:00+00:00, run_after=2026-01-31 00:00:00+00:00
[2026-01-30T09:54:03.144+0530] {processor.py:208} INFO - Processing /home/hp/Desktop/Bigdata_project/BigData-Project/airflow/dags/dag.py took 0.069 seconds
[2026-01-30T09:54:33.335+0530] {processor.py:186} INFO - Started process (PID=15255) to work on /home/hp/Desktop/Bigdata_project/BigData-Project/airflow/dags/dag.py
[2026-01-30T09:54:33.336+0530] {processor.py:914} INFO - Processing file /home/hp/Desktop/Bigdata_project/BigData-Project/airflow/dags/dag.py for tasks to queue
[2026-01-30T09:54:33.337+0530] {logging_mixin.py:190} INFO - [2026-01-30T09:54:33.337+0530] {dagbag.py:588} INFO - Filling up the DagBag from /home/hp/Desktop/Bigdata_project/BigData-Project/airflow/dags/dag.py
[2026-01-30T09:54:33.347+0530] {processor.py:925} INFO - DAG(s) 'weather_system_pipeline_finally' retrieved from /home/hp/Desktop/Bigdata_project/BigData-Project/airflow/dags/dag.py
[2026-01-30T09:54:33.364+0530] {logging_mixin.py:190} INFO - [2026-01-30T09:54:33.364+0530] {dag.py:3239} INFO - Sync 1 DAGs
[2026-01-30T09:54:33.379+0530] {logging_mixin.py:190} INFO - [2026-01-30T09:54:33.379+0530] {dag.py:4180} INFO - Setting next_dagrun for weather_system_pipeline_finally to 2026-01-30 00:00:00+00:00, run_after=2026-01-31 00:00:00+00:00
[2026-01-30T09:54:33.394+0530] {processor.py:208} INFO - Processing /home/hp/Desktop/Bigdata_project/BigData-Project/airflow/dags/dag.py took 0.064 seconds
[2026-01-30T09:55:03.614+0530] {processor.py:186} INFO - Started process (PID=15322) to work on /home/hp/Desktop/Bigdata_project/BigData-Project/airflow/dags/dag.py
[2026-01-30T09:55:03.620+0530] {processor.py:914} INFO - Processing file /home/hp/Desktop/Bigdata_project/BigData-Project/airflow/dags/dag.py for tasks to queue
[2026-01-30T09:55:03.623+0530] {logging_mixin.py:190} INFO - [2026-01-30T09:55:03.623+0530] {dagbag.py:588} INFO - Filling up the DagBag from /home/hp/Desktop/Bigdata_project/BigData-Project/airflow/dags/dag.py
[2026-01-30T09:55:03.632+0530] {processor.py:925} INFO - DAG(s) 'weather_system_pipeline_finally' retrieved from /home/hp/Desktop/Bigdata_project/BigData-Project/airflow/dags/dag.py
[2026-01-30T09:55:03.648+0530] {logging_mixin.py:190} INFO - [2026-01-30T09:55:03.648+0530] {dag.py:3239} INFO - Sync 1 DAGs
[2026-01-30T09:55:03.662+0530] {logging_mixin.py:190} INFO - [2026-01-30T09:55:03.662+0530] {dag.py:4180} INFO - Setting next_dagrun for weather_system_pipeline_finally to 2026-01-30 00:00:00+00:00, run_after=2026-01-31 00:00:00+00:00
[2026-01-30T09:55:03.676+0530] {processor.py:208} INFO - Processing /home/hp/Desktop/Bigdata_project/BigData-Project/airflow/dags/dag.py took 0.067 seconds
[2026-01-30T09:55:33.887+0530] {processor.py:186} INFO - Started process (PID=15374) to work on /home/hp/Desktop/Bigdata_project/BigData-Project/airflow/dags/dag.py
[2026-01-30T09:55:33.893+0530] {processor.py:914} INFO - Processing file /home/hp/Desktop/Bigdata_project/BigData-Project/airflow/dags/dag.py for tasks to queue
[2026-01-30T09:55:33.895+0530] {logging_mixin.py:190} INFO - [2026-01-30T09:55:33.895+0530] {dagbag.py:588} INFO - Filling up the DagBag from /home/hp/Desktop/Bigdata_project/BigData-Project/airflow/dags/dag.py
[2026-01-30T09:55:33.905+0530] {processor.py:925} INFO - DAG(s) 'weather_system_pipeline_finally' retrieved from /home/hp/Desktop/Bigdata_project/BigData-Project/airflow/dags/dag.py
[2026-01-30T09:55:33.920+0530] {logging_mixin.py:190} INFO - [2026-01-30T09:55:33.920+0530] {dag.py:3239} INFO - Sync 1 DAGs
[2026-01-30T09:55:33.935+0530] {logging_mixin.py:190} INFO - [2026-01-30T09:55:33.935+0530] {dag.py:4180} INFO - Setting next_dagrun for weather_system_pipeline_finally to 2026-01-30 00:00:00+00:00, run_after=2026-01-31 00:00:00+00:00
[2026-01-30T09:55:33.950+0530] {processor.py:208} INFO - Processing /home/hp/Desktop/Bigdata_project/BigData-Project/airflow/dags/dag.py took 0.069 seconds
[2026-01-30T09:56:04.174+0530] {processor.py:186} INFO - Started process (PID=15540) to work on /home/hp/Desktop/Bigdata_project/BigData-Project/airflow/dags/dag.py
[2026-01-30T09:56:04.180+0530] {processor.py:914} INFO - Processing file /home/hp/Desktop/Bigdata_project/BigData-Project/airflow/dags/dag.py for tasks to queue
[2026-01-30T09:56:04.182+0530] {logging_mixin.py:190} INFO - [2026-01-30T09:56:04.181+0530] {dagbag.py:588} INFO - Filling up the DagBag from /home/hp/Desktop/Bigdata_project/BigData-Project/airflow/dags/dag.py
[2026-01-30T09:56:04.192+0530] {processor.py:925} INFO - DAG(s) 'weather_system_pipeline_finally' retrieved from /home/hp/Desktop/Bigdata_project/BigData-Project/airflow/dags/dag.py
[2026-01-30T09:56:04.208+0530] {logging_mixin.py:190} INFO - [2026-01-30T09:56:04.208+0530] {dag.py:3239} INFO - Sync 1 DAGs
[2026-01-30T09:56:04.224+0530] {logging_mixin.py:190} INFO - [2026-01-30T09:56:04.224+0530] {dag.py:4180} INFO - Setting next_dagrun for weather_system_pipeline_finally to 2026-01-30 00:00:00+00:00, run_after=2026-01-31 00:00:00+00:00
[2026-01-30T09:56:04.239+0530] {processor.py:208} INFO - Processing /home/hp/Desktop/Bigdata_project/BigData-Project/airflow/dags/dag.py took 0.070 seconds
[2026-01-30T09:56:34.594+0530] {processor.py:186} INFO - Started process (PID=15597) to work on /home/hp/Desktop/Bigdata_project/BigData-Project/airflow/dags/dag.py
[2026-01-30T09:56:34.601+0530] {processor.py:914} INFO - Processing file /home/hp/Desktop/Bigdata_project/BigData-Project/airflow/dags/dag.py for tasks to queue
[2026-01-30T09:56:34.605+0530] {logging_mixin.py:190} INFO - [2026-01-30T09:56:34.604+0530] {dagbag.py:588} INFO - Filling up the DagBag from /home/hp/Desktop/Bigdata_project/BigData-Project/airflow/dags/dag.py
[2026-01-30T09:56:34.620+0530] {processor.py:925} INFO - DAG(s) 'weather_system_pipeline_finally' retrieved from /home/hp/Desktop/Bigdata_project/BigData-Project/airflow/dags/dag.py
[2026-01-30T09:56:34.646+0530] {logging_mixin.py:190} INFO - [2026-01-30T09:56:34.646+0530] {dag.py:3239} INFO - Sync 1 DAGs
[2026-01-30T09:56:34.671+0530] {logging_mixin.py:190} INFO - [2026-01-30T09:56:34.670+0530] {dag.py:4180} INFO - Setting next_dagrun for weather_system_pipeline_finally to 2026-01-30 00:00:00+00:00, run_after=2026-01-31 00:00:00+00:00
[2026-01-30T09:56:34.694+0530] {processor.py:208} INFO - Processing /home/hp/Desktop/Bigdata_project/BigData-Project/airflow/dags/dag.py took 0.108 seconds
[2026-01-30T09:57:04.916+0530] {processor.py:186} INFO - Started process (PID=15672) to work on /home/hp/Desktop/Bigdata_project/BigData-Project/airflow/dags/dag.py
[2026-01-30T09:57:04.922+0530] {processor.py:914} INFO - Processing file /home/hp/Desktop/Bigdata_project/BigData-Project/airflow/dags/dag.py for tasks to queue
[2026-01-30T09:57:04.926+0530] {logging_mixin.py:190} INFO - [2026-01-30T09:57:04.925+0530] {dagbag.py:588} INFO - Filling up the DagBag from /home/hp/Desktop/Bigdata_project/BigData-Project/airflow/dags/dag.py
[2026-01-30T09:57:04.941+0530] {processor.py:925} INFO - DAG(s) 'weather_system_pipeline_finally' retrieved from /home/hp/Desktop/Bigdata_project/BigData-Project/airflow/dags/dag.py
[2026-01-30T09:57:04.968+0530] {logging_mixin.py:190} INFO - [2026-01-30T09:57:04.968+0530] {dag.py:3239} INFO - Sync 1 DAGs
[2026-01-30T09:57:04.991+0530] {logging_mixin.py:190} INFO - [2026-01-30T09:57:04.991+0530] {dag.py:4180} INFO - Setting next_dagrun for weather_system_pipeline_finally to 2026-01-30 00:00:00+00:00, run_after=2026-01-31 00:00:00+00:00
[2026-01-30T09:57:05.014+0530] {processor.py:208} INFO - Processing /home/hp/Desktop/Bigdata_project/BigData-Project/airflow/dags/dag.py took 0.106 seconds
[2026-01-30T09:57:35.235+0530] {processor.py:186} INFO - Started process (PID=15722) to work on /home/hp/Desktop/Bigdata_project/BigData-Project/airflow/dags/dag.py
[2026-01-30T09:57:35.236+0530] {processor.py:914} INFO - Processing file /home/hp/Desktop/Bigdata_project/BigData-Project/airflow/dags/dag.py for tasks to queue
[2026-01-30T09:57:35.239+0530] {logging_mixin.py:190} INFO - [2026-01-30T09:57:35.239+0530] {dagbag.py:588} INFO - Filling up the DagBag from /home/hp/Desktop/Bigdata_project/BigData-Project/airflow/dags/dag.py
[2026-01-30T09:57:35.254+0530] {processor.py:925} INFO - DAG(s) 'weather_system_pipeline_finally' retrieved from /home/hp/Desktop/Bigdata_project/BigData-Project/airflow/dags/dag.py
[2026-01-30T09:57:35.281+0530] {logging_mixin.py:190} INFO - [2026-01-30T09:57:35.281+0530] {dag.py:3239} INFO - Sync 1 DAGs
[2026-01-30T09:57:35.304+0530] {logging_mixin.py:190} INFO - [2026-01-30T09:57:35.304+0530] {dag.py:4180} INFO - Setting next_dagrun for weather_system_pipeline_finally to 2026-01-30 00:00:00+00:00, run_after=2026-01-31 00:00:00+00:00
[2026-01-30T09:57:35.327+0530] {processor.py:208} INFO - Processing /home/hp/Desktop/Bigdata_project/BigData-Project/airflow/dags/dag.py took 0.101 seconds
[2026-01-30T09:58:05.558+0530] {processor.py:186} INFO - Started process (PID=15795) to work on /home/hp/Desktop/Bigdata_project/BigData-Project/airflow/dags/dag.py
[2026-01-30T09:58:05.565+0530] {processor.py:914} INFO - Processing file /home/hp/Desktop/Bigdata_project/BigData-Project/airflow/dags/dag.py for tasks to queue
[2026-01-30T09:58:05.569+0530] {logging_mixin.py:190} INFO - [2026-01-30T09:58:05.569+0530] {dagbag.py:588} INFO - Filling up the DagBag from /home/hp/Desktop/Bigdata_project/BigData-Project/airflow/dags/dag.py
[2026-01-30T09:58:05.585+0530] {processor.py:925} INFO - DAG(s) 'weather_system_pipeline_finally' retrieved from /home/hp/Desktop/Bigdata_project/BigData-Project/airflow/dags/dag.py
[2026-01-30T09:58:05.612+0530] {logging_mixin.py:190} INFO - [2026-01-30T09:58:05.612+0530] {dag.py:3239} INFO - Sync 1 DAGs
[2026-01-30T09:58:05.636+0530] {logging_mixin.py:190} INFO - [2026-01-30T09:58:05.636+0530] {dag.py:4180} INFO - Setting next_dagrun for weather_system_pipeline_finally to 2026-01-30 00:00:00+00:00, run_after=2026-01-31 00:00:00+00:00
[2026-01-30T09:58:05.659+0530] {processor.py:208} INFO - Processing /home/hp/Desktop/Bigdata_project/BigData-Project/airflow/dags/dag.py took 0.110 seconds
[2026-01-30T09:58:35.902+0530] {processor.py:186} INFO - Started process (PID=15899) to work on /home/hp/Desktop/Bigdata_project/BigData-Project/airflow/dags/dag.py
[2026-01-30T09:58:35.903+0530] {processor.py:914} INFO - Processing file /home/hp/Desktop/Bigdata_project/BigData-Project/airflow/dags/dag.py for tasks to queue
[2026-01-30T09:58:35.906+0530] {logging_mixin.py:190} INFO - [2026-01-30T09:58:35.905+0530] {dagbag.py:588} INFO - Filling up the DagBag from /home/hp/Desktop/Bigdata_project/BigData-Project/airflow/dags/dag.py
[2026-01-30T09:58:35.922+0530] {processor.py:925} INFO - DAG(s) 'weather_system_pipeline_finally' retrieved from /home/hp/Desktop/Bigdata_project/BigData-Project/airflow/dags/dag.py
[2026-01-30T09:58:35.948+0530] {logging_mixin.py:190} INFO - [2026-01-30T09:58:35.948+0530] {dag.py:3239} INFO - Sync 1 DAGs
[2026-01-30T09:58:35.972+0530] {logging_mixin.py:190} INFO - [2026-01-30T09:58:35.971+0530] {dag.py:4180} INFO - Setting next_dagrun for weather_system_pipeline_finally to 2026-01-30 00:00:00+00:00, run_after=2026-01-31 00:00:00+00:00
[2026-01-30T09:58:35.995+0530] {processor.py:208} INFO - Processing /home/hp/Desktop/Bigdata_project/BigData-Project/airflow/dags/dag.py took 0.102 seconds
[2026-01-30T09:59:06.211+0530] {processor.py:186} INFO - Started process (PID=15971) to work on /home/hp/Desktop/Bigdata_project/BigData-Project/airflow/dags/dag.py
[2026-01-30T09:59:06.218+0530] {processor.py:914} INFO - Processing file /home/hp/Desktop/Bigdata_project/BigData-Project/airflow/dags/dag.py for tasks to queue
[2026-01-30T09:59:06.222+0530] {logging_mixin.py:190} INFO - [2026-01-30T09:59:06.221+0530] {dagbag.py:588} INFO - Filling up the DagBag from /home/hp/Desktop/Bigdata_project/BigData-Project/airflow/dags/dag.py
[2026-01-30T09:59:06.237+0530] {processor.py:925} INFO - DAG(s) 'weather_system_pipeline_finally' retrieved from /home/hp/Desktop/Bigdata_project/BigData-Project/airflow/dags/dag.py
[2026-01-30T09:59:06.263+0530] {logging_mixin.py:190} INFO - [2026-01-30T09:59:06.262+0530] {dag.py:3239} INFO - Sync 1 DAGs
[2026-01-30T09:59:06.286+0530] {logging_mixin.py:190} INFO - [2026-01-30T09:59:06.286+0530] {dag.py:4180} INFO - Setting next_dagrun for weather_system_pipeline_finally to 2026-01-30 00:00:00+00:00, run_after=2026-01-31 00:00:00+00:00
[2026-01-30T09:59:06.310+0530] {processor.py:208} INFO - Processing /home/hp/Desktop/Bigdata_project/BigData-Project/airflow/dags/dag.py took 0.107 seconds
[2026-01-30T09:59:37.192+0530] {processor.py:186} INFO - Started process (PID=16035) to work on /home/hp/Desktop/Bigdata_project/BigData-Project/airflow/dags/dag.py
[2026-01-30T09:59:37.199+0530] {processor.py:914} INFO - Processing file /home/hp/Desktop/Bigdata_project/BigData-Project/airflow/dags/dag.py for tasks to queue
[2026-01-30T09:59:37.201+0530] {logging_mixin.py:190} INFO - [2026-01-30T09:59:37.200+0530] {dagbag.py:588} INFO - Filling up the DagBag from /home/hp/Desktop/Bigdata_project/BigData-Project/airflow/dags/dag.py
[2026-01-30T09:59:37.214+0530] {processor.py:925} INFO - DAG(s) 'weather_system_pipeline_finally' retrieved from /home/hp/Desktop/Bigdata_project/BigData-Project/airflow/dags/dag.py
[2026-01-30T09:59:37.238+0530] {logging_mixin.py:190} INFO - [2026-01-30T09:59:37.237+0530] {dag.py:3239} INFO - Sync 1 DAGs
[2026-01-30T09:59:37.261+0530] {logging_mixin.py:190} INFO - [2026-01-30T09:59:37.260+0530] {dag.py:4180} INFO - Setting next_dagrun for weather_system_pipeline_finally to 2026-01-30 00:00:00+00:00, run_after=2026-01-31 00:00:00+00:00
[2026-01-30T09:59:37.280+0530] {processor.py:208} INFO - Processing /home/hp/Desktop/Bigdata_project/BigData-Project/airflow/dags/dag.py took 0.095 seconds
[2026-01-30T10:00:07.883+0530] {processor.py:186} INFO - Started process (PID=16326) to work on /home/hp/Desktop/Bigdata_project/BigData-Project/airflow/dags/dag.py
[2026-01-30T10:00:07.889+0530] {processor.py:914} INFO - Processing file /home/hp/Desktop/Bigdata_project/BigData-Project/airflow/dags/dag.py for tasks to queue
[2026-01-30T10:00:07.891+0530] {logging_mixin.py:190} INFO - [2026-01-30T10:00:07.891+0530] {dagbag.py:588} INFO - Filling up the DagBag from /home/hp/Desktop/Bigdata_project/BigData-Project/airflow/dags/dag.py
[2026-01-30T10:00:07.904+0530] {processor.py:925} INFO - DAG(s) 'weather_system_pipeline_finally' retrieved from /home/hp/Desktop/Bigdata_project/BigData-Project/airflow/dags/dag.py
[2026-01-30T10:00:07.925+0530] {logging_mixin.py:190} INFO - [2026-01-30T10:00:07.925+0530] {dag.py:3239} INFO - Sync 1 DAGs
[2026-01-30T10:00:07.947+0530] {logging_mixin.py:190} INFO - [2026-01-30T10:00:07.947+0530] {dag.py:4180} INFO - Setting next_dagrun for weather_system_pipeline_finally to 2026-01-30 00:00:00+00:00, run_after=2026-01-31 00:00:00+00:00
[2026-01-30T10:00:07.966+0530] {processor.py:208} INFO - Processing /home/hp/Desktop/Bigdata_project/BigData-Project/airflow/dags/dag.py took 0.091 seconds
[2026-01-30T10:04:22.154+0530] {processor.py:186} INFO - Started process (PID=16502) to work on /home/hp/Desktop/Bigdata_project/BigData-Project/airflow/dags/dag.py
[2026-01-30T10:04:22.160+0530] {processor.py:914} INFO - Processing file /home/hp/Desktop/Bigdata_project/BigData-Project/airflow/dags/dag.py for tasks to queue
[2026-01-30T10:04:22.162+0530] {logging_mixin.py:190} INFO - [2026-01-30T10:04:22.162+0530] {dagbag.py:588} INFO - Filling up the DagBag from /home/hp/Desktop/Bigdata_project/BigData-Project/airflow/dags/dag.py
[2026-01-30T10:04:22.175+0530] {processor.py:925} INFO - DAG(s) 'weather_system_pipeline_finally' retrieved from /home/hp/Desktop/Bigdata_project/BigData-Project/airflow/dags/dag.py
[2026-01-30T10:04:22.198+0530] {logging_mixin.py:190} INFO - [2026-01-30T10:04:22.197+0530] {dag.py:3239} INFO - Sync 1 DAGs
[2026-01-30T10:04:22.220+0530] {logging_mixin.py:190} INFO - [2026-01-30T10:04:22.220+0530] {dag.py:4180} INFO - Setting next_dagrun for weather_system_pipeline_finally to 2026-01-30 00:00:00+00:00, run_after=2026-01-31 00:00:00+00:00
[2026-01-30T10:04:22.240+0530] {processor.py:208} INFO - Processing /home/hp/Desktop/Bigdata_project/BigData-Project/airflow/dags/dag.py took 0.093 seconds
[2026-01-30T10:04:52.556+0530] {processor.py:186} INFO - Started process (PID=16767) to work on /home/hp/Desktop/Bigdata_project/BigData-Project/airflow/dags/dag.py
[2026-01-30T10:04:52.562+0530] {processor.py:914} INFO - Processing file /home/hp/Desktop/Bigdata_project/BigData-Project/airflow/dags/dag.py for tasks to queue
[2026-01-30T10:04:52.564+0530] {logging_mixin.py:190} INFO - [2026-01-30T10:04:52.563+0530] {dagbag.py:588} INFO - Filling up the DagBag from /home/hp/Desktop/Bigdata_project/BigData-Project/airflow/dags/dag.py
[2026-01-30T10:04:52.577+0530] {processor.py:925} INFO - DAG(s) 'weather_system_pipeline_finally' retrieved from /home/hp/Desktop/Bigdata_project/BigData-Project/airflow/dags/dag.py
[2026-01-30T10:04:52.601+0530] {logging_mixin.py:190} INFO - [2026-01-30T10:04:52.601+0530] {dag.py:3239} INFO - Sync 1 DAGs
[2026-01-30T10:04:52.624+0530] {logging_mixin.py:190} INFO - [2026-01-30T10:04:52.624+0530] {dag.py:4180} INFO - Setting next_dagrun for weather_system_pipeline_finally to 2026-01-30 00:00:00+00:00, run_after=2026-01-31 00:00:00+00:00
[2026-01-30T10:04:52.645+0530] {processor.py:208} INFO - Processing /home/hp/Desktop/Bigdata_project/BigData-Project/airflow/dags/dag.py took 0.097 seconds
[2026-01-30T10:05:23.034+0530] {processor.py:186} INFO - Started process (PID=16825) to work on /home/hp/Desktop/Bigdata_project/BigData-Project/airflow/dags/dag.py
[2026-01-30T10:05:23.041+0530] {processor.py:914} INFO - Processing file /home/hp/Desktop/Bigdata_project/BigData-Project/airflow/dags/dag.py for tasks to queue
[2026-01-30T10:05:23.044+0530] {logging_mixin.py:190} INFO - [2026-01-30T10:05:23.044+0530] {dagbag.py:588} INFO - Filling up the DagBag from /home/hp/Desktop/Bigdata_project/BigData-Project/airflow/dags/dag.py
[2026-01-30T10:05:23.057+0530] {processor.py:925} INFO - DAG(s) 'weather_system_pipeline_finally' retrieved from /home/hp/Desktop/Bigdata_project/BigData-Project/airflow/dags/dag.py
[2026-01-30T10:05:23.080+0530] {logging_mixin.py:190} INFO - [2026-01-30T10:05:23.080+0530] {dag.py:3239} INFO - Sync 1 DAGs
[2026-01-30T10:05:23.101+0530] {logging_mixin.py:190} INFO - [2026-01-30T10:05:23.101+0530] {dag.py:4180} INFO - Setting next_dagrun for weather_system_pipeline_finally to 2026-01-30 00:00:00+00:00, run_after=2026-01-31 00:00:00+00:00
[2026-01-30T10:05:23.120+0530] {processor.py:208} INFO - Processing /home/hp/Desktop/Bigdata_project/BigData-Project/airflow/dags/dag.py took 0.093 seconds
[2026-01-30T10:05:53.433+0530] {processor.py:186} INFO - Started process (PID=16891) to work on /home/hp/Desktop/Bigdata_project/BigData-Project/airflow/dags/dag.py
[2026-01-30T10:05:53.440+0530] {processor.py:914} INFO - Processing file /home/hp/Desktop/Bigdata_project/BigData-Project/airflow/dags/dag.py for tasks to queue
[2026-01-30T10:05:53.443+0530] {logging_mixin.py:190} INFO - [2026-01-30T10:05:53.442+0530] {dagbag.py:588} INFO - Filling up the DagBag from /home/hp/Desktop/Bigdata_project/BigData-Project/airflow/dags/dag.py
[2026-01-30T10:05:53.456+0530] {processor.py:925} INFO - DAG(s) 'weather_system_pipeline_finally' retrieved from /home/hp/Desktop/Bigdata_project/BigData-Project/airflow/dags/dag.py
[2026-01-30T10:05:53.478+0530] {logging_mixin.py:190} INFO - [2026-01-30T10:05:53.478+0530] {dag.py:3239} INFO - Sync 1 DAGs
[2026-01-30T10:05:53.499+0530] {logging_mixin.py:190} INFO - [2026-01-30T10:05:53.499+0530] {dag.py:4180} INFO - Setting next_dagrun for weather_system_pipeline_finally to 2026-01-30 00:00:00+00:00, run_after=2026-01-31 00:00:00+00:00
[2026-01-30T10:05:53.520+0530] {processor.py:208} INFO - Processing /home/hp/Desktop/Bigdata_project/BigData-Project/airflow/dags/dag.py took 0.094 seconds
[2026-01-30T10:06:23.842+0530] {processor.py:186} INFO - Started process (PID=16944) to work on /home/hp/Desktop/Bigdata_project/BigData-Project/airflow/dags/dag.py
[2026-01-30T10:06:23.849+0530] {processor.py:914} INFO - Processing file /home/hp/Desktop/Bigdata_project/BigData-Project/airflow/dags/dag.py for tasks to queue
[2026-01-30T10:06:23.852+0530] {logging_mixin.py:190} INFO - [2026-01-30T10:06:23.851+0530] {dagbag.py:588} INFO - Filling up the DagBag from /home/hp/Desktop/Bigdata_project/BigData-Project/airflow/dags/dag.py
[2026-01-30T10:06:23.866+0530] {processor.py:925} INFO - DAG(s) 'weather_system_pipeline_finally' retrieved from /home/hp/Desktop/Bigdata_project/BigData-Project/airflow/dags/dag.py
[2026-01-30T10:06:23.888+0530] {logging_mixin.py:190} INFO - [2026-01-30T10:06:23.888+0530] {dag.py:3239} INFO - Sync 1 DAGs
[2026-01-30T10:06:23.909+0530] {logging_mixin.py:190} INFO - [2026-01-30T10:06:23.909+0530] {dag.py:4180} INFO - Setting next_dagrun for weather_system_pipeline_finally to 2026-01-30 00:00:00+00:00, run_after=2026-01-31 00:00:00+00:00
[2026-01-30T10:06:23.930+0530] {processor.py:208} INFO - Processing /home/hp/Desktop/Bigdata_project/BigData-Project/airflow/dags/dag.py took 0.095 seconds
[2026-01-30T10:06:54.249+0530] {processor.py:186} INFO - Started process (PID=17009) to work on /home/hp/Desktop/Bigdata_project/BigData-Project/airflow/dags/dag.py
[2026-01-30T10:06:54.250+0530] {processor.py:914} INFO - Processing file /home/hp/Desktop/Bigdata_project/BigData-Project/airflow/dags/dag.py for tasks to queue
[2026-01-30T10:06:54.252+0530] {logging_mixin.py:190} INFO - [2026-01-30T10:06:54.252+0530] {dagbag.py:588} INFO - Filling up the DagBag from /home/hp/Desktop/Bigdata_project/BigData-Project/airflow/dags/dag.py
[2026-01-30T10:06:54.266+0530] {processor.py:925} INFO - DAG(s) 'weather_system_pipeline_finally' retrieved from /home/hp/Desktop/Bigdata_project/BigData-Project/airflow/dags/dag.py
[2026-01-30T10:06:54.289+0530] {logging_mixin.py:190} INFO - [2026-01-30T10:06:54.289+0530] {dag.py:3239} INFO - Sync 1 DAGs
[2026-01-30T10:06:54.312+0530] {logging_mixin.py:190} INFO - [2026-01-30T10:06:54.311+0530] {dag.py:4180} INFO - Setting next_dagrun for weather_system_pipeline_finally to 2026-01-30 00:00:00+00:00, run_after=2026-01-31 00:00:00+00:00
[2026-01-30T10:06:54.333+0530] {processor.py:208} INFO - Processing /home/hp/Desktop/Bigdata_project/BigData-Project/airflow/dags/dag.py took 0.093 seconds
[2026-01-30T10:07:24.639+0530] {processor.py:186} INFO - Started process (PID=17061) to work on /home/hp/Desktop/Bigdata_project/BigData-Project/airflow/dags/dag.py
[2026-01-30T10:07:24.646+0530] {processor.py:914} INFO - Processing file /home/hp/Desktop/Bigdata_project/BigData-Project/airflow/dags/dag.py for tasks to queue
[2026-01-30T10:07:24.649+0530] {logging_mixin.py:190} INFO - [2026-01-30T10:07:24.648+0530] {dagbag.py:588} INFO - Filling up the DagBag from /home/hp/Desktop/Bigdata_project/BigData-Project/airflow/dags/dag.py
[2026-01-30T10:07:24.662+0530] {processor.py:925} INFO - DAG(s) 'weather_system_pipeline_finally' retrieved from /home/hp/Desktop/Bigdata_project/BigData-Project/airflow/dags/dag.py
[2026-01-30T10:07:24.685+0530] {logging_mixin.py:190} INFO - [2026-01-30T10:07:24.684+0530] {dag.py:3239} INFO - Sync 1 DAGs
[2026-01-30T10:07:24.707+0530] {logging_mixin.py:190} INFO - [2026-01-30T10:07:24.707+0530] {dag.py:4180} INFO - Setting next_dagrun for weather_system_pipeline_finally to 2026-01-30 00:00:00+00:00, run_after=2026-01-31 00:00:00+00:00
[2026-01-30T10:07:24.728+0530] {processor.py:208} INFO - Processing /home/hp/Desktop/Bigdata_project/BigData-Project/airflow/dags/dag.py took 0.095 seconds
[2026-01-30T10:09:46.765+0530] {processor.py:186} INFO - Started process (PID=17227) to work on /home/hp/Desktop/Bigdata_project/BigData-Project/airflow/dags/dag.py
[2026-01-30T10:09:46.771+0530] {processor.py:914} INFO - Processing file /home/hp/Desktop/Bigdata_project/BigData-Project/airflow/dags/dag.py for tasks to queue
[2026-01-30T10:09:46.773+0530] {logging_mixin.py:190} INFO - [2026-01-30T10:09:46.773+0530] {dagbag.py:588} INFO - Filling up the DagBag from /home/hp/Desktop/Bigdata_project/BigData-Project/airflow/dags/dag.py
[2026-01-30T10:09:46.787+0530] {processor.py:925} INFO - DAG(s) 'weather_system_pipeline_finally' retrieved from /home/hp/Desktop/Bigdata_project/BigData-Project/airflow/dags/dag.py
[2026-01-30T10:09:46.810+0530] {logging_mixin.py:190} INFO - [2026-01-30T10:09:46.810+0530] {dag.py:3239} INFO - Sync 1 DAGs
[2026-01-30T10:09:46.833+0530] {logging_mixin.py:190} INFO - [2026-01-30T10:09:46.833+0530] {dag.py:4180} INFO - Setting next_dagrun for weather_system_pipeline_finally to 2026-01-30 00:00:00+00:00, run_after=2026-01-31 00:00:00+00:00
[2026-01-30T10:09:46.853+0530] {processor.py:208} INFO - Processing /home/hp/Desktop/Bigdata_project/BigData-Project/airflow/dags/dag.py took 0.095 seconds
