[2026-01-30T09:36:25.093+0530] {processor.py:186} INFO - Started process (PID=10096) to work on /home/hp/Desktop/Bigdata_project/BigData-Project/airflow/dags/dag_final.py
[2026-01-30T09:36:25.094+0530] {processor.py:914} INFO - Processing file /home/hp/Desktop/Bigdata_project/BigData-Project/airflow/dags/dag_final.py for tasks to queue
[2026-01-30T09:36:25.097+0530] {logging_mixin.py:190} INFO - [2026-01-30T09:36:25.097+0530] {dagbag.py:588} INFO - Filling up the DagBag from /home/hp/Desktop/Bigdata_project/BigData-Project/airflow/dags/dag_final.py
[2026-01-30T09:36:25.111+0530] {processor.py:925} INFO - DAG(s) 'weather_system_pipeline_final' retrieved from /home/hp/Desktop/Bigdata_project/BigData-Project/airflow/dags/dag_final.py
[2026-01-30T09:36:25.142+0530] {logging_mixin.py:190} INFO - [2026-01-30T09:36:25.142+0530] {dag.py:3239} INFO - Sync 1 DAGs
[2026-01-30T09:36:25.164+0530] {logging_mixin.py:190} INFO - [2026-01-30T09:36:25.164+0530] {dag.py:4180} INFO - Setting next_dagrun for weather_system_pipeline_final to 2026-01-01 00:00:00+00:00, run_after=2026-01-02 00:00:00+00:00
[2026-01-30T09:36:25.273+0530] {processor.py:208} INFO - Processing /home/hp/Desktop/Bigdata_project/BigData-Project/airflow/dags/dag_final.py took 0.187 seconds
[2026-01-30T09:37:01.653+0530] {processor.py:186} INFO - Started process (PID=10715) to work on /home/hp/Desktop/Bigdata_project/BigData-Project/airflow/dags/dag_final.py
[2026-01-30T09:37:01.660+0530] {processor.py:914} INFO - Processing file /home/hp/Desktop/Bigdata_project/BigData-Project/airflow/dags/dag_final.py for tasks to queue
[2026-01-30T09:37:01.663+0530] {logging_mixin.py:190} INFO - [2026-01-30T09:37:01.663+0530] {dagbag.py:588} INFO - Filling up the DagBag from /home/hp/Desktop/Bigdata_project/BigData-Project/airflow/dags/dag_final.py
[2026-01-30T09:37:01.679+0530] {processor.py:925} INFO - DAG(s) 'weather_system_pipeline_final' retrieved from /home/hp/Desktop/Bigdata_project/BigData-Project/airflow/dags/dag_final.py
[2026-01-30T09:37:01.704+0530] {logging_mixin.py:190} INFO - [2026-01-30T09:37:01.704+0530] {dag.py:3239} INFO - Sync 1 DAGs
[2026-01-30T09:37:01.728+0530] {logging_mixin.py:190} INFO - [2026-01-30T09:37:01.728+0530] {dag.py:4180} INFO - Setting next_dagrun for weather_system_pipeline_final to 2026-01-01 00:00:00+00:00, run_after=2026-01-02 00:00:00+00:00
[2026-01-30T09:37:01.927+0530] {processor.py:208} INFO - Processing /home/hp/Desktop/Bigdata_project/BigData-Project/airflow/dags/dag_final.py took 0.282 seconds
[2026-01-30T09:37:32.912+0530] {processor.py:186} INFO - Started process (PID=11106) to work on /home/hp/Desktop/Bigdata_project/BigData-Project/airflow/dags/dag_final.py
[2026-01-30T09:37:32.918+0530] {processor.py:914} INFO - Processing file /home/hp/Desktop/Bigdata_project/BigData-Project/airflow/dags/dag_final.py for tasks to queue
[2026-01-30T09:37:32.921+0530] {logging_mixin.py:190} INFO - [2026-01-30T09:37:32.921+0530] {dagbag.py:588} INFO - Filling up the DagBag from /home/hp/Desktop/Bigdata_project/BigData-Project/airflow/dags/dag_final.py
[2026-01-30T09:37:32.937+0530] {processor.py:925} INFO - DAG(s) 'weather_system_pipeline_final' retrieved from /home/hp/Desktop/Bigdata_project/BigData-Project/airflow/dags/dag_final.py
[2026-01-30T09:37:32.962+0530] {logging_mixin.py:190} INFO - [2026-01-30T09:37:32.961+0530] {dag.py:3239} INFO - Sync 1 DAGs
[2026-01-30T09:37:33.085+0530] {logging_mixin.py:190} INFO - [2026-01-30T09:37:33.085+0530] {dag.py:4180} INFO - Setting next_dagrun for weather_system_pipeline_final to 2026-01-01 00:00:00+00:00, run_after=2026-01-02 00:00:00+00:00
[2026-01-30T09:37:33.106+0530] {processor.py:208} INFO - Processing /home/hp/Desktop/Bigdata_project/BigData-Project/airflow/dags/dag_final.py took 0.201 seconds
[2026-01-30T09:39:07.250+0530] {processor.py:186} INFO - Started process (PID=12580) to work on /home/hp/Desktop/Bigdata_project/BigData-Project/airflow/dags/dag_final.py
[2026-01-30T09:39:07.251+0530] {processor.py:914} INFO - Processing file /home/hp/Desktop/Bigdata_project/BigData-Project/airflow/dags/dag_final.py for tasks to queue
[2026-01-30T09:39:07.253+0530] {logging_mixin.py:190} INFO - [2026-01-30T09:39:07.253+0530] {dagbag.py:588} INFO - Filling up the DagBag from /home/hp/Desktop/Bigdata_project/BigData-Project/airflow/dags/dag_final.py
[2026-01-30T09:39:07.263+0530] {processor.py:925} INFO - DAG(s) 'weather_system_pipeline_final' retrieved from /home/hp/Desktop/Bigdata_project/BigData-Project/airflow/dags/dag_final.py
[2026-01-30T09:39:07.280+0530] {logging_mixin.py:190} INFO - [2026-01-30T09:39:07.280+0530] {dag.py:3239} INFO - Sync 1 DAGs
[2026-01-30T09:39:07.373+0530] {logging_mixin.py:190} INFO - [2026-01-30T09:39:07.372+0530] {dag.py:4180} INFO - Setting next_dagrun for weather_system_pipeline_final to 2026-01-01 00:00:00+00:00, run_after=2026-01-02 00:00:00+00:00
[2026-01-30T09:39:07.393+0530] {processor.py:208} INFO - Processing /home/hp/Desktop/Bigdata_project/BigData-Project/airflow/dags/dag_final.py took 0.148 seconds
[2026-01-30T09:39:38.322+0530] {processor.py:186} INFO - Started process (PID=13141) to work on /home/hp/Desktop/Bigdata_project/BigData-Project/airflow/dags/dag_final.py
[2026-01-30T09:39:38.328+0530] {processor.py:914} INFO - Processing file /home/hp/Desktop/Bigdata_project/BigData-Project/airflow/dags/dag_final.py for tasks to queue
[2026-01-30T09:39:38.330+0530] {logging_mixin.py:190} INFO - [2026-01-30T09:39:38.329+0530] {dagbag.py:588} INFO - Filling up the DagBag from /home/hp/Desktop/Bigdata_project/BigData-Project/airflow/dags/dag_final.py
[2026-01-30T09:39:38.340+0530] {processor.py:925} INFO - DAG(s) 'weather_system_pipeline_final' retrieved from /home/hp/Desktop/Bigdata_project/BigData-Project/airflow/dags/dag_final.py
[2026-01-30T09:39:38.357+0530] {logging_mixin.py:190} INFO - [2026-01-30T09:39:38.357+0530] {dag.py:3239} INFO - Sync 1 DAGs
[2026-01-30T09:39:38.448+0530] {logging_mixin.py:190} INFO - [2026-01-30T09:39:38.447+0530] {dag.py:4180} INFO - Setting next_dagrun for weather_system_pipeline_final to 2026-01-01 00:00:00+00:00, run_after=2026-01-02 00:00:00+00:00
[2026-01-30T09:39:38.467+0530] {processor.py:208} INFO - Processing /home/hp/Desktop/Bigdata_project/BigData-Project/airflow/dags/dag_final.py took 0.150 seconds
[2026-01-30T09:40:08.946+0530] {processor.py:186} INFO - Started process (PID=13195) to work on /home/hp/Desktop/Bigdata_project/BigData-Project/airflow/dags/dag_final.py
[2026-01-30T09:40:08.953+0530] {processor.py:914} INFO - Processing file /home/hp/Desktop/Bigdata_project/BigData-Project/airflow/dags/dag_final.py for tasks to queue
[2026-01-30T09:40:08.955+0530] {logging_mixin.py:190} INFO - [2026-01-30T09:40:08.955+0530] {dagbag.py:588} INFO - Filling up the DagBag from /home/hp/Desktop/Bigdata_project/BigData-Project/airflow/dags/dag_final.py
[2026-01-30T09:40:08.965+0530] {processor.py:925} INFO - DAG(s) 'weather_system_pipeline_final' retrieved from /home/hp/Desktop/Bigdata_project/BigData-Project/airflow/dags/dag_final.py
[2026-01-30T09:40:08.982+0530] {logging_mixin.py:190} INFO - [2026-01-30T09:40:08.982+0530] {dag.py:3239} INFO - Sync 1 DAGs
[2026-01-30T09:40:09.073+0530] {logging_mixin.py:190} INFO - [2026-01-30T09:40:09.073+0530] {dag.py:4180} INFO - Setting next_dagrun for weather_system_pipeline_final to 2026-01-01 00:00:00+00:00, run_after=2026-01-02 00:00:00+00:00
[2026-01-30T09:40:09.094+0530] {processor.py:208} INFO - Processing /home/hp/Desktop/Bigdata_project/BigData-Project/airflow/dags/dag_final.py took 0.153 seconds
[2026-01-30T09:40:39.227+0530] {processor.py:186} INFO - Started process (PID=13262) to work on /home/hp/Desktop/Bigdata_project/BigData-Project/airflow/dags/dag_final.py
[2026-01-30T09:40:39.233+0530] {processor.py:914} INFO - Processing file /home/hp/Desktop/Bigdata_project/BigData-Project/airflow/dags/dag_final.py for tasks to queue
[2026-01-30T09:40:39.236+0530] {logging_mixin.py:190} INFO - [2026-01-30T09:40:39.235+0530] {dagbag.py:588} INFO - Filling up the DagBag from /home/hp/Desktop/Bigdata_project/BigData-Project/airflow/dags/dag_final.py
[2026-01-30T09:40:39.245+0530] {processor.py:925} INFO - DAG(s) 'weather_system_pipeline_final' retrieved from /home/hp/Desktop/Bigdata_project/BigData-Project/airflow/dags/dag_final.py
[2026-01-30T09:40:39.337+0530] {logging_mixin.py:190} INFO - [2026-01-30T09:40:39.336+0530] {dag.py:3239} INFO - Sync 1 DAGs
[2026-01-30T09:40:39.349+0530] {logging_mixin.py:190} INFO - [2026-01-30T09:40:39.349+0530] {dag.py:4180} INFO - Setting next_dagrun for weather_system_pipeline_final to 2026-01-01 00:00:00+00:00, run_after=2026-01-02 00:00:00+00:00
[2026-01-30T09:40:39.368+0530] {processor.py:208} INFO - Processing /home/hp/Desktop/Bigdata_project/BigData-Project/airflow/dags/dag_final.py took 0.147 seconds
[2026-01-30T09:41:09.510+0530] {processor.py:186} INFO - Started process (PID=13318) to work on /home/hp/Desktop/Bigdata_project/BigData-Project/airflow/dags/dag_final.py
[2026-01-30T09:41:09.516+0530] {processor.py:914} INFO - Processing file /home/hp/Desktop/Bigdata_project/BigData-Project/airflow/dags/dag_final.py for tasks to queue
[2026-01-30T09:41:09.518+0530] {logging_mixin.py:190} INFO - [2026-01-30T09:41:09.518+0530] {dagbag.py:588} INFO - Filling up the DagBag from /home/hp/Desktop/Bigdata_project/BigData-Project/airflow/dags/dag_final.py
[2026-01-30T09:41:09.606+0530] {processor.py:925} INFO - DAG(s) 'weather_system_pipeline_final' retrieved from /home/hp/Desktop/Bigdata_project/BigData-Project/airflow/dags/dag_final.py
[2026-01-30T09:41:09.618+0530] {logging_mixin.py:190} INFO - [2026-01-30T09:41:09.618+0530] {dag.py:3239} INFO - Sync 1 DAGs
[2026-01-30T09:41:09.631+0530] {logging_mixin.py:190} INFO - [2026-01-30T09:41:09.631+0530] {dag.py:4180} INFO - Setting next_dagrun for weather_system_pipeline_final to 2026-01-01 00:00:00+00:00, run_after=2026-01-02 00:00:00+00:00
[2026-01-30T09:41:09.649+0530] {processor.py:208} INFO - Processing /home/hp/Desktop/Bigdata_project/BigData-Project/airflow/dags/dag_final.py took 0.144 seconds
[2026-01-30T09:41:39.793+0530] {processor.py:186} INFO - Started process (PID=13370) to work on /home/hp/Desktop/Bigdata_project/BigData-Project/airflow/dags/dag_final.py
[2026-01-30T09:41:39.800+0530] {processor.py:914} INFO - Processing file /home/hp/Desktop/Bigdata_project/BigData-Project/airflow/dags/dag_final.py for tasks to queue
[2026-01-30T09:41:39.802+0530] {logging_mixin.py:190} INFO - [2026-01-30T09:41:39.802+0530] {dagbag.py:588} INFO - Filling up the DagBag from /home/hp/Desktop/Bigdata_project/BigData-Project/airflow/dags/dag_final.py
[2026-01-30T09:41:39.812+0530] {processor.py:925} INFO - DAG(s) 'weather_system_pipeline_final' retrieved from /home/hp/Desktop/Bigdata_project/BigData-Project/airflow/dags/dag_final.py
[2026-01-30T09:41:39.828+0530] {logging_mixin.py:190} INFO - [2026-01-30T09:41:39.828+0530] {dag.py:3239} INFO - Sync 1 DAGs
[2026-01-30T09:41:39.843+0530] {logging_mixin.py:190} INFO - [2026-01-30T09:41:39.842+0530] {dag.py:4180} INFO - Setting next_dagrun for weather_system_pipeline_final to 2026-01-01 00:00:00+00:00, run_after=2026-01-02 00:00:00+00:00
[2026-01-30T09:41:39.859+0530] {processor.py:208} INFO - Processing /home/hp/Desktop/Bigdata_project/BigData-Project/airflow/dags/dag_final.py took 0.071 seconds
[2026-01-30T09:42:09.971+0530] {processor.py:186} INFO - Started process (PID=13440) to work on /home/hp/Desktop/Bigdata_project/BigData-Project/airflow/dags/dag_final.py
[2026-01-30T09:42:09.977+0530] {processor.py:914} INFO - Processing file /home/hp/Desktop/Bigdata_project/BigData-Project/airflow/dags/dag_final.py for tasks to queue
[2026-01-30T09:42:09.979+0530] {logging_mixin.py:190} INFO - [2026-01-30T09:42:09.979+0530] {dagbag.py:588} INFO - Filling up the DagBag from /home/hp/Desktop/Bigdata_project/BigData-Project/airflow/dags/dag_final.py
[2026-01-30T09:42:09.989+0530] {processor.py:925} INFO - DAG(s) 'weather_system_pipeline_final' retrieved from /home/hp/Desktop/Bigdata_project/BigData-Project/airflow/dags/dag_final.py
[2026-01-30T09:42:10.005+0530] {logging_mixin.py:190} INFO - [2026-01-30T09:42:10.005+0530] {dag.py:3239} INFO - Sync 1 DAGs
[2026-01-30T09:42:10.020+0530] {logging_mixin.py:190} INFO - [2026-01-30T09:42:10.020+0530] {dag.py:4180} INFO - Setting next_dagrun for weather_system_pipeline_final to 2026-01-01 00:00:00+00:00, run_after=2026-01-02 00:00:00+00:00
[2026-01-30T09:42:10.035+0530] {processor.py:208} INFO - Processing /home/hp/Desktop/Bigdata_project/BigData-Project/airflow/dags/dag_final.py took 0.070 seconds
[2026-01-30T09:42:40.143+0530] {processor.py:186} INFO - Started process (PID=13501) to work on /home/hp/Desktop/Bigdata_project/BigData-Project/airflow/dags/dag_final.py
[2026-01-30T09:42:40.149+0530] {processor.py:914} INFO - Processing file /home/hp/Desktop/Bigdata_project/BigData-Project/airflow/dags/dag_final.py for tasks to queue
[2026-01-30T09:42:40.151+0530] {logging_mixin.py:190} INFO - [2026-01-30T09:42:40.151+0530] {dagbag.py:588} INFO - Filling up the DagBag from /home/hp/Desktop/Bigdata_project/BigData-Project/airflow/dags/dag_final.py
[2026-01-30T09:42:40.165+0530] {processor.py:925} INFO - DAG(s) 'weather_system_pipeline_final' retrieved from /home/hp/Desktop/Bigdata_project/BigData-Project/airflow/dags/dag_final.py
[2026-01-30T09:42:40.186+0530] {logging_mixin.py:190} INFO - [2026-01-30T09:42:40.186+0530] {dag.py:3239} INFO - Sync 1 DAGs
[2026-01-30T09:42:40.212+0530] {logging_mixin.py:190} INFO - [2026-01-30T09:42:40.211+0530] {dag.py:4180} INFO - Setting next_dagrun for weather_system_pipeline_final to 2026-01-01 00:00:00+00:00, run_after=2026-01-02 00:00:00+00:00
[2026-01-30T09:42:40.234+0530] {processor.py:208} INFO - Processing /home/hp/Desktop/Bigdata_project/BigData-Project/airflow/dags/dag_final.py took 0.097 seconds
[2026-01-30T09:43:10.427+0530] {processor.py:186} INFO - Started process (PID=13615) to work on /home/hp/Desktop/Bigdata_project/BigData-Project/airflow/dags/dag_final.py
[2026-01-30T09:43:10.428+0530] {processor.py:914} INFO - Processing file /home/hp/Desktop/Bigdata_project/BigData-Project/airflow/dags/dag_final.py for tasks to queue
[2026-01-30T09:43:10.430+0530] {logging_mixin.py:190} INFO - [2026-01-30T09:43:10.430+0530] {dagbag.py:588} INFO - Filling up the DagBag from /home/hp/Desktop/Bigdata_project/BigData-Project/airflow/dags/dag_final.py
[2026-01-30T09:43:10.441+0530] {processor.py:925} INFO - DAG(s) 'weather_system_pipeline_final' retrieved from /home/hp/Desktop/Bigdata_project/BigData-Project/airflow/dags/dag_final.py
[2026-01-30T09:43:10.459+0530] {logging_mixin.py:190} INFO - [2026-01-30T09:43:10.458+0530] {dag.py:3239} INFO - Sync 1 DAGs
[2026-01-30T09:43:10.475+0530] {logging_mixin.py:190} INFO - [2026-01-30T09:43:10.475+0530] {dag.py:4180} INFO - Setting next_dagrun for weather_system_pipeline_final to 2026-01-01 00:00:00+00:00, run_after=2026-01-02 00:00:00+00:00
[2026-01-30T09:43:10.491+0530] {processor.py:208} INFO - Processing /home/hp/Desktop/Bigdata_project/BigData-Project/airflow/dags/dag_final.py took 0.070 seconds
[2026-01-30T09:43:40.606+0530] {processor.py:186} INFO - Started process (PID=13702) to work on /home/hp/Desktop/Bigdata_project/BigData-Project/airflow/dags/dag_final.py
[2026-01-30T09:43:40.613+0530] {processor.py:914} INFO - Processing file /home/hp/Desktop/Bigdata_project/BigData-Project/airflow/dags/dag_final.py for tasks to queue
[2026-01-30T09:43:40.616+0530] {logging_mixin.py:190} INFO - [2026-01-30T09:43:40.615+0530] {dagbag.py:588} INFO - Filling up the DagBag from /home/hp/Desktop/Bigdata_project/BigData-Project/airflow/dags/dag_final.py
[2026-01-30T09:43:40.625+0530] {processor.py:925} INFO - DAG(s) 'weather_system_pipeline_final' retrieved from /home/hp/Desktop/Bigdata_project/BigData-Project/airflow/dags/dag_final.py
[2026-01-30T09:43:40.641+0530] {logging_mixin.py:190} INFO - [2026-01-30T09:43:40.641+0530] {dag.py:3239} INFO - Sync 1 DAGs
[2026-01-30T09:43:40.655+0530] {logging_mixin.py:190} INFO - [2026-01-30T09:43:40.655+0530] {dag.py:4180} INFO - Setting next_dagrun for weather_system_pipeline_final to 2026-01-01 00:00:00+00:00, run_after=2026-01-02 00:00:00+00:00
[2026-01-30T09:43:40.670+0530] {processor.py:208} INFO - Processing /home/hp/Desktop/Bigdata_project/BigData-Project/airflow/dags/dag_final.py took 0.069 seconds
[2026-01-30T09:44:10.785+0530] {processor.py:186} INFO - Started process (PID=13771) to work on /home/hp/Desktop/Bigdata_project/BigData-Project/airflow/dags/dag_final.py
[2026-01-30T09:44:10.791+0530] {processor.py:914} INFO - Processing file /home/hp/Desktop/Bigdata_project/BigData-Project/airflow/dags/dag_final.py for tasks to queue
[2026-01-30T09:44:10.793+0530] {logging_mixin.py:190} INFO - [2026-01-30T09:44:10.793+0530] {dagbag.py:588} INFO - Filling up the DagBag from /home/hp/Desktop/Bigdata_project/BigData-Project/airflow/dags/dag_final.py
[2026-01-30T09:44:10.802+0530] {processor.py:925} INFO - DAG(s) 'weather_system_pipeline_final' retrieved from /home/hp/Desktop/Bigdata_project/BigData-Project/airflow/dags/dag_final.py
[2026-01-30T09:44:10.819+0530] {logging_mixin.py:190} INFO - [2026-01-30T09:44:10.818+0530] {dag.py:3239} INFO - Sync 1 DAGs
[2026-01-30T09:44:10.832+0530] {logging_mixin.py:190} INFO - [2026-01-30T09:44:10.832+0530] {dag.py:4180} INFO - Setting next_dagrun for weather_system_pipeline_final to 2026-01-01 00:00:00+00:00, run_after=2026-01-02 00:00:00+00:00
[2026-01-30T09:44:10.847+0530] {processor.py:208} INFO - Processing /home/hp/Desktop/Bigdata_project/BigData-Project/airflow/dags/dag_final.py took 0.068 seconds
[2026-01-30T09:44:40.959+0530] {processor.py:186} INFO - Started process (PID=13826) to work on /home/hp/Desktop/Bigdata_project/BigData-Project/airflow/dags/dag_final.py
[2026-01-30T09:44:40.960+0530] {processor.py:914} INFO - Processing file /home/hp/Desktop/Bigdata_project/BigData-Project/airflow/dags/dag_final.py for tasks to queue
[2026-01-30T09:44:40.961+0530] {logging_mixin.py:190} INFO - [2026-01-30T09:44:40.961+0530] {dagbag.py:588} INFO - Filling up the DagBag from /home/hp/Desktop/Bigdata_project/BigData-Project/airflow/dags/dag_final.py
[2026-01-30T09:44:40.970+0530] {processor.py:925} INFO - DAG(s) 'weather_system_pipeline_final' retrieved from /home/hp/Desktop/Bigdata_project/BigData-Project/airflow/dags/dag_final.py
[2026-01-30T09:44:40.986+0530] {logging_mixin.py:190} INFO - [2026-01-30T09:44:40.985+0530] {dag.py:3239} INFO - Sync 1 DAGs
[2026-01-30T09:44:41.000+0530] {logging_mixin.py:190} INFO - [2026-01-30T09:44:41.000+0530] {dag.py:4180} INFO - Setting next_dagrun for weather_system_pipeline_final to 2026-01-01 00:00:00+00:00, run_after=2026-01-02 00:00:00+00:00
[2026-01-30T09:44:41.014+0530] {processor.py:208} INFO - Processing /home/hp/Desktop/Bigdata_project/BigData-Project/airflow/dags/dag_final.py took 0.061 seconds
[2026-01-30T09:45:11.134+0530] {processor.py:186} INFO - Started process (PID=13894) to work on /home/hp/Desktop/Bigdata_project/BigData-Project/airflow/dags/dag_final.py
[2026-01-30T09:45:11.141+0530] {processor.py:914} INFO - Processing file /home/hp/Desktop/Bigdata_project/BigData-Project/airflow/dags/dag_final.py for tasks to queue
[2026-01-30T09:45:11.144+0530] {logging_mixin.py:190} INFO - [2026-01-30T09:45:11.143+0530] {dagbag.py:588} INFO - Filling up the DagBag from /home/hp/Desktop/Bigdata_project/BigData-Project/airflow/dags/dag_final.py
[2026-01-30T09:45:11.153+0530] {processor.py:925} INFO - DAG(s) 'weather_system_pipeline_final' retrieved from /home/hp/Desktop/Bigdata_project/BigData-Project/airflow/dags/dag_final.py
[2026-01-30T09:45:11.169+0530] {logging_mixin.py:190} INFO - [2026-01-30T09:45:11.169+0530] {dag.py:3239} INFO - Sync 1 DAGs
[2026-01-30T09:45:11.184+0530] {logging_mixin.py:190} INFO - [2026-01-30T09:45:11.184+0530] {dag.py:4180} INFO - Setting next_dagrun for weather_system_pipeline_final to 2026-01-01 00:00:00+00:00, run_after=2026-01-02 00:00:00+00:00
[2026-01-30T09:45:11.199+0530] {processor.py:208} INFO - Processing /home/hp/Desktop/Bigdata_project/BigData-Project/airflow/dags/dag_final.py took 0.070 seconds
[2026-01-30T09:45:41.311+0530] {processor.py:186} INFO - Started process (PID=13946) to work on /home/hp/Desktop/Bigdata_project/BigData-Project/airflow/dags/dag_final.py
[2026-01-30T09:45:41.311+0530] {processor.py:914} INFO - Processing file /home/hp/Desktop/Bigdata_project/BigData-Project/airflow/dags/dag_final.py for tasks to queue
[2026-01-30T09:45:41.313+0530] {logging_mixin.py:190} INFO - [2026-01-30T09:45:41.313+0530] {dagbag.py:588} INFO - Filling up the DagBag from /home/hp/Desktop/Bigdata_project/BigData-Project/airflow/dags/dag_final.py
[2026-01-30T09:45:41.322+0530] {processor.py:925} INFO - DAG(s) 'weather_system_pipeline_final' retrieved from /home/hp/Desktop/Bigdata_project/BigData-Project/airflow/dags/dag_final.py
[2026-01-30T09:45:41.338+0530] {logging_mixin.py:190} INFO - [2026-01-30T09:45:41.338+0530] {dag.py:3239} INFO - Sync 1 DAGs
[2026-01-30T09:45:41.352+0530] {logging_mixin.py:190} INFO - [2026-01-30T09:45:41.352+0530] {dag.py:4180} INFO - Setting next_dagrun for weather_system_pipeline_final to 2026-01-01 00:00:00+00:00, run_after=2026-01-02 00:00:00+00:00
[2026-01-30T09:45:41.367+0530] {processor.py:208} INFO - Processing /home/hp/Desktop/Bigdata_project/BigData-Project/airflow/dags/dag_final.py took 0.063 seconds
[2026-01-30T09:46:11.489+0530] {processor.py:186} INFO - Started process (PID=14016) to work on /home/hp/Desktop/Bigdata_project/BigData-Project/airflow/dags/dag_final.py
[2026-01-30T09:46:11.495+0530] {processor.py:914} INFO - Processing file /home/hp/Desktop/Bigdata_project/BigData-Project/airflow/dags/dag_final.py for tasks to queue
[2026-01-30T09:46:11.497+0530] {logging_mixin.py:190} INFO - [2026-01-30T09:46:11.497+0530] {dagbag.py:588} INFO - Filling up the DagBag from /home/hp/Desktop/Bigdata_project/BigData-Project/airflow/dags/dag_final.py
[2026-01-30T09:46:11.506+0530] {processor.py:925} INFO - DAG(s) 'weather_system_pipeline_final' retrieved from /home/hp/Desktop/Bigdata_project/BigData-Project/airflow/dags/dag_final.py
[2026-01-30T09:46:11.522+0530] {logging_mixin.py:190} INFO - [2026-01-30T09:46:11.522+0530] {dag.py:3239} INFO - Sync 1 DAGs
[2026-01-30T09:46:11.536+0530] {logging_mixin.py:190} INFO - [2026-01-30T09:46:11.536+0530] {dag.py:4180} INFO - Setting next_dagrun for weather_system_pipeline_final to 2026-01-01 00:00:00+00:00, run_after=2026-01-02 00:00:00+00:00
[2026-01-30T09:46:11.551+0530] {processor.py:208} INFO - Processing /home/hp/Desktop/Bigdata_project/BigData-Project/airflow/dags/dag_final.py took 0.067 seconds
[2026-01-30T09:46:41.668+0530] {processor.py:186} INFO - Started process (PID=14066) to work on /home/hp/Desktop/Bigdata_project/BigData-Project/airflow/dags/dag_final.py
[2026-01-30T09:46:41.674+0530] {processor.py:914} INFO - Processing file /home/hp/Desktop/Bigdata_project/BigData-Project/airflow/dags/dag_final.py for tasks to queue
[2026-01-30T09:46:41.677+0530] {logging_mixin.py:190} INFO - [2026-01-30T09:46:41.676+0530] {dagbag.py:588} INFO - Filling up the DagBag from /home/hp/Desktop/Bigdata_project/BigData-Project/airflow/dags/dag_final.py
[2026-01-30T09:46:41.686+0530] {processor.py:925} INFO - DAG(s) 'weather_system_pipeline_final' retrieved from /home/hp/Desktop/Bigdata_project/BigData-Project/airflow/dags/dag_final.py
[2026-01-30T09:46:41.702+0530] {logging_mixin.py:190} INFO - [2026-01-30T09:46:41.702+0530] {dag.py:3239} INFO - Sync 1 DAGs
[2026-01-30T09:46:41.716+0530] {logging_mixin.py:190} INFO - [2026-01-30T09:46:41.716+0530] {dag.py:4180} INFO - Setting next_dagrun for weather_system_pipeline_final to 2026-01-01 00:00:00+00:00, run_after=2026-01-02 00:00:00+00:00
[2026-01-30T09:46:41.730+0530] {processor.py:208} INFO - Processing /home/hp/Desktop/Bigdata_project/BigData-Project/airflow/dags/dag_final.py took 0.068 seconds
[2026-01-30T09:47:11.845+0530] {processor.py:186} INFO - Started process (PID=14135) to work on /home/hp/Desktop/Bigdata_project/BigData-Project/airflow/dags/dag_final.py
[2026-01-30T09:47:11.846+0530] {processor.py:914} INFO - Processing file /home/hp/Desktop/Bigdata_project/BigData-Project/airflow/dags/dag_final.py for tasks to queue
[2026-01-30T09:47:11.848+0530] {logging_mixin.py:190} INFO - [2026-01-30T09:47:11.848+0530] {dagbag.py:588} INFO - Filling up the DagBag from /home/hp/Desktop/Bigdata_project/BigData-Project/airflow/dags/dag_final.py
[2026-01-30T09:47:11.857+0530] {processor.py:925} INFO - DAG(s) 'weather_system_pipeline_final' retrieved from /home/hp/Desktop/Bigdata_project/BigData-Project/airflow/dags/dag_final.py
[2026-01-30T09:47:11.873+0530] {logging_mixin.py:190} INFO - [2026-01-30T09:47:11.873+0530] {dag.py:3239} INFO - Sync 1 DAGs
[2026-01-30T09:47:11.887+0530] {logging_mixin.py:190} INFO - [2026-01-30T09:47:11.887+0530] {dag.py:4180} INFO - Setting next_dagrun for weather_system_pipeline_final to 2026-01-01 00:00:00+00:00, run_after=2026-01-02 00:00:00+00:00
[2026-01-30T09:47:11.901+0530] {processor.py:208} INFO - Processing /home/hp/Desktop/Bigdata_project/BigData-Project/airflow/dags/dag_final.py took 0.062 seconds
[2026-01-30T09:47:42.023+0530] {processor.py:186} INFO - Started process (PID=14189) to work on /home/hp/Desktop/Bigdata_project/BigData-Project/airflow/dags/dag_final.py
[2026-01-30T09:47:42.029+0530] {processor.py:914} INFO - Processing file /home/hp/Desktop/Bigdata_project/BigData-Project/airflow/dags/dag_final.py for tasks to queue
[2026-01-30T09:47:42.031+0530] {logging_mixin.py:190} INFO - [2026-01-30T09:47:42.031+0530] {dagbag.py:588} INFO - Filling up the DagBag from /home/hp/Desktop/Bigdata_project/BigData-Project/airflow/dags/dag_final.py
[2026-01-30T09:47:42.041+0530] {processor.py:925} INFO - DAG(s) 'weather_system_pipeline_final' retrieved from /home/hp/Desktop/Bigdata_project/BigData-Project/airflow/dags/dag_final.py
[2026-01-30T09:47:42.056+0530] {logging_mixin.py:190} INFO - [2026-01-30T09:47:42.056+0530] {dag.py:3239} INFO - Sync 1 DAGs
[2026-01-30T09:47:42.070+0530] {logging_mixin.py:190} INFO - [2026-01-30T09:47:42.070+0530] {dag.py:4180} INFO - Setting next_dagrun for weather_system_pipeline_final to 2026-01-01 00:00:00+00:00, run_after=2026-01-02 00:00:00+00:00
[2026-01-30T09:47:42.085+0530] {processor.py:208} INFO - Processing /home/hp/Desktop/Bigdata_project/BigData-Project/airflow/dags/dag_final.py took 0.068 seconds
[2026-01-30T09:48:12.201+0530] {processor.py:186} INFO - Started process (PID=14331) to work on /home/hp/Desktop/Bigdata_project/BigData-Project/airflow/dags/dag_final.py
[2026-01-30T09:48:12.202+0530] {processor.py:914} INFO - Processing file /home/hp/Desktop/Bigdata_project/BigData-Project/airflow/dags/dag_final.py for tasks to queue
[2026-01-30T09:48:12.204+0530] {logging_mixin.py:190} INFO - [2026-01-30T09:48:12.203+0530] {dagbag.py:588} INFO - Filling up the DagBag from /home/hp/Desktop/Bigdata_project/BigData-Project/airflow/dags/dag_final.py
[2026-01-30T09:48:12.214+0530] {processor.py:925} INFO - DAG(s) 'weather_system_pipeline_final' retrieved from /home/hp/Desktop/Bigdata_project/BigData-Project/airflow/dags/dag_final.py
[2026-01-30T09:48:12.230+0530] {logging_mixin.py:190} INFO - [2026-01-30T09:48:12.229+0530] {dag.py:3239} INFO - Sync 1 DAGs
[2026-01-30T09:48:12.244+0530] {logging_mixin.py:190} INFO - [2026-01-30T09:48:12.244+0530] {dag.py:4180} INFO - Setting next_dagrun for weather_system_pipeline_final to 2026-01-01 00:00:00+00:00, run_after=2026-01-02 00:00:00+00:00
[2026-01-30T09:48:12.260+0530] {processor.py:208} INFO - Processing /home/hp/Desktop/Bigdata_project/BigData-Project/airflow/dags/dag_final.py took 0.064 seconds
[2026-01-30T09:48:42.377+0530] {processor.py:186} INFO - Started process (PID=14487) to work on /home/hp/Desktop/Bigdata_project/BigData-Project/airflow/dags/dag_final.py
[2026-01-30T09:48:42.384+0530] {processor.py:914} INFO - Processing file /home/hp/Desktop/Bigdata_project/BigData-Project/airflow/dags/dag_final.py for tasks to queue
[2026-01-30T09:48:42.386+0530] {logging_mixin.py:190} INFO - [2026-01-30T09:48:42.386+0530] {dagbag.py:588} INFO - Filling up the DagBag from /home/hp/Desktop/Bigdata_project/BigData-Project/airflow/dags/dag_final.py
[2026-01-30T09:48:42.396+0530] {processor.py:925} INFO - DAG(s) 'weather_system_pipeline_final' retrieved from /home/hp/Desktop/Bigdata_project/BigData-Project/airflow/dags/dag_final.py
[2026-01-30T09:48:42.411+0530] {logging_mixin.py:190} INFO - [2026-01-30T09:48:42.411+0530] {dag.py:3239} INFO - Sync 1 DAGs
[2026-01-30T09:48:42.425+0530] {logging_mixin.py:190} INFO - [2026-01-30T09:48:42.425+0530] {dag.py:4180} INFO - Setting next_dagrun for weather_system_pipeline_final to 2026-01-01 00:00:00+00:00, run_after=2026-01-02 00:00:00+00:00
[2026-01-30T09:48:42.442+0530] {processor.py:208} INFO - Processing /home/hp/Desktop/Bigdata_project/BigData-Project/airflow/dags/dag_final.py took 0.070 seconds
[2026-01-30T09:49:12.554+0530] {processor.py:186} INFO - Started process (PID=14556) to work on /home/hp/Desktop/Bigdata_project/BigData-Project/airflow/dags/dag_final.py
[2026-01-30T09:49:12.555+0530] {processor.py:914} INFO - Processing file /home/hp/Desktop/Bigdata_project/BigData-Project/airflow/dags/dag_final.py for tasks to queue
[2026-01-30T09:49:12.556+0530] {logging_mixin.py:190} INFO - [2026-01-30T09:49:12.556+0530] {dagbag.py:588} INFO - Filling up the DagBag from /home/hp/Desktop/Bigdata_project/BigData-Project/airflow/dags/dag_final.py
[2026-01-30T09:49:12.566+0530] {processor.py:925} INFO - DAG(s) 'weather_system_pipeline_final' retrieved from /home/hp/Desktop/Bigdata_project/BigData-Project/airflow/dags/dag_final.py
[2026-01-30T09:49:12.581+0530] {logging_mixin.py:190} INFO - [2026-01-30T09:49:12.581+0530] {dag.py:3239} INFO - Sync 1 DAGs
[2026-01-30T09:49:12.596+0530] {logging_mixin.py:190} INFO - [2026-01-30T09:49:12.596+0530] {dag.py:4180} INFO - Setting next_dagrun for weather_system_pipeline_final to 2026-01-01 00:00:00+00:00, run_after=2026-01-02 00:00:00+00:00
[2026-01-30T09:49:12.610+0530] {processor.py:208} INFO - Processing /home/hp/Desktop/Bigdata_project/BigData-Project/airflow/dags/dag_final.py took 0.061 seconds
[2026-01-30T09:49:42.732+0530] {processor.py:186} INFO - Started process (PID=14611) to work on /home/hp/Desktop/Bigdata_project/BigData-Project/airflow/dags/dag_final.py
[2026-01-30T09:49:42.738+0530] {processor.py:914} INFO - Processing file /home/hp/Desktop/Bigdata_project/BigData-Project/airflow/dags/dag_final.py for tasks to queue
[2026-01-30T09:49:42.741+0530] {logging_mixin.py:190} INFO - [2026-01-30T09:49:42.740+0530] {dagbag.py:588} INFO - Filling up the DagBag from /home/hp/Desktop/Bigdata_project/BigData-Project/airflow/dags/dag_final.py
[2026-01-30T09:49:42.750+0530] {processor.py:925} INFO - DAG(s) 'weather_system_pipeline_final' retrieved from /home/hp/Desktop/Bigdata_project/BigData-Project/airflow/dags/dag_final.py
[2026-01-30T09:49:42.766+0530] {logging_mixin.py:190} INFO - [2026-01-30T09:49:42.765+0530] {dag.py:3239} INFO - Sync 1 DAGs
[2026-01-30T09:49:42.780+0530] {logging_mixin.py:190} INFO - [2026-01-30T09:49:42.780+0530] {dag.py:4180} INFO - Setting next_dagrun for weather_system_pipeline_final to 2026-01-01 00:00:00+00:00, run_after=2026-01-02 00:00:00+00:00
[2026-01-30T09:49:42.794+0530] {processor.py:208} INFO - Processing /home/hp/Desktop/Bigdata_project/BigData-Project/airflow/dags/dag_final.py took 0.068 seconds
[2026-01-30T09:50:12.909+0530] {processor.py:186} INFO - Started process (PID=14681) to work on /home/hp/Desktop/Bigdata_project/BigData-Project/airflow/dags/dag_final.py
[2026-01-30T09:50:12.910+0530] {processor.py:914} INFO - Processing file /home/hp/Desktop/Bigdata_project/BigData-Project/airflow/dags/dag_final.py for tasks to queue
[2026-01-30T09:50:12.911+0530] {logging_mixin.py:190} INFO - [2026-01-30T09:50:12.911+0530] {dagbag.py:588} INFO - Filling up the DagBag from /home/hp/Desktop/Bigdata_project/BigData-Project/airflow/dags/dag_final.py
[2026-01-30T09:50:12.921+0530] {processor.py:925} INFO - DAG(s) 'weather_system_pipeline_final' retrieved from /home/hp/Desktop/Bigdata_project/BigData-Project/airflow/dags/dag_final.py
[2026-01-30T09:50:12.937+0530] {logging_mixin.py:190} INFO - [2026-01-30T09:50:12.937+0530] {dag.py:3239} INFO - Sync 1 DAGs
[2026-01-30T09:50:12.951+0530] {logging_mixin.py:190} INFO - [2026-01-30T09:50:12.951+0530] {dag.py:4180} INFO - Setting next_dagrun for weather_system_pipeline_final to 2026-01-01 00:00:00+00:00, run_after=2026-01-02 00:00:00+00:00
[2026-01-30T09:50:12.966+0530] {processor.py:208} INFO - Processing /home/hp/Desktop/Bigdata_project/BigData-Project/airflow/dags/dag_final.py took 0.062 seconds
[2026-01-30T09:50:43.088+0530] {processor.py:186} INFO - Started process (PID=14736) to work on /home/hp/Desktop/Bigdata_project/BigData-Project/airflow/dags/dag_final.py
[2026-01-30T09:50:43.089+0530] {processor.py:914} INFO - Processing file /home/hp/Desktop/Bigdata_project/BigData-Project/airflow/dags/dag_final.py for tasks to queue
[2026-01-30T09:50:43.091+0530] {logging_mixin.py:190} INFO - [2026-01-30T09:50:43.091+0530] {dagbag.py:588} INFO - Filling up the DagBag from /home/hp/Desktop/Bigdata_project/BigData-Project/airflow/dags/dag_final.py
[2026-01-30T09:50:43.100+0530] {processor.py:925} INFO - DAG(s) 'weather_system_pipeline_final' retrieved from /home/hp/Desktop/Bigdata_project/BigData-Project/airflow/dags/dag_final.py
[2026-01-30T09:50:43.117+0530] {logging_mixin.py:190} INFO - [2026-01-30T09:50:43.116+0530] {dag.py:3239} INFO - Sync 1 DAGs
[2026-01-30T09:50:43.131+0530] {logging_mixin.py:190} INFO - [2026-01-30T09:50:43.131+0530] {dag.py:4180} INFO - Setting next_dagrun for weather_system_pipeline_final to 2026-01-01 00:00:00+00:00, run_after=2026-01-02 00:00:00+00:00
[2026-01-30T09:50:43.145+0530] {processor.py:208} INFO - Processing /home/hp/Desktop/Bigdata_project/BigData-Project/airflow/dags/dag_final.py took 0.062 seconds
[2026-01-30T09:51:13.202+0530] {processor.py:186} INFO - Started process (PID=14804) to work on /home/hp/Desktop/Bigdata_project/BigData-Project/airflow/dags/dag_final.py
[2026-01-30T09:51:13.203+0530] {processor.py:914} INFO - Processing file /home/hp/Desktop/Bigdata_project/BigData-Project/airflow/dags/dag_final.py for tasks to queue
[2026-01-30T09:51:13.205+0530] {logging_mixin.py:190} INFO - [2026-01-30T09:51:13.204+0530] {dagbag.py:588} INFO - Filling up the DagBag from /home/hp/Desktop/Bigdata_project/BigData-Project/airflow/dags/dag_final.py
[2026-01-30T09:51:13.214+0530] {processor.py:925} INFO - DAG(s) 'weather_system_pipeline_final' retrieved from /home/hp/Desktop/Bigdata_project/BigData-Project/airflow/dags/dag_final.py
[2026-01-30T09:51:13.231+0530] {logging_mixin.py:190} INFO - [2026-01-30T09:51:13.230+0530] {dag.py:3239} INFO - Sync 1 DAGs
[2026-01-30T09:51:13.245+0530] {logging_mixin.py:190} INFO - [2026-01-30T09:51:13.245+0530] {dag.py:4180} INFO - Setting next_dagrun for weather_system_pipeline_final to 2026-01-01 00:00:00+00:00, run_after=2026-01-02 00:00:00+00:00
[2026-01-30T09:51:13.260+0530] {processor.py:208} INFO - Processing /home/hp/Desktop/Bigdata_project/BigData-Project/airflow/dags/dag_final.py took 0.063 seconds
[2026-01-30T09:51:43.371+0530] {processor.py:186} INFO - Started process (PID=14855) to work on /home/hp/Desktop/Bigdata_project/BigData-Project/airflow/dags/dag_final.py
[2026-01-30T09:51:43.378+0530] {processor.py:914} INFO - Processing file /home/hp/Desktop/Bigdata_project/BigData-Project/airflow/dags/dag_final.py for tasks to queue
[2026-01-30T09:51:43.380+0530] {logging_mixin.py:190} INFO - [2026-01-30T09:51:43.379+0530] {dagbag.py:588} INFO - Filling up the DagBag from /home/hp/Desktop/Bigdata_project/BigData-Project/airflow/dags/dag_final.py
[2026-01-30T09:51:43.390+0530] {processor.py:925} INFO - DAG(s) 'weather_system_pipeline_final' retrieved from /home/hp/Desktop/Bigdata_project/BigData-Project/airflow/dags/dag_final.py
[2026-01-30T09:51:43.406+0530] {logging_mixin.py:190} INFO - [2026-01-30T09:51:43.406+0530] {dag.py:3239} INFO - Sync 1 DAGs
[2026-01-30T09:51:43.420+0530] {logging_mixin.py:190} INFO - [2026-01-30T09:51:43.420+0530] {dag.py:4180} INFO - Setting next_dagrun for weather_system_pipeline_final to 2026-01-01 00:00:00+00:00, run_after=2026-01-02 00:00:00+00:00
[2026-01-30T09:51:43.436+0530] {processor.py:208} INFO - Processing /home/hp/Desktop/Bigdata_project/BigData-Project/airflow/dags/dag_final.py took 0.071 seconds
[2026-01-30T09:52:13.544+0530] {processor.py:186} INFO - Started process (PID=14913) to work on /home/hp/Desktop/Bigdata_project/BigData-Project/airflow/dags/dag_final.py
[2026-01-30T09:52:13.551+0530] {processor.py:914} INFO - Processing file /home/hp/Desktop/Bigdata_project/BigData-Project/airflow/dags/dag_final.py for tasks to queue
[2026-01-30T09:52:13.553+0530] {logging_mixin.py:190} INFO - [2026-01-30T09:52:13.553+0530] {dagbag.py:588} INFO - Filling up the DagBag from /home/hp/Desktop/Bigdata_project/BigData-Project/airflow/dags/dag_final.py
[2026-01-30T09:52:13.563+0530] {processor.py:925} INFO - DAG(s) 'weather_system_pipeline_final' retrieved from /home/hp/Desktop/Bigdata_project/BigData-Project/airflow/dags/dag_final.py
[2026-01-30T09:52:13.579+0530] {logging_mixin.py:190} INFO - [2026-01-30T09:52:13.579+0530] {dag.py:3239} INFO - Sync 1 DAGs
[2026-01-30T09:52:13.593+0530] {logging_mixin.py:190} INFO - [2026-01-30T09:52:13.593+0530] {dag.py:4180} INFO - Setting next_dagrun for weather_system_pipeline_final to 2026-01-01 00:00:00+00:00, run_after=2026-01-02 00:00:00+00:00
[2026-01-30T09:52:13.609+0530] {processor.py:208} INFO - Processing /home/hp/Desktop/Bigdata_project/BigData-Project/airflow/dags/dag_final.py took 0.070 seconds
[2026-01-30T09:52:43.719+0530] {processor.py:186} INFO - Started process (PID=14986) to work on /home/hp/Desktop/Bigdata_project/BigData-Project/airflow/dags/dag_final.py
[2026-01-30T09:52:43.725+0530] {processor.py:914} INFO - Processing file /home/hp/Desktop/Bigdata_project/BigData-Project/airflow/dags/dag_final.py for tasks to queue
[2026-01-30T09:52:43.727+0530] {logging_mixin.py:190} INFO - [2026-01-30T09:52:43.727+0530] {dagbag.py:588} INFO - Filling up the DagBag from /home/hp/Desktop/Bigdata_project/BigData-Project/airflow/dags/dag_final.py
[2026-01-30T09:52:43.737+0530] {processor.py:925} INFO - DAG(s) 'weather_system_pipeline_final' retrieved from /home/hp/Desktop/Bigdata_project/BigData-Project/airflow/dags/dag_final.py
[2026-01-30T09:52:43.754+0530] {logging_mixin.py:190} INFO - [2026-01-30T09:52:43.753+0530] {dag.py:3239} INFO - Sync 1 DAGs
[2026-01-30T09:52:43.768+0530] {logging_mixin.py:190} INFO - [2026-01-30T09:52:43.768+0530] {dag.py:4180} INFO - Setting next_dagrun for weather_system_pipeline_final to 2026-01-01 00:00:00+00:00, run_after=2026-01-02 00:00:00+00:00
[2026-01-30T09:52:43.782+0530] {processor.py:208} INFO - Processing /home/hp/Desktop/Bigdata_project/BigData-Project/airflow/dags/dag_final.py took 0.070 seconds
[2026-01-30T09:53:13.894+0530] {processor.py:186} INFO - Started process (PID=15042) to work on /home/hp/Desktop/Bigdata_project/BigData-Project/airflow/dags/dag_final.py
[2026-01-30T09:53:13.900+0530] {processor.py:914} INFO - Processing file /home/hp/Desktop/Bigdata_project/BigData-Project/airflow/dags/dag_final.py for tasks to queue
[2026-01-30T09:53:13.902+0530] {logging_mixin.py:190} INFO - [2026-01-30T09:53:13.902+0530] {dagbag.py:588} INFO - Filling up the DagBag from /home/hp/Desktop/Bigdata_project/BigData-Project/airflow/dags/dag_final.py
[2026-01-30T09:53:13.912+0530] {processor.py:925} INFO - DAG(s) 'weather_system_pipeline_final' retrieved from /home/hp/Desktop/Bigdata_project/BigData-Project/airflow/dags/dag_final.py
[2026-01-30T09:53:13.927+0530] {logging_mixin.py:190} INFO - [2026-01-30T09:53:13.927+0530] {dag.py:3239} INFO - Sync 1 DAGs
[2026-01-30T09:53:13.942+0530] {logging_mixin.py:190} INFO - [2026-01-30T09:53:13.942+0530] {dag.py:4180} INFO - Setting next_dagrun for weather_system_pipeline_final to 2026-01-01 00:00:00+00:00, run_after=2026-01-02 00:00:00+00:00
[2026-01-30T09:53:13.956+0530] {processor.py:208} INFO - Processing /home/hp/Desktop/Bigdata_project/BigData-Project/airflow/dags/dag_final.py took 0.068 seconds
[2026-01-30T09:53:44.069+0530] {processor.py:186} INFO - Started process (PID=15164) to work on /home/hp/Desktop/Bigdata_project/BigData-Project/airflow/dags/dag_final.py
[2026-01-30T09:53:44.075+0530] {processor.py:914} INFO - Processing file /home/hp/Desktop/Bigdata_project/BigData-Project/airflow/dags/dag_final.py for tasks to queue
[2026-01-30T09:53:44.078+0530] {logging_mixin.py:190} INFO - [2026-01-30T09:53:44.078+0530] {dagbag.py:588} INFO - Filling up the DagBag from /home/hp/Desktop/Bigdata_project/BigData-Project/airflow/dags/dag_final.py
[2026-01-30T09:53:44.087+0530] {processor.py:925} INFO - DAG(s) 'weather_system_pipeline_final' retrieved from /home/hp/Desktop/Bigdata_project/BigData-Project/airflow/dags/dag_final.py
[2026-01-30T09:53:44.104+0530] {logging_mixin.py:190} INFO - [2026-01-30T09:53:44.103+0530] {dag.py:3239} INFO - Sync 1 DAGs
[2026-01-30T09:53:44.118+0530] {logging_mixin.py:190} INFO - [2026-01-30T09:53:44.118+0530] {dag.py:4180} INFO - Setting next_dagrun for weather_system_pipeline_final to 2026-01-01 00:00:00+00:00, run_after=2026-01-02 00:00:00+00:00
[2026-01-30T09:53:44.134+0530] {processor.py:208} INFO - Processing /home/hp/Desktop/Bigdata_project/BigData-Project/airflow/dags/dag_final.py took 0.070 seconds
[2026-01-30T09:54:14.193+0530] {processor.py:186} INFO - Started process (PID=15217) to work on /home/hp/Desktop/Bigdata_project/BigData-Project/airflow/dags/dag_final.py
[2026-01-30T09:54:14.193+0530] {processor.py:914} INFO - Processing file /home/hp/Desktop/Bigdata_project/BigData-Project/airflow/dags/dag_final.py for tasks to queue
[2026-01-30T09:54:14.195+0530] {logging_mixin.py:190} INFO - [2026-01-30T09:54:14.195+0530] {dagbag.py:588} INFO - Filling up the DagBag from /home/hp/Desktop/Bigdata_project/BigData-Project/airflow/dags/dag_final.py
[2026-01-30T09:54:14.205+0530] {processor.py:925} INFO - DAG(s) 'weather_system_pipeline_final' retrieved from /home/hp/Desktop/Bigdata_project/BigData-Project/airflow/dags/dag_final.py
[2026-01-30T09:54:14.221+0530] {logging_mixin.py:190} INFO - [2026-01-30T09:54:14.221+0530] {dag.py:3239} INFO - Sync 1 DAGs
[2026-01-30T09:54:14.235+0530] {logging_mixin.py:190} INFO - [2026-01-30T09:54:14.235+0530] {dag.py:4180} INFO - Setting next_dagrun for weather_system_pipeline_final to 2026-01-01 00:00:00+00:00, run_after=2026-01-02 00:00:00+00:00
[2026-01-30T09:54:14.249+0530] {processor.py:208} INFO - Processing /home/hp/Desktop/Bigdata_project/BigData-Project/airflow/dags/dag_final.py took 0.062 seconds
[2026-01-30T09:54:44.360+0530] {processor.py:186} INFO - Started process (PID=15283) to work on /home/hp/Desktop/Bigdata_project/BigData-Project/airflow/dags/dag_final.py
[2026-01-30T09:54:44.366+0530] {processor.py:914} INFO - Processing file /home/hp/Desktop/Bigdata_project/BigData-Project/airflow/dags/dag_final.py for tasks to queue
[2026-01-30T09:54:44.368+0530] {logging_mixin.py:190} INFO - [2026-01-30T09:54:44.368+0530] {dagbag.py:588} INFO - Filling up the DagBag from /home/hp/Desktop/Bigdata_project/BigData-Project/airflow/dags/dag_final.py
[2026-01-30T09:54:44.378+0530] {processor.py:925} INFO - DAG(s) 'weather_system_pipeline_final' retrieved from /home/hp/Desktop/Bigdata_project/BigData-Project/airflow/dags/dag_final.py
[2026-01-30T09:54:44.393+0530] {logging_mixin.py:190} INFO - [2026-01-30T09:54:44.393+0530] {dag.py:3239} INFO - Sync 1 DAGs
[2026-01-30T09:54:44.408+0530] {logging_mixin.py:190} INFO - [2026-01-30T09:54:44.407+0530] {dag.py:4180} INFO - Setting next_dagrun for weather_system_pipeline_final to 2026-01-01 00:00:00+00:00, run_after=2026-01-02 00:00:00+00:00
[2026-01-30T09:54:44.423+0530] {processor.py:208} INFO - Processing /home/hp/Desktop/Bigdata_project/BigData-Project/airflow/dags/dag_final.py took 0.070 seconds
[2026-01-30T09:55:14.535+0530] {processor.py:186} INFO - Started process (PID=15336) to work on /home/hp/Desktop/Bigdata_project/BigData-Project/airflow/dags/dag_final.py
[2026-01-30T09:55:14.542+0530] {processor.py:914} INFO - Processing file /home/hp/Desktop/Bigdata_project/BigData-Project/airflow/dags/dag_final.py for tasks to queue
[2026-01-30T09:55:14.544+0530] {logging_mixin.py:190} INFO - [2026-01-30T09:55:14.544+0530] {dagbag.py:588} INFO - Filling up the DagBag from /home/hp/Desktop/Bigdata_project/BigData-Project/airflow/dags/dag_final.py
[2026-01-30T09:55:14.553+0530] {processor.py:925} INFO - DAG(s) 'weather_system_pipeline_final' retrieved from /home/hp/Desktop/Bigdata_project/BigData-Project/airflow/dags/dag_final.py
[2026-01-30T09:55:14.569+0530] {logging_mixin.py:190} INFO - [2026-01-30T09:55:14.569+0530] {dag.py:3239} INFO - Sync 1 DAGs
[2026-01-30T09:55:14.583+0530] {logging_mixin.py:190} INFO - [2026-01-30T09:55:14.582+0530] {dag.py:4180} INFO - Setting next_dagrun for weather_system_pipeline_final to 2026-01-01 00:00:00+00:00, run_after=2026-01-02 00:00:00+00:00
[2026-01-30T09:55:14.597+0530] {processor.py:208} INFO - Processing /home/hp/Desktop/Bigdata_project/BigData-Project/airflow/dags/dag_final.py took 0.067 seconds
[2026-01-30T09:55:44.716+0530] {processor.py:186} INFO - Started process (PID=15498) to work on /home/hp/Desktop/Bigdata_project/BigData-Project/airflow/dags/dag_final.py
[2026-01-30T09:55:44.722+0530] {processor.py:914} INFO - Processing file /home/hp/Desktop/Bigdata_project/BigData-Project/airflow/dags/dag_final.py for tasks to queue
[2026-01-30T09:55:44.724+0530] {logging_mixin.py:190} INFO - [2026-01-30T09:55:44.724+0530] {dagbag.py:588} INFO - Filling up the DagBag from /home/hp/Desktop/Bigdata_project/BigData-Project/airflow/dags/dag_final.py
[2026-01-30T09:55:44.734+0530] {processor.py:925} INFO - DAG(s) 'weather_system_pipeline_final' retrieved from /home/hp/Desktop/Bigdata_project/BigData-Project/airflow/dags/dag_final.py
[2026-01-30T09:55:44.749+0530] {logging_mixin.py:190} INFO - [2026-01-30T09:55:44.749+0530] {dag.py:3239} INFO - Sync 1 DAGs
[2026-01-30T09:55:44.763+0530] {logging_mixin.py:190} INFO - [2026-01-30T09:55:44.763+0530] {dag.py:4180} INFO - Setting next_dagrun for weather_system_pipeline_final to 2026-01-01 00:00:00+00:00, run_after=2026-01-02 00:00:00+00:00
[2026-01-30T09:55:44.779+0530] {processor.py:208} INFO - Processing /home/hp/Desktop/Bigdata_project/BigData-Project/airflow/dags/dag_final.py took 0.069 seconds
[2026-01-30T09:56:14.895+0530] {processor.py:186} INFO - Started process (PID=15557) to work on /home/hp/Desktop/Bigdata_project/BigData-Project/airflow/dags/dag_final.py
[2026-01-30T09:56:14.901+0530] {processor.py:914} INFO - Processing file /home/hp/Desktop/Bigdata_project/BigData-Project/airflow/dags/dag_final.py for tasks to queue
[2026-01-30T09:56:14.904+0530] {logging_mixin.py:190} INFO - [2026-01-30T09:56:14.903+0530] {dagbag.py:588} INFO - Filling up the DagBag from /home/hp/Desktop/Bigdata_project/BigData-Project/airflow/dags/dag_final.py
[2026-01-30T09:56:14.913+0530] {processor.py:925} INFO - DAG(s) 'weather_system_pipeline_final' retrieved from /home/hp/Desktop/Bigdata_project/BigData-Project/airflow/dags/dag_final.py
[2026-01-30T09:56:14.928+0530] {logging_mixin.py:190} INFO - [2026-01-30T09:56:14.928+0530] {dag.py:3239} INFO - Sync 1 DAGs
[2026-01-30T09:56:14.943+0530] {logging_mixin.py:190} INFO - [2026-01-30T09:56:14.943+0530] {dag.py:4180} INFO - Setting next_dagrun for weather_system_pipeline_final to 2026-01-01 00:00:00+00:00, run_after=2026-01-02 00:00:00+00:00
[2026-01-30T09:56:14.957+0530] {processor.py:208} INFO - Processing /home/hp/Desktop/Bigdata_project/BigData-Project/airflow/dags/dag_final.py took 0.068 seconds
[2026-01-30T09:56:45.087+0530] {processor.py:186} INFO - Started process (PID=15627) to work on /home/hp/Desktop/Bigdata_project/BigData-Project/airflow/dags/dag_final.py
[2026-01-30T09:56:45.088+0530] {processor.py:914} INFO - Processing file /home/hp/Desktop/Bigdata_project/BigData-Project/airflow/dags/dag_final.py for tasks to queue
[2026-01-30T09:56:45.091+0530] {logging_mixin.py:190} INFO - [2026-01-30T09:56:45.091+0530] {dagbag.py:588} INFO - Filling up the DagBag from /home/hp/Desktop/Bigdata_project/BigData-Project/airflow/dags/dag_final.py
[2026-01-30T09:56:45.107+0530] {processor.py:925} INFO - DAG(s) 'weather_system_pipeline_final' retrieved from /home/hp/Desktop/Bigdata_project/BigData-Project/airflow/dags/dag_final.py
[2026-01-30T09:56:45.134+0530] {logging_mixin.py:190} INFO - [2026-01-30T09:56:45.133+0530] {dag.py:3239} INFO - Sync 1 DAGs
[2026-01-30T09:56:45.157+0530] {logging_mixin.py:190} INFO - [2026-01-30T09:56:45.157+0530] {dag.py:4180} INFO - Setting next_dagrun for weather_system_pipeline_final to 2026-01-01 00:00:00+00:00, run_after=2026-01-02 00:00:00+00:00
[2026-01-30T09:56:45.181+0530] {processor.py:208} INFO - Processing /home/hp/Desktop/Bigdata_project/BigData-Project/airflow/dags/dag_final.py took 0.103 seconds
[2026-01-30T09:57:15.380+0530] {processor.py:186} INFO - Started process (PID=15686) to work on /home/hp/Desktop/Bigdata_project/BigData-Project/airflow/dags/dag_final.py
[2026-01-30T09:57:15.387+0530] {processor.py:914} INFO - Processing file /home/hp/Desktop/Bigdata_project/BigData-Project/airflow/dags/dag_final.py for tasks to queue
[2026-01-30T09:57:15.390+0530] {logging_mixin.py:190} INFO - [2026-01-30T09:57:15.389+0530] {dagbag.py:588} INFO - Filling up the DagBag from /home/hp/Desktop/Bigdata_project/BigData-Project/airflow/dags/dag_final.py
[2026-01-30T09:57:15.405+0530] {processor.py:925} INFO - DAG(s) 'weather_system_pipeline_final' retrieved from /home/hp/Desktop/Bigdata_project/BigData-Project/airflow/dags/dag_final.py
[2026-01-30T09:57:15.432+0530] {logging_mixin.py:190} INFO - [2026-01-30T09:57:15.432+0530] {dag.py:3239} INFO - Sync 1 DAGs
[2026-01-30T09:57:15.455+0530] {logging_mixin.py:190} INFO - [2026-01-30T09:57:15.455+0530] {dag.py:4180} INFO - Setting next_dagrun for weather_system_pipeline_final to 2026-01-01 00:00:00+00:00, run_after=2026-01-02 00:00:00+00:00
[2026-01-30T09:57:15.478+0530] {processor.py:208} INFO - Processing /home/hp/Desktop/Bigdata_project/BigData-Project/airflow/dags/dag_final.py took 0.107 seconds
[2026-01-30T09:57:45.673+0530] {processor.py:186} INFO - Started process (PID=15752) to work on /home/hp/Desktop/Bigdata_project/BigData-Project/airflow/dags/dag_final.py
[2026-01-30T09:57:45.674+0530] {processor.py:914} INFO - Processing file /home/hp/Desktop/Bigdata_project/BigData-Project/airflow/dags/dag_final.py for tasks to queue
[2026-01-30T09:57:45.677+0530] {logging_mixin.py:190} INFO - [2026-01-30T09:57:45.677+0530] {dagbag.py:588} INFO - Filling up the DagBag from /home/hp/Desktop/Bigdata_project/BigData-Project/airflow/dags/dag_final.py
[2026-01-30T09:57:45.694+0530] {processor.py:925} INFO - DAG(s) 'weather_system_pipeline_final' retrieved from /home/hp/Desktop/Bigdata_project/BigData-Project/airflow/dags/dag_final.py
[2026-01-30T09:57:45.721+0530] {logging_mixin.py:190} INFO - [2026-01-30T09:57:45.720+0530] {dag.py:3239} INFO - Sync 1 DAGs
[2026-01-30T09:57:45.744+0530] {logging_mixin.py:190} INFO - [2026-01-30T09:57:45.743+0530] {dag.py:4180} INFO - Setting next_dagrun for weather_system_pipeline_final to 2026-01-01 00:00:00+00:00, run_after=2026-01-02 00:00:00+00:00
[2026-01-30T09:57:45.767+0530] {processor.py:208} INFO - Processing /home/hp/Desktop/Bigdata_project/BigData-Project/airflow/dags/dag_final.py took 0.104 seconds
[2026-01-30T09:58:15.966+0530] {processor.py:186} INFO - Started process (PID=15821) to work on /home/hp/Desktop/Bigdata_project/BigData-Project/airflow/dags/dag_final.py
[2026-01-30T09:58:15.973+0530] {processor.py:914} INFO - Processing file /home/hp/Desktop/Bigdata_project/BigData-Project/airflow/dags/dag_final.py for tasks to queue
[2026-01-30T09:58:15.980+0530] {logging_mixin.py:190} INFO - [2026-01-30T09:58:15.978+0530] {dagbag.py:588} INFO - Filling up the DagBag from /home/hp/Desktop/Bigdata_project/BigData-Project/airflow/dags/dag_final.py
[2026-01-30T09:58:16.004+0530] {processor.py:925} INFO - DAG(s) 'weather_system_pipeline_final' retrieved from /home/hp/Desktop/Bigdata_project/BigData-Project/airflow/dags/dag_final.py
[2026-01-30T09:58:16.038+0530] {logging_mixin.py:190} INFO - [2026-01-30T09:58:16.038+0530] {dag.py:3239} INFO - Sync 1 DAGs
[2026-01-30T09:58:16.060+0530] {logging_mixin.py:190} INFO - [2026-01-30T09:58:16.060+0530] {dag.py:4180} INFO - Setting next_dagrun for weather_system_pipeline_final to 2026-01-01 00:00:00+00:00, run_after=2026-01-02 00:00:00+00:00
[2026-01-30T09:58:16.083+0530] {processor.py:208} INFO - Processing /home/hp/Desktop/Bigdata_project/BigData-Project/airflow/dags/dag_final.py took 0.126 seconds
[2026-01-30T09:58:46.265+0530] {processor.py:186} INFO - Started process (PID=15929) to work on /home/hp/Desktop/Bigdata_project/BigData-Project/airflow/dags/dag_final.py
[2026-01-30T09:58:46.271+0530] {processor.py:914} INFO - Processing file /home/hp/Desktop/Bigdata_project/BigData-Project/airflow/dags/dag_final.py for tasks to queue
[2026-01-30T09:58:46.276+0530] {logging_mixin.py:190} INFO - [2026-01-30T09:58:46.275+0530] {dagbag.py:588} INFO - Filling up the DagBag from /home/hp/Desktop/Bigdata_project/BigData-Project/airflow/dags/dag_final.py
[2026-01-30T09:58:46.290+0530] {processor.py:925} INFO - DAG(s) 'weather_system_pipeline_final' retrieved from /home/hp/Desktop/Bigdata_project/BigData-Project/airflow/dags/dag_final.py
[2026-01-30T09:58:46.315+0530] {logging_mixin.py:190} INFO - [2026-01-30T09:58:46.314+0530] {dag.py:3239} INFO - Sync 1 DAGs
[2026-01-30T09:58:46.337+0530] {logging_mixin.py:190} INFO - [2026-01-30T09:58:46.337+0530] {dag.py:4180} INFO - Setting next_dagrun for weather_system_pipeline_final to 2026-01-01 00:00:00+00:00, run_after=2026-01-02 00:00:00+00:00
[2026-01-30T09:58:46.360+0530] {processor.py:208} INFO - Processing /home/hp/Desktop/Bigdata_project/BigData-Project/airflow/dags/dag_final.py took 0.103 seconds
[2026-01-30T09:59:16.557+0530] {processor.py:186} INFO - Started process (PID=15987) to work on /home/hp/Desktop/Bigdata_project/BigData-Project/airflow/dags/dag_final.py
[2026-01-30T09:59:16.565+0530] {processor.py:914} INFO - Processing file /home/hp/Desktop/Bigdata_project/BigData-Project/airflow/dags/dag_final.py for tasks to queue
[2026-01-30T09:59:16.568+0530] {logging_mixin.py:190} INFO - [2026-01-30T09:59:16.567+0530] {dagbag.py:588} INFO - Filling up the DagBag from /home/hp/Desktop/Bigdata_project/BigData-Project/airflow/dags/dag_final.py
[2026-01-30T09:59:16.585+0530] {processor.py:925} INFO - DAG(s) 'weather_system_pipeline_final' retrieved from /home/hp/Desktop/Bigdata_project/BigData-Project/airflow/dags/dag_final.py
[2026-01-30T09:59:16.612+0530] {logging_mixin.py:190} INFO - [2026-01-30T09:59:16.611+0530] {dag.py:3239} INFO - Sync 1 DAGs
[2026-01-30T09:59:16.634+0530] {logging_mixin.py:190} INFO - [2026-01-30T09:59:16.634+0530] {dag.py:4180} INFO - Setting next_dagrun for weather_system_pipeline_final to 2026-01-01 00:00:00+00:00, run_after=2026-01-02 00:00:00+00:00
[2026-01-30T09:59:16.660+0530] {processor.py:208} INFO - Processing /home/hp/Desktop/Bigdata_project/BigData-Project/airflow/dags/dag_final.py took 0.111 seconds
[2026-01-30T09:59:46.843+0530] {processor.py:186} INFO - Started process (PID=16165) to work on /home/hp/Desktop/Bigdata_project/BigData-Project/airflow/dags/dag_final.py
[2026-01-30T09:59:46.849+0530] {processor.py:914} INFO - Processing file /home/hp/Desktop/Bigdata_project/BigData-Project/airflow/dags/dag_final.py for tasks to queue
[2026-01-30T09:59:46.852+0530] {logging_mixin.py:190} INFO - [2026-01-30T09:59:46.851+0530] {dagbag.py:588} INFO - Filling up the DagBag from /home/hp/Desktop/Bigdata_project/BigData-Project/airflow/dags/dag_final.py
[2026-01-30T09:59:46.867+0530] {processor.py:925} INFO - DAG(s) 'weather_system_pipeline_final' retrieved from /home/hp/Desktop/Bigdata_project/BigData-Project/airflow/dags/dag_final.py
[2026-01-30T09:59:46.898+0530] {logging_mixin.py:190} INFO - [2026-01-30T09:59:46.898+0530] {dag.py:3239} INFO - Sync 1 DAGs
[2026-01-30T09:59:46.929+0530] {logging_mixin.py:190} INFO - [2026-01-30T09:59:46.928+0530] {dag.py:4180} INFO - Setting next_dagrun for weather_system_pipeline_final to 2026-01-01 00:00:00+00:00, run_after=2026-01-02 00:00:00+00:00
[2026-01-30T09:59:46.952+0530] {processor.py:208} INFO - Processing /home/hp/Desktop/Bigdata_project/BigData-Project/airflow/dags/dag_final.py took 0.116 seconds
[2026-01-30T10:04:24.575+0530] {processor.py:186} INFO - Started process (PID=16506) to work on /home/hp/Desktop/Bigdata_project/BigData-Project/airflow/dags/dag_final.py
[2026-01-30T10:04:24.582+0530] {processor.py:914} INFO - Processing file /home/hp/Desktop/Bigdata_project/BigData-Project/airflow/dags/dag_final.py for tasks to queue
[2026-01-30T10:04:24.585+0530] {logging_mixin.py:190} INFO - [2026-01-30T10:04:24.584+0530] {dagbag.py:588} INFO - Filling up the DagBag from /home/hp/Desktop/Bigdata_project/BigData-Project/airflow/dags/dag_final.py
[2026-01-30T10:04:24.601+0530] {processor.py:925} INFO - DAG(s) 'weather_system_pipeline_final' retrieved from /home/hp/Desktop/Bigdata_project/BigData-Project/airflow/dags/dag_final.py
[2026-01-30T10:04:24.627+0530] {logging_mixin.py:190} INFO - [2026-01-30T10:04:24.626+0530] {dag.py:3239} INFO - Sync 1 DAGs
[2026-01-30T10:04:24.650+0530] {logging_mixin.py:190} INFO - [2026-01-30T10:04:24.650+0530] {dag.py:4180} INFO - Setting next_dagrun for weather_system_pipeline_final to 2026-01-01 00:00:00+00:00, run_after=2026-01-02 00:00:00+00:00
[2026-01-30T10:04:24.672+0530] {processor.py:208} INFO - Processing /home/hp/Desktop/Bigdata_project/BigData-Project/airflow/dags/dag_final.py took 0.106 seconds
[2026-01-30T10:04:54.864+0530] {processor.py:186} INFO - Started process (PID=16775) to work on /home/hp/Desktop/Bigdata_project/BigData-Project/airflow/dags/dag_final.py
[2026-01-30T10:04:54.870+0530] {processor.py:914} INFO - Processing file /home/hp/Desktop/Bigdata_project/BigData-Project/airflow/dags/dag_final.py for tasks to queue
[2026-01-30T10:04:54.873+0530] {logging_mixin.py:190} INFO - [2026-01-30T10:04:54.873+0530] {dagbag.py:588} INFO - Filling up the DagBag from /home/hp/Desktop/Bigdata_project/BigData-Project/airflow/dags/dag_final.py
[2026-01-30T10:04:54.885+0530] {processor.py:925} INFO - DAG(s) 'weather_system_pipeline_final' retrieved from /home/hp/Desktop/Bigdata_project/BigData-Project/airflow/dags/dag_final.py
[2026-01-30T10:04:54.907+0530] {logging_mixin.py:190} INFO - [2026-01-30T10:04:54.907+0530] {dag.py:3239} INFO - Sync 1 DAGs
[2026-01-30T10:04:54.927+0530] {logging_mixin.py:190} INFO - [2026-01-30T10:04:54.926+0530] {dag.py:4180} INFO - Setting next_dagrun for weather_system_pipeline_final to 2026-01-01 00:00:00+00:00, run_after=2026-01-02 00:00:00+00:00
[2026-01-30T10:04:54.945+0530] {processor.py:208} INFO - Processing /home/hp/Desktop/Bigdata_project/BigData-Project/airflow/dags/dag_final.py took 0.088 seconds
[2026-01-30T10:05:25.154+0530] {processor.py:186} INFO - Started process (PID=16829) to work on /home/hp/Desktop/Bigdata_project/BigData-Project/airflow/dags/dag_final.py
[2026-01-30T10:05:25.161+0530] {processor.py:914} INFO - Processing file /home/hp/Desktop/Bigdata_project/BigData-Project/airflow/dags/dag_final.py for tasks to queue
[2026-01-30T10:05:25.163+0530] {logging_mixin.py:190} INFO - [2026-01-30T10:05:25.163+0530] {dagbag.py:588} INFO - Filling up the DagBag from /home/hp/Desktop/Bigdata_project/BigData-Project/airflow/dags/dag_final.py
[2026-01-30T10:05:25.176+0530] {processor.py:925} INFO - DAG(s) 'weather_system_pipeline_final' retrieved from /home/hp/Desktop/Bigdata_project/BigData-Project/airflow/dags/dag_final.py
[2026-01-30T10:05:25.198+0530] {logging_mixin.py:190} INFO - [2026-01-30T10:05:25.198+0530] {dag.py:3239} INFO - Sync 1 DAGs
[2026-01-30T10:05:25.218+0530] {logging_mixin.py:190} INFO - [2026-01-30T10:05:25.218+0530] {dag.py:4180} INFO - Setting next_dagrun for weather_system_pipeline_final to 2026-01-01 00:00:00+00:00, run_after=2026-01-02 00:00:00+00:00
[2026-01-30T10:05:25.237+0530] {processor.py:208} INFO - Processing /home/hp/Desktop/Bigdata_project/BigData-Project/airflow/dags/dag_final.py took 0.090 seconds
[2026-01-30T10:05:55.451+0530] {processor.py:186} INFO - Started process (PID=16895) to work on /home/hp/Desktop/Bigdata_project/BigData-Project/airflow/dags/dag_final.py
[2026-01-30T10:05:55.458+0530] {processor.py:914} INFO - Processing file /home/hp/Desktop/Bigdata_project/BigData-Project/airflow/dags/dag_final.py for tasks to queue
[2026-01-30T10:05:55.460+0530] {logging_mixin.py:190} INFO - [2026-01-30T10:05:55.460+0530] {dagbag.py:588} INFO - Filling up the DagBag from /home/hp/Desktop/Bigdata_project/BigData-Project/airflow/dags/dag_final.py
[2026-01-30T10:05:55.474+0530] {processor.py:925} INFO - DAG(s) 'weather_system_pipeline_final' retrieved from /home/hp/Desktop/Bigdata_project/BigData-Project/airflow/dags/dag_final.py
[2026-01-30T10:05:55.498+0530] {logging_mixin.py:190} INFO - [2026-01-30T10:05:55.498+0530] {dag.py:3239} INFO - Sync 1 DAGs
[2026-01-30T10:05:55.521+0530] {logging_mixin.py:190} INFO - [2026-01-30T10:05:55.521+0530] {dag.py:4180} INFO - Setting next_dagrun for weather_system_pipeline_final to 2026-01-01 00:00:00+00:00, run_after=2026-01-02 00:00:00+00:00
[2026-01-30T10:05:55.542+0530] {processor.py:208} INFO - Processing /home/hp/Desktop/Bigdata_project/BigData-Project/airflow/dags/dag_final.py took 0.100 seconds
[2026-01-30T10:06:26.678+0530] {processor.py:186} INFO - Started process (PID=16948) to work on /home/hp/Desktop/Bigdata_project/BigData-Project/airflow/dags/dag_final.py
[2026-01-30T10:06:26.684+0530] {processor.py:914} INFO - Processing file /home/hp/Desktop/Bigdata_project/BigData-Project/airflow/dags/dag_final.py for tasks to queue
[2026-01-30T10:06:26.688+0530] {logging_mixin.py:190} INFO - [2026-01-30T10:06:26.687+0530] {dagbag.py:588} INFO - Filling up the DagBag from /home/hp/Desktop/Bigdata_project/BigData-Project/airflow/dags/dag_final.py
[2026-01-30T10:06:26.701+0530] {processor.py:925} INFO - DAG(s) 'weather_system_pipeline_final' retrieved from /home/hp/Desktop/Bigdata_project/BigData-Project/airflow/dags/dag_final.py
[2026-01-30T10:06:26.724+0530] {logging_mixin.py:190} INFO - [2026-01-30T10:06:26.724+0530] {dag.py:3239} INFO - Sync 1 DAGs
[2026-01-30T10:06:26.745+0530] {logging_mixin.py:190} INFO - [2026-01-30T10:06:26.745+0530] {dag.py:4180} INFO - Setting next_dagrun for weather_system_pipeline_final to 2026-01-01 00:00:00+00:00, run_after=2026-01-02 00:00:00+00:00
[2026-01-30T10:06:26.765+0530] {processor.py:208} INFO - Processing /home/hp/Desktop/Bigdata_project/BigData-Project/airflow/dags/dag_final.py took 0.095 seconds
[2026-01-30T10:06:56.872+0530] {processor.py:186} INFO - Started process (PID=17014) to work on /home/hp/Desktop/Bigdata_project/BigData-Project/airflow/dags/dag_final.py
[2026-01-30T10:06:56.879+0530] {processor.py:914} INFO - Processing file /home/hp/Desktop/Bigdata_project/BigData-Project/airflow/dags/dag_final.py for tasks to queue
[2026-01-30T10:06:56.881+0530] {logging_mixin.py:190} INFO - [2026-01-30T10:06:56.880+0530] {dagbag.py:588} INFO - Filling up the DagBag from /home/hp/Desktop/Bigdata_project/BigData-Project/airflow/dags/dag_final.py
[2026-01-30T10:06:56.893+0530] {processor.py:925} INFO - DAG(s) 'weather_system_pipeline_final' retrieved from /home/hp/Desktop/Bigdata_project/BigData-Project/airflow/dags/dag_final.py
[2026-01-30T10:06:56.915+0530] {logging_mixin.py:190} INFO - [2026-01-30T10:06:56.915+0530] {dag.py:3239} INFO - Sync 1 DAGs
[2026-01-30T10:06:56.935+0530] {logging_mixin.py:190} INFO - [2026-01-30T10:06:56.935+0530] {dag.py:4180} INFO - Setting next_dagrun for weather_system_pipeline_final to 2026-01-01 00:00:00+00:00, run_after=2026-01-02 00:00:00+00:00
[2026-01-30T10:06:56.956+0530] {processor.py:208} INFO - Processing /home/hp/Desktop/Bigdata_project/BigData-Project/airflow/dags/dag_final.py took 0.091 seconds
[2026-01-30T10:07:27.065+0530] {processor.py:186} INFO - Started process (PID=17070) to work on /home/hp/Desktop/Bigdata_project/BigData-Project/airflow/dags/dag_final.py
[2026-01-30T10:07:27.072+0530] {processor.py:914} INFO - Processing file /home/hp/Desktop/Bigdata_project/BigData-Project/airflow/dags/dag_final.py for tasks to queue
[2026-01-30T10:07:27.075+0530] {logging_mixin.py:190} INFO - [2026-01-30T10:07:27.075+0530] {dagbag.py:588} INFO - Filling up the DagBag from /home/hp/Desktop/Bigdata_project/BigData-Project/airflow/dags/dag_final.py
[2026-01-30T10:07:27.089+0530] {processor.py:925} INFO - DAG(s) 'weather_system_pipeline_final' retrieved from /home/hp/Desktop/Bigdata_project/BigData-Project/airflow/dags/dag_final.py
[2026-01-30T10:07:27.111+0530] {logging_mixin.py:190} INFO - [2026-01-30T10:07:27.111+0530] {dag.py:3239} INFO - Sync 1 DAGs
[2026-01-30T10:07:27.133+0530] {logging_mixin.py:190} INFO - [2026-01-30T10:07:27.133+0530] {dag.py:4180} INFO - Setting next_dagrun for weather_system_pipeline_final to 2026-01-01 00:00:00+00:00, run_after=2026-01-02 00:00:00+00:00
[2026-01-30T10:07:27.153+0530] {processor.py:208} INFO - Processing /home/hp/Desktop/Bigdata_project/BigData-Project/airflow/dags/dag_final.py took 0.095 seconds
[2026-01-30T10:09:49.186+0530] {processor.py:186} INFO - Started process (PID=17250) to work on /home/hp/Desktop/Bigdata_project/BigData-Project/airflow/dags/dag_final.py
[2026-01-30T10:09:49.193+0530] {processor.py:914} INFO - Processing file /home/hp/Desktop/Bigdata_project/BigData-Project/airflow/dags/dag_final.py for tasks to queue
[2026-01-30T10:09:49.196+0530] {logging_mixin.py:190} INFO - [2026-01-30T10:09:49.196+0530] {dagbag.py:588} INFO - Filling up the DagBag from /home/hp/Desktop/Bigdata_project/BigData-Project/airflow/dags/dag_final.py
[2026-01-30T10:09:49.212+0530] {processor.py:925} INFO - DAG(s) 'weather_system_pipeline_final' retrieved from /home/hp/Desktop/Bigdata_project/BigData-Project/airflow/dags/dag_final.py
[2026-01-30T10:09:49.238+0530] {logging_mixin.py:190} INFO - [2026-01-30T10:09:49.237+0530] {dag.py:3239} INFO - Sync 1 DAGs
[2026-01-30T10:09:49.262+0530] {logging_mixin.py:190} INFO - [2026-01-30T10:09:49.261+0530] {dag.py:4180} INFO - Setting next_dagrun for weather_system_pipeline_final to 2026-01-01 00:00:00+00:00, run_after=2026-01-02 00:00:00+00:00
[2026-01-30T10:09:49.285+0530] {processor.py:208} INFO - Processing /home/hp/Desktop/Bigdata_project/BigData-Project/airflow/dags/dag_final.py took 0.107 seconds
