[2026-01-30T09:36:20.415+0530] {processor.py:186} INFO - Started process (PID=10026) to work on /home/hp/Desktop/Bigdata_project/BigData-Project/airflow/dags/dag_flag.py
[2026-01-30T09:36:20.416+0530] {processor.py:914} INFO - Processing file /home/hp/Desktop/Bigdata_project/BigData-Project/airflow/dags/dag_flag.py for tasks to queue
[2026-01-30T09:36:20.419+0530] {logging_mixin.py:190} INFO - [2026-01-30T09:36:20.419+0530] {dagbag.py:588} INFO - Filling up the DagBag from /home/hp/Desktop/Bigdata_project/BigData-Project/airflow/dags/dag_flag.py
[2026-01-30T09:36:20.434+0530] {processor.py:925} INFO - DAG(s) 'weather_system_pipeline_final_new' retrieved from /home/hp/Desktop/Bigdata_project/BigData-Project/airflow/dags/dag_flag.py
[2026-01-30T09:36:20.459+0530] {logging_mixin.py:190} INFO - [2026-01-30T09:36:20.459+0530] {dag.py:3239} INFO - Sync 1 DAGs
[2026-01-30T09:36:20.483+0530] {logging_mixin.py:190} INFO - [2026-01-30T09:36:20.483+0530] {dag.py:4180} INFO - Setting next_dagrun for weather_system_pipeline_final_new to 2026-01-29 00:00:00+00:00, run_after=2026-01-30 00:00:00+00:00
[2026-01-30T09:36:20.636+0530] {processor.py:208} INFO - Processing /home/hp/Desktop/Bigdata_project/BigData-Project/airflow/dags/dag_flag.py took 0.229 seconds
[2026-01-30T09:37:00.297+0530] {processor.py:186} INFO - Started process (PID=10713) to work on /home/hp/Desktop/Bigdata_project/BigData-Project/airflow/dags/dag_flag.py
[2026-01-30T09:37:00.298+0530] {processor.py:914} INFO - Processing file /home/hp/Desktop/Bigdata_project/BigData-Project/airflow/dags/dag_flag.py for tasks to queue
[2026-01-30T09:37:00.301+0530] {logging_mixin.py:190} INFO - [2026-01-30T09:37:00.300+0530] {dagbag.py:588} INFO - Filling up the DagBag from /home/hp/Desktop/Bigdata_project/BigData-Project/airflow/dags/dag_flag.py
[2026-01-30T09:37:00.315+0530] {processor.py:925} INFO - DAG(s) 'weather_system_pipeline_final_new' retrieved from /home/hp/Desktop/Bigdata_project/BigData-Project/airflow/dags/dag_flag.py
[2026-01-30T09:37:00.340+0530] {logging_mixin.py:190} INFO - [2026-01-30T09:37:00.340+0530] {dag.py:3239} INFO - Sync 1 DAGs
[2026-01-30T09:37:00.363+0530] {logging_mixin.py:190} INFO - [2026-01-30T09:37:00.363+0530] {dag.py:4180} INFO - Setting next_dagrun for weather_system_pipeline_final_new to 2026-01-29 00:00:00+00:00, run_after=2026-01-30 00:00:00+00:00
[2026-01-30T09:37:00.565+0530] {processor.py:208} INFO - Processing /home/hp/Desktop/Bigdata_project/BigData-Project/airflow/dags/dag_flag.py took 0.276 seconds
[2026-01-30T09:37:31.564+0530] {processor.py:186} INFO - Started process (PID=11062) to work on /home/hp/Desktop/Bigdata_project/BigData-Project/airflow/dags/dag_flag.py
[2026-01-30T09:37:31.571+0530] {processor.py:914} INFO - Processing file /home/hp/Desktop/Bigdata_project/BigData-Project/airflow/dags/dag_flag.py for tasks to queue
[2026-01-30T09:37:31.574+0530] {logging_mixin.py:190} INFO - [2026-01-30T09:37:31.573+0530] {dagbag.py:588} INFO - Filling up the DagBag from /home/hp/Desktop/Bigdata_project/BigData-Project/airflow/dags/dag_flag.py
[2026-01-30T09:37:31.588+0530] {processor.py:925} INFO - DAG(s) 'weather_system_pipeline_final_new' retrieved from /home/hp/Desktop/Bigdata_project/BigData-Project/airflow/dags/dag_flag.py
[2026-01-30T09:37:31.611+0530] {logging_mixin.py:190} INFO - [2026-01-30T09:37:31.611+0530] {dag.py:3239} INFO - Sync 1 DAGs
[2026-01-30T09:37:31.730+0530] {logging_mixin.py:190} INFO - [2026-01-30T09:37:31.730+0530] {dag.py:4180} INFO - Setting next_dagrun for weather_system_pipeline_final_new to 2026-01-29 00:00:00+00:00, run_after=2026-01-30 00:00:00+00:00
[2026-01-30T09:37:31.755+0530] {processor.py:208} INFO - Processing /home/hp/Desktop/Bigdata_project/BigData-Project/airflow/dags/dag_flag.py took 0.198 seconds
[2026-01-30T09:38:38.534+0530] {processor.py:186} INFO - Started process (PID=12057) to work on /home/hp/Desktop/Bigdata_project/BigData-Project/airflow/dags/dag_flag.py
[2026-01-30T09:38:38.540+0530] {processor.py:914} INFO - Processing file /home/hp/Desktop/Bigdata_project/BigData-Project/airflow/dags/dag_flag.py for tasks to queue
[2026-01-30T09:38:38.543+0530] {logging_mixin.py:190} INFO - [2026-01-30T09:38:38.543+0530] {dagbag.py:588} INFO - Filling up the DagBag from /home/hp/Desktop/Bigdata_project/BigData-Project/airflow/dags/dag_flag.py
[2026-01-30T09:38:38.552+0530] {processor.py:925} INFO - DAG(s) 'weather_system_pipeline_final_new' retrieved from /home/hp/Desktop/Bigdata_project/BigData-Project/airflow/dags/dag_flag.py
[2026-01-30T09:38:38.569+0530] {logging_mixin.py:190} INFO - [2026-01-30T09:38:38.569+0530] {dag.py:3239} INFO - Sync 1 DAGs
[2026-01-30T09:38:38.661+0530] {logging_mixin.py:190} INFO - [2026-01-30T09:38:38.661+0530] {dag.py:4180} INFO - Setting next_dagrun for weather_system_pipeline_final_new to 2026-01-29 00:00:00+00:00, run_after=2026-01-30 00:00:00+00:00
[2026-01-30T09:38:38.675+0530] {processor.py:208} INFO - Processing /home/hp/Desktop/Bigdata_project/BigData-Project/airflow/dags/dag_flag.py took 0.146 seconds
[2026-01-30T09:39:27.065+0530] {processor.py:186} INFO - Started process (PID=13114) to work on /home/hp/Desktop/Bigdata_project/BigData-Project/airflow/dags/dag_flag.py
[2026-01-30T09:39:27.071+0530] {processor.py:914} INFO - Processing file /home/hp/Desktop/Bigdata_project/BigData-Project/airflow/dags/dag_flag.py for tasks to queue
[2026-01-30T09:39:27.074+0530] {logging_mixin.py:190} INFO - [2026-01-30T09:39:27.074+0530] {dagbag.py:588} INFO - Filling up the DagBag from /home/hp/Desktop/Bigdata_project/BigData-Project/airflow/dags/dag_flag.py
[2026-01-30T09:39:27.083+0530] {processor.py:925} INFO - DAG(s) 'weather_system_pipeline_final_new' retrieved from /home/hp/Desktop/Bigdata_project/BigData-Project/airflow/dags/dag_flag.py
[2026-01-30T09:39:27.099+0530] {logging_mixin.py:190} INFO - [2026-01-30T09:39:27.099+0530] {dag.py:3239} INFO - Sync 1 DAGs
[2026-01-30T09:39:27.189+0530] {logging_mixin.py:190} INFO - [2026-01-30T09:39:27.189+0530] {dag.py:4180} INFO - Setting next_dagrun for weather_system_pipeline_final_new to 2026-01-29 00:00:00+00:00, run_after=2026-01-30 00:00:00+00:00
[2026-01-30T09:39:27.209+0530] {processor.py:208} INFO - Processing /home/hp/Desktop/Bigdata_project/BigData-Project/airflow/dags/dag_flag.py took 0.149 seconds
[2026-01-30T09:39:57.374+0530] {processor.py:186} INFO - Started process (PID=13168) to work on /home/hp/Desktop/Bigdata_project/BigData-Project/airflow/dags/dag_flag.py
[2026-01-30T09:39:57.380+0530] {processor.py:914} INFO - Processing file /home/hp/Desktop/Bigdata_project/BigData-Project/airflow/dags/dag_flag.py for tasks to queue
[2026-01-30T09:39:57.383+0530] {logging_mixin.py:190} INFO - [2026-01-30T09:39:57.382+0530] {dagbag.py:588} INFO - Filling up the DagBag from /home/hp/Desktop/Bigdata_project/BigData-Project/airflow/dags/dag_flag.py
[2026-01-30T09:39:57.393+0530] {processor.py:925} INFO - DAG(s) 'weather_system_pipeline_final_new' retrieved from /home/hp/Desktop/Bigdata_project/BigData-Project/airflow/dags/dag_flag.py
[2026-01-30T09:39:57.409+0530] {logging_mixin.py:190} INFO - [2026-01-30T09:39:57.408+0530] {dag.py:3239} INFO - Sync 1 DAGs
[2026-01-30T09:39:57.499+0530] {logging_mixin.py:190} INFO - [2026-01-30T09:39:57.499+0530] {dag.py:4180} INFO - Setting next_dagrun for weather_system_pipeline_final_new to 2026-01-29 00:00:00+00:00, run_after=2026-01-30 00:00:00+00:00
[2026-01-30T09:39:57.518+0530] {processor.py:208} INFO - Processing /home/hp/Desktop/Bigdata_project/BigData-Project/airflow/dags/dag_flag.py took 0.149 seconds
[2026-01-30T09:40:27.607+0530] {processor.py:186} INFO - Started process (PID=13235) to work on /home/hp/Desktop/Bigdata_project/BigData-Project/airflow/dags/dag_flag.py
[2026-01-30T09:40:27.608+0530] {processor.py:914} INFO - Processing file /home/hp/Desktop/Bigdata_project/BigData-Project/airflow/dags/dag_flag.py for tasks to queue
[2026-01-30T09:40:27.609+0530] {logging_mixin.py:190} INFO - [2026-01-30T09:40:27.609+0530] {dagbag.py:588} INFO - Filling up the DagBag from /home/hp/Desktop/Bigdata_project/BigData-Project/airflow/dags/dag_flag.py
[2026-01-30T09:40:27.618+0530] {processor.py:925} INFO - DAG(s) 'weather_system_pipeline_final_new' retrieved from /home/hp/Desktop/Bigdata_project/BigData-Project/airflow/dags/dag_flag.py
[2026-01-30T09:40:27.635+0530] {logging_mixin.py:190} INFO - [2026-01-30T09:40:27.635+0530] {dag.py:3239} INFO - Sync 1 DAGs
[2026-01-30T09:40:27.725+0530] {logging_mixin.py:190} INFO - [2026-01-30T09:40:27.724+0530] {dag.py:4180} INFO - Setting next_dagrun for weather_system_pipeline_final_new to 2026-01-29 00:00:00+00:00, run_after=2026-01-30 00:00:00+00:00
[2026-01-30T09:40:27.744+0530] {processor.py:208} INFO - Processing /home/hp/Desktop/Bigdata_project/BigData-Project/airflow/dags/dag_flag.py took 0.142 seconds
[2026-01-30T09:40:57.885+0530] {processor.py:186} INFO - Started process (PID=13290) to work on /home/hp/Desktop/Bigdata_project/BigData-Project/airflow/dags/dag_flag.py
[2026-01-30T09:40:57.891+0530] {processor.py:914} INFO - Processing file /home/hp/Desktop/Bigdata_project/BigData-Project/airflow/dags/dag_flag.py for tasks to queue
[2026-01-30T09:40:57.893+0530] {logging_mixin.py:190} INFO - [2026-01-30T09:40:57.893+0530] {dagbag.py:588} INFO - Filling up the DagBag from /home/hp/Desktop/Bigdata_project/BigData-Project/airflow/dags/dag_flag.py
[2026-01-30T09:40:57.903+0530] {processor.py:925} INFO - DAG(s) 'weather_system_pipeline_final_new' retrieved from /home/hp/Desktop/Bigdata_project/BigData-Project/airflow/dags/dag_flag.py
[2026-01-30T09:40:57.994+0530] {logging_mixin.py:190} INFO - [2026-01-30T09:40:57.993+0530] {dag.py:3239} INFO - Sync 1 DAGs
[2026-01-30T09:40:58.007+0530] {logging_mixin.py:190} INFO - [2026-01-30T09:40:58.007+0530] {dag.py:4180} INFO - Setting next_dagrun for weather_system_pipeline_final_new to 2026-01-29 00:00:00+00:00, run_after=2026-01-30 00:00:00+00:00
[2026-01-30T09:40:58.026+0530] {processor.py:208} INFO - Processing /home/hp/Desktop/Bigdata_project/BigData-Project/airflow/dags/dag_flag.py took 0.146 seconds
[2026-01-30T09:41:29.095+0530] {processor.py:186} INFO - Started process (PID=13358) to work on /home/hp/Desktop/Bigdata_project/BigData-Project/airflow/dags/dag_flag.py
[2026-01-30T09:41:29.096+0530] {processor.py:914} INFO - Processing file /home/hp/Desktop/Bigdata_project/BigData-Project/airflow/dags/dag_flag.py for tasks to queue
[2026-01-30T09:41:29.098+0530] {logging_mixin.py:190} INFO - [2026-01-30T09:41:29.097+0530] {dagbag.py:588} INFO - Filling up the DagBag from /home/hp/Desktop/Bigdata_project/BigData-Project/airflow/dags/dag_flag.py
[2026-01-30T09:41:29.108+0530] {processor.py:925} INFO - DAG(s) 'weather_system_pipeline_final_new' retrieved from /home/hp/Desktop/Bigdata_project/BigData-Project/airflow/dags/dag_flag.py
[2026-01-30T09:41:29.124+0530] {logging_mixin.py:190} INFO - [2026-01-30T09:41:29.124+0530] {dag.py:3239} INFO - Sync 1 DAGs
[2026-01-30T09:41:29.139+0530] {logging_mixin.py:190} INFO - [2026-01-30T09:41:29.139+0530] {dag.py:4180} INFO - Setting next_dagrun for weather_system_pipeline_final_new to 2026-01-29 00:00:00+00:00, run_after=2026-01-30 00:00:00+00:00
[2026-01-30T09:41:29.155+0530] {processor.py:208} INFO - Processing /home/hp/Desktop/Bigdata_project/BigData-Project/airflow/dags/dag_flag.py took 0.066 seconds
[2026-01-30T09:41:59.371+0530] {processor.py:186} INFO - Started process (PID=13410) to work on /home/hp/Desktop/Bigdata_project/BigData-Project/airflow/dags/dag_flag.py
[2026-01-30T09:41:59.378+0530] {processor.py:914} INFO - Processing file /home/hp/Desktop/Bigdata_project/BigData-Project/airflow/dags/dag_flag.py for tasks to queue
[2026-01-30T09:41:59.380+0530] {logging_mixin.py:190} INFO - [2026-01-30T09:41:59.380+0530] {dagbag.py:588} INFO - Filling up the DagBag from /home/hp/Desktop/Bigdata_project/BigData-Project/airflow/dags/dag_flag.py
[2026-01-30T09:41:59.390+0530] {processor.py:925} INFO - DAG(s) 'weather_system_pipeline_final_new' retrieved from /home/hp/Desktop/Bigdata_project/BigData-Project/airflow/dags/dag_flag.py
[2026-01-30T09:41:59.406+0530] {logging_mixin.py:190} INFO - [2026-01-30T09:41:59.405+0530] {dag.py:3239} INFO - Sync 1 DAGs
[2026-01-30T09:41:59.422+0530] {logging_mixin.py:190} INFO - [2026-01-30T09:41:59.422+0530] {dag.py:4180} INFO - Setting next_dagrun for weather_system_pipeline_final_new to 2026-01-29 00:00:00+00:00, run_after=2026-01-30 00:00:00+00:00
[2026-01-30T09:41:59.437+0530] {processor.py:208} INFO - Processing /home/hp/Desktop/Bigdata_project/BigData-Project/airflow/dags/dag_flag.py took 0.071 seconds
[2026-01-30T09:42:29.640+0530] {processor.py:186} INFO - Started process (PID=13484) to work on /home/hp/Desktop/Bigdata_project/BigData-Project/airflow/dags/dag_flag.py
[2026-01-30T09:42:29.646+0530] {processor.py:914} INFO - Processing file /home/hp/Desktop/Bigdata_project/BigData-Project/airflow/dags/dag_flag.py for tasks to queue
[2026-01-30T09:42:29.648+0530] {logging_mixin.py:190} INFO - [2026-01-30T09:42:29.648+0530] {dagbag.py:588} INFO - Filling up the DagBag from /home/hp/Desktop/Bigdata_project/BigData-Project/airflow/dags/dag_flag.py
[2026-01-30T09:42:29.659+0530] {processor.py:925} INFO - DAG(s) 'weather_system_pipeline_final_new' retrieved from /home/hp/Desktop/Bigdata_project/BigData-Project/airflow/dags/dag_flag.py
[2026-01-30T09:42:29.676+0530] {logging_mixin.py:190} INFO - [2026-01-30T09:42:29.675+0530] {dag.py:3239} INFO - Sync 1 DAGs
[2026-01-30T09:42:29.692+0530] {logging_mixin.py:190} INFO - [2026-01-30T09:42:29.692+0530] {dag.py:4180} INFO - Setting next_dagrun for weather_system_pipeline_final_new to 2026-01-29 00:00:00+00:00, run_after=2026-01-30 00:00:00+00:00
[2026-01-30T09:42:29.707+0530] {processor.py:208} INFO - Processing /home/hp/Desktop/Bigdata_project/BigData-Project/airflow/dags/dag_flag.py took 0.073 seconds
[2026-01-30T09:42:59.907+0530] {processor.py:186} INFO - Started process (PID=13546) to work on /home/hp/Desktop/Bigdata_project/BigData-Project/airflow/dags/dag_flag.py
[2026-01-30T09:42:59.913+0530] {processor.py:914} INFO - Processing file /home/hp/Desktop/Bigdata_project/BigData-Project/airflow/dags/dag_flag.py for tasks to queue
[2026-01-30T09:42:59.915+0530] {logging_mixin.py:190} INFO - [2026-01-30T09:42:59.914+0530] {dagbag.py:588} INFO - Filling up the DagBag from /home/hp/Desktop/Bigdata_project/BigData-Project/airflow/dags/dag_flag.py
[2026-01-30T09:42:59.926+0530] {processor.py:925} INFO - DAG(s) 'weather_system_pipeline_final_new' retrieved from /home/hp/Desktop/Bigdata_project/BigData-Project/airflow/dags/dag_flag.py
[2026-01-30T09:42:59.946+0530] {logging_mixin.py:190} INFO - [2026-01-30T09:42:59.945+0530] {dag.py:3239} INFO - Sync 1 DAGs
[2026-01-30T09:42:59.968+0530] {logging_mixin.py:190} INFO - [2026-01-30T09:42:59.967+0530] {dag.py:4180} INFO - Setting next_dagrun for weather_system_pipeline_final_new to 2026-01-29 00:00:00+00:00, run_after=2026-01-30 00:00:00+00:00
[2026-01-30T09:42:59.984+0530] {processor.py:208} INFO - Processing /home/hp/Desktop/Bigdata_project/BigData-Project/airflow/dags/dag_flag.py took 0.083 seconds
[2026-01-30T09:43:30.173+0530] {processor.py:186} INFO - Started process (PID=13690) to work on /home/hp/Desktop/Bigdata_project/BigData-Project/airflow/dags/dag_flag.py
[2026-01-30T09:43:30.179+0530] {processor.py:914} INFO - Processing file /home/hp/Desktop/Bigdata_project/BigData-Project/airflow/dags/dag_flag.py for tasks to queue
[2026-01-30T09:43:30.181+0530] {logging_mixin.py:190} INFO - [2026-01-30T09:43:30.181+0530] {dagbag.py:588} INFO - Filling up the DagBag from /home/hp/Desktop/Bigdata_project/BigData-Project/airflow/dags/dag_flag.py
[2026-01-30T09:43:30.190+0530] {processor.py:925} INFO - DAG(s) 'weather_system_pipeline_final_new' retrieved from /home/hp/Desktop/Bigdata_project/BigData-Project/airflow/dags/dag_flag.py
[2026-01-30T09:43:30.207+0530] {logging_mixin.py:190} INFO - [2026-01-30T09:43:30.206+0530] {dag.py:3239} INFO - Sync 1 DAGs
[2026-01-30T09:43:30.221+0530] {logging_mixin.py:190} INFO - [2026-01-30T09:43:30.221+0530] {dag.py:4180} INFO - Setting next_dagrun for weather_system_pipeline_final_new to 2026-01-29 00:00:00+00:00, run_after=2026-01-30 00:00:00+00:00
[2026-01-30T09:43:30.235+0530] {processor.py:208} INFO - Processing /home/hp/Desktop/Bigdata_project/BigData-Project/airflow/dags/dag_flag.py took 0.068 seconds
[2026-01-30T09:44:00.435+0530] {processor.py:186} INFO - Started process (PID=13743) to work on /home/hp/Desktop/Bigdata_project/BigData-Project/airflow/dags/dag_flag.py
[2026-01-30T09:44:00.441+0530] {processor.py:914} INFO - Processing file /home/hp/Desktop/Bigdata_project/BigData-Project/airflow/dags/dag_flag.py for tasks to queue
[2026-01-30T09:44:00.444+0530] {logging_mixin.py:190} INFO - [2026-01-30T09:44:00.444+0530] {dagbag.py:588} INFO - Filling up the DagBag from /home/hp/Desktop/Bigdata_project/BigData-Project/airflow/dags/dag_flag.py
[2026-01-30T09:44:00.453+0530] {processor.py:925} INFO - DAG(s) 'weather_system_pipeline_final_new' retrieved from /home/hp/Desktop/Bigdata_project/BigData-Project/airflow/dags/dag_flag.py
[2026-01-30T09:44:00.469+0530] {logging_mixin.py:190} INFO - [2026-01-30T09:44:00.469+0530] {dag.py:3239} INFO - Sync 1 DAGs
[2026-01-30T09:44:00.484+0530] {logging_mixin.py:190} INFO - [2026-01-30T09:44:00.484+0530] {dag.py:4180} INFO - Setting next_dagrun for weather_system_pipeline_final_new to 2026-01-29 00:00:00+00:00, run_after=2026-01-30 00:00:00+00:00
[2026-01-30T09:44:00.498+0530] {processor.py:208} INFO - Processing /home/hp/Desktop/Bigdata_project/BigData-Project/airflow/dags/dag_flag.py took 0.068 seconds
[2026-01-30T09:44:30.696+0530] {processor.py:186} INFO - Started process (PID=13815) to work on /home/hp/Desktop/Bigdata_project/BigData-Project/airflow/dags/dag_flag.py
[2026-01-30T09:44:30.696+0530] {processor.py:914} INFO - Processing file /home/hp/Desktop/Bigdata_project/BigData-Project/airflow/dags/dag_flag.py for tasks to queue
[2026-01-30T09:44:30.698+0530] {logging_mixin.py:190} INFO - [2026-01-30T09:44:30.698+0530] {dagbag.py:588} INFO - Filling up the DagBag from /home/hp/Desktop/Bigdata_project/BigData-Project/airflow/dags/dag_flag.py
[2026-01-30T09:44:30.707+0530] {processor.py:925} INFO - DAG(s) 'weather_system_pipeline_final_new' retrieved from /home/hp/Desktop/Bigdata_project/BigData-Project/airflow/dags/dag_flag.py
[2026-01-30T09:44:30.724+0530] {logging_mixin.py:190} INFO - [2026-01-30T09:44:30.724+0530] {dag.py:3239} INFO - Sync 1 DAGs
[2026-01-30T09:44:30.739+0530] {logging_mixin.py:190} INFO - [2026-01-30T09:44:30.739+0530] {dag.py:4180} INFO - Setting next_dagrun for weather_system_pipeline_final_new to 2026-01-29 00:00:00+00:00, run_after=2026-01-30 00:00:00+00:00
[2026-01-30T09:44:30.753+0530] {processor.py:208} INFO - Processing /home/hp/Desktop/Bigdata_project/BigData-Project/airflow/dags/dag_flag.py took 0.063 seconds
[2026-01-30T09:45:00.978+0530] {processor.py:186} INFO - Started process (PID=13867) to work on /home/hp/Desktop/Bigdata_project/BigData-Project/airflow/dags/dag_flag.py
[2026-01-30T09:45:00.984+0530] {processor.py:914} INFO - Processing file /home/hp/Desktop/Bigdata_project/BigData-Project/airflow/dags/dag_flag.py for tasks to queue
[2026-01-30T09:45:00.987+0530] {logging_mixin.py:190} INFO - [2026-01-30T09:45:00.986+0530] {dagbag.py:588} INFO - Filling up the DagBag from /home/hp/Desktop/Bigdata_project/BigData-Project/airflow/dags/dag_flag.py
[2026-01-30T09:45:00.996+0530] {processor.py:925} INFO - DAG(s) 'weather_system_pipeline_final_new' retrieved from /home/hp/Desktop/Bigdata_project/BigData-Project/airflow/dags/dag_flag.py
[2026-01-30T09:45:01.012+0530] {logging_mixin.py:190} INFO - [2026-01-30T09:45:01.011+0530] {dag.py:3239} INFO - Sync 1 DAGs
[2026-01-30T09:45:01.027+0530] {logging_mixin.py:190} INFO - [2026-01-30T09:45:01.027+0530] {dag.py:4180} INFO - Setting next_dagrun for weather_system_pipeline_final_new to 2026-01-29 00:00:00+00:00, run_after=2026-01-30 00:00:00+00:00
[2026-01-30T09:45:01.041+0530] {processor.py:208} INFO - Processing /home/hp/Desktop/Bigdata_project/BigData-Project/airflow/dags/dag_flag.py took 0.069 seconds
[2026-01-30T09:45:31.249+0530] {processor.py:186} INFO - Started process (PID=13935) to work on /home/hp/Desktop/Bigdata_project/BigData-Project/airflow/dags/dag_flag.py
[2026-01-30T09:45:31.250+0530] {processor.py:914} INFO - Processing file /home/hp/Desktop/Bigdata_project/BigData-Project/airflow/dags/dag_flag.py for tasks to queue
[2026-01-30T09:45:31.251+0530] {logging_mixin.py:190} INFO - [2026-01-30T09:45:31.251+0530] {dagbag.py:588} INFO - Filling up the DagBag from /home/hp/Desktop/Bigdata_project/BigData-Project/airflow/dags/dag_flag.py
[2026-01-30T09:45:31.261+0530] {processor.py:925} INFO - DAG(s) 'weather_system_pipeline_final_new' retrieved from /home/hp/Desktop/Bigdata_project/BigData-Project/airflow/dags/dag_flag.py
[2026-01-30T09:45:31.277+0530] {logging_mixin.py:190} INFO - [2026-01-30T09:45:31.276+0530] {dag.py:3239} INFO - Sync 1 DAGs
[2026-01-30T09:45:31.291+0530] {logging_mixin.py:190} INFO - [2026-01-30T09:45:31.291+0530] {dag.py:4180} INFO - Setting next_dagrun for weather_system_pipeline_final_new to 2026-01-29 00:00:00+00:00, run_after=2026-01-30 00:00:00+00:00
[2026-01-30T09:45:31.307+0530] {processor.py:208} INFO - Processing /home/hp/Desktop/Bigdata_project/BigData-Project/airflow/dags/dag_flag.py took 0.063 seconds
[2026-01-30T09:46:01.534+0530] {processor.py:186} INFO - Started process (PID=13989) to work on /home/hp/Desktop/Bigdata_project/BigData-Project/airflow/dags/dag_flag.py
[2026-01-30T09:46:01.540+0530] {processor.py:914} INFO - Processing file /home/hp/Desktop/Bigdata_project/BigData-Project/airflow/dags/dag_flag.py for tasks to queue
[2026-01-30T09:46:01.542+0530] {logging_mixin.py:190} INFO - [2026-01-30T09:46:01.542+0530] {dagbag.py:588} INFO - Filling up the DagBag from /home/hp/Desktop/Bigdata_project/BigData-Project/airflow/dags/dag_flag.py
[2026-01-30T09:46:01.551+0530] {processor.py:925} INFO - DAG(s) 'weather_system_pipeline_final_new' retrieved from /home/hp/Desktop/Bigdata_project/BigData-Project/airflow/dags/dag_flag.py
[2026-01-30T09:46:01.567+0530] {logging_mixin.py:190} INFO - [2026-01-30T09:46:01.567+0530] {dag.py:3239} INFO - Sync 1 DAGs
[2026-01-30T09:46:01.583+0530] {logging_mixin.py:190} INFO - [2026-01-30T09:46:01.583+0530] {dag.py:4180} INFO - Setting next_dagrun for weather_system_pipeline_final_new to 2026-01-29 00:00:00+00:00, run_after=2026-01-30 00:00:00+00:00
[2026-01-30T09:46:01.598+0530] {processor.py:208} INFO - Processing /home/hp/Desktop/Bigdata_project/BigData-Project/airflow/dags/dag_flag.py took 0.070 seconds
[2026-01-30T09:46:31.804+0530] {processor.py:186} INFO - Started process (PID=14055) to work on /home/hp/Desktop/Bigdata_project/BigData-Project/airflow/dags/dag_flag.py
[2026-01-30T09:46:31.810+0530] {processor.py:914} INFO - Processing file /home/hp/Desktop/Bigdata_project/BigData-Project/airflow/dags/dag_flag.py for tasks to queue
[2026-01-30T09:46:31.812+0530] {logging_mixin.py:190} INFO - [2026-01-30T09:46:31.812+0530] {dagbag.py:588} INFO - Filling up the DagBag from /home/hp/Desktop/Bigdata_project/BigData-Project/airflow/dags/dag_flag.py
[2026-01-30T09:46:31.822+0530] {processor.py:925} INFO - DAG(s) 'weather_system_pipeline_final_new' retrieved from /home/hp/Desktop/Bigdata_project/BigData-Project/airflow/dags/dag_flag.py
[2026-01-30T09:46:31.838+0530] {logging_mixin.py:190} INFO - [2026-01-30T09:46:31.838+0530] {dag.py:3239} INFO - Sync 1 DAGs
[2026-01-30T09:46:31.853+0530] {logging_mixin.py:190} INFO - [2026-01-30T09:46:31.853+0530] {dag.py:4180} INFO - Setting next_dagrun for weather_system_pipeline_final_new to 2026-01-29 00:00:00+00:00, run_after=2026-01-30 00:00:00+00:00
[2026-01-30T09:46:31.868+0530] {processor.py:208} INFO - Processing /home/hp/Desktop/Bigdata_project/BigData-Project/airflow/dags/dag_flag.py took 0.069 seconds
[2026-01-30T09:47:02.078+0530] {processor.py:186} INFO - Started process (PID=14108) to work on /home/hp/Desktop/Bigdata_project/BigData-Project/airflow/dags/dag_flag.py
[2026-01-30T09:47:02.078+0530] {processor.py:914} INFO - Processing file /home/hp/Desktop/Bigdata_project/BigData-Project/airflow/dags/dag_flag.py for tasks to queue
[2026-01-30T09:47:02.080+0530] {logging_mixin.py:190} INFO - [2026-01-30T09:47:02.080+0530] {dagbag.py:588} INFO - Filling up the DagBag from /home/hp/Desktop/Bigdata_project/BigData-Project/airflow/dags/dag_flag.py
[2026-01-30T09:47:02.089+0530] {processor.py:925} INFO - DAG(s) 'weather_system_pipeline_final_new' retrieved from /home/hp/Desktop/Bigdata_project/BigData-Project/airflow/dags/dag_flag.py
[2026-01-30T09:47:02.105+0530] {logging_mixin.py:190} INFO - [2026-01-30T09:47:02.105+0530] {dag.py:3239} INFO - Sync 1 DAGs
[2026-01-30T09:47:02.120+0530] {logging_mixin.py:190} INFO - [2026-01-30T09:47:02.120+0530] {dag.py:4180} INFO - Setting next_dagrun for weather_system_pipeline_final_new to 2026-01-29 00:00:00+00:00, run_after=2026-01-30 00:00:00+00:00
[2026-01-30T09:47:02.134+0530] {processor.py:208} INFO - Processing /home/hp/Desktop/Bigdata_project/BigData-Project/airflow/dags/dag_flag.py took 0.062 seconds
[2026-01-30T09:47:32.352+0530] {processor.py:186} INFO - Started process (PID=14177) to work on /home/hp/Desktop/Bigdata_project/BigData-Project/airflow/dags/dag_flag.py
[2026-01-30T09:47:32.353+0530] {processor.py:914} INFO - Processing file /home/hp/Desktop/Bigdata_project/BigData-Project/airflow/dags/dag_flag.py for tasks to queue
[2026-01-30T09:47:32.355+0530] {logging_mixin.py:190} INFO - [2026-01-30T09:47:32.354+0530] {dagbag.py:588} INFO - Filling up the DagBag from /home/hp/Desktop/Bigdata_project/BigData-Project/airflow/dags/dag_flag.py
[2026-01-30T09:47:32.364+0530] {processor.py:925} INFO - DAG(s) 'weather_system_pipeline_final_new' retrieved from /home/hp/Desktop/Bigdata_project/BigData-Project/airflow/dags/dag_flag.py
[2026-01-30T09:47:32.379+0530] {logging_mixin.py:190} INFO - [2026-01-30T09:47:32.379+0530] {dag.py:3239} INFO - Sync 1 DAGs
[2026-01-30T09:47:32.394+0530] {logging_mixin.py:190} INFO - [2026-01-30T09:47:32.394+0530] {dag.py:4180} INFO - Setting next_dagrun for weather_system_pipeline_final_new to 2026-01-29 00:00:00+00:00, run_after=2026-01-30 00:00:00+00:00
[2026-01-30T09:47:32.408+0530] {processor.py:208} INFO - Processing /home/hp/Desktop/Bigdata_project/BigData-Project/airflow/dags/dag_flag.py took 0.061 seconds
[2026-01-30T09:48:02.616+0530] {processor.py:186} INFO - Started process (PID=14301) to work on /home/hp/Desktop/Bigdata_project/BigData-Project/airflow/dags/dag_flag.py
[2026-01-30T09:48:02.617+0530] {processor.py:914} INFO - Processing file /home/hp/Desktop/Bigdata_project/BigData-Project/airflow/dags/dag_flag.py for tasks to queue
[2026-01-30T09:48:02.618+0530] {logging_mixin.py:190} INFO - [2026-01-30T09:48:02.618+0530] {dagbag.py:588} INFO - Filling up the DagBag from /home/hp/Desktop/Bigdata_project/BigData-Project/airflow/dags/dag_flag.py
[2026-01-30T09:48:02.628+0530] {processor.py:925} INFO - DAG(s) 'weather_system_pipeline_final_new' retrieved from /home/hp/Desktop/Bigdata_project/BigData-Project/airflow/dags/dag_flag.py
[2026-01-30T09:48:02.644+0530] {logging_mixin.py:190} INFO - [2026-01-30T09:48:02.643+0530] {dag.py:3239} INFO - Sync 1 DAGs
[2026-01-30T09:48:02.658+0530] {logging_mixin.py:190} INFO - [2026-01-30T09:48:02.658+0530] {dag.py:4180} INFO - Setting next_dagrun for weather_system_pipeline_final_new to 2026-01-29 00:00:00+00:00, run_after=2026-01-30 00:00:00+00:00
[2026-01-30T09:48:02.673+0530] {processor.py:208} INFO - Processing /home/hp/Desktop/Bigdata_project/BigData-Project/airflow/dags/dag_flag.py took 0.062 seconds
[2026-01-30T09:48:32.893+0530] {processor.py:186} INFO - Started process (PID=14477) to work on /home/hp/Desktop/Bigdata_project/BigData-Project/airflow/dags/dag_flag.py
[2026-01-30T09:48:32.899+0530] {processor.py:914} INFO - Processing file /home/hp/Desktop/Bigdata_project/BigData-Project/airflow/dags/dag_flag.py for tasks to queue
[2026-01-30T09:48:32.901+0530] {logging_mixin.py:190} INFO - [2026-01-30T09:48:32.900+0530] {dagbag.py:588} INFO - Filling up the DagBag from /home/hp/Desktop/Bigdata_project/BigData-Project/airflow/dags/dag_flag.py
[2026-01-30T09:48:32.910+0530] {processor.py:925} INFO - DAG(s) 'weather_system_pipeline_final_new' retrieved from /home/hp/Desktop/Bigdata_project/BigData-Project/airflow/dags/dag_flag.py
[2026-01-30T09:48:32.925+0530] {logging_mixin.py:190} INFO - [2026-01-30T09:48:32.925+0530] {dag.py:3239} INFO - Sync 1 DAGs
[2026-01-30T09:48:32.940+0530] {logging_mixin.py:190} INFO - [2026-01-30T09:48:32.940+0530] {dag.py:4180} INFO - Setting next_dagrun for weather_system_pipeline_final_new to 2026-01-29 00:00:00+00:00, run_after=2026-01-30 00:00:00+00:00
[2026-01-30T09:48:32.955+0530] {processor.py:208} INFO - Processing /home/hp/Desktop/Bigdata_project/BigData-Project/airflow/dags/dag_flag.py took 0.068 seconds
[2026-01-30T09:49:03.168+0530] {processor.py:186} INFO - Started process (PID=14530) to work on /home/hp/Desktop/Bigdata_project/BigData-Project/airflow/dags/dag_flag.py
[2026-01-30T09:49:03.168+0530] {processor.py:914} INFO - Processing file /home/hp/Desktop/Bigdata_project/BigData-Project/airflow/dags/dag_flag.py for tasks to queue
[2026-01-30T09:49:03.170+0530] {logging_mixin.py:190} INFO - [2026-01-30T09:49:03.170+0530] {dagbag.py:588} INFO - Filling up the DagBag from /home/hp/Desktop/Bigdata_project/BigData-Project/airflow/dags/dag_flag.py
[2026-01-30T09:49:03.180+0530] {processor.py:925} INFO - DAG(s) 'weather_system_pipeline_final_new' retrieved from /home/hp/Desktop/Bigdata_project/BigData-Project/airflow/dags/dag_flag.py
[2026-01-30T09:49:03.195+0530] {logging_mixin.py:190} INFO - [2026-01-30T09:49:03.195+0530] {dag.py:3239} INFO - Sync 1 DAGs
[2026-01-30T09:49:03.211+0530] {logging_mixin.py:190} INFO - [2026-01-30T09:49:03.211+0530] {dag.py:4180} INFO - Setting next_dagrun for weather_system_pipeline_final_new to 2026-01-29 00:00:00+00:00, run_after=2026-01-30 00:00:00+00:00
[2026-01-30T09:49:03.225+0530] {processor.py:208} INFO - Processing /home/hp/Desktop/Bigdata_project/BigData-Project/airflow/dags/dag_flag.py took 0.062 seconds
[2026-01-30T09:49:33.439+0530] {processor.py:186} INFO - Started process (PID=14601) to work on /home/hp/Desktop/Bigdata_project/BigData-Project/airflow/dags/dag_flag.py
[2026-01-30T09:49:33.445+0530] {processor.py:914} INFO - Processing file /home/hp/Desktop/Bigdata_project/BigData-Project/airflow/dags/dag_flag.py for tasks to queue
[2026-01-30T09:49:33.447+0530] {logging_mixin.py:190} INFO - [2026-01-30T09:49:33.447+0530] {dagbag.py:588} INFO - Filling up the DagBag from /home/hp/Desktop/Bigdata_project/BigData-Project/airflow/dags/dag_flag.py
[2026-01-30T09:49:33.457+0530] {processor.py:925} INFO - DAG(s) 'weather_system_pipeline_final_new' retrieved from /home/hp/Desktop/Bigdata_project/BigData-Project/airflow/dags/dag_flag.py
[2026-01-30T09:49:33.473+0530] {logging_mixin.py:190} INFO - [2026-01-30T09:49:33.472+0530] {dag.py:3239} INFO - Sync 1 DAGs
[2026-01-30T09:49:33.488+0530] {logging_mixin.py:190} INFO - [2026-01-30T09:49:33.488+0530] {dag.py:4180} INFO - Setting next_dagrun for weather_system_pipeline_final_new to 2026-01-29 00:00:00+00:00, run_after=2026-01-30 00:00:00+00:00
[2026-01-30T09:49:33.501+0530] {processor.py:208} INFO - Processing /home/hp/Desktop/Bigdata_project/BigData-Project/airflow/dags/dag_flag.py took 0.068 seconds
[2026-01-30T09:50:03.703+0530] {processor.py:186} INFO - Started process (PID=14654) to work on /home/hp/Desktop/Bigdata_project/BigData-Project/airflow/dags/dag_flag.py
[2026-01-30T09:50:03.704+0530] {processor.py:914} INFO - Processing file /home/hp/Desktop/Bigdata_project/BigData-Project/airflow/dags/dag_flag.py for tasks to queue
[2026-01-30T09:50:03.705+0530] {logging_mixin.py:190} INFO - [2026-01-30T09:50:03.705+0530] {dagbag.py:588} INFO - Filling up the DagBag from /home/hp/Desktop/Bigdata_project/BigData-Project/airflow/dags/dag_flag.py
[2026-01-30T09:50:03.715+0530] {processor.py:925} INFO - DAG(s) 'weather_system_pipeline_final_new' retrieved from /home/hp/Desktop/Bigdata_project/BigData-Project/airflow/dags/dag_flag.py
[2026-01-30T09:50:03.731+0530] {logging_mixin.py:190} INFO - [2026-01-30T09:50:03.730+0530] {dag.py:3239} INFO - Sync 1 DAGs
[2026-01-30T09:50:03.746+0530] {logging_mixin.py:190} INFO - [2026-01-30T09:50:03.746+0530] {dag.py:4180} INFO - Setting next_dagrun for weather_system_pipeline_final_new to 2026-01-29 00:00:00+00:00, run_after=2026-01-30 00:00:00+00:00
[2026-01-30T09:50:03.761+0530] {processor.py:208} INFO - Processing /home/hp/Desktop/Bigdata_project/BigData-Project/airflow/dags/dag_flag.py took 0.063 seconds
[2026-01-30T09:50:33.982+0530] {processor.py:186} INFO - Started process (PID=14723) to work on /home/hp/Desktop/Bigdata_project/BigData-Project/airflow/dags/dag_flag.py
[2026-01-30T09:50:33.988+0530] {processor.py:914} INFO - Processing file /home/hp/Desktop/Bigdata_project/BigData-Project/airflow/dags/dag_flag.py for tasks to queue
[2026-01-30T09:50:33.991+0530] {logging_mixin.py:190} INFO - [2026-01-30T09:50:33.991+0530] {dagbag.py:588} INFO - Filling up the DagBag from /home/hp/Desktop/Bigdata_project/BigData-Project/airflow/dags/dag_flag.py
[2026-01-30T09:50:34.000+0530] {processor.py:925} INFO - DAG(s) 'weather_system_pipeline_final_new' retrieved from /home/hp/Desktop/Bigdata_project/BigData-Project/airflow/dags/dag_flag.py
[2026-01-30T09:50:34.017+0530] {logging_mixin.py:190} INFO - [2026-01-30T09:50:34.016+0530] {dag.py:3239} INFO - Sync 1 DAGs
[2026-01-30T09:50:34.031+0530] {logging_mixin.py:190} INFO - [2026-01-30T09:50:34.031+0530] {dag.py:4180} INFO - Setting next_dagrun for weather_system_pipeline_final_new to 2026-01-29 00:00:00+00:00, run_after=2026-01-30 00:00:00+00:00
[2026-01-30T09:50:34.045+0530] {processor.py:208} INFO - Processing /home/hp/Desktop/Bigdata_project/BigData-Project/airflow/dags/dag_flag.py took 0.069 seconds
[2026-01-30T09:51:04.845+0530] {processor.py:186} INFO - Started process (PID=14778) to work on /home/hp/Desktop/Bigdata_project/BigData-Project/airflow/dags/dag_flag.py
[2026-01-30T09:51:04.851+0530] {processor.py:914} INFO - Processing file /home/hp/Desktop/Bigdata_project/BigData-Project/airflow/dags/dag_flag.py for tasks to queue
[2026-01-30T09:51:04.853+0530] {logging_mixin.py:190} INFO - [2026-01-30T09:51:04.852+0530] {dagbag.py:588} INFO - Filling up the DagBag from /home/hp/Desktop/Bigdata_project/BigData-Project/airflow/dags/dag_flag.py
[2026-01-30T09:51:04.863+0530] {processor.py:925} INFO - DAG(s) 'weather_system_pipeline_final_new' retrieved from /home/hp/Desktop/Bigdata_project/BigData-Project/airflow/dags/dag_flag.py
[2026-01-30T09:51:04.879+0530] {logging_mixin.py:190} INFO - [2026-01-30T09:51:04.879+0530] {dag.py:3239} INFO - Sync 1 DAGs
[2026-01-30T09:51:04.894+0530] {logging_mixin.py:190} INFO - [2026-01-30T09:51:04.894+0530] {dag.py:4180} INFO - Setting next_dagrun for weather_system_pipeline_final_new to 2026-01-29 00:00:00+00:00, run_after=2026-01-30 00:00:00+00:00
[2026-01-30T09:51:04.908+0530] {processor.py:208} INFO - Processing /home/hp/Desktop/Bigdata_project/BigData-Project/airflow/dags/dag_flag.py took 0.069 seconds
[2026-01-30T09:51:35.312+0530] {processor.py:186} INFO - Started process (PID=14846) to work on /home/hp/Desktop/Bigdata_project/BigData-Project/airflow/dags/dag_flag.py
[2026-01-30T09:51:35.313+0530] {processor.py:914} INFO - Processing file /home/hp/Desktop/Bigdata_project/BigData-Project/airflow/dags/dag_flag.py for tasks to queue
[2026-01-30T09:51:35.315+0530] {logging_mixin.py:190} INFO - [2026-01-30T09:51:35.315+0530] {dagbag.py:588} INFO - Filling up the DagBag from /home/hp/Desktop/Bigdata_project/BigData-Project/airflow/dags/dag_flag.py
[2026-01-30T09:51:35.325+0530] {processor.py:925} INFO - DAG(s) 'weather_system_pipeline_final_new' retrieved from /home/hp/Desktop/Bigdata_project/BigData-Project/airflow/dags/dag_flag.py
[2026-01-30T09:51:35.341+0530] {logging_mixin.py:190} INFO - [2026-01-30T09:51:35.341+0530] {dag.py:3239} INFO - Sync 1 DAGs
[2026-01-30T09:51:35.356+0530] {logging_mixin.py:190} INFO - [2026-01-30T09:51:35.356+0530] {dag.py:4180} INFO - Setting next_dagrun for weather_system_pipeline_final_new to 2026-01-29 00:00:00+00:00, run_after=2026-01-30 00:00:00+00:00
[2026-01-30T09:51:35.372+0530] {processor.py:208} INFO - Processing /home/hp/Desktop/Bigdata_project/BigData-Project/airflow/dags/dag_flag.py took 0.065 seconds
[2026-01-30T09:52:05.623+0530] {processor.py:186} INFO - Started process (PID=14898) to work on /home/hp/Desktop/Bigdata_project/BigData-Project/airflow/dags/dag_flag.py
[2026-01-30T09:52:05.624+0530] {processor.py:914} INFO - Processing file /home/hp/Desktop/Bigdata_project/BigData-Project/airflow/dags/dag_flag.py for tasks to queue
[2026-01-30T09:52:05.626+0530] {logging_mixin.py:190} INFO - [2026-01-30T09:52:05.625+0530] {dagbag.py:588} INFO - Filling up the DagBag from /home/hp/Desktop/Bigdata_project/BigData-Project/airflow/dags/dag_flag.py
[2026-01-30T09:52:05.636+0530] {processor.py:925} INFO - DAG(s) 'weather_system_pipeline_final_new' retrieved from /home/hp/Desktop/Bigdata_project/BigData-Project/airflow/dags/dag_flag.py
[2026-01-30T09:52:05.653+0530] {logging_mixin.py:190} INFO - [2026-01-30T09:52:05.653+0530] {dag.py:3239} INFO - Sync 1 DAGs
[2026-01-30T09:52:05.668+0530] {logging_mixin.py:190} INFO - [2026-01-30T09:52:05.667+0530] {dag.py:4180} INFO - Setting next_dagrun for weather_system_pipeline_final_new to 2026-01-29 00:00:00+00:00, run_after=2026-01-30 00:00:00+00:00
[2026-01-30T09:52:05.683+0530] {processor.py:208} INFO - Processing /home/hp/Desktop/Bigdata_project/BigData-Project/airflow/dags/dag_flag.py took 0.065 seconds
[2026-01-30T09:52:35.977+0530] {processor.py:186} INFO - Started process (PID=14978) to work on /home/hp/Desktop/Bigdata_project/BigData-Project/airflow/dags/dag_flag.py
[2026-01-30T09:52:35.984+0530] {processor.py:914} INFO - Processing file /home/hp/Desktop/Bigdata_project/BigData-Project/airflow/dags/dag_flag.py for tasks to queue
[2026-01-30T09:52:35.986+0530] {logging_mixin.py:190} INFO - [2026-01-30T09:52:35.986+0530] {dagbag.py:588} INFO - Filling up the DagBag from /home/hp/Desktop/Bigdata_project/BigData-Project/airflow/dags/dag_flag.py
[2026-01-30T09:52:35.996+0530] {processor.py:925} INFO - DAG(s) 'weather_system_pipeline_final_new' retrieved from /home/hp/Desktop/Bigdata_project/BigData-Project/airflow/dags/dag_flag.py
[2026-01-30T09:52:36.012+0530] {logging_mixin.py:190} INFO - [2026-01-30T09:52:36.012+0530] {dag.py:3239} INFO - Sync 1 DAGs
[2026-01-30T09:52:36.028+0530] {logging_mixin.py:190} INFO - [2026-01-30T09:52:36.027+0530] {dag.py:4180} INFO - Setting next_dagrun for weather_system_pipeline_final_new to 2026-01-29 00:00:00+00:00, run_after=2026-01-30 00:00:00+00:00
[2026-01-30T09:52:36.042+0530] {processor.py:208} INFO - Processing /home/hp/Desktop/Bigdata_project/BigData-Project/airflow/dags/dag_flag.py took 0.070 seconds
[2026-01-30T09:53:06.342+0530] {processor.py:186} INFO - Started process (PID=15032) to work on /home/hp/Desktop/Bigdata_project/BigData-Project/airflow/dags/dag_flag.py
[2026-01-30T09:53:06.348+0530] {processor.py:914} INFO - Processing file /home/hp/Desktop/Bigdata_project/BigData-Project/airflow/dags/dag_flag.py for tasks to queue
[2026-01-30T09:53:06.351+0530] {logging_mixin.py:190} INFO - [2026-01-30T09:53:06.350+0530] {dagbag.py:588} INFO - Filling up the DagBag from /home/hp/Desktop/Bigdata_project/BigData-Project/airflow/dags/dag_flag.py
[2026-01-30T09:53:06.360+0530] {processor.py:925} INFO - DAG(s) 'weather_system_pipeline_final_new' retrieved from /home/hp/Desktop/Bigdata_project/BigData-Project/airflow/dags/dag_flag.py
[2026-01-30T09:53:06.376+0530] {logging_mixin.py:190} INFO - [2026-01-30T09:53:06.375+0530] {dag.py:3239} INFO - Sync 1 DAGs
[2026-01-30T09:53:06.391+0530] {logging_mixin.py:190} INFO - [2026-01-30T09:53:06.391+0530] {dag.py:4180} INFO - Setting next_dagrun for weather_system_pipeline_final_new to 2026-01-29 00:00:00+00:00, run_after=2026-01-30 00:00:00+00:00
[2026-01-30T09:53:06.405+0530] {processor.py:208} INFO - Processing /home/hp/Desktop/Bigdata_project/BigData-Project/airflow/dags/dag_flag.py took 0.068 seconds
[2026-01-30T09:53:36.714+0530] {processor.py:186} INFO - Started process (PID=15155) to work on /home/hp/Desktop/Bigdata_project/BigData-Project/airflow/dags/dag_flag.py
[2026-01-30T09:53:36.720+0530] {processor.py:914} INFO - Processing file /home/hp/Desktop/Bigdata_project/BigData-Project/airflow/dags/dag_flag.py for tasks to queue
[2026-01-30T09:53:36.722+0530] {logging_mixin.py:190} INFO - [2026-01-30T09:53:36.722+0530] {dagbag.py:588} INFO - Filling up the DagBag from /home/hp/Desktop/Bigdata_project/BigData-Project/airflow/dags/dag_flag.py
[2026-01-30T09:53:36.731+0530] {processor.py:925} INFO - DAG(s) 'weather_system_pipeline_final_new' retrieved from /home/hp/Desktop/Bigdata_project/BigData-Project/airflow/dags/dag_flag.py
[2026-01-30T09:53:36.748+0530] {logging_mixin.py:190} INFO - [2026-01-30T09:53:36.748+0530] {dag.py:3239} INFO - Sync 1 DAGs
[2026-01-30T09:53:36.763+0530] {logging_mixin.py:190} INFO - [2026-01-30T09:53:36.762+0530] {dag.py:4180} INFO - Setting next_dagrun for weather_system_pipeline_final_new to 2026-01-29 00:00:00+00:00, run_after=2026-01-30 00:00:00+00:00
[2026-01-30T09:53:36.777+0530] {processor.py:208} INFO - Processing /home/hp/Desktop/Bigdata_project/BigData-Project/airflow/dags/dag_flag.py took 0.069 seconds
[2026-01-30T09:54:06.934+0530] {processor.py:186} INFO - Started process (PID=15207) to work on /home/hp/Desktop/Bigdata_project/BigData-Project/airflow/dags/dag_flag.py
[2026-01-30T09:54:06.940+0530] {processor.py:914} INFO - Processing file /home/hp/Desktop/Bigdata_project/BigData-Project/airflow/dags/dag_flag.py for tasks to queue
[2026-01-30T09:54:06.943+0530] {logging_mixin.py:190} INFO - [2026-01-30T09:54:06.942+0530] {dagbag.py:588} INFO - Filling up the DagBag from /home/hp/Desktop/Bigdata_project/BigData-Project/airflow/dags/dag_flag.py
[2026-01-30T09:54:06.952+0530] {processor.py:925} INFO - DAG(s) 'weather_system_pipeline_final_new' retrieved from /home/hp/Desktop/Bigdata_project/BigData-Project/airflow/dags/dag_flag.py
[2026-01-30T09:54:06.969+0530] {logging_mixin.py:190} INFO - [2026-01-30T09:54:06.968+0530] {dag.py:3239} INFO - Sync 1 DAGs
[2026-01-30T09:54:06.984+0530] {logging_mixin.py:190} INFO - [2026-01-30T09:54:06.983+0530] {dag.py:4180} INFO - Setting next_dagrun for weather_system_pipeline_final_new to 2026-01-29 00:00:00+00:00, run_after=2026-01-30 00:00:00+00:00
[2026-01-30T09:54:06.998+0530] {processor.py:208} INFO - Processing /home/hp/Desktop/Bigdata_project/BigData-Project/airflow/dags/dag_flag.py took 0.071 seconds
[2026-01-30T09:54:37.151+0530] {processor.py:186} INFO - Started process (PID=15260) to work on /home/hp/Desktop/Bigdata_project/BigData-Project/airflow/dags/dag_flag.py
[2026-01-30T09:54:37.152+0530] {processor.py:914} INFO - Processing file /home/hp/Desktop/Bigdata_project/BigData-Project/airflow/dags/dag_flag.py for tasks to queue
[2026-01-30T09:54:37.153+0530] {logging_mixin.py:190} INFO - [2026-01-30T09:54:37.153+0530] {dagbag.py:588} INFO - Filling up the DagBag from /home/hp/Desktop/Bigdata_project/BigData-Project/airflow/dags/dag_flag.py
[2026-01-30T09:54:37.163+0530] {processor.py:925} INFO - DAG(s) 'weather_system_pipeline_final_new' retrieved from /home/hp/Desktop/Bigdata_project/BigData-Project/airflow/dags/dag_flag.py
[2026-01-30T09:54:37.180+0530] {logging_mixin.py:190} INFO - [2026-01-30T09:54:37.179+0530] {dag.py:3239} INFO - Sync 1 DAGs
[2026-01-30T09:54:37.194+0530] {logging_mixin.py:190} INFO - [2026-01-30T09:54:37.194+0530] {dag.py:4180} INFO - Setting next_dagrun for weather_system_pipeline_final_new to 2026-01-29 00:00:00+00:00, run_after=2026-01-30 00:00:00+00:00
[2026-01-30T09:54:37.209+0530] {processor.py:208} INFO - Processing /home/hp/Desktop/Bigdata_project/BigData-Project/airflow/dags/dag_flag.py took 0.063 seconds
[2026-01-30T09:55:07.366+0530] {processor.py:186} INFO - Started process (PID=15327) to work on /home/hp/Desktop/Bigdata_project/BigData-Project/airflow/dags/dag_flag.py
[2026-01-30T09:55:07.372+0530] {processor.py:914} INFO - Processing file /home/hp/Desktop/Bigdata_project/BigData-Project/airflow/dags/dag_flag.py for tasks to queue
[2026-01-30T09:55:07.374+0530] {logging_mixin.py:190} INFO - [2026-01-30T09:55:07.374+0530] {dagbag.py:588} INFO - Filling up the DagBag from /home/hp/Desktop/Bigdata_project/BigData-Project/airflow/dags/dag_flag.py
[2026-01-30T09:55:07.383+0530] {processor.py:925} INFO - DAG(s) 'weather_system_pipeline_final_new' retrieved from /home/hp/Desktop/Bigdata_project/BigData-Project/airflow/dags/dag_flag.py
[2026-01-30T09:55:07.399+0530] {logging_mixin.py:190} INFO - [2026-01-30T09:55:07.398+0530] {dag.py:3239} INFO - Sync 1 DAGs
[2026-01-30T09:55:07.413+0530] {logging_mixin.py:190} INFO - [2026-01-30T09:55:07.413+0530] {dag.py:4180} INFO - Setting next_dagrun for weather_system_pipeline_final_new to 2026-01-29 00:00:00+00:00, run_after=2026-01-30 00:00:00+00:00
[2026-01-30T09:55:07.428+0530] {processor.py:208} INFO - Processing /home/hp/Desktop/Bigdata_project/BigData-Project/airflow/dags/dag_flag.py took 0.068 seconds
[2026-01-30T09:55:37.575+0530] {processor.py:186} INFO - Started process (PID=15467) to work on /home/hp/Desktop/Bigdata_project/BigData-Project/airflow/dags/dag_flag.py
[2026-01-30T09:55:37.576+0530] {processor.py:914} INFO - Processing file /home/hp/Desktop/Bigdata_project/BigData-Project/airflow/dags/dag_flag.py for tasks to queue
[2026-01-30T09:55:37.578+0530] {logging_mixin.py:190} INFO - [2026-01-30T09:55:37.578+0530] {dagbag.py:588} INFO - Filling up the DagBag from /home/hp/Desktop/Bigdata_project/BigData-Project/airflow/dags/dag_flag.py
[2026-01-30T09:55:37.588+0530] {processor.py:925} INFO - DAG(s) 'weather_system_pipeline_final_new' retrieved from /home/hp/Desktop/Bigdata_project/BigData-Project/airflow/dags/dag_flag.py
[2026-01-30T09:55:37.604+0530] {logging_mixin.py:190} INFO - [2026-01-30T09:55:37.604+0530] {dag.py:3239} INFO - Sync 1 DAGs
[2026-01-30T09:55:37.619+0530] {logging_mixin.py:190} INFO - [2026-01-30T09:55:37.619+0530] {dag.py:4180} INFO - Setting next_dagrun for weather_system_pipeline_final_new to 2026-01-29 00:00:00+00:00, run_after=2026-01-30 00:00:00+00:00
[2026-01-30T09:55:37.637+0530] {processor.py:208} INFO - Processing /home/hp/Desktop/Bigdata_project/BigData-Project/airflow/dags/dag_flag.py took 0.067 seconds
[2026-01-30T09:56:07.784+0530] {processor.py:186} INFO - Started process (PID=15544) to work on /home/hp/Desktop/Bigdata_project/BigData-Project/airflow/dags/dag_flag.py
[2026-01-30T09:56:07.791+0530] {processor.py:914} INFO - Processing file /home/hp/Desktop/Bigdata_project/BigData-Project/airflow/dags/dag_flag.py for tasks to queue
[2026-01-30T09:56:07.793+0530] {logging_mixin.py:190} INFO - [2026-01-30T09:56:07.793+0530] {dagbag.py:588} INFO - Filling up the DagBag from /home/hp/Desktop/Bigdata_project/BigData-Project/airflow/dags/dag_flag.py
[2026-01-30T09:56:07.803+0530] {processor.py:925} INFO - DAG(s) 'weather_system_pipeline_final_new' retrieved from /home/hp/Desktop/Bigdata_project/BigData-Project/airflow/dags/dag_flag.py
[2026-01-30T09:56:07.819+0530] {logging_mixin.py:190} INFO - [2026-01-30T09:56:07.819+0530] {dag.py:3239} INFO - Sync 1 DAGs
[2026-01-30T09:56:07.836+0530] {logging_mixin.py:190} INFO - [2026-01-30T09:56:07.835+0530] {dag.py:4180} INFO - Setting next_dagrun for weather_system_pipeline_final_new to 2026-01-29 00:00:00+00:00, run_after=2026-01-30 00:00:00+00:00
[2026-01-30T09:56:07.851+0530] {processor.py:208} INFO - Processing /home/hp/Desktop/Bigdata_project/BigData-Project/airflow/dags/dag_flag.py took 0.072 seconds
[2026-01-30T09:56:38.130+0530] {processor.py:186} INFO - Started process (PID=15601) to work on /home/hp/Desktop/Bigdata_project/BigData-Project/airflow/dags/dag_flag.py
[2026-01-30T09:56:38.136+0530] {processor.py:914} INFO - Processing file /home/hp/Desktop/Bigdata_project/BigData-Project/airflow/dags/dag_flag.py for tasks to queue
[2026-01-30T09:56:38.139+0530] {logging_mixin.py:190} INFO - [2026-01-30T09:56:38.139+0530] {dagbag.py:588} INFO - Filling up the DagBag from /home/hp/Desktop/Bigdata_project/BigData-Project/airflow/dags/dag_flag.py
[2026-01-30T09:56:38.154+0530] {processor.py:925} INFO - DAG(s) 'weather_system_pipeline_final_new' retrieved from /home/hp/Desktop/Bigdata_project/BigData-Project/airflow/dags/dag_flag.py
[2026-01-30T09:56:38.181+0530] {logging_mixin.py:190} INFO - [2026-01-30T09:56:38.180+0530] {dag.py:3239} INFO - Sync 1 DAGs
[2026-01-30T09:56:38.205+0530] {logging_mixin.py:190} INFO - [2026-01-30T09:56:38.205+0530] {dag.py:4180} INFO - Setting next_dagrun for weather_system_pipeline_final_new to 2026-01-29 00:00:00+00:00, run_after=2026-01-30 00:00:00+00:00
[2026-01-30T09:56:38.226+0530] {processor.py:208} INFO - Processing /home/hp/Desktop/Bigdata_project/BigData-Project/airflow/dags/dag_flag.py took 0.105 seconds
[2026-01-30T09:57:08.461+0530] {processor.py:186} INFO - Started process (PID=15677) to work on /home/hp/Desktop/Bigdata_project/BigData-Project/airflow/dags/dag_flag.py
[2026-01-30T09:57:08.467+0530] {processor.py:914} INFO - Processing file /home/hp/Desktop/Bigdata_project/BigData-Project/airflow/dags/dag_flag.py for tasks to queue
[2026-01-30T09:57:08.471+0530] {logging_mixin.py:190} INFO - [2026-01-30T09:57:08.471+0530] {dagbag.py:588} INFO - Filling up the DagBag from /home/hp/Desktop/Bigdata_project/BigData-Project/airflow/dags/dag_flag.py
[2026-01-30T09:57:08.487+0530] {processor.py:925} INFO - DAG(s) 'weather_system_pipeline_final_new' retrieved from /home/hp/Desktop/Bigdata_project/BigData-Project/airflow/dags/dag_flag.py
[2026-01-30T09:57:08.514+0530] {logging_mixin.py:190} INFO - [2026-01-30T09:57:08.514+0530] {dag.py:3239} INFO - Sync 1 DAGs
[2026-01-30T09:57:08.537+0530] {logging_mixin.py:190} INFO - [2026-01-30T09:57:08.537+0530] {dag.py:4180} INFO - Setting next_dagrun for weather_system_pipeline_final_new to 2026-01-29 00:00:00+00:00, run_after=2026-01-30 00:00:00+00:00
[2026-01-30T09:57:08.560+0530] {processor.py:208} INFO - Processing /home/hp/Desktop/Bigdata_project/BigData-Project/airflow/dags/dag_flag.py took 0.107 seconds
[2026-01-30T09:57:38.793+0530] {processor.py:186} INFO - Started process (PID=15727) to work on /home/hp/Desktop/Bigdata_project/BigData-Project/airflow/dags/dag_flag.py
[2026-01-30T09:57:38.794+0530] {processor.py:914} INFO - Processing file /home/hp/Desktop/Bigdata_project/BigData-Project/airflow/dags/dag_flag.py for tasks to queue
[2026-01-30T09:57:38.797+0530] {logging_mixin.py:190} INFO - [2026-01-30T09:57:38.796+0530] {dagbag.py:588} INFO - Filling up the DagBag from /home/hp/Desktop/Bigdata_project/BigData-Project/airflow/dags/dag_flag.py
[2026-01-30T09:57:38.812+0530] {processor.py:925} INFO - DAG(s) 'weather_system_pipeline_final_new' retrieved from /home/hp/Desktop/Bigdata_project/BigData-Project/airflow/dags/dag_flag.py
[2026-01-30T09:57:38.837+0530] {logging_mixin.py:190} INFO - [2026-01-30T09:57:38.836+0530] {dag.py:3239} INFO - Sync 1 DAGs
[2026-01-30T09:57:38.860+0530] {logging_mixin.py:190} INFO - [2026-01-30T09:57:38.859+0530] {dag.py:4180} INFO - Setting next_dagrun for weather_system_pipeline_final_new to 2026-01-29 00:00:00+00:00, run_after=2026-01-30 00:00:00+00:00
[2026-01-30T09:57:38.881+0530] {processor.py:208} INFO - Processing /home/hp/Desktop/Bigdata_project/BigData-Project/airflow/dags/dag_flag.py took 0.096 seconds
[2026-01-30T09:58:09.032+0530] {processor.py:186} INFO - Started process (PID=15799) to work on /home/hp/Desktop/Bigdata_project/BigData-Project/airflow/dags/dag_flag.py
[2026-01-30T09:58:09.034+0530] {processor.py:914} INFO - Processing file /home/hp/Desktop/Bigdata_project/BigData-Project/airflow/dags/dag_flag.py for tasks to queue
[2026-01-30T09:58:09.038+0530] {logging_mixin.py:190} INFO - [2026-01-30T09:58:09.037+0530] {dagbag.py:588} INFO - Filling up the DagBag from /home/hp/Desktop/Bigdata_project/BigData-Project/airflow/dags/dag_flag.py
[2026-01-30T09:58:09.053+0530] {processor.py:925} INFO - DAG(s) 'weather_system_pipeline_final_new' retrieved from /home/hp/Desktop/Bigdata_project/BigData-Project/airflow/dags/dag_flag.py
[2026-01-30T09:58:09.078+0530] {logging_mixin.py:190} INFO - [2026-01-30T09:58:09.078+0530] {dag.py:3239} INFO - Sync 1 DAGs
[2026-01-30T09:58:09.102+0530] {logging_mixin.py:190} INFO - [2026-01-30T09:58:09.101+0530] {dag.py:4180} INFO - Setting next_dagrun for weather_system_pipeline_final_new to 2026-01-29 00:00:00+00:00, run_after=2026-01-30 00:00:00+00:00
[2026-01-30T09:58:09.124+0530] {processor.py:208} INFO - Processing /home/hp/Desktop/Bigdata_project/BigData-Project/airflow/dags/dag_flag.py took 0.100 seconds
[2026-01-30T09:58:39.371+0530] {processor.py:186} INFO - Started process (PID=15904) to work on /home/hp/Desktop/Bigdata_project/BigData-Project/airflow/dags/dag_flag.py
[2026-01-30T09:58:39.373+0530] {processor.py:914} INFO - Processing file /home/hp/Desktop/Bigdata_project/BigData-Project/airflow/dags/dag_flag.py for tasks to queue
[2026-01-30T09:58:39.375+0530] {logging_mixin.py:190} INFO - [2026-01-30T09:58:39.375+0530] {dagbag.py:588} INFO - Filling up the DagBag from /home/hp/Desktop/Bigdata_project/BigData-Project/airflow/dags/dag_flag.py
[2026-01-30T09:58:39.392+0530] {processor.py:925} INFO - DAG(s) 'weather_system_pipeline_final_new' retrieved from /home/hp/Desktop/Bigdata_project/BigData-Project/airflow/dags/dag_flag.py
[2026-01-30T09:58:39.419+0530] {logging_mixin.py:190} INFO - [2026-01-30T09:58:39.419+0530] {dag.py:3239} INFO - Sync 1 DAGs
[2026-01-30T09:58:39.442+0530] {logging_mixin.py:190} INFO - [2026-01-30T09:58:39.442+0530] {dag.py:4180} INFO - Setting next_dagrun for weather_system_pipeline_final_new to 2026-01-29 00:00:00+00:00, run_after=2026-01-30 00:00:00+00:00
[2026-01-30T09:58:39.465+0530] {processor.py:208} INFO - Processing /home/hp/Desktop/Bigdata_project/BigData-Project/airflow/dags/dag_flag.py took 0.102 seconds
[2026-01-30T09:59:09.679+0530] {processor.py:186} INFO - Started process (PID=15976) to work on /home/hp/Desktop/Bigdata_project/BigData-Project/airflow/dags/dag_flag.py
[2026-01-30T09:59:09.685+0530] {processor.py:914} INFO - Processing file /home/hp/Desktop/Bigdata_project/BigData-Project/airflow/dags/dag_flag.py for tasks to queue
[2026-01-30T09:59:09.688+0530] {logging_mixin.py:190} INFO - [2026-01-30T09:59:09.688+0530] {dagbag.py:588} INFO - Filling up the DagBag from /home/hp/Desktop/Bigdata_project/BigData-Project/airflow/dags/dag_flag.py
[2026-01-30T09:59:09.705+0530] {processor.py:925} INFO - DAG(s) 'weather_system_pipeline_final_new' retrieved from /home/hp/Desktop/Bigdata_project/BigData-Project/airflow/dags/dag_flag.py
[2026-01-30T09:59:09.732+0530] {logging_mixin.py:190} INFO - [2026-01-30T09:59:09.732+0530] {dag.py:3239} INFO - Sync 1 DAGs
[2026-01-30T09:59:09.756+0530] {logging_mixin.py:190} INFO - [2026-01-30T09:59:09.755+0530] {dag.py:4180} INFO - Setting next_dagrun for weather_system_pipeline_final_new to 2026-01-29 00:00:00+00:00, run_after=2026-01-30 00:00:00+00:00
[2026-01-30T09:59:09.781+0530] {processor.py:208} INFO - Processing /home/hp/Desktop/Bigdata_project/BigData-Project/airflow/dags/dag_flag.py took 0.112 seconds
[2026-01-30T09:59:40.003+0530] {processor.py:186} INFO - Started process (PID=16039) to work on /home/hp/Desktop/Bigdata_project/BigData-Project/airflow/dags/dag_flag.py
[2026-01-30T09:59:40.010+0530] {processor.py:914} INFO - Processing file /home/hp/Desktop/Bigdata_project/BigData-Project/airflow/dags/dag_flag.py for tasks to queue
[2026-01-30T09:59:40.013+0530] {logging_mixin.py:190} INFO - [2026-01-30T09:59:40.013+0530] {dagbag.py:588} INFO - Filling up the DagBag from /home/hp/Desktop/Bigdata_project/BigData-Project/airflow/dags/dag_flag.py
[2026-01-30T09:59:40.029+0530] {processor.py:925} INFO - DAG(s) 'weather_system_pipeline_final_new' retrieved from /home/hp/Desktop/Bigdata_project/BigData-Project/airflow/dags/dag_flag.py
[2026-01-30T09:59:40.052+0530] {logging_mixin.py:190} INFO - [2026-01-30T09:59:40.052+0530] {dag.py:3239} INFO - Sync 1 DAGs
[2026-01-30T09:59:40.075+0530] {logging_mixin.py:190} INFO - [2026-01-30T09:59:40.075+0530] {dag.py:4180} INFO - Setting next_dagrun for weather_system_pipeline_final_new to 2026-01-29 00:00:00+00:00, run_after=2026-01-30 00:00:00+00:00
[2026-01-30T09:59:40.095+0530] {processor.py:208} INFO - Processing /home/hp/Desktop/Bigdata_project/BigData-Project/airflow/dags/dag_flag.py took 0.099 seconds
[2026-01-30T10:00:10.330+0530] {processor.py:186} INFO - Started process (PID=16331) to work on /home/hp/Desktop/Bigdata_project/BigData-Project/airflow/dags/dag_flag.py
[2026-01-30T10:00:10.336+0530] {processor.py:914} INFO - Processing file /home/hp/Desktop/Bigdata_project/BigData-Project/airflow/dags/dag_flag.py for tasks to queue
[2026-01-30T10:00:10.339+0530] {logging_mixin.py:190} INFO - [2026-01-30T10:00:10.339+0530] {dagbag.py:588} INFO - Filling up the DagBag from /home/hp/Desktop/Bigdata_project/BigData-Project/airflow/dags/dag_flag.py
[2026-01-30T10:00:10.353+0530] {processor.py:925} INFO - DAG(s) 'weather_system_pipeline_final_new' retrieved from /home/hp/Desktop/Bigdata_project/BigData-Project/airflow/dags/dag_flag.py
[2026-01-30T10:00:10.375+0530] {logging_mixin.py:190} INFO - [2026-01-30T10:00:10.374+0530] {dag.py:3239} INFO - Sync 1 DAGs
[2026-01-30T10:00:10.396+0530] {logging_mixin.py:190} INFO - [2026-01-30T10:00:10.396+0530] {dag.py:4180} INFO - Setting next_dagrun for weather_system_pipeline_final_new to 2026-01-29 00:00:00+00:00, run_after=2026-01-30 00:00:00+00:00
[2026-01-30T10:00:10.416+0530] {processor.py:208} INFO - Processing /home/hp/Desktop/Bigdata_project/BigData-Project/airflow/dags/dag_flag.py took 0.093 seconds
[2026-01-30T10:04:23.320+0530] {processor.py:186} INFO - Started process (PID=16504) to work on /home/hp/Desktop/Bigdata_project/BigData-Project/airflow/dags/dag_flag.py
[2026-01-30T10:04:23.327+0530] {processor.py:914} INFO - Processing file /home/hp/Desktop/Bigdata_project/BigData-Project/airflow/dags/dag_flag.py for tasks to queue
[2026-01-30T10:04:23.330+0530] {logging_mixin.py:190} INFO - [2026-01-30T10:04:23.329+0530] {dagbag.py:588} INFO - Filling up the DagBag from /home/hp/Desktop/Bigdata_project/BigData-Project/airflow/dags/dag_flag.py
[2026-01-30T10:04:23.345+0530] {processor.py:925} INFO - DAG(s) 'weather_system_pipeline_final_new' retrieved from /home/hp/Desktop/Bigdata_project/BigData-Project/airflow/dags/dag_flag.py
[2026-01-30T10:04:23.371+0530] {logging_mixin.py:190} INFO - [2026-01-30T10:04:23.371+0530] {dag.py:3239} INFO - Sync 1 DAGs
[2026-01-30T10:04:23.397+0530] {logging_mixin.py:190} INFO - [2026-01-30T10:04:23.396+0530] {dag.py:4180} INFO - Setting next_dagrun for weather_system_pipeline_final_new to 2026-01-29 00:00:00+00:00, run_after=2026-01-30 00:00:00+00:00
[2026-01-30T10:04:23.422+0530] {processor.py:208} INFO - Processing /home/hp/Desktop/Bigdata_project/BigData-Project/airflow/dags/dag_flag.py took 0.110 seconds
[2026-01-30T10:04:53.612+0530] {processor.py:186} INFO - Started process (PID=16772) to work on /home/hp/Desktop/Bigdata_project/BigData-Project/airflow/dags/dag_flag.py
[2026-01-30T10:04:53.618+0530] {processor.py:914} INFO - Processing file /home/hp/Desktop/Bigdata_project/BigData-Project/airflow/dags/dag_flag.py for tasks to queue
[2026-01-30T10:04:53.621+0530] {logging_mixin.py:190} INFO - [2026-01-30T10:04:53.620+0530] {dagbag.py:588} INFO - Filling up the DagBag from /home/hp/Desktop/Bigdata_project/BigData-Project/airflow/dags/dag_flag.py
[2026-01-30T10:04:53.634+0530] {processor.py:925} INFO - DAG(s) 'weather_system_pipeline_final_new' retrieved from /home/hp/Desktop/Bigdata_project/BigData-Project/airflow/dags/dag_flag.py
[2026-01-30T10:04:53.659+0530] {logging_mixin.py:190} INFO - [2026-01-30T10:04:53.659+0530] {dag.py:3239} INFO - Sync 1 DAGs
[2026-01-30T10:04:53.682+0530] {logging_mixin.py:190} INFO - [2026-01-30T10:04:53.681+0530] {dag.py:4180} INFO - Setting next_dagrun for weather_system_pipeline_final_new to 2026-01-29 00:00:00+00:00, run_after=2026-01-30 00:00:00+00:00
[2026-01-30T10:04:53.702+0530] {processor.py:208} INFO - Processing /home/hp/Desktop/Bigdata_project/BigData-Project/airflow/dags/dag_flag.py took 0.099 seconds
[2026-01-30T10:05:23.902+0530] {processor.py:186} INFO - Started process (PID=16827) to work on /home/hp/Desktop/Bigdata_project/BigData-Project/airflow/dags/dag_flag.py
[2026-01-30T10:05:23.908+0530] {processor.py:914} INFO - Processing file /home/hp/Desktop/Bigdata_project/BigData-Project/airflow/dags/dag_flag.py for tasks to queue
[2026-01-30T10:05:23.911+0530] {logging_mixin.py:190} INFO - [2026-01-30T10:05:23.910+0530] {dagbag.py:588} INFO - Filling up the DagBag from /home/hp/Desktop/Bigdata_project/BigData-Project/airflow/dags/dag_flag.py
[2026-01-30T10:05:23.925+0530] {processor.py:925} INFO - DAG(s) 'weather_system_pipeline_final_new' retrieved from /home/hp/Desktop/Bigdata_project/BigData-Project/airflow/dags/dag_flag.py
[2026-01-30T10:05:23.949+0530] {logging_mixin.py:190} INFO - [2026-01-30T10:05:23.949+0530] {dag.py:3239} INFO - Sync 1 DAGs
[2026-01-30T10:05:23.971+0530] {logging_mixin.py:190} INFO - [2026-01-30T10:05:23.971+0530] {dag.py:4180} INFO - Setting next_dagrun for weather_system_pipeline_final_new to 2026-01-29 00:00:00+00:00, run_after=2026-01-30 00:00:00+00:00
[2026-01-30T10:05:23.991+0530] {processor.py:208} INFO - Processing /home/hp/Desktop/Bigdata_project/BigData-Project/airflow/dags/dag_flag.py took 0.097 seconds
[2026-01-30T10:05:54.197+0530] {processor.py:186} INFO - Started process (PID=16893) to work on /home/hp/Desktop/Bigdata_project/BigData-Project/airflow/dags/dag_flag.py
[2026-01-30T10:05:54.204+0530] {processor.py:914} INFO - Processing file /home/hp/Desktop/Bigdata_project/BigData-Project/airflow/dags/dag_flag.py for tasks to queue
[2026-01-30T10:05:54.206+0530] {logging_mixin.py:190} INFO - [2026-01-30T10:05:54.206+0530] {dagbag.py:588} INFO - Filling up the DagBag from /home/hp/Desktop/Bigdata_project/BigData-Project/airflow/dags/dag_flag.py
[2026-01-30T10:05:54.220+0530] {processor.py:925} INFO - DAG(s) 'weather_system_pipeline_final_new' retrieved from /home/hp/Desktop/Bigdata_project/BigData-Project/airflow/dags/dag_flag.py
[2026-01-30T10:05:54.244+0530] {logging_mixin.py:190} INFO - [2026-01-30T10:05:54.244+0530] {dag.py:3239} INFO - Sync 1 DAGs
[2026-01-30T10:05:54.267+0530] {logging_mixin.py:190} INFO - [2026-01-30T10:05:54.267+0530] {dag.py:4180} INFO - Setting next_dagrun for weather_system_pipeline_final_new to 2026-01-29 00:00:00+00:00, run_after=2026-01-30 00:00:00+00:00
[2026-01-30T10:05:54.288+0530] {processor.py:208} INFO - Processing /home/hp/Desktop/Bigdata_project/BigData-Project/airflow/dags/dag_flag.py took 0.099 seconds
[2026-01-30T10:06:24.487+0530] {processor.py:186} INFO - Started process (PID=16945) to work on /home/hp/Desktop/Bigdata_project/BigData-Project/airflow/dags/dag_flag.py
[2026-01-30T10:06:24.493+0530] {processor.py:914} INFO - Processing file /home/hp/Desktop/Bigdata_project/BigData-Project/airflow/dags/dag_flag.py for tasks to queue
[2026-01-30T10:06:24.495+0530] {logging_mixin.py:190} INFO - [2026-01-30T10:06:24.495+0530] {dagbag.py:588} INFO - Filling up the DagBag from /home/hp/Desktop/Bigdata_project/BigData-Project/airflow/dags/dag_flag.py
[2026-01-30T10:06:24.509+0530] {processor.py:925} INFO - DAG(s) 'weather_system_pipeline_final_new' retrieved from /home/hp/Desktop/Bigdata_project/BigData-Project/airflow/dags/dag_flag.py
[2026-01-30T10:06:24.531+0530] {logging_mixin.py:190} INFO - [2026-01-30T10:06:24.531+0530] {dag.py:3239} INFO - Sync 1 DAGs
[2026-01-30T10:06:24.553+0530] {logging_mixin.py:190} INFO - [2026-01-30T10:06:24.553+0530] {dag.py:4180} INFO - Setting next_dagrun for weather_system_pipeline_final_new to 2026-01-29 00:00:00+00:00, run_after=2026-01-30 00:00:00+00:00
[2026-01-30T10:06:24.573+0530] {processor.py:208} INFO - Processing /home/hp/Desktop/Bigdata_project/BigData-Project/airflow/dags/dag_flag.py took 0.093 seconds
[2026-01-30T10:06:54.682+0530] {processor.py:186} INFO - Started process (PID=17010) to work on /home/hp/Desktop/Bigdata_project/BigData-Project/airflow/dags/dag_flag.py
[2026-01-30T10:06:54.689+0530] {processor.py:914} INFO - Processing file /home/hp/Desktop/Bigdata_project/BigData-Project/airflow/dags/dag_flag.py for tasks to queue
[2026-01-30T10:06:54.692+0530] {logging_mixin.py:190} INFO - [2026-01-30T10:06:54.691+0530] {dagbag.py:588} INFO - Filling up the DagBag from /home/hp/Desktop/Bigdata_project/BigData-Project/airflow/dags/dag_flag.py
[2026-01-30T10:06:54.705+0530] {processor.py:925} INFO - DAG(s) 'weather_system_pipeline_final_new' retrieved from /home/hp/Desktop/Bigdata_project/BigData-Project/airflow/dags/dag_flag.py
[2026-01-30T10:06:54.727+0530] {logging_mixin.py:190} INFO - [2026-01-30T10:06:54.727+0530] {dag.py:3239} INFO - Sync 1 DAGs
[2026-01-30T10:06:54.749+0530] {logging_mixin.py:190} INFO - [2026-01-30T10:06:54.748+0530] {dag.py:4180} INFO - Setting next_dagrun for weather_system_pipeline_final_new to 2026-01-29 00:00:00+00:00, run_after=2026-01-30 00:00:00+00:00
[2026-01-30T10:06:54.768+0530] {processor.py:208} INFO - Processing /home/hp/Desktop/Bigdata_project/BigData-Project/airflow/dags/dag_flag.py took 0.094 seconds
[2026-01-30T10:07:24.875+0530] {processor.py:186} INFO - Started process (PID=17064) to work on /home/hp/Desktop/Bigdata_project/BigData-Project/airflow/dags/dag_flag.py
[2026-01-30T10:07:24.881+0530] {processor.py:914} INFO - Processing file /home/hp/Desktop/Bigdata_project/BigData-Project/airflow/dags/dag_flag.py for tasks to queue
[2026-01-30T10:07:24.885+0530] {logging_mixin.py:190} INFO - [2026-01-30T10:07:24.884+0530] {dagbag.py:588} INFO - Filling up the DagBag from /home/hp/Desktop/Bigdata_project/BigData-Project/airflow/dags/dag_flag.py
[2026-01-30T10:07:24.898+0530] {processor.py:925} INFO - DAG(s) 'weather_system_pipeline_final_new' retrieved from /home/hp/Desktop/Bigdata_project/BigData-Project/airflow/dags/dag_flag.py
[2026-01-30T10:07:24.920+0530] {logging_mixin.py:190} INFO - [2026-01-30T10:07:24.920+0530] {dag.py:3239} INFO - Sync 1 DAGs
[2026-01-30T10:07:24.942+0530] {logging_mixin.py:190} INFO - [2026-01-30T10:07:24.942+0530] {dag.py:4180} INFO - Setting next_dagrun for weather_system_pipeline_final_new to 2026-01-29 00:00:00+00:00, run_after=2026-01-30 00:00:00+00:00
[2026-01-30T10:07:24.960+0530] {processor.py:208} INFO - Processing /home/hp/Desktop/Bigdata_project/BigData-Project/airflow/dags/dag_flag.py took 0.093 seconds
[2026-01-30T10:09:47.930+0530] {processor.py:186} INFO - Started process (PID=17248) to work on /home/hp/Desktop/Bigdata_project/BigData-Project/airflow/dags/dag_flag.py
[2026-01-30T10:09:47.937+0530] {processor.py:914} INFO - Processing file /home/hp/Desktop/Bigdata_project/BigData-Project/airflow/dags/dag_flag.py for tasks to queue
[2026-01-30T10:09:47.940+0530] {logging_mixin.py:190} INFO - [2026-01-30T10:09:47.940+0530] {dagbag.py:588} INFO - Filling up the DagBag from /home/hp/Desktop/Bigdata_project/BigData-Project/airflow/dags/dag_flag.py
[2026-01-30T10:09:47.957+0530] {processor.py:925} INFO - DAG(s) 'weather_system_pipeline_final_new' retrieved from /home/hp/Desktop/Bigdata_project/BigData-Project/airflow/dags/dag_flag.py
[2026-01-30T10:09:47.984+0530] {logging_mixin.py:190} INFO - [2026-01-30T10:09:47.983+0530] {dag.py:3239} INFO - Sync 1 DAGs
[2026-01-30T10:09:48.011+0530] {logging_mixin.py:190} INFO - [2026-01-30T10:09:48.011+0530] {dag.py:4180} INFO - Setting next_dagrun for weather_system_pipeline_final_new to 2026-01-29 00:00:00+00:00, run_after=2026-01-30 00:00:00+00:00
[2026-01-30T10:09:48.036+0530] {processor.py:208} INFO - Processing /home/hp/Desktop/Bigdata_project/BigData-Project/airflow/dags/dag_flag.py took 0.114 seconds
