[2026-01-29T15:55:17.922+0530] {processor.py:186} INFO - Started process (PID=28230) to work on /home/hp/Desktop/Bigdata_project/BigData-Project/airflow-venv/lib/python3.10/site-packages/airflow/example_dags/subdags/subdag.py
[2026-01-29T15:55:17.923+0530] {processor.py:914} INFO - Processing file /home/hp/Desktop/Bigdata_project/BigData-Project/airflow-venv/lib/python3.10/site-packages/airflow/example_dags/subdags/subdag.py for tasks to queue
[2026-01-29T15:55:17.926+0530] {logging_mixin.py:190} INFO - [2026-01-29T15:55:17.926+0530] {dagbag.py:588} INFO - Filling up the DagBag from /home/hp/Desktop/Bigdata_project/BigData-Project/airflow-venv/lib/python3.10/site-packages/airflow/example_dags/subdags/subdag.py
[2026-01-29T15:55:17.929+0530] {processor.py:927} WARNING - No viable dags retrieved from /home/hp/Desktop/Bigdata_project/BigData-Project/airflow-venv/lib/python3.10/site-packages/airflow/example_dags/subdags/subdag.py
[2026-01-29T15:55:17.943+0530] {processor.py:208} INFO - Processing /home/hp/Desktop/Bigdata_project/BigData-Project/airflow-venv/lib/python3.10/site-packages/airflow/example_dags/subdags/subdag.py took 0.028 seconds
[2026-01-29T15:56:24.128+0530] {processor.py:186} INFO - Started process (PID=28503) to work on /home/hp/Desktop/Bigdata_project/BigData-Project/airflow-venv/lib/python3.10/site-packages/airflow/example_dags/subdags/subdag.py
[2026-01-29T15:56:24.134+0530] {processor.py:914} INFO - Processing file /home/hp/Desktop/Bigdata_project/BigData-Project/airflow-venv/lib/python3.10/site-packages/airflow/example_dags/subdags/subdag.py for tasks to queue
[2026-01-29T15:56:24.137+0530] {logging_mixin.py:190} INFO - [2026-01-29T15:56:24.137+0530] {dagbag.py:588} INFO - Filling up the DagBag from /home/hp/Desktop/Bigdata_project/BigData-Project/airflow-venv/lib/python3.10/site-packages/airflow/example_dags/subdags/subdag.py
[2026-01-29T15:56:24.140+0530] {processor.py:927} WARNING - No viable dags retrieved from /home/hp/Desktop/Bigdata_project/BigData-Project/airflow-venv/lib/python3.10/site-packages/airflow/example_dags/subdags/subdag.py
[2026-01-29T15:56:24.151+0530] {processor.py:208} INFO - Processing /home/hp/Desktop/Bigdata_project/BigData-Project/airflow-venv/lib/python3.10/site-packages/airflow/example_dags/subdags/subdag.py took 0.030 seconds
[2026-01-29T15:56:57.472+0530] {processor.py:186} INFO - Started process (PID=28612) to work on /home/hp/Desktop/Bigdata_project/BigData-Project/airflow-venv/lib/python3.10/site-packages/airflow/example_dags/subdags/subdag.py
[2026-01-29T15:56:57.478+0530] {processor.py:914} INFO - Processing file /home/hp/Desktop/Bigdata_project/BigData-Project/airflow-venv/lib/python3.10/site-packages/airflow/example_dags/subdags/subdag.py for tasks to queue
[2026-01-29T15:56:57.482+0530] {logging_mixin.py:190} INFO - [2026-01-29T15:56:57.481+0530] {dagbag.py:588} INFO - Filling up the DagBag from /home/hp/Desktop/Bigdata_project/BigData-Project/airflow-venv/lib/python3.10/site-packages/airflow/example_dags/subdags/subdag.py
[2026-01-29T15:56:57.485+0530] {processor.py:927} WARNING - No viable dags retrieved from /home/hp/Desktop/Bigdata_project/BigData-Project/airflow-venv/lib/python3.10/site-packages/airflow/example_dags/subdags/subdag.py
[2026-01-29T15:56:57.496+0530] {processor.py:208} INFO - Processing /home/hp/Desktop/Bigdata_project/BigData-Project/airflow-venv/lib/python3.10/site-packages/airflow/example_dags/subdags/subdag.py took 0.031 seconds
[2026-01-29T15:59:59.683+0530] {processor.py:186} INFO - Started process (PID=29071) to work on /home/hp/Desktop/Bigdata_project/BigData-Project/airflow-venv/lib/python3.10/site-packages/airflow/example_dags/subdags/subdag.py
[2026-01-29T15:59:59.690+0530] {processor.py:914} INFO - Processing file /home/hp/Desktop/Bigdata_project/BigData-Project/airflow-venv/lib/python3.10/site-packages/airflow/example_dags/subdags/subdag.py for tasks to queue
[2026-01-29T15:59:59.693+0530] {logging_mixin.py:190} INFO - [2026-01-29T15:59:59.692+0530] {dagbag.py:588} INFO - Filling up the DagBag from /home/hp/Desktop/Bigdata_project/BigData-Project/airflow-venv/lib/python3.10/site-packages/airflow/example_dags/subdags/subdag.py
[2026-01-29T15:59:59.696+0530] {processor.py:927} WARNING - No viable dags retrieved from /home/hp/Desktop/Bigdata_project/BigData-Project/airflow-venv/lib/python3.10/site-packages/airflow/example_dags/subdags/subdag.py
[2026-01-29T15:59:59.707+0530] {processor.py:208} INFO - Processing /home/hp/Desktop/Bigdata_project/BigData-Project/airflow-venv/lib/python3.10/site-packages/airflow/example_dags/subdags/subdag.py took 0.030 seconds
[2026-01-29T16:00:55.950+0530] {processor.py:186} INFO - Started process (PID=29440) to work on /home/hp/Desktop/Bigdata_project/BigData-Project/airflow-venv/lib/python3.10/site-packages/airflow/example_dags/subdags/subdag.py
[2026-01-29T16:00:55.951+0530] {processor.py:914} INFO - Processing file /home/hp/Desktop/Bigdata_project/BigData-Project/airflow-venv/lib/python3.10/site-packages/airflow/example_dags/subdags/subdag.py for tasks to queue
[2026-01-29T16:00:55.954+0530] {logging_mixin.py:190} INFO - [2026-01-29T16:00:55.953+0530] {dagbag.py:588} INFO - Filling up the DagBag from /home/hp/Desktop/Bigdata_project/BigData-Project/airflow-venv/lib/python3.10/site-packages/airflow/example_dags/subdags/subdag.py
[2026-01-29T16:00:55.956+0530] {processor.py:927} WARNING - No viable dags retrieved from /home/hp/Desktop/Bigdata_project/BigData-Project/airflow-venv/lib/python3.10/site-packages/airflow/example_dags/subdags/subdag.py
[2026-01-29T16:00:55.968+0530] {processor.py:208} INFO - Processing /home/hp/Desktop/Bigdata_project/BigData-Project/airflow-venv/lib/python3.10/site-packages/airflow/example_dags/subdags/subdag.py took 0.025 seconds
[2026-01-29T16:01:49.213+0530] {processor.py:186} INFO - Started process (PID=29653) to work on /home/hp/Desktop/Bigdata_project/BigData-Project/airflow-venv/lib/python3.10/site-packages/airflow/example_dags/subdags/subdag.py
[2026-01-29T16:01:49.219+0530] {processor.py:914} INFO - Processing file /home/hp/Desktop/Bigdata_project/BigData-Project/airflow-venv/lib/python3.10/site-packages/airflow/example_dags/subdags/subdag.py for tasks to queue
[2026-01-29T16:01:49.222+0530] {logging_mixin.py:190} INFO - [2026-01-29T16:01:49.222+0530] {dagbag.py:588} INFO - Filling up the DagBag from /home/hp/Desktop/Bigdata_project/BigData-Project/airflow-venv/lib/python3.10/site-packages/airflow/example_dags/subdags/subdag.py
[2026-01-29T16:01:49.225+0530] {processor.py:927} WARNING - No viable dags retrieved from /home/hp/Desktop/Bigdata_project/BigData-Project/airflow-venv/lib/python3.10/site-packages/airflow/example_dags/subdags/subdag.py
[2026-01-29T16:01:49.236+0530] {processor.py:208} INFO - Processing /home/hp/Desktop/Bigdata_project/BigData-Project/airflow-venv/lib/python3.10/site-packages/airflow/example_dags/subdags/subdag.py took 0.030 seconds
[2026-01-29T16:02:42.352+0530] {processor.py:186} INFO - Started process (PID=29899) to work on /home/hp/Desktop/Bigdata_project/BigData-Project/airflow-venv/lib/python3.10/site-packages/airflow/example_dags/subdags/subdag.py
[2026-01-29T16:02:42.353+0530] {processor.py:914} INFO - Processing file /home/hp/Desktop/Bigdata_project/BigData-Project/airflow-venv/lib/python3.10/site-packages/airflow/example_dags/subdags/subdag.py for tasks to queue
[2026-01-29T16:02:42.355+0530] {logging_mixin.py:190} INFO - [2026-01-29T16:02:42.355+0530] {dagbag.py:588} INFO - Filling up the DagBag from /home/hp/Desktop/Bigdata_project/BigData-Project/airflow-venv/lib/python3.10/site-packages/airflow/example_dags/subdags/subdag.py
[2026-01-29T16:02:42.358+0530] {processor.py:927} WARNING - No viable dags retrieved from /home/hp/Desktop/Bigdata_project/BigData-Project/airflow-venv/lib/python3.10/site-packages/airflow/example_dags/subdags/subdag.py
[2026-01-29T16:02:42.369+0530] {processor.py:208} INFO - Processing /home/hp/Desktop/Bigdata_project/BigData-Project/airflow-venv/lib/python3.10/site-packages/airflow/example_dags/subdags/subdag.py took 0.024 seconds
[2026-01-29T16:03:36.416+0530] {processor.py:186} INFO - Started process (PID=30113) to work on /home/hp/Desktop/Bigdata_project/BigData-Project/airflow-venv/lib/python3.10/site-packages/airflow/example_dags/subdags/subdag.py
[2026-01-29T16:03:36.422+0530] {processor.py:914} INFO - Processing file /home/hp/Desktop/Bigdata_project/BigData-Project/airflow-venv/lib/python3.10/site-packages/airflow/example_dags/subdags/subdag.py for tasks to queue
[2026-01-29T16:03:36.425+0530] {logging_mixin.py:190} INFO - [2026-01-29T16:03:36.424+0530] {dagbag.py:588} INFO - Filling up the DagBag from /home/hp/Desktop/Bigdata_project/BigData-Project/airflow-venv/lib/python3.10/site-packages/airflow/example_dags/subdags/subdag.py
[2026-01-29T16:03:36.427+0530] {processor.py:927} WARNING - No viable dags retrieved from /home/hp/Desktop/Bigdata_project/BigData-Project/airflow-venv/lib/python3.10/site-packages/airflow/example_dags/subdags/subdag.py
[2026-01-29T16:03:36.439+0530] {processor.py:208} INFO - Processing /home/hp/Desktop/Bigdata_project/BigData-Project/airflow-venv/lib/python3.10/site-packages/airflow/example_dags/subdags/subdag.py took 0.029 seconds
[2026-01-29T16:04:31.977+0530] {processor.py:186} INFO - Started process (PID=30318) to work on /home/hp/Desktop/Bigdata_project/BigData-Project/airflow-venv/lib/python3.10/site-packages/airflow/example_dags/subdags/subdag.py
[2026-01-29T16:04:31.983+0530] {processor.py:914} INFO - Processing file /home/hp/Desktop/Bigdata_project/BigData-Project/airflow-venv/lib/python3.10/site-packages/airflow/example_dags/subdags/subdag.py for tasks to queue
[2026-01-29T16:04:31.986+0530] {logging_mixin.py:190} INFO - [2026-01-29T16:04:31.986+0530] {dagbag.py:588} INFO - Filling up the DagBag from /home/hp/Desktop/Bigdata_project/BigData-Project/airflow-venv/lib/python3.10/site-packages/airflow/example_dags/subdags/subdag.py
[2026-01-29T16:04:31.989+0530] {processor.py:927} WARNING - No viable dags retrieved from /home/hp/Desktop/Bigdata_project/BigData-Project/airflow-venv/lib/python3.10/site-packages/airflow/example_dags/subdags/subdag.py
[2026-01-29T16:04:32.000+0530] {processor.py:208} INFO - Processing /home/hp/Desktop/Bigdata_project/BigData-Project/airflow-venv/lib/python3.10/site-packages/airflow/example_dags/subdags/subdag.py took 0.030 seconds
[2026-01-29T16:05:29.474+0530] {processor.py:186} INFO - Started process (PID=30617) to work on /home/hp/Desktop/Bigdata_project/BigData-Project/airflow-venv/lib/python3.10/site-packages/airflow/example_dags/subdags/subdag.py
[2026-01-29T16:05:29.480+0530] {processor.py:914} INFO - Processing file /home/hp/Desktop/Bigdata_project/BigData-Project/airflow-venv/lib/python3.10/site-packages/airflow/example_dags/subdags/subdag.py for tasks to queue
[2026-01-29T16:05:29.483+0530] {logging_mixin.py:190} INFO - [2026-01-29T16:05:29.482+0530] {dagbag.py:588} INFO - Filling up the DagBag from /home/hp/Desktop/Bigdata_project/BigData-Project/airflow-venv/lib/python3.10/site-packages/airflow/example_dags/subdags/subdag.py
[2026-01-29T16:05:29.486+0530] {processor.py:927} WARNING - No viable dags retrieved from /home/hp/Desktop/Bigdata_project/BigData-Project/airflow-venv/lib/python3.10/site-packages/airflow/example_dags/subdags/subdag.py
[2026-01-29T16:05:29.497+0530] {processor.py:208} INFO - Processing /home/hp/Desktop/Bigdata_project/BigData-Project/airflow-venv/lib/python3.10/site-packages/airflow/example_dags/subdags/subdag.py took 0.030 seconds
[2026-01-29T16:06:25.140+0530] {processor.py:186} INFO - Started process (PID=30870) to work on /home/hp/Desktop/Bigdata_project/BigData-Project/airflow-venv/lib/python3.10/site-packages/airflow/example_dags/subdags/subdag.py
[2026-01-29T16:06:25.146+0530] {processor.py:914} INFO - Processing file /home/hp/Desktop/Bigdata_project/BigData-Project/airflow-venv/lib/python3.10/site-packages/airflow/example_dags/subdags/subdag.py for tasks to queue
[2026-01-29T16:06:25.149+0530] {logging_mixin.py:190} INFO - [2026-01-29T16:06:25.148+0530] {dagbag.py:588} INFO - Filling up the DagBag from /home/hp/Desktop/Bigdata_project/BigData-Project/airflow-venv/lib/python3.10/site-packages/airflow/example_dags/subdags/subdag.py
[2026-01-29T16:06:25.151+0530] {processor.py:927} WARNING - No viable dags retrieved from /home/hp/Desktop/Bigdata_project/BigData-Project/airflow-venv/lib/python3.10/site-packages/airflow/example_dags/subdags/subdag.py
[2026-01-29T16:06:25.163+0530] {processor.py:208} INFO - Processing /home/hp/Desktop/Bigdata_project/BigData-Project/airflow-venv/lib/python3.10/site-packages/airflow/example_dags/subdags/subdag.py took 0.030 seconds
[2026-01-29T16:07:22.881+0530] {processor.py:186} INFO - Started process (PID=31159) to work on /home/hp/Desktop/Bigdata_project/BigData-Project/airflow-venv/lib/python3.10/site-packages/airflow/example_dags/subdags/subdag.py
[2026-01-29T16:07:22.888+0530] {processor.py:914} INFO - Processing file /home/hp/Desktop/Bigdata_project/BigData-Project/airflow-venv/lib/python3.10/site-packages/airflow/example_dags/subdags/subdag.py for tasks to queue
[2026-01-29T16:07:22.891+0530] {logging_mixin.py:190} INFO - [2026-01-29T16:07:22.891+0530] {dagbag.py:588} INFO - Filling up the DagBag from /home/hp/Desktop/Bigdata_project/BigData-Project/airflow-venv/lib/python3.10/site-packages/airflow/example_dags/subdags/subdag.py
[2026-01-29T16:07:22.894+0530] {processor.py:927} WARNING - No viable dags retrieved from /home/hp/Desktop/Bigdata_project/BigData-Project/airflow-venv/lib/python3.10/site-packages/airflow/example_dags/subdags/subdag.py
[2026-01-29T16:07:22.905+0530] {processor.py:208} INFO - Processing /home/hp/Desktop/Bigdata_project/BigData-Project/airflow-venv/lib/python3.10/site-packages/airflow/example_dags/subdags/subdag.py took 0.031 seconds
[2026-01-29T16:08:21.888+0530] {processor.py:186} INFO - Started process (PID=31390) to work on /home/hp/Desktop/Bigdata_project/BigData-Project/airflow-venv/lib/python3.10/site-packages/airflow/example_dags/subdags/subdag.py
[2026-01-29T16:08:21.895+0530] {processor.py:914} INFO - Processing file /home/hp/Desktop/Bigdata_project/BigData-Project/airflow-venv/lib/python3.10/site-packages/airflow/example_dags/subdags/subdag.py for tasks to queue
[2026-01-29T16:08:21.898+0530] {logging_mixin.py:190} INFO - [2026-01-29T16:08:21.897+0530] {dagbag.py:588} INFO - Filling up the DagBag from /home/hp/Desktop/Bigdata_project/BigData-Project/airflow-venv/lib/python3.10/site-packages/airflow/example_dags/subdags/subdag.py
[2026-01-29T16:08:21.900+0530] {processor.py:927} WARNING - No viable dags retrieved from /home/hp/Desktop/Bigdata_project/BigData-Project/airflow-venv/lib/python3.10/site-packages/airflow/example_dags/subdags/subdag.py
[2026-01-29T16:08:21.912+0530] {processor.py:208} INFO - Processing /home/hp/Desktop/Bigdata_project/BigData-Project/airflow-venv/lib/python3.10/site-packages/airflow/example_dags/subdags/subdag.py took 0.031 seconds
[2026-01-29T16:08:55.476+0530] {processor.py:186} INFO - Started process (PID=31556) to work on /home/hp/Desktop/Bigdata_project/BigData-Project/airflow-venv/lib/python3.10/site-packages/airflow/example_dags/subdags/subdag.py
[2026-01-29T16:08:55.482+0530] {processor.py:914} INFO - Processing file /home/hp/Desktop/Bigdata_project/BigData-Project/airflow-venv/lib/python3.10/site-packages/airflow/example_dags/subdags/subdag.py for tasks to queue
[2026-01-29T16:08:55.485+0530] {logging_mixin.py:190} INFO - [2026-01-29T16:08:55.484+0530] {dagbag.py:588} INFO - Filling up the DagBag from /home/hp/Desktop/Bigdata_project/BigData-Project/airflow-venv/lib/python3.10/site-packages/airflow/example_dags/subdags/subdag.py
[2026-01-29T16:08:55.487+0530] {processor.py:927} WARNING - No viable dags retrieved from /home/hp/Desktop/Bigdata_project/BigData-Project/airflow-venv/lib/python3.10/site-packages/airflow/example_dags/subdags/subdag.py
[2026-01-29T16:08:55.499+0530] {processor.py:208} INFO - Processing /home/hp/Desktop/Bigdata_project/BigData-Project/airflow-venv/lib/python3.10/site-packages/airflow/example_dags/subdags/subdag.py took 0.030 seconds
[2026-01-29T16:09:36.834+0530] {processor.py:186} INFO - Started process (PID=31783) to work on /home/hp/Desktop/Bigdata_project/BigData-Project/airflow-venv/lib/python3.10/site-packages/airflow/example_dags/subdags/subdag.py
[2026-01-29T16:09:36.835+0530] {processor.py:914} INFO - Processing file /home/hp/Desktop/Bigdata_project/BigData-Project/airflow-venv/lib/python3.10/site-packages/airflow/example_dags/subdags/subdag.py for tasks to queue
[2026-01-29T16:09:36.837+0530] {logging_mixin.py:190} INFO - [2026-01-29T16:09:36.836+0530] {dagbag.py:588} INFO - Filling up the DagBag from /home/hp/Desktop/Bigdata_project/BigData-Project/airflow-venv/lib/python3.10/site-packages/airflow/example_dags/subdags/subdag.py
[2026-01-29T16:09:36.839+0530] {processor.py:927} WARNING - No viable dags retrieved from /home/hp/Desktop/Bigdata_project/BigData-Project/airflow-venv/lib/python3.10/site-packages/airflow/example_dags/subdags/subdag.py
[2026-01-29T16:09:36.850+0530] {processor.py:208} INFO - Processing /home/hp/Desktop/Bigdata_project/BigData-Project/airflow-venv/lib/python3.10/site-packages/airflow/example_dags/subdags/subdag.py took 0.023 seconds
