[2026-01-29T19:51:00.285+0530] {local_task_job_runner.py:123} INFO - ::group::Pre task execution logs
[2026-01-29T19:51:00.297+0530] {taskinstance.py:2631} INFO - Dependencies all met for dep_context=non-requeueable deps ti=<TaskInstance: weather_system_pipeline_final_new.analyze_weather_data scheduled__2026-01-10T00:00:00+00:00 [queued]>
[2026-01-29T19:51:00.303+0530] {taskinstance.py:2631} INFO - Dependencies all met for dep_context=requeueable deps ti=<TaskInstance: weather_system_pipeline_final_new.analyze_weather_data scheduled__2026-01-10T00:00:00+00:00 [queued]>
[2026-01-29T19:51:00.303+0530] {taskinstance.py:2884} INFO - Starting attempt 1 of 4
[2026-01-29T19:51:00.312+0530] {taskinstance.py:2907} INFO - Executing <Task(BashOperator): analyze_weather_data> on 2026-01-10 00:00:00+00:00
[2026-01-29T19:51:00.316+0530] {standard_task_runner.py:72} INFO - Started process 100281 to run task
[2026-01-29T19:51:00.320+0530] {standard_task_runner.py:104} INFO - Running: ['airflow', 'tasks', 'run', 'weather_system_pipeline_final_new', 'analyze_weather_data', 'scheduled__2026-01-10T00:00:00+00:00', '--job-id', '368', '--raw', '--subdir', 'DAGS_FOLDER/dag_flag.py', '--cfg-path', '/tmp/tmpjevkuyvs']
[2026-01-29T19:51:00.321+0530] {standard_task_runner.py:105} INFO - Job 368: Subtask analyze_weather_data
[2026-01-29T19:51:00.349+0530] {task_command.py:467} INFO - Running <TaskInstance: weather_system_pipeline_final_new.analyze_weather_data scheduled__2026-01-10T00:00:00+00:00 [running]> on host Aishwarya92848DBDA
[2026-01-29T19:51:00.397+0530] {taskinstance.py:3157} INFO - Exporting env vars: AIRFLOW_CTX_DAG_OWNER='Aishwarya' AIRFLOW_CTX_DAG_ID='weather_system_pipeline_final_new' AIRFLOW_CTX_TASK_ID='analyze_weather_data' AIRFLOW_CTX_EXECUTION_DATE='2026-01-10T00:00:00+00:00' AIRFLOW_CTX_TRY_NUMBER='1' AIRFLOW_CTX_DAG_RUN_ID='scheduled__2026-01-10T00:00:00+00:00'
[2026-01-29T19:51:00.397+0530] {taskinstance.py:740} INFO - ::endgroup::
[2026-01-29T19:51:00.407+0530] {subprocess.py:78} INFO - Tmp dir root location: /tmp
[2026-01-29T19:51:00.407+0530] {subprocess.py:88} INFO - Running command: ['/usr/bin/bash', '-c', 'export SPARK_HOME=/home/hp/.local/lib/python3.10/site-packages/pyspark\n     export PATH=$SPARK_HOME/bin:$PATH\n     export PYSPARK_PYTHON=/home/hp/Desktop/Bigdata_project/BigData-Project/airflow-venv/bin/python\n\n     spark-submit --master local[2]      /home/hp/Desktop/Bigdata_project/BigData-Project/processing.py\n        ']
[2026-01-29T19:51:00.416+0530] {subprocess.py:99} INFO - Output:
[2026-01-29T19:51:02.640+0530] {subprocess.py:106} INFO - 26/01/29 19:51:02 INFO SparkContext: Running Spark version 3.5.1
[2026-01-29T19:51:02.642+0530] {subprocess.py:106} INFO - 26/01/29 19:51:02 INFO SparkContext: OS info Linux, 6.8.0-90-generic, amd64
[2026-01-29T19:51:02.643+0530] {subprocess.py:106} INFO - 26/01/29 19:51:02 INFO SparkContext: Java version 1.8.0_472
[2026-01-29T19:51:02.696+0530] {subprocess.py:106} INFO - 26/01/29 19:51:02 WARN NativeCodeLoader: Unable to load native-hadoop library for your platform... using builtin-java classes where applicable
[2026-01-29T19:51:02.758+0530] {subprocess.py:106} INFO - 26/01/29 19:51:02 INFO ResourceUtils: ==============================================================
[2026-01-29T19:51:02.758+0530] {subprocess.py:106} INFO - 26/01/29 19:51:02 INFO ResourceUtils: No custom resources configured for spark.driver.
[2026-01-29T19:51:02.758+0530] {subprocess.py:106} INFO - 26/01/29 19:51:02 INFO ResourceUtils: ==============================================================
[2026-01-29T19:51:02.759+0530] {subprocess.py:106} INFO - 26/01/29 19:51:02 INFO SparkContext: Submitted application: WeatherSystem
[2026-01-29T19:51:02.779+0530] {subprocess.py:106} INFO - 26/01/29 19:51:02 INFO ResourceProfile: Default ResourceProfile created, executor resources: Map(cores -> name: cores, amount: 1, script: , vendor: , memory -> name: memory, amount: 1024, script: , vendor: , offHeap -> name: offHeap, amount: 0, script: , vendor: ), task resources: Map(cpus -> name: cpus, amount: 1.0)
[2026-01-29T19:51:02.790+0530] {subprocess.py:106} INFO - 26/01/29 19:51:02 INFO ResourceProfile: Limiting resource is cpu
[2026-01-29T19:51:02.790+0530] {subprocess.py:106} INFO - 26/01/29 19:51:02 INFO ResourceProfileManager: Added ResourceProfile id: 0
[2026-01-29T19:51:02.841+0530] {subprocess.py:106} INFO - 26/01/29 19:51:02 INFO SecurityManager: Changing view acls to: hp
[2026-01-29T19:51:02.841+0530] {subprocess.py:106} INFO - 26/01/29 19:51:02 INFO SecurityManager: Changing modify acls to: hp
[2026-01-29T19:51:02.842+0530] {subprocess.py:106} INFO - 26/01/29 19:51:02 INFO SecurityManager: Changing view acls groups to:
[2026-01-29T19:51:02.842+0530] {subprocess.py:106} INFO - 26/01/29 19:51:02 INFO SecurityManager: Changing modify acls groups to:
[2026-01-29T19:51:02.843+0530] {subprocess.py:106} INFO - 26/01/29 19:51:02 INFO SecurityManager: SecurityManager: authentication disabled; ui acls disabled; users with view permissions: hp; groups with view permissions: EMPTY; users with modify permissions: hp; groups with modify permissions: EMPTY
[2026-01-29T19:51:03.064+0530] {subprocess.py:106} INFO - 26/01/29 19:51:03 INFO Utils: Successfully started service 'sparkDriver' on port 40949.
[2026-01-29T19:51:03.097+0530] {subprocess.py:106} INFO - 26/01/29 19:51:03 INFO SparkEnv: Registering MapOutputTracker
[2026-01-29T19:51:03.133+0530] {subprocess.py:106} INFO - 26/01/29 19:51:03 INFO SparkEnv: Registering BlockManagerMaster
[2026-01-29T19:51:03.147+0530] {subprocess.py:106} INFO - 26/01/29 19:51:03 INFO BlockManagerMasterEndpoint: Using org.apache.spark.storage.DefaultTopologyMapper for getting topology information
[2026-01-29T19:51:03.148+0530] {subprocess.py:106} INFO - 26/01/29 19:51:03 INFO BlockManagerMasterEndpoint: BlockManagerMasterEndpoint up
[2026-01-29T19:51:03.151+0530] {subprocess.py:106} INFO - 26/01/29 19:51:03 INFO SparkEnv: Registering BlockManagerMasterHeartbeat
[2026-01-29T19:51:03.208+0530] {subprocess.py:106} INFO - 26/01/29 19:51:03 INFO DiskBlockManager: Created local directory at /tmp/blockmgr-66d24842-2bab-43f5-be5e-7f2a29f0683e
[2026-01-29T19:51:03.221+0530] {subprocess.py:106} INFO - 26/01/29 19:51:03 INFO MemoryStore: MemoryStore started with capacity 366.3 MiB
[2026-01-29T19:51:03.235+0530] {subprocess.py:106} INFO - 26/01/29 19:51:03 INFO SparkEnv: Registering OutputCommitCoordinator
[2026-01-29T19:51:03.364+0530] {subprocess.py:106} INFO - 26/01/29 19:51:03 INFO JettyUtils: Start Jetty 0.0.0.0:4040 for SparkUI
[2026-01-29T19:51:03.419+0530] {subprocess.py:106} INFO - 26/01/29 19:51:03 INFO Utils: Successfully started service 'SparkUI' on port 4040.
[2026-01-29T19:51:03.508+0530] {subprocess.py:106} INFO - 26/01/29 19:51:03 INFO Executor: Starting executor ID driver on host Aishwarya92848DBDA
[2026-01-29T19:51:03.509+0530] {subprocess.py:106} INFO - 26/01/29 19:51:03 INFO Executor: OS info Linux, 6.8.0-90-generic, amd64
[2026-01-29T19:51:03.509+0530] {subprocess.py:106} INFO - 26/01/29 19:51:03 INFO Executor: Java version 1.8.0_472
[2026-01-29T19:51:03.515+0530] {subprocess.py:106} INFO - 26/01/29 19:51:03 INFO Executor: Starting executor with user classpath (userClassPathFirst = false): ''
[2026-01-29T19:51:03.516+0530] {subprocess.py:106} INFO - 26/01/29 19:51:03 INFO Executor: Created or updated repl class loader org.apache.spark.util.MutableURLClassLoader@871c714 for default.
[2026-01-29T19:51:03.536+0530] {subprocess.py:106} INFO - 26/01/29 19:51:03 INFO Utils: Successfully started service 'org.apache.spark.network.netty.NettyBlockTransferService' on port 43963.
[2026-01-29T19:51:03.537+0530] {subprocess.py:106} INFO - 26/01/29 19:51:03 INFO NettyBlockTransferService: Server created on Aishwarya92848DBDA:43963
[2026-01-29T19:51:03.538+0530] {subprocess.py:106} INFO - 26/01/29 19:51:03 INFO BlockManager: Using org.apache.spark.storage.RandomBlockReplicationPolicy for block replication policy
[2026-01-29T19:51:03.543+0530] {subprocess.py:106} INFO - 26/01/29 19:51:03 INFO BlockManagerMaster: Registering BlockManager BlockManagerId(driver, Aishwarya92848DBDA, 43963, None)
[2026-01-29T19:51:03.546+0530] {subprocess.py:106} INFO - 26/01/29 19:51:03 INFO BlockManagerMasterEndpoint: Registering block manager Aishwarya92848DBDA:43963 with 366.3 MiB RAM, BlockManagerId(driver, Aishwarya92848DBDA, 43963, None)
[2026-01-29T19:51:03.548+0530] {subprocess.py:106} INFO - 26/01/29 19:51:03 INFO BlockManagerMaster: Registered BlockManager BlockManagerId(driver, Aishwarya92848DBDA, 43963, None)
[2026-01-29T19:51:03.550+0530] {subprocess.py:106} INFO - 26/01/29 19:51:03 INFO BlockManager: Initialized BlockManager: BlockManagerId(driver, Aishwarya92848DBDA, 43963, None)
[2026-01-29T19:51:03.964+0530] {subprocess.py:106} INFO - 26/01/29 19:51:03 INFO SharedState: Setting hive.metastore.warehouse.dir ('null') to the value of spark.sql.warehouse.dir.
[2026-01-29T19:51:03.971+0530] {subprocess.py:106} INFO - 26/01/29 19:51:03 INFO SharedState: Warehouse path is 'file:/tmp/airflowtmpqugobbiz/spark-warehouse'.
[2026-01-29T19:51:04.979+0530] {local_task_job_runner.py:245} INFO - ::endgroup::
[2026-01-29T19:51:04.988+0530] {process_utils.py:132} INFO - Sending 15 to group 100281. PIDs of all processes in the group: [100283, 100284, 100338, 100281]
[2026-01-29T19:51:04.988+0530] {process_utils.py:87} INFO - Sending the signal 15 to group 100281
[2026-01-29T19:51:04.988+0530] {taskinstance.py:3117} ERROR - Received SIGTERM. Terminating subprocesses.
[2026-01-29T19:51:04.998+0530] {taskinstance.py:3118} ERROR - Stacktrace: 
  File "/home/hp/Desktop/Bigdata_project/BigData-Project/airflow-venv/bin/airflow", line 8, in <module>
    sys.exit(main())
  File "/home/hp/Desktop/Bigdata_project/BigData-Project/airflow-venv/lib/python3.10/site-packages/airflow/__main__.py", line 62, in main
    args.func(args)
  File "/home/hp/Desktop/Bigdata_project/BigData-Project/airflow-venv/lib/python3.10/site-packages/airflow/cli/cli_config.py", line 49, in command
    return func(*args, **kwargs)
  File "/home/hp/Desktop/Bigdata_project/BigData-Project/airflow-venv/lib/python3.10/site-packages/airflow/utils/cli.py", line 116, in wrapper
    return f(*args, **kwargs)
  File "/home/hp/Desktop/Bigdata_project/BigData-Project/airflow-venv/lib/python3.10/site-packages/airflow/cli/commands/task_command.py", line 483, in task_run
    task_return_code = _run_task_by_selected_method(args, _dag, ti)
  File "/home/hp/Desktop/Bigdata_project/BigData-Project/airflow-venv/lib/python3.10/site-packages/airflow/cli/commands/task_command.py", line 254, in _run_task_by_selected_method
    return _run_task_by_local_task_job(args, ti)
  File "/home/hp/Desktop/Bigdata_project/BigData-Project/airflow-venv/lib/python3.10/site-packages/airflow/cli/commands/task_command.py", line 322, in _run_task_by_local_task_job
    ret = run_job(job=job_runner.job, execute_callable=job_runner._execute)
  File "/home/hp/Desktop/Bigdata_project/BigData-Project/airflow-venv/lib/python3.10/site-packages/airflow/utils/session.py", line 97, in wrapper
    return func(*args, session=session, **kwargs)
  File "/home/hp/Desktop/Bigdata_project/BigData-Project/airflow-venv/lib/python3.10/site-packages/airflow/jobs/job.py", line 421, in run_job
    return execute_job(job, execute_callable=execute_callable)
  File "/home/hp/Desktop/Bigdata_project/BigData-Project/airflow-venv/lib/python3.10/site-packages/airflow/jobs/job.py", line 450, in execute_job
    ret = execute_callable()
  File "/home/hp/Desktop/Bigdata_project/BigData-Project/airflow-venv/lib/python3.10/site-packages/airflow/jobs/local_task_job_runner.py", line 171, in _execute
    self.task_runner.start()
  File "/home/hp/Desktop/Bigdata_project/BigData-Project/airflow-venv/lib/python3.10/site-packages/airflow/task/task_runner/standard_task_runner.py", line 55, in start
    self.process = self._start_by_fork()
  File "/home/hp/Desktop/Bigdata_project/BigData-Project/airflow-venv/lib/python3.10/site-packages/airflow/task/task_runner/standard_task_runner.py", line 117, in _start_by_fork
    ret = args.func(args, dag=self.dag)
  File "/home/hp/Desktop/Bigdata_project/BigData-Project/airflow-venv/lib/python3.10/site-packages/airflow/cli/cli_config.py", line 49, in command
    return func(*args, **kwargs)
  File "/home/hp/Desktop/Bigdata_project/BigData-Project/airflow-venv/lib/python3.10/site-packages/airflow/utils/cli.py", line 116, in wrapper
    return f(*args, **kwargs)
  File "/home/hp/Desktop/Bigdata_project/BigData-Project/airflow-venv/lib/python3.10/site-packages/airflow/cli/commands/task_command.py", line 483, in task_run
    task_return_code = _run_task_by_selected_method(args, _dag, ti)
  File "/home/hp/Desktop/Bigdata_project/BigData-Project/airflow-venv/lib/python3.10/site-packages/airflow/cli/commands/task_command.py", line 256, in _run_task_by_selected_method
    return _run_raw_task(args, ti)
  File "/home/hp/Desktop/Bigdata_project/BigData-Project/airflow-venv/lib/python3.10/site-packages/airflow/cli/commands/task_command.py", line 341, in _run_raw_task
    return ti._run_raw_task(
  File "/home/hp/Desktop/Bigdata_project/BigData-Project/airflow-venv/lib/python3.10/site-packages/airflow/utils/session.py", line 97, in wrapper
    return func(*args, session=session, **kwargs)
  File "/home/hp/Desktop/Bigdata_project/BigData-Project/airflow-venv/lib/python3.10/site-packages/airflow/models/taskinstance.py", line 3029, in _run_raw_task
    return _run_raw_task(
  File "/home/hp/Desktop/Bigdata_project/BigData-Project/airflow-venv/lib/python3.10/site-packages/airflow/models/taskinstance.py", line 282, in _run_raw_task
    TaskInstance._execute_task_with_callbacks(
  File "/home/hp/Desktop/Bigdata_project/BigData-Project/airflow-venv/lib/python3.10/site-packages/airflow/models/taskinstance.py", line 3184, in _execute_task_with_callbacks
    result = self._execute_task(context, task_orig)
  File "/home/hp/Desktop/Bigdata_project/BigData-Project/airflow-venv/lib/python3.10/site-packages/airflow/models/taskinstance.py", line 3208, in _execute_task
    return _execute_task(self, context, task_orig)
  File "/home/hp/Desktop/Bigdata_project/BigData-Project/airflow-venv/lib/python3.10/site-packages/airflow/models/taskinstance.py", line 776, in _execute_task
    result = _execute_callable(context=context, **execute_callable_kwargs)
  File "/home/hp/Desktop/Bigdata_project/BigData-Project/airflow-venv/lib/python3.10/site-packages/airflow/models/taskinstance.py", line 742, in _execute_callable
    return ExecutionCallableRunner(
  File "/home/hp/Desktop/Bigdata_project/BigData-Project/airflow-venv/lib/python3.10/site-packages/airflow/utils/operator_helpers.py", line 252, in run
    return self.func(*args, **kwargs)
  File "/home/hp/Desktop/Bigdata_project/BigData-Project/airflow-venv/lib/python3.10/site-packages/airflow/models/baseoperator.py", line 424, in wrapper
    return func(self, *args, **kwargs)
  File "/home/hp/Desktop/Bigdata_project/BigData-Project/airflow-venv/lib/python3.10/site-packages/airflow/operators/bash.py", line 257, in execute
    result = self._run_inline_command(bash_path=bash_path, env=env)
  File "/home/hp/Desktop/Bigdata_project/BigData-Project/airflow-venv/lib/python3.10/site-packages/airflow/operators/bash.py", line 284, in _run_inline_command
    return self.subprocess_hook.run_command(
  File "/home/hp/Desktop/Bigdata_project/BigData-Project/airflow-venv/lib/python3.10/site-packages/airflow/hooks/subprocess.py", line 104, in run_command
    for raw_line in iter(self.sub_process.stdout.readline, b""):
  File "/home/hp/Desktop/Bigdata_project/BigData-Project/airflow-venv/lib/python3.10/site-packages/airflow/models/taskinstance.py", line 3118, in signal_handler
    self.log.error("Stacktrace: \n%s", "".join(traceback.format_stack()))

[2026-01-29T19:51:04.998+0530] {subprocess.py:117} INFO - Sending SIGTERM signal to process group
[2026-01-29T19:51:05.006+0530] {taskinstance.py:3336} ERROR - Task failed with exception
Traceback (most recent call last):
  File "/home/hp/Desktop/Bigdata_project/BigData-Project/airflow-venv/lib/python3.10/site-packages/airflow/models/taskinstance.py", line 776, in _execute_task
    result = _execute_callable(context=context, **execute_callable_kwargs)
  File "/home/hp/Desktop/Bigdata_project/BigData-Project/airflow-venv/lib/python3.10/site-packages/airflow/models/taskinstance.py", line 742, in _execute_callable
    return ExecutionCallableRunner(
  File "/home/hp/Desktop/Bigdata_project/BigData-Project/airflow-venv/lib/python3.10/site-packages/airflow/utils/operator_helpers.py", line 252, in run
    return self.func(*args, **kwargs)
  File "/home/hp/Desktop/Bigdata_project/BigData-Project/airflow-venv/lib/python3.10/site-packages/airflow/models/baseoperator.py", line 424, in wrapper
    return func(self, *args, **kwargs)
  File "/home/hp/Desktop/Bigdata_project/BigData-Project/airflow-venv/lib/python3.10/site-packages/airflow/operators/bash.py", line 257, in execute
    result = self._run_inline_command(bash_path=bash_path, env=env)
  File "/home/hp/Desktop/Bigdata_project/BigData-Project/airflow-venv/lib/python3.10/site-packages/airflow/operators/bash.py", line 284, in _run_inline_command
    return self.subprocess_hook.run_command(
  File "/home/hp/Desktop/Bigdata_project/BigData-Project/airflow-venv/lib/python3.10/site-packages/airflow/hooks/subprocess.py", line 104, in run_command
    for raw_line in iter(self.sub_process.stdout.readline, b""):
  File "/home/hp/Desktop/Bigdata_project/BigData-Project/airflow-venv/lib/python3.10/site-packages/airflow/models/taskinstance.py", line 3120, in signal_handler
    raise AirflowTaskTerminated("Task received SIGTERM signal")
airflow.exceptions.AirflowTaskTerminated: Task received SIGTERM signal
[2026-01-29T19:51:05.012+0530] {taskinstance.py:1242} INFO - Marking task as UP_FOR_RETRY. dag_id=weather_system_pipeline_final_new, task_id=analyze_weather_data, run_id=scheduled__2026-01-10T00:00:00+00:00, execution_date=20260110T000000, start_date=20260129T142100, end_date=20260129T142105
[2026-01-29T19:51:05.030+0530] {taskinstance.py:349} INFO - ::group::Post task execution logs
[2026-01-29T19:51:05.041+0530] {process_utils.py:80} INFO - Process psutil.Process(pid=100283, status='terminated', started='19:51:00') (100283) terminated with exit code None
[2026-01-29T19:51:05.041+0530] {process_utils.py:80} INFO - Process psutil.Process(pid=100281, status='terminated', exitcode=2, started='19:51:00') (100281) terminated with exit code 2
[2026-01-29T19:51:05.174+0530] {process_utils.py:80} INFO - Process psutil.Process(pid=100284, status='terminated', started='19:51:00') (100284) terminated with exit code None
[2026-01-29T19:51:05.175+0530] {process_utils.py:80} INFO - Process psutil.Process(pid=100338, status='terminated', started='19:51:02') (100338) terminated with exit code None
