[2026-01-29T19:35:52.866+0530] {local_task_job_runner.py:123} INFO - ::group::Pre task execution logs
[2026-01-29T19:35:52.883+0530] {taskinstance.py:2631} INFO - Dependencies all met for dep_context=non-requeueable deps ti=<TaskInstance: weather_system_pipeline_final_new.mark_pipeline_done manual__2026-01-29T13:39:09.603710+00:00 [queued]>
[2026-01-29T19:35:52.891+0530] {taskinstance.py:2631} INFO - Dependencies all met for dep_context=requeueable deps ti=<TaskInstance: weather_system_pipeline_final_new.mark_pipeline_done manual__2026-01-29T13:39:09.603710+00:00 [queued]>
[2026-01-29T19:35:52.891+0530] {taskinstance.py:2884} INFO - Starting attempt 1 of 4
[2026-01-29T19:35:52.904+0530] {taskinstance.py:2907} INFO - Executing <Task(BashOperator): mark_pipeline_done> on 2026-01-29 13:39:09.603710+00:00
[2026-01-29T19:35:52.910+0530] {standard_task_runner.py:72} INFO - Started process 88079 to run task
[2026-01-29T19:35:52.914+0530] {standard_task_runner.py:104} INFO - Running: ['airflow', 'tasks', 'run', 'weather_system_pipeline_final_new', 'mark_pipeline_done', 'manual__2026-01-29T13:39:09.603710+00:00', '--job-id', '325', '--raw', '--subdir', 'DAGS_FOLDER/dag_flag.py', '--cfg-path', '/tmp/tmpx3n7n4bx']
[2026-01-29T19:35:52.916+0530] {standard_task_runner.py:105} INFO - Job 325: Subtask mark_pipeline_done
[2026-01-29T19:35:52.950+0530] {task_command.py:467} INFO - Running <TaskInstance: weather_system_pipeline_final_new.mark_pipeline_done manual__2026-01-29T13:39:09.603710+00:00 [running]> on host Aishwarya92848DBDA
[2026-01-29T19:35:53.015+0530] {taskinstance.py:3157} INFO - Exporting env vars: AIRFLOW_CTX_DAG_OWNER='Aishwarya' AIRFLOW_CTX_DAG_ID='weather_system_pipeline_final_new' AIRFLOW_CTX_TASK_ID='mark_pipeline_done' AIRFLOW_CTX_EXECUTION_DATE='2026-01-29T13:39:09.603710+00:00' AIRFLOW_CTX_TRY_NUMBER='1' AIRFLOW_CTX_DAG_RUN_ID='manual__2026-01-29T13:39:09.603710+00:00'
[2026-01-29T19:35:53.015+0530] {taskinstance.py:740} INFO - ::endgroup::
[2026-01-29T19:35:53.028+0530] {subprocess.py:78} INFO - Tmp dir root location: /tmp
[2026-01-29T19:35:53.028+0530] {subprocess.py:88} INFO - Running command: ['/usr/bin/bash', '-c', '\n    hdfs dfs -touchz /weather/_SUCCESS\n    ']
[2026-01-29T19:35:53.040+0530] {subprocess.py:99} INFO - Output:
[2026-01-29T19:35:54.841+0530] {subprocess.py:110} INFO - Command exited with return code 0
[2026-01-29T19:35:54.865+0530] {taskinstance.py:349} INFO - ::group::Post task execution logs
[2026-01-29T19:35:54.865+0530] {taskinstance.py:361} INFO - Marking task as SUCCESS. dag_id=weather_system_pipeline_final_new, task_id=mark_pipeline_done, run_id=manual__2026-01-29T13:39:09.603710+00:00, execution_date=20260129T133909, start_date=20260129T140552, end_date=20260129T140554
[2026-01-29T19:35:54.893+0530] {local_task_job_runner.py:266} INFO - Task exited with return code 0
[2026-01-29T19:35:54.906+0530] {taskinstance.py:3924} INFO - 0 downstream tasks scheduled from follow-on schedule check
[2026-01-29T19:35:54.906+0530] {local_task_job_runner.py:245} INFO - ::endgroup::
