[2026-01-29T16:23:43.986+0530] {local_task_job_runner.py:123} INFO - ::group::Pre task execution logs
[2026-01-29T16:23:44.000+0530] {taskinstance.py:2631} INFO - Dependencies all met for dep_context=non-requeueable deps ti=<TaskInstance: weather_system_pipeline_v2.scrape_weather_data scheduled__2024-01-07T00:00:00+00:00 [queued]>
[2026-01-29T16:23:44.006+0530] {taskinstance.py:2631} INFO - Dependencies all met for dep_context=requeueable deps ti=<TaskInstance: weather_system_pipeline_v2.scrape_weather_data scheduled__2024-01-07T00:00:00+00:00 [queued]>
[2026-01-29T16:23:44.006+0530] {taskinstance.py:2884} INFO - Starting attempt 1 of 4
[2026-01-29T16:23:44.018+0530] {taskinstance.py:2907} INFO - Executing <Task(BashOperator): scrape_weather_data> on 2024-01-07 00:00:00+00:00
[2026-01-29T16:23:44.023+0530] {standard_task_runner.py:72} INFO - Started process 36429 to run task
[2026-01-29T16:23:44.028+0530] {standard_task_runner.py:104} INFO - Running: ['airflow', 'tasks', 'run', 'weather_system_pipeline_v2', 'scrape_weather_data', 'scheduled__2024-01-07T00:00:00+00:00', '--job-id', '97', '--raw', '--subdir', 'DAGS_FOLDER/dag_new.py', '--cfg-path', '/tmp/tmp2v3hgans']
[2026-01-29T16:23:44.030+0530] {standard_task_runner.py:105} INFO - Job 97: Subtask scrape_weather_data
[2026-01-29T16:23:44.067+0530] {task_command.py:467} INFO - Running <TaskInstance: weather_system_pipeline_v2.scrape_weather_data scheduled__2024-01-07T00:00:00+00:00 [running]> on host Aishwarya92848DBDA
[2026-01-29T16:23:44.127+0530] {taskinstance.py:3157} INFO - Exporting env vars: AIRFLOW_CTX_DAG_OWNER='Aishwarya' AIRFLOW_CTX_DAG_ID='weather_system_pipeline_v2' AIRFLOW_CTX_TASK_ID='scrape_weather_data' AIRFLOW_CTX_EXECUTION_DATE='2024-01-07T00:00:00+00:00' AIRFLOW_CTX_TRY_NUMBER='1' AIRFLOW_CTX_DAG_RUN_ID='scheduled__2024-01-07T00:00:00+00:00'
[2026-01-29T16:23:44.128+0530] {taskinstance.py:740} INFO - ::endgroup::
[2026-01-29T16:23:44.141+0530] {subprocess.py:78} INFO - Tmp dir root location: /tmp
[2026-01-29T16:23:44.141+0530] {subprocess.py:88} INFO - Running command: ['/usr/bin/bash', '-c', '/home/hp/Desktop/Bigdata_project/BigData-Project/airflow-venv/bin/python /home/hp/Desktop/Bigdata_project/BigData-Project/live_data.py']
[2026-01-29T16:23:44.152+0530] {subprocess.py:99} INFO - Output:
[2026-01-29T16:23:58.485+0530] {subprocess.py:110} INFO - Command exited with return code 0
[2026-01-29T16:23:58.505+0530] {taskinstance.py:349} INFO - ::group::Post task execution logs
[2026-01-29T16:23:58.506+0530] {taskinstance.py:361} INFO - Marking task as SUCCESS. dag_id=weather_system_pipeline_v2, task_id=scrape_weather_data, run_id=scheduled__2024-01-07T00:00:00+00:00, execution_date=20240107T000000, start_date=20260129T105344, end_date=20260129T105358
[2026-01-29T16:23:58.550+0530] {local_task_job_runner.py:266} INFO - Task exited with return code 0
[2026-01-29T16:23:58.571+0530] {taskinstance.py:3924} INFO - 1 downstream tasks scheduled from follow-on schedule check
[2026-01-29T16:23:58.574+0530] {local_task_job_runner.py:245} INFO - ::endgroup::
