[2026-01-29T16:34:19.244+0530] {local_task_job_runner.py:123} INFO - ::group::Pre task execution logs
[2026-01-29T16:34:19.254+0530] {taskinstance.py:2631} INFO - Dependencies all met for dep_context=non-requeueable deps ti=<TaskInstance: weather_system_pipeline_v3.scrape_weather_data scheduled__2026-01-16T00:00:00+00:00 [queued]>
[2026-01-29T16:34:19.258+0530] {taskinstance.py:2631} INFO - Dependencies all met for dep_context=requeueable deps ti=<TaskInstance: weather_system_pipeline_v3.scrape_weather_data scheduled__2026-01-16T00:00:00+00:00 [queued]>
[2026-01-29T16:34:19.259+0530] {taskinstance.py:2884} INFO - Starting attempt 1 of 4
[2026-01-29T16:34:19.268+0530] {taskinstance.py:2907} INFO - Executing <Task(BashOperator): scrape_weather_data> on 2026-01-16 00:00:00+00:00
[2026-01-29T16:34:19.272+0530] {standard_task_runner.py:72} INFO - Started process 42856 to run task
[2026-01-29T16:34:19.275+0530] {standard_task_runner.py:104} INFO - Running: ['airflow', 'tasks', 'run', 'weather_system_pipeline_v3', 'scrape_weather_data', 'scheduled__2026-01-16T00:00:00+00:00', '--job-id', '214', '--raw', '--subdir', 'DAGS_FOLDER/dag_new_1.py', '--cfg-path', '/tmp/tmphd6aduiw']
[2026-01-29T16:34:19.276+0530] {standard_task_runner.py:105} INFO - Job 214: Subtask scrape_weather_data
[2026-01-29T16:34:19.304+0530] {task_command.py:467} INFO - Running <TaskInstance: weather_system_pipeline_v3.scrape_weather_data scheduled__2026-01-16T00:00:00+00:00 [running]> on host Aishwarya92848DBDA
[2026-01-29T16:34:19.348+0530] {taskinstance.py:3157} INFO - Exporting env vars: AIRFLOW_CTX_DAG_OWNER='Aishwarya' AIRFLOW_CTX_DAG_ID='weather_system_pipeline_v3' AIRFLOW_CTX_TASK_ID='scrape_weather_data' AIRFLOW_CTX_EXECUTION_DATE='2026-01-16T00:00:00+00:00' AIRFLOW_CTX_TRY_NUMBER='1' AIRFLOW_CTX_DAG_RUN_ID='scheduled__2026-01-16T00:00:00+00:00'
[2026-01-29T16:34:19.349+0530] {taskinstance.py:740} INFO - ::endgroup::
[2026-01-29T16:34:19.358+0530] {subprocess.py:78} INFO - Tmp dir root location: /tmp
[2026-01-29T16:34:19.358+0530] {subprocess.py:88} INFO - Running command: ['/usr/bin/bash', '-c', '/home/hp/Desktop/Bigdata_project/BigData-Project/airflow-venv/bin/python /home/hp/Desktop/Bigdata_project/BigData-Project/live_data.py']
[2026-01-29T16:34:19.366+0530] {subprocess.py:99} INFO - Output:
[2026-01-29T16:34:32.492+0530] {subprocess.py:110} INFO - Command exited with return code 0
[2026-01-29T16:34:32.510+0530] {taskinstance.py:349} INFO - ::group::Post task execution logs
[2026-01-29T16:34:32.510+0530] {taskinstance.py:361} INFO - Marking task as SUCCESS. dag_id=weather_system_pipeline_v3, task_id=scrape_weather_data, run_id=scheduled__2026-01-16T00:00:00+00:00, execution_date=20260116T000000, start_date=20260129T110419, end_date=20260129T110432
[2026-01-29T16:34:32.559+0530] {local_task_job_runner.py:266} INFO - Task exited with return code 0
[2026-01-29T16:34:32.581+0530] {taskinstance.py:3924} INFO - 1 downstream tasks scheduled from follow-on schedule check
[2026-01-29T16:34:32.584+0530] {local_task_job_runner.py:245} INFO - ::endgroup::
