[2026-01-29T23:29:31.956+0530] {local_task_job_runner.py:123} INFO - ::group::Pre task execution logs
[2026-01-29T23:29:31.969+0530] {taskinstance.py:2631} INFO - Dependencies all met for dep_context=non-requeueable deps ti=<TaskInstance: weather_system_pipeline_finally.mark_pipeline_done manual__2026-01-29T17:58:22.287524+00:00 [queued]>
[2026-01-29T23:29:31.976+0530] {taskinstance.py:2631} INFO - Dependencies all met for dep_context=requeueable deps ti=<TaskInstance: weather_system_pipeline_finally.mark_pipeline_done manual__2026-01-29T17:58:22.287524+00:00 [queued]>
[2026-01-29T23:29:31.977+0530] {taskinstance.py:2884} INFO - Starting attempt 1 of 4
[2026-01-29T23:29:31.987+0530] {taskinstance.py:2907} INFO - Executing <Task(BashOperator): mark_pipeline_done> on 2026-01-29 17:58:22.287524+00:00
[2026-01-29T23:29:31.991+0530] {standard_task_runner.py:72} INFO - Started process 133155 to run task
[2026-01-29T23:29:31.995+0530] {standard_task_runner.py:104} INFO - Running: ['airflow', 'tasks', 'run', 'weather_system_pipeline_finally', 'mark_pipeline_done', 'manual__2026-01-29T17:58:22.287524+00:00', '--job-id', '423', '--raw', '--subdir', 'DAGS_FOLDER/dag.py', '--cfg-path', '/tmp/tmpmqdp6h03']
[2026-01-29T23:29:31.996+0530] {standard_task_runner.py:105} INFO - Job 423: Subtask mark_pipeline_done
[2026-01-29T23:29:32.022+0530] {task_command.py:467} INFO - Running <TaskInstance: weather_system_pipeline_finally.mark_pipeline_done manual__2026-01-29T17:58:22.287524+00:00 [running]> on host Aishwarya92848DBDA
[2026-01-29T23:29:32.070+0530] {taskinstance.py:3157} INFO - Exporting env vars: AIRFLOW_CTX_DAG_OWNER='Aishwarya' AIRFLOW_CTX_DAG_ID='weather_system_pipeline_finally' AIRFLOW_CTX_TASK_ID='mark_pipeline_done' AIRFLOW_CTX_EXECUTION_DATE='2026-01-29T17:58:22.287524+00:00' AIRFLOW_CTX_TRY_NUMBER='1' AIRFLOW_CTX_DAG_RUN_ID='manual__2026-01-29T17:58:22.287524+00:00'
[2026-01-29T23:29:32.071+0530] {taskinstance.py:740} INFO - ::endgroup::
[2026-01-29T23:29:32.081+0530] {subprocess.py:78} INFO - Tmp dir root location: /tmp
[2026-01-29T23:29:32.082+0530] {subprocess.py:88} INFO - Running command: ['/usr/bin/bash', '-c', '\n    hdfs dfs -touchz /weather/_SUCCESS\n    ']
[2026-01-29T23:29:32.090+0530] {subprocess.py:99} INFO - Output:
[2026-01-29T23:29:33.493+0530] {subprocess.py:110} INFO - Command exited with return code 0
[2026-01-29T23:29:33.508+0530] {taskinstance.py:349} INFO - ::group::Post task execution logs
[2026-01-29T23:29:33.508+0530] {taskinstance.py:361} INFO - Marking task as SUCCESS. dag_id=weather_system_pipeline_finally, task_id=mark_pipeline_done, run_id=manual__2026-01-29T17:58:22.287524+00:00, execution_date=20260129T175822, start_date=20260129T175931, end_date=20260129T175933
[2026-01-29T23:29:33.531+0530] {local_task_job_runner.py:266} INFO - Task exited with return code 0
[2026-01-29T23:29:33.540+0530] {taskinstance.py:3924} INFO - 0 downstream tasks scheduled from follow-on schedule check
[2026-01-29T23:29:33.541+0530] {local_task_job_runner.py:245} INFO - ::endgroup::
