[2026-01-29T16:29:52.134+0530] {local_task_job_runner.py:123} INFO - ::group::Pre task execution logs
[2026-01-29T16:29:52.151+0530] {taskinstance.py:2631} INFO - Dependencies all met for dep_context=non-requeueable deps ti=<TaskInstance: weather_system_pipeline_v3.upload_daily_csv_to_hdfs scheduled__2026-01-08T00:00:00+00:00 [queued]>
[2026-01-29T16:29:52.158+0530] {taskinstance.py:2631} INFO - Dependencies all met for dep_context=requeueable deps ti=<TaskInstance: weather_system_pipeline_v3.upload_daily_csv_to_hdfs scheduled__2026-01-08T00:00:00+00:00 [queued]>
[2026-01-29T16:29:52.158+0530] {taskinstance.py:2884} INFO - Starting attempt 2 of 4
[2026-01-29T16:29:52.170+0530] {taskinstance.py:2907} INFO - Executing <Task(BashOperator): upload_daily_csv_to_hdfs> on 2026-01-08 00:00:00+00:00
[2026-01-29T16:29:52.175+0530] {standard_task_runner.py:72} INFO - Started process 40661 to run task
[2026-01-29T16:29:52.179+0530] {standard_task_runner.py:104} INFO - Running: ['airflow', 'tasks', 'run', 'weather_system_pipeline_v3', 'upload_daily_csv_to_hdfs', 'scheduled__2026-01-08T00:00:00+00:00', '--job-id', '145', '--raw', '--subdir', 'DAGS_FOLDER/dag_new_1.py', '--cfg-path', '/tmp/tmpvjxnp6_8']
[2026-01-29T16:29:52.181+0530] {standard_task_runner.py:105} INFO - Job 145: Subtask upload_daily_csv_to_hdfs
[2026-01-29T16:29:52.219+0530] {task_command.py:467} INFO - Running <TaskInstance: weather_system_pipeline_v3.upload_daily_csv_to_hdfs scheduled__2026-01-08T00:00:00+00:00 [running]> on host Aishwarya92848DBDA
[2026-01-29T16:29:52.279+0530] {taskinstance.py:3157} INFO - Exporting env vars: AIRFLOW_CTX_DAG_OWNER='Aishwarya' AIRFLOW_CTX_DAG_ID='weather_system_pipeline_v3' AIRFLOW_CTX_TASK_ID='upload_daily_csv_to_hdfs' AIRFLOW_CTX_EXECUTION_DATE='2026-01-08T00:00:00+00:00' AIRFLOW_CTX_TRY_NUMBER='2' AIRFLOW_CTX_DAG_RUN_ID='scheduled__2026-01-08T00:00:00+00:00'
[2026-01-29T16:29:52.280+0530] {taskinstance.py:740} INFO - ::endgroup::
[2026-01-29T16:29:52.293+0530] {subprocess.py:78} INFO - Tmp dir root location: /tmp
[2026-01-29T16:29:52.294+0530] {subprocess.py:88} INFO - Running command: ['/usr/bin/bash', '-c', '\n        hadoop fs -appendToFile         /home/hp/Desktop/Bigdata_project/BigData-Project/weather_today.csv         /weather/data/raw_data/weather_dataset.csv\n         ']
[2026-01-29T16:29:52.305+0530] {subprocess.py:99} INFO - Output:
[2026-01-29T16:29:54.292+0530] {subprocess.py:110} INFO - Command exited with return code 0
[2026-01-29T16:29:54.320+0530] {taskinstance.py:349} INFO - ::group::Post task execution logs
[2026-01-29T16:29:54.320+0530] {taskinstance.py:361} INFO - Marking task as SUCCESS. dag_id=weather_system_pipeline_v3, task_id=upload_daily_csv_to_hdfs, run_id=scheduled__2026-01-08T00:00:00+00:00, execution_date=20260108T000000, start_date=20260129T105952, end_date=20260129T105954
[2026-01-29T16:29:54.358+0530] {local_task_job_runner.py:266} INFO - Task exited with return code 0
[2026-01-29T16:29:54.379+0530] {taskinstance.py:3924} INFO - 1 downstream tasks scheduled from follow-on schedule check
[2026-01-29T16:29:54.382+0530] {local_task_job_runner.py:245} INFO - ::endgroup::
