[2026-01-29T16:31:40.751+0530] {local_task_job_runner.py:123} INFO - ::group::Pre task execution logs
[2026-01-29T16:31:40.767+0530] {taskinstance.py:2631} INFO - Dependencies all met for dep_context=non-requeueable deps ti=<TaskInstance: weather_system_pipeline_v3.upload_daily_csv_to_hdfs manual__2026-01-29T10:54:43.124360+00:00 [queued]>
[2026-01-29T16:31:40.774+0530] {taskinstance.py:2631} INFO - Dependencies all met for dep_context=requeueable deps ti=<TaskInstance: weather_system_pipeline_v3.upload_daily_csv_to_hdfs manual__2026-01-29T10:54:43.124360+00:00 [queued]>
[2026-01-29T16:31:40.775+0530] {taskinstance.py:2884} INFO - Starting attempt 4 of 4
[2026-01-29T16:31:40.787+0530] {taskinstance.py:2907} INFO - Executing <Task(BashOperator): upload_daily_csv_to_hdfs> on 2026-01-29 10:54:43.124360+00:00
[2026-01-29T16:31:40.792+0530] {standard_task_runner.py:72} INFO - Started process 41790 to run task
[2026-01-29T16:31:40.796+0530] {standard_task_runner.py:104} INFO - Running: ['airflow', 'tasks', 'run', 'weather_system_pipeline_v3', 'upload_daily_csv_to_hdfs', 'manual__2026-01-29T10:54:43.124360+00:00', '--job-id', '164', '--raw', '--subdir', 'DAGS_FOLDER/dag_new_1.py', '--cfg-path', '/tmp/tmp18r9r7eq']
[2026-01-29T16:31:40.798+0530] {standard_task_runner.py:105} INFO - Job 164: Subtask upload_daily_csv_to_hdfs
[2026-01-29T16:31:40.836+0530] {task_command.py:467} INFO - Running <TaskInstance: weather_system_pipeline_v3.upload_daily_csv_to_hdfs manual__2026-01-29T10:54:43.124360+00:00 [running]> on host Aishwarya92848DBDA
[2026-01-29T16:31:40.894+0530] {taskinstance.py:3157} INFO - Exporting env vars: AIRFLOW_CTX_DAG_OWNER='Aishwarya' AIRFLOW_CTX_DAG_ID='weather_system_pipeline_v3' AIRFLOW_CTX_TASK_ID='upload_daily_csv_to_hdfs' AIRFLOW_CTX_EXECUTION_DATE='2026-01-29T10:54:43.124360+00:00' AIRFLOW_CTX_TRY_NUMBER='4' AIRFLOW_CTX_DAG_RUN_ID='manual__2026-01-29T10:54:43.124360+00:00'
[2026-01-29T16:31:40.895+0530] {taskinstance.py:740} INFO - ::endgroup::
[2026-01-29T16:31:40.907+0530] {subprocess.py:78} INFO - Tmp dir root location: /tmp
[2026-01-29T16:31:40.907+0530] {subprocess.py:88} INFO - Running command: ['/usr/bin/bash', '-c', '\n        hadoop fs -appendToFile         /home/hp/Desktop/Bigdata_project/BigData-Project/weather_today.csv         /weather/data/raw_data/weather_dataset.csv\n         ']
[2026-01-29T16:31:40.918+0530] {subprocess.py:99} INFO - Output:
[2026-01-29T16:31:42.694+0530] {subprocess.py:110} INFO - Command exited with return code 0
[2026-01-29T16:31:42.711+0530] {taskinstance.py:349} INFO - ::group::Post task execution logs
[2026-01-29T16:31:42.711+0530] {taskinstance.py:361} INFO - Marking task as SUCCESS. dag_id=weather_system_pipeline_v3, task_id=upload_daily_csv_to_hdfs, run_id=manual__2026-01-29T10:54:43.124360+00:00, execution_date=20260129T105443, start_date=20260129T110140, end_date=20260129T110142
[2026-01-29T16:31:42.735+0530] {local_task_job_runner.py:266} INFO - Task exited with return code 0
[2026-01-29T16:31:42.751+0530] {taskinstance.py:3924} INFO - 1 downstream tasks scheduled from follow-on schedule check
[2026-01-29T16:31:42.754+0530] {local_task_job_runner.py:245} INFO - ::endgroup::
