[2026-01-29T19:59:49.510+0530] {local_task_job_runner.py:123} INFO - ::group::Pre task execution logs
[2026-01-29T19:59:49.523+0530] {taskinstance.py:2631} INFO - Dependencies all met for dep_context=non-requeueable deps ti=<TaskInstance: weather_system_pipeline_finally.scrape_weather_data manual__2026-01-29T14:29:37.808341+00:00 [queued]>
[2026-01-29T19:59:49.529+0530] {taskinstance.py:2631} INFO - Dependencies all met for dep_context=requeueable deps ti=<TaskInstance: weather_system_pipeline_finally.scrape_weather_data manual__2026-01-29T14:29:37.808341+00:00 [queued]>
[2026-01-29T19:59:49.529+0530] {taskinstance.py:2884} INFO - Starting attempt 1 of 4
[2026-01-29T19:59:49.542+0530] {taskinstance.py:2907} INFO - Executing <Task(BashOperator): scrape_weather_data> on 2026-01-29 14:29:37.808341+00:00
[2026-01-29T19:59:49.547+0530] {standard_task_runner.py:72} INFO - Started process 106458 to run task
[2026-01-29T19:59:49.552+0530] {standard_task_runner.py:104} INFO - Running: ['airflow', 'tasks', 'run', 'weather_system_pipeline_finally', 'scrape_weather_data', 'manual__2026-01-29T14:29:37.808341+00:00', '--job-id', '401', '--raw', '--subdir', 'DAGS_FOLDER/dag.py', '--cfg-path', '/tmp/tmp_cch5cgv']
[2026-01-29T19:59:49.554+0530] {standard_task_runner.py:105} INFO - Job 401: Subtask scrape_weather_data
[2026-01-29T19:59:49.589+0530] {task_command.py:467} INFO - Running <TaskInstance: weather_system_pipeline_finally.scrape_weather_data manual__2026-01-29T14:29:37.808341+00:00 [running]> on host Aishwarya92848DBDA
[2026-01-29T19:59:49.650+0530] {taskinstance.py:3157} INFO - Exporting env vars: AIRFLOW_CTX_DAG_OWNER='Aishwarya' AIRFLOW_CTX_DAG_ID='weather_system_pipeline_finally' AIRFLOW_CTX_TASK_ID='scrape_weather_data' AIRFLOW_CTX_EXECUTION_DATE='2026-01-29T14:29:37.808341+00:00' AIRFLOW_CTX_TRY_NUMBER='1' AIRFLOW_CTX_DAG_RUN_ID='manual__2026-01-29T14:29:37.808341+00:00'
[2026-01-29T19:59:49.651+0530] {taskinstance.py:740} INFO - ::endgroup::
[2026-01-29T19:59:49.663+0530] {subprocess.py:78} INFO - Tmp dir root location: /tmp
[2026-01-29T19:59:49.664+0530] {subprocess.py:88} INFO - Running command: ['/usr/bin/bash', '-c', '/home/hp/Desktop/Bigdata_project/BigData-Project/airflow-venv/bin/python /home/hp/Desktop/Bigdata_project/BigData-Project/live_data.py']
[2026-01-29T19:59:49.675+0530] {subprocess.py:99} INFO - Output:
[2026-01-29T20:00:00.302+0530] {subprocess.py:110} INFO - Command exited with return code 0
[2026-01-29T20:00:00.322+0530] {taskinstance.py:349} INFO - ::group::Post task execution logs
[2026-01-29T20:00:00.322+0530] {taskinstance.py:361} INFO - Marking task as SUCCESS. dag_id=weather_system_pipeline_finally, task_id=scrape_weather_data, run_id=manual__2026-01-29T14:29:37.808341+00:00, execution_date=20260129T142937, start_date=20260129T142949, end_date=20260129T143000
[2026-01-29T20:00:00.384+0530] {local_task_job_runner.py:266} INFO - Task exited with return code 0
[2026-01-29T20:00:00.404+0530] {taskinstance.py:3924} INFO - 1 downstream tasks scheduled from follow-on schedule check
[2026-01-29T20:00:00.407+0530] {local_task_job_runner.py:245} INFO - ::endgroup::
