[2026-01-29T16:36:56.909+0530] {local_task_job_runner.py:123} INFO - ::group::Pre task execution logs
[2026-01-29T16:36:56.925+0530] {taskinstance.py:2631} INFO - Dependencies all met for dep_context=non-requeueable deps ti=<TaskInstance: weather_system_pipeline_v3.upload_daily_csv_to_hdfs scheduled__2026-01-21T00:00:00+00:00 [queued]>
[2026-01-29T16:36:56.933+0530] {taskinstance.py:2631} INFO - Dependencies all met for dep_context=requeueable deps ti=<TaskInstance: weather_system_pipeline_v3.upload_daily_csv_to_hdfs scheduled__2026-01-21T00:00:00+00:00 [queued]>
[2026-01-29T16:36:56.933+0530] {taskinstance.py:2884} INFO - Starting attempt 1 of 4
[2026-01-29T16:36:56.945+0530] {taskinstance.py:2907} INFO - Executing <Task(BashOperator): upload_daily_csv_to_hdfs> on 2026-01-21 00:00:00+00:00
[2026-01-29T16:36:56.950+0530] {standard_task_runner.py:72} INFO - Started process 43914 to run task
[2026-01-29T16:36:56.954+0530] {standard_task_runner.py:104} INFO - Running: ['airflow', 'tasks', 'run', 'weather_system_pipeline_v3', 'upload_daily_csv_to_hdfs', 'scheduled__2026-01-21T00:00:00+00:00', '--job-id', '243', '--raw', '--subdir', 'DAGS_FOLDER/dag_new_1.py', '--cfg-path', '/tmp/tmp9eherlp1']
[2026-01-29T16:36:56.956+0530] {standard_task_runner.py:105} INFO - Job 243: Subtask upload_daily_csv_to_hdfs
[2026-01-29T16:36:56.993+0530] {task_command.py:467} INFO - Running <TaskInstance: weather_system_pipeline_v3.upload_daily_csv_to_hdfs scheduled__2026-01-21T00:00:00+00:00 [running]> on host Aishwarya92848DBDA
[2026-01-29T16:36:57.056+0530] {taskinstance.py:3157} INFO - Exporting env vars: AIRFLOW_CTX_DAG_OWNER='Aishwarya' AIRFLOW_CTX_DAG_ID='weather_system_pipeline_v3' AIRFLOW_CTX_TASK_ID='upload_daily_csv_to_hdfs' AIRFLOW_CTX_EXECUTION_DATE='2026-01-21T00:00:00+00:00' AIRFLOW_CTX_TRY_NUMBER='1' AIRFLOW_CTX_DAG_RUN_ID='scheduled__2026-01-21T00:00:00+00:00'
[2026-01-29T16:36:57.056+0530] {taskinstance.py:740} INFO - ::endgroup::
[2026-01-29T16:36:57.070+0530] {subprocess.py:78} INFO - Tmp dir root location: /tmp
[2026-01-29T16:36:57.070+0530] {subprocess.py:88} INFO - Running command: ['/usr/bin/bash', '-c', '\n        hadoop fs -appendToFile         /home/hp/Desktop/Bigdata_project/BigData-Project/weather_today.csv         /weather/data/raw_data/weather_dataset.csv\n         ']
[2026-01-29T16:36:57.081+0530] {subprocess.py:99} INFO - Output:
[2026-01-29T16:36:59.102+0530] {subprocess.py:110} INFO - Command exited with return code 0
[2026-01-29T16:36:59.123+0530] {taskinstance.py:349} INFO - ::group::Post task execution logs
[2026-01-29T16:36:59.123+0530] {taskinstance.py:361} INFO - Marking task as SUCCESS. dag_id=weather_system_pipeline_v3, task_id=upload_daily_csv_to_hdfs, run_id=scheduled__2026-01-21T00:00:00+00:00, execution_date=20260121T000000, start_date=20260129T110656, end_date=20260129T110659
[2026-01-29T16:36:59.174+0530] {local_task_job_runner.py:266} INFO - Task exited with return code 0
[2026-01-29T16:36:59.195+0530] {taskinstance.py:3924} INFO - 1 downstream tasks scheduled from follow-on schedule check
[2026-01-29T16:36:59.199+0530] {local_task_job_runner.py:245} INFO - ::endgroup::
