[2026-01-29T20:04:08.204+0530] {local_task_job_runner.py:123} INFO - ::group::Pre task execution logs
[2026-01-29T20:04:08.216+0530] {taskinstance.py:2631} INFO - Dependencies all met for dep_context=non-requeueable deps ti=<TaskInstance: weather_system_pipeline_finally.mark_pipeline_done scheduled__2026-01-28T00:00:00+00:00 [queued]>
[2026-01-29T20:04:08.223+0530] {taskinstance.py:2631} INFO - Dependencies all met for dep_context=requeueable deps ti=<TaskInstance: weather_system_pipeline_finally.mark_pipeline_done scheduled__2026-01-28T00:00:00+00:00 [queued]>
[2026-01-29T20:04:08.223+0530] {taskinstance.py:2884} INFO - Starting attempt 1 of 4
[2026-01-29T20:04:08.233+0530] {taskinstance.py:2907} INFO - Executing <Task(BashOperator): mark_pipeline_done> on 2026-01-28 00:00:00+00:00
[2026-01-29T20:04:08.238+0530] {standard_task_runner.py:72} INFO - Started process 111222 to run task
[2026-01-29T20:04:08.242+0530] {standard_task_runner.py:104} INFO - Running: ['airflow', 'tasks', 'run', 'weather_system_pipeline_finally', 'mark_pipeline_done', 'scheduled__2026-01-28T00:00:00+00:00', '--job-id', '412', '--raw', '--subdir', 'DAGS_FOLDER/dag.py', '--cfg-path', '/tmp/tmpx8hans79']
[2026-01-29T20:04:08.243+0530] {standard_task_runner.py:105} INFO - Job 412: Subtask mark_pipeline_done
[2026-01-29T20:04:08.271+0530] {task_command.py:467} INFO - Running <TaskInstance: weather_system_pipeline_finally.mark_pipeline_done scheduled__2026-01-28T00:00:00+00:00 [running]> on host Aishwarya92848DBDA
[2026-01-29T20:04:08.317+0530] {taskinstance.py:3157} INFO - Exporting env vars: AIRFLOW_CTX_DAG_OWNER='Aishwarya' AIRFLOW_CTX_DAG_ID='weather_system_pipeline_finally' AIRFLOW_CTX_TASK_ID='mark_pipeline_done' AIRFLOW_CTX_EXECUTION_DATE='2026-01-28T00:00:00+00:00' AIRFLOW_CTX_TRY_NUMBER='1' AIRFLOW_CTX_DAG_RUN_ID='scheduled__2026-01-28T00:00:00+00:00'
[2026-01-29T20:04:08.318+0530] {taskinstance.py:740} INFO - ::endgroup::
[2026-01-29T20:04:08.326+0530] {subprocess.py:78} INFO - Tmp dir root location: /tmp
[2026-01-29T20:04:08.327+0530] {subprocess.py:88} INFO - Running command: ['/usr/bin/bash', '-c', '\n    hdfs dfs -touchz /weather/_SUCCESS\n    ']
[2026-01-29T20:04:08.337+0530] {subprocess.py:99} INFO - Output:
[2026-01-29T20:04:09.768+0530] {subprocess.py:110} INFO - Command exited with return code 0
[2026-01-29T20:04:09.782+0530] {taskinstance.py:349} INFO - ::group::Post task execution logs
[2026-01-29T20:04:09.782+0530] {taskinstance.py:361} INFO - Marking task as SUCCESS. dag_id=weather_system_pipeline_finally, task_id=mark_pipeline_done, run_id=scheduled__2026-01-28T00:00:00+00:00, execution_date=20260128T000000, start_date=20260129T143408, end_date=20260129T143409
[2026-01-29T20:04:09.818+0530] {local_task_job_runner.py:266} INFO - Task exited with return code 0
[2026-01-29T20:04:09.827+0530] {taskinstance.py:3924} INFO - 0 downstream tasks scheduled from follow-on schedule check
[2026-01-29T20:04:09.828+0530] {local_task_job_runner.py:245} INFO - ::endgroup::
