[2026-01-29T19:55:46.496+0530] {local_task_job_runner.py:123} INFO - ::group::Pre task execution logs
[2026-01-29T19:55:46.513+0530] {taskinstance.py:2631} INFO - Dependencies all met for dep_context=non-requeueable deps ti=<TaskInstance: weather_system_pipeline_final_new.process_weather_data manual__2026-01-29T14:17:52.718778+00:00 [queued]>
[2026-01-29T19:55:46.520+0530] {taskinstance.py:2631} INFO - Dependencies all met for dep_context=requeueable deps ti=<TaskInstance: weather_system_pipeline_final_new.process_weather_data manual__2026-01-29T14:17:52.718778+00:00 [queued]>
[2026-01-29T19:55:46.521+0530] {taskinstance.py:2884} INFO - Starting attempt 1 of 4
[2026-01-29T19:55:46.531+0530] {taskinstance.py:2907} INFO - Executing <Task(BashOperator): process_weather_data> on 2026-01-29 14:17:52.718778+00:00
[2026-01-29T19:55:46.535+0530] {standard_task_runner.py:72} INFO - Started process 102954 to run task
[2026-01-29T19:55:46.540+0530] {standard_task_runner.py:104} INFO - Running: ['airflow', 'tasks', 'run', 'weather_system_pipeline_final_new', 'process_weather_data', 'manual__2026-01-29T14:17:52.718778+00:00', '--job-id', '378', '--raw', '--subdir', 'DAGS_FOLDER/dag_flag.py', '--cfg-path', '/tmp/tmpo4vi0xoz']
[2026-01-29T19:55:46.541+0530] {standard_task_runner.py:105} INFO - Job 378: Subtask process_weather_data
[2026-01-29T19:55:46.570+0530] {task_command.py:467} INFO - Running <TaskInstance: weather_system_pipeline_final_new.process_weather_data manual__2026-01-29T14:17:52.718778+00:00 [running]> on host Aishwarya92848DBDA
[2026-01-29T19:55:46.625+0530] {taskinstance.py:3157} INFO - Exporting env vars: AIRFLOW_CTX_DAG_OWNER='Aishwarya' AIRFLOW_CTX_DAG_ID='weather_system_pipeline_final_new' AIRFLOW_CTX_TASK_ID='process_weather_data' AIRFLOW_CTX_EXECUTION_DATE='2026-01-29T14:17:52.718778+00:00' AIRFLOW_CTX_TRY_NUMBER='1' AIRFLOW_CTX_DAG_RUN_ID='manual__2026-01-29T14:17:52.718778+00:00'
[2026-01-29T19:55:46.626+0530] {taskinstance.py:740} INFO - ::endgroup::
[2026-01-29T19:55:46.637+0530] {subprocess.py:78} INFO - Tmp dir root location: /tmp
[2026-01-29T19:55:46.638+0530] {subprocess.py:88} INFO - Running command: ['/usr/bin/bash', '-c', '\n     export SPARK_HOME=/home/hp/.local/lib/python3.10/site-packages/pyspark\n     export PATH=$SPARK_HOME/bin:$PATH\n     export PYSPARK_PYTHON=/home/hp/Desktop/Bigdata_project/BigData-Project/airflow-venv/bin/python\n\n     spark-submit --master local[2]      /home/hp/Desktop/Bigdata_project/BigData-Project/pre_processing.py\n    ']
[2026-01-29T19:55:46.646+0530] {subprocess.py:99} INFO - Output:
[2026-01-29T19:55:48.991+0530] {subprocess.py:106} INFO - 26/01/29 19:55:48 INFO SparkContext: Running Spark version 3.5.1
[2026-01-29T19:55:48.994+0530] {subprocess.py:106} INFO - 26/01/29 19:55:48 INFO SparkContext: OS info Linux, 6.8.0-90-generic, amd64
[2026-01-29T19:55:48.994+0530] {subprocess.py:106} INFO - 26/01/29 19:55:48 INFO SparkContext: Java version 1.8.0_472
[2026-01-29T19:55:49.040+0530] {subprocess.py:106} INFO - 26/01/29 19:55:49 WARN NativeCodeLoader: Unable to load native-hadoop library for your platform... using builtin-java classes where applicable
[2026-01-29T19:55:49.107+0530] {subprocess.py:106} INFO - 26/01/29 19:55:49 INFO ResourceUtils: ==============================================================
[2026-01-29T19:55:49.108+0530] {subprocess.py:106} INFO - 26/01/29 19:55:49 INFO ResourceUtils: No custom resources configured for spark.driver.
[2026-01-29T19:55:49.108+0530] {subprocess.py:106} INFO - 26/01/29 19:55:49 INFO ResourceUtils: ==============================================================
[2026-01-29T19:55:49.109+0530] {subprocess.py:106} INFO - 26/01/29 19:55:49 INFO SparkContext: Submitted application: WeatherSpark
[2026-01-29T19:55:49.130+0530] {subprocess.py:106} INFO - 26/01/29 19:55:49 INFO ResourceProfile: Default ResourceProfile created, executor resources: Map(cores -> name: cores, amount: 1, script: , vendor: , memory -> name: memory, amount: 1024, script: , vendor: , offHeap -> name: offHeap, amount: 0, script: , vendor: ), task resources: Map(cpus -> name: cpus, amount: 1.0)
[2026-01-29T19:55:49.141+0530] {subprocess.py:106} INFO - 26/01/29 19:55:49 INFO ResourceProfile: Limiting resource is cpu
[2026-01-29T19:55:49.142+0530] {subprocess.py:106} INFO - 26/01/29 19:55:49 INFO ResourceProfileManager: Added ResourceProfile id: 0
[2026-01-29T19:55:49.193+0530] {subprocess.py:106} INFO - 26/01/29 19:55:49 INFO SecurityManager: Changing view acls to: hp
[2026-01-29T19:55:49.194+0530] {subprocess.py:106} INFO - 26/01/29 19:55:49 INFO SecurityManager: Changing modify acls to: hp
[2026-01-29T19:55:49.194+0530] {subprocess.py:106} INFO - 26/01/29 19:55:49 INFO SecurityManager: Changing view acls groups to:
[2026-01-29T19:55:49.195+0530] {subprocess.py:106} INFO - 26/01/29 19:55:49 INFO SecurityManager: Changing modify acls groups to:
[2026-01-29T19:55:49.195+0530] {subprocess.py:106} INFO - 26/01/29 19:55:49 INFO SecurityManager: SecurityManager: authentication disabled; ui acls disabled; users with view permissions: hp; groups with view permissions: EMPTY; users with modify permissions: hp; groups with modify permissions: EMPTY
[2026-01-29T19:55:49.411+0530] {subprocess.py:106} INFO - 26/01/29 19:55:49 INFO Utils: Successfully started service 'sparkDriver' on port 36783.
[2026-01-29T19:55:49.440+0530] {subprocess.py:106} INFO - 26/01/29 19:55:49 INFO SparkEnv: Registering MapOutputTracker
[2026-01-29T19:55:49.475+0530] {subprocess.py:106} INFO - 26/01/29 19:55:49 INFO SparkEnv: Registering BlockManagerMaster
[2026-01-29T19:55:49.490+0530] {subprocess.py:106} INFO - 26/01/29 19:55:49 INFO BlockManagerMasterEndpoint: Using org.apache.spark.storage.DefaultTopologyMapper for getting topology information
[2026-01-29T19:55:49.491+0530] {subprocess.py:106} INFO - 26/01/29 19:55:49 INFO BlockManagerMasterEndpoint: BlockManagerMasterEndpoint up
[2026-01-29T19:55:49.494+0530] {subprocess.py:106} INFO - 26/01/29 19:55:49 INFO SparkEnv: Registering BlockManagerMasterHeartbeat
[2026-01-29T19:55:49.553+0530] {subprocess.py:106} INFO - 26/01/29 19:55:49 INFO DiskBlockManager: Created local directory at /tmp/blockmgr-21e9e4ce-84fa-4a67-b6b8-7932eab909be
[2026-01-29T19:55:49.565+0530] {subprocess.py:106} INFO - 26/01/29 19:55:49 INFO MemoryStore: MemoryStore started with capacity 366.3 MiB
[2026-01-29T19:55:49.580+0530] {subprocess.py:106} INFO - 26/01/29 19:55:49 INFO SparkEnv: Registering OutputCommitCoordinator
[2026-01-29T19:55:49.713+0530] {subprocess.py:106} INFO - 26/01/29 19:55:49 INFO JettyUtils: Start Jetty 0.0.0.0:4040 for SparkUI
[2026-01-29T19:55:49.788+0530] {subprocess.py:106} INFO - 26/01/29 19:55:49 INFO Utils: Successfully started service 'SparkUI' on port 4040.
[2026-01-29T19:55:49.909+0530] {subprocess.py:106} INFO - 26/01/29 19:55:49 INFO Executor: Starting executor ID driver on host Aishwarya92848DBDA
[2026-01-29T19:55:49.909+0530] {subprocess.py:106} INFO - 26/01/29 19:55:49 INFO Executor: OS info Linux, 6.8.0-90-generic, amd64
[2026-01-29T19:55:49.910+0530] {subprocess.py:106} INFO - 26/01/29 19:55:49 INFO Executor: Java version 1.8.0_472
[2026-01-29T19:55:49.921+0530] {subprocess.py:106} INFO - 26/01/29 19:55:49 INFO Executor: Starting executor with user classpath (userClassPathFirst = false): ''
[2026-01-29T19:55:49.921+0530] {subprocess.py:106} INFO - 26/01/29 19:55:49 INFO Executor: Created or updated repl class loader org.apache.spark.util.MutableURLClassLoader@12d4f8d3 for default.
[2026-01-29T19:55:49.951+0530] {subprocess.py:106} INFO - 26/01/29 19:55:49 INFO Utils: Successfully started service 'org.apache.spark.network.netty.NettyBlockTransferService' on port 41345.
[2026-01-29T19:55:49.952+0530] {subprocess.py:106} INFO - 26/01/29 19:55:49 INFO NettyBlockTransferService: Server created on Aishwarya92848DBDA:41345
[2026-01-29T19:55:49.955+0530] {subprocess.py:106} INFO - 26/01/29 19:55:49 INFO BlockManager: Using org.apache.spark.storage.RandomBlockReplicationPolicy for block replication policy
[2026-01-29T19:55:49.962+0530] {subprocess.py:106} INFO - 26/01/29 19:55:49 INFO BlockManagerMaster: Registering BlockManager BlockManagerId(driver, Aishwarya92848DBDA, 41345, None)
[2026-01-29T19:55:49.968+0530] {subprocess.py:106} INFO - 26/01/29 19:55:49 INFO BlockManagerMasterEndpoint: Registering block manager Aishwarya92848DBDA:41345 with 366.3 MiB RAM, BlockManagerId(driver, Aishwarya92848DBDA, 41345, None)
[2026-01-29T19:55:49.973+0530] {subprocess.py:106} INFO - 26/01/29 19:55:49 INFO BlockManagerMaster: Registered BlockManager BlockManagerId(driver, Aishwarya92848DBDA, 41345, None)
[2026-01-29T19:55:49.975+0530] {subprocess.py:106} INFO - 26/01/29 19:55:49 INFO BlockManager: Initialized BlockManager: BlockManagerId(driver, Aishwarya92848DBDA, 41345, None)
[2026-01-29T19:55:50.599+0530] {subprocess.py:106} INFO - 26/01/29 19:55:50 INFO SharedState: Setting hive.metastore.warehouse.dir ('null') to the value of spark.sql.warehouse.dir.
[2026-01-29T19:55:50.608+0530] {subprocess.py:106} INFO - 26/01/29 19:55:50 INFO SharedState: Warehouse path is 'file:/tmp/airflowtmpmkhvysuy/spark-warehouse'.
[2026-01-29T19:55:51.838+0530] {subprocess.py:106} INFO - 26/01/29 19:55:51 INFO InMemoryFileIndex: It took 51 ms to list leaf files for 1 paths.
[2026-01-29T19:55:51.894+0530] {subprocess.py:106} INFO - 26/01/29 19:55:51 INFO InMemoryFileIndex: It took 4 ms to list leaf files for 1 paths.
[2026-01-29T19:55:53.639+0530] {local_task_job_runner.py:245} INFO - ::endgroup::
[2026-01-29T19:55:53.649+0530] {process_utils.py:132} INFO - Sending 15 to group 102954. PIDs of all processes in the group: [102956, 102957, 103011, 102954]
[2026-01-29T19:55:53.650+0530] {process_utils.py:87} INFO - Sending the signal 15 to group 102954
[2026-01-29T19:55:53.650+0530] {taskinstance.py:3117} ERROR - Received SIGTERM. Terminating subprocesses.
[2026-01-29T19:55:53.652+0530] {taskinstance.py:3118} ERROR - Stacktrace: 
  File "/home/hp/Desktop/Bigdata_project/BigData-Project/airflow-venv/bin/airflow", line 8, in <module>
    sys.exit(main())
  File "/home/hp/Desktop/Bigdata_project/BigData-Project/airflow-venv/lib/python3.10/site-packages/airflow/__main__.py", line 62, in main
    args.func(args)
  File "/home/hp/Desktop/Bigdata_project/BigData-Project/airflow-venv/lib/python3.10/site-packages/airflow/cli/cli_config.py", line 49, in command
    return func(*args, **kwargs)
  File "/home/hp/Desktop/Bigdata_project/BigData-Project/airflow-venv/lib/python3.10/site-packages/airflow/utils/cli.py", line 116, in wrapper
    return f(*args, **kwargs)
  File "/home/hp/Desktop/Bigdata_project/BigData-Project/airflow-venv/lib/python3.10/site-packages/airflow/cli/commands/task_command.py", line 483, in task_run
    task_return_code = _run_task_by_selected_method(args, _dag, ti)
  File "/home/hp/Desktop/Bigdata_project/BigData-Project/airflow-venv/lib/python3.10/site-packages/airflow/cli/commands/task_command.py", line 254, in _run_task_by_selected_method
    return _run_task_by_local_task_job(args, ti)
  File "/home/hp/Desktop/Bigdata_project/BigData-Project/airflow-venv/lib/python3.10/site-packages/airflow/cli/commands/task_command.py", line 322, in _run_task_by_local_task_job
    ret = run_job(job=job_runner.job, execute_callable=job_runner._execute)
  File "/home/hp/Desktop/Bigdata_project/BigData-Project/airflow-venv/lib/python3.10/site-packages/airflow/utils/session.py", line 97, in wrapper
    return func(*args, session=session, **kwargs)
  File "/home/hp/Desktop/Bigdata_project/BigData-Project/airflow-venv/lib/python3.10/site-packages/airflow/jobs/job.py", line 421, in run_job
    return execute_job(job, execute_callable=execute_callable)
  File "/home/hp/Desktop/Bigdata_project/BigData-Project/airflow-venv/lib/python3.10/site-packages/airflow/jobs/job.py", line 450, in execute_job
    ret = execute_callable()
  File "/home/hp/Desktop/Bigdata_project/BigData-Project/airflow-venv/lib/python3.10/site-packages/airflow/jobs/local_task_job_runner.py", line 171, in _execute
    self.task_runner.start()
  File "/home/hp/Desktop/Bigdata_project/BigData-Project/airflow-venv/lib/python3.10/site-packages/airflow/task/task_runner/standard_task_runner.py", line 55, in start
    self.process = self._start_by_fork()
  File "/home/hp/Desktop/Bigdata_project/BigData-Project/airflow-venv/lib/python3.10/site-packages/airflow/task/task_runner/standard_task_runner.py", line 117, in _start_by_fork
    ret = args.func(args, dag=self.dag)
  File "/home/hp/Desktop/Bigdata_project/BigData-Project/airflow-venv/lib/python3.10/site-packages/airflow/cli/cli_config.py", line 49, in command
    return func(*args, **kwargs)
  File "/home/hp/Desktop/Bigdata_project/BigData-Project/airflow-venv/lib/python3.10/site-packages/airflow/utils/cli.py", line 116, in wrapper
    return f(*args, **kwargs)
  File "/home/hp/Desktop/Bigdata_project/BigData-Project/airflow-venv/lib/python3.10/site-packages/airflow/cli/commands/task_command.py", line 483, in task_run
    task_return_code = _run_task_by_selected_method(args, _dag, ti)
  File "/home/hp/Desktop/Bigdata_project/BigData-Project/airflow-venv/lib/python3.10/site-packages/airflow/cli/commands/task_command.py", line 256, in _run_task_by_selected_method
    return _run_raw_task(args, ti)
  File "/home/hp/Desktop/Bigdata_project/BigData-Project/airflow-venv/lib/python3.10/site-packages/airflow/cli/commands/task_command.py", line 341, in _run_raw_task
    return ti._run_raw_task(
  File "/home/hp/Desktop/Bigdata_project/BigData-Project/airflow-venv/lib/python3.10/site-packages/airflow/utils/session.py", line 97, in wrapper
    return func(*args, session=session, **kwargs)
  File "/home/hp/Desktop/Bigdata_project/BigData-Project/airflow-venv/lib/python3.10/site-packages/airflow/models/taskinstance.py", line 3029, in _run_raw_task
    return _run_raw_task(
  File "/home/hp/Desktop/Bigdata_project/BigData-Project/airflow-venv/lib/python3.10/site-packages/airflow/models/taskinstance.py", line 282, in _run_raw_task
    TaskInstance._execute_task_with_callbacks(
  File "/home/hp/Desktop/Bigdata_project/BigData-Project/airflow-venv/lib/python3.10/site-packages/airflow/models/taskinstance.py", line 3184, in _execute_task_with_callbacks
    result = self._execute_task(context, task_orig)
  File "/home/hp/Desktop/Bigdata_project/BigData-Project/airflow-venv/lib/python3.10/site-packages/airflow/models/taskinstance.py", line 3208, in _execute_task
    return _execute_task(self, context, task_orig)
  File "/home/hp/Desktop/Bigdata_project/BigData-Project/airflow-venv/lib/python3.10/site-packages/airflow/models/taskinstance.py", line 776, in _execute_task
    result = _execute_callable(context=context, **execute_callable_kwargs)
  File "/home/hp/Desktop/Bigdata_project/BigData-Project/airflow-venv/lib/python3.10/site-packages/airflow/models/taskinstance.py", line 742, in _execute_callable
    return ExecutionCallableRunner(
  File "/home/hp/Desktop/Bigdata_project/BigData-Project/airflow-venv/lib/python3.10/site-packages/airflow/utils/operator_helpers.py", line 252, in run
    return self.func(*args, **kwargs)
  File "/home/hp/Desktop/Bigdata_project/BigData-Project/airflow-venv/lib/python3.10/site-packages/airflow/models/baseoperator.py", line 424, in wrapper
    return func(self, *args, **kwargs)
  File "/home/hp/Desktop/Bigdata_project/BigData-Project/airflow-venv/lib/python3.10/site-packages/airflow/operators/bash.py", line 257, in execute
    result = self._run_inline_command(bash_path=bash_path, env=env)
  File "/home/hp/Desktop/Bigdata_project/BigData-Project/airflow-venv/lib/python3.10/site-packages/airflow/operators/bash.py", line 284, in _run_inline_command
    return self.subprocess_hook.run_command(
  File "/home/hp/Desktop/Bigdata_project/BigData-Project/airflow-venv/lib/python3.10/site-packages/airflow/hooks/subprocess.py", line 104, in run_command
    for raw_line in iter(self.sub_process.stdout.readline, b""):
  File "/home/hp/Desktop/Bigdata_project/BigData-Project/airflow-venv/lib/python3.10/site-packages/airflow/models/taskinstance.py", line 3118, in signal_handler
    self.log.error("Stacktrace: \n%s", "".join(traceback.format_stack()))

[2026-01-29T19:55:53.653+0530] {subprocess.py:117} INFO - Sending SIGTERM signal to process group
[2026-01-29T19:55:53.662+0530] {taskinstance.py:3336} ERROR - Task failed with exception
Traceback (most recent call last):
  File "/home/hp/Desktop/Bigdata_project/BigData-Project/airflow-venv/lib/python3.10/site-packages/airflow/models/taskinstance.py", line 776, in _execute_task
    result = _execute_callable(context=context, **execute_callable_kwargs)
  File "/home/hp/Desktop/Bigdata_project/BigData-Project/airflow-venv/lib/python3.10/site-packages/airflow/models/taskinstance.py", line 742, in _execute_callable
    return ExecutionCallableRunner(
  File "/home/hp/Desktop/Bigdata_project/BigData-Project/airflow-venv/lib/python3.10/site-packages/airflow/utils/operator_helpers.py", line 252, in run
    return self.func(*args, **kwargs)
  File "/home/hp/Desktop/Bigdata_project/BigData-Project/airflow-venv/lib/python3.10/site-packages/airflow/models/baseoperator.py", line 424, in wrapper
    return func(self, *args, **kwargs)
  File "/home/hp/Desktop/Bigdata_project/BigData-Project/airflow-venv/lib/python3.10/site-packages/airflow/operators/bash.py", line 257, in execute
    result = self._run_inline_command(bash_path=bash_path, env=env)
  File "/home/hp/Desktop/Bigdata_project/BigData-Project/airflow-venv/lib/python3.10/site-packages/airflow/operators/bash.py", line 284, in _run_inline_command
    return self.subprocess_hook.run_command(
  File "/home/hp/Desktop/Bigdata_project/BigData-Project/airflow-venv/lib/python3.10/site-packages/airflow/hooks/subprocess.py", line 104, in run_command
    for raw_line in iter(self.sub_process.stdout.readline, b""):
  File "/home/hp/Desktop/Bigdata_project/BigData-Project/airflow-venv/lib/python3.10/site-packages/airflow/models/taskinstance.py", line 3120, in signal_handler
    raise AirflowTaskTerminated("Task received SIGTERM signal")
airflow.exceptions.AirflowTaskTerminated: Task received SIGTERM signal
[2026-01-29T19:55:53.670+0530] {taskinstance.py:1242} INFO - Marking task as UP_FOR_RETRY. dag_id=weather_system_pipeline_final_new, task_id=process_weather_data, run_id=manual__2026-01-29T14:17:52.718778+00:00, execution_date=20260129T141752, start_date=20260129T142546, end_date=20260129T142553
[2026-01-29T19:55:53.702+0530] {taskinstance.py:349} INFO - ::group::Post task execution logs
[2026-01-29T19:55:53.823+0530] {process_utils.py:80} INFO - Process psutil.Process(pid=102957, status='terminated', started='19:55:46') (102957) terminated with exit code None
[2026-01-29T19:55:53.824+0530] {process_utils.py:80} INFO - Process psutil.Process(pid=103011, status='terminated', started='19:55:48') (103011) terminated with exit code None
[2026-01-29T19:55:53.824+0530] {process_utils.py:80} INFO - Process psutil.Process(pid=102956, status='terminated', started='19:55:46') (102956) terminated with exit code None
[2026-01-29T19:55:53.825+0530] {process_utils.py:80} INFO - Process psutil.Process(pid=102954, status='terminated', exitcode=2, started='19:55:46') (102954) terminated with exit code 2
