[2026-01-29T19:34:47.405+0530] {local_task_job_runner.py:123} INFO - ::group::Pre task execution logs
[2026-01-29T19:34:47.417+0530] {taskinstance.py:2631} INFO - Dependencies all met for dep_context=non-requeueable deps ti=<TaskInstance: weather_system_pipeline_final_new.mark_pipeline_done scheduled__2026-01-01T00:00:00+00:00 [queued]>
[2026-01-29T19:34:47.423+0530] {taskinstance.py:2631} INFO - Dependencies all met for dep_context=requeueable deps ti=<TaskInstance: weather_system_pipeline_final_new.mark_pipeline_done scheduled__2026-01-01T00:00:00+00:00 [queued]>
[2026-01-29T19:34:47.424+0530] {taskinstance.py:2884} INFO - Starting attempt 1 of 4
[2026-01-29T19:34:47.434+0530] {taskinstance.py:2907} INFO - Executing <Task(BashOperator): mark_pipeline_done> on 2026-01-01 00:00:00+00:00
[2026-01-29T19:34:47.438+0530] {standard_task_runner.py:72} INFO - Started process 86699 to run task
[2026-01-29T19:34:47.441+0530] {standard_task_runner.py:104} INFO - Running: ['airflow', 'tasks', 'run', 'weather_system_pipeline_final_new', 'mark_pipeline_done', 'scheduled__2026-01-01T00:00:00+00:00', '--job-id', '318', '--raw', '--subdir', 'DAGS_FOLDER/dag_flag.py', '--cfg-path', '/tmp/tmprowv1r5f']
[2026-01-29T19:34:47.443+0530] {standard_task_runner.py:105} INFO - Job 318: Subtask mark_pipeline_done
[2026-01-29T19:34:47.471+0530] {task_command.py:467} INFO - Running <TaskInstance: weather_system_pipeline_final_new.mark_pipeline_done scheduled__2026-01-01T00:00:00+00:00 [running]> on host Aishwarya92848DBDA
[2026-01-29T19:34:47.518+0530] {taskinstance.py:3157} INFO - Exporting env vars: AIRFLOW_CTX_DAG_OWNER='Aishwarya' AIRFLOW_CTX_DAG_ID='weather_system_pipeline_final_new' AIRFLOW_CTX_TASK_ID='mark_pipeline_done' AIRFLOW_CTX_EXECUTION_DATE='2026-01-01T00:00:00+00:00' AIRFLOW_CTX_TRY_NUMBER='1' AIRFLOW_CTX_DAG_RUN_ID='scheduled__2026-01-01T00:00:00+00:00'
[2026-01-29T19:34:47.518+0530] {taskinstance.py:740} INFO - ::endgroup::
[2026-01-29T19:34:47.528+0530] {subprocess.py:78} INFO - Tmp dir root location: /tmp
[2026-01-29T19:34:47.529+0530] {subprocess.py:88} INFO - Running command: ['/usr/bin/bash', '-c', '\n    hdfs dfs -touchz /weather/_SUCCESS\n    ']
[2026-01-29T19:34:47.538+0530] {subprocess.py:99} INFO - Output:
[2026-01-29T19:34:48.976+0530] {subprocess.py:110} INFO - Command exited with return code 0
[2026-01-29T19:34:48.991+0530] {taskinstance.py:349} INFO - ::group::Post task execution logs
[2026-01-29T19:34:48.992+0530] {taskinstance.py:361} INFO - Marking task as SUCCESS. dag_id=weather_system_pipeline_final_new, task_id=mark_pipeline_done, run_id=scheduled__2026-01-01T00:00:00+00:00, execution_date=20260101T000000, start_date=20260129T140447, end_date=20260129T140448
[2026-01-29T19:34:49.018+0530] {local_task_job_runner.py:266} INFO - Task exited with return code 0
[2026-01-29T19:34:49.028+0530] {taskinstance.py:3924} INFO - 0 downstream tasks scheduled from follow-on schedule check
[2026-01-29T19:34:49.028+0530] {local_task_job_runner.py:245} INFO - ::endgroup::
